May 18 05:11:58 (none) kern.info kernel: [ 5211.079362] usb 1-5.2: Product: HUAWEI Mobile
May 18 05:11:58 (none) kern.info kernel: [ 5211.079377] usb 1-5.2: Manufacturer: HUAWEI Technology
May 18 05:11:59 (none) kern.info kernel: [ 5211.339879] option 1-5.2:1.0: GSM modem (1-port) converter detected
May 18 05:11:59 (none) kern.info kernel: [ 5211.341284] usb 1-5.2: GSM modem (1-port) converter now attached to ttyUSB3
May 18 05:11:59 (none) kern.info kernel: [ 5211.343169] option 1-5.2:1.1: GSM modem (1-port) converter detected
May 18 05:11:59 (none) kern.info kernel: [ 5211.344427] usb 1-5.2: GSM modem (1-port) converter now attached to ttyUSB4
May 18 05:11:59 (none) kern.info kernel: [ 5211.347538] option 1-5.2:1.2: GSM modem (1-port) converter detected
May 18 05:11:59 (none) kern.info kernel: [ 5211.349097] usb 1-5.2: GSM modem (1-port) converter now attached to ttyUSB5
May 18 05:11:59 (none) kern.info kernel: [ 5211.356848] scsi22 : usb-storage 1-5.2:1.3
May 18 05:11:59 (none) kern.debug kernel: [ 5211.357648] usb-storage 1-5.2:1.3: waiting for device to settle before scanning
May 18 05:11:59 (none) kern.info kernel: [ 5211.363437] scsi23 : usb-storage 1-5.2:1.4
May 18 05:11:59 (none) kern.debug kernel: [ 5211.364271] usb-storage 1-5.2:1.4: waiting for device to settle before scanning
May 18 05:12:00 (none) kern.debug kernel: [ 5212.360185] usb-storage 1-5.2:1.3: starting scan
May 18 05:12:00 (none) kern.notice kernel: [ 5212.363657] scsi 22:0:0:0: CD-ROM            HUAWEI   Mass Storage     2.31 PQ: 0 ANSI: 2
May 18 05:12:00 (none) kern.debug kernel: [ 5212.366175] usb-storage 1-5.2:1.4: starting scan
May 18 05:12:00 (none) kern.notice kernel: [ 5212.370581] scsi 23:0:0:0: Direct-Access     HUAWEI   MMC Storage      2.31 PQ: 0 ANSI: 2
May 18 05:12:00 (none) kern.notice kernel: [ 5212.373643] sd 23:0:0:0: Attached scsi generic sg1 type 0
May 18 05:12:00 (none) kern.warn kernel: [ 5212.375741] sr0: scsi-1 drive
May 18 05:12:00 (none) kern.debug kernel: [ 5212.377061] sr 22:0:0:0: Attached scsi CD-ROM sr0
May 18 05:12:00 (none) kern.notice kernel: [ 5212.378081] sd 23:0:0:0: [sdb] 3897344 512-byte logical blocks: (1.99 GB/1.85 GiB)
May 18 05:12:00 (none) kern.debug kernel: [ 5212.378997] usb-storage 1-5.2:1.4: scan complete
May 18 05:12:00 (none) kern.notice kernel: [ 5212.379296] sr 22:0:0:0: Attached scsi generic sg2 type 5
May 18 05:12:00 (none) kern.notice kernel: [ 5212.380909] sd 23:0:0:0: [sdb] Write Protect is off
May 18 05:12:00 (none) kern.debug kernel: [ 5212.380925] sd 23:0:0:0: [sdb] Mode Sense: 0f 0e 00 00
May 18 05:12:00 (none) kern.debug kernel: [ 5212.383118] usb-storage 1-5.2:1.3: scan complete
May 18 05:12:00 (none) kern.notice kernel: [ 5212.383554] sd 23:0:0:0: [sdb] Write cache: enabled, read cache: enabled, doesn't support DPO or FUA
May 18 05:12:00 (none) kern.info kernel: [ 5212.404359]  sdb: sdb1
May 18 05:12:00 (none) kern.notice kernel: [ 5212.419308] sd 23:0:0:0: [sdb] Attached SCSI removable disk
May 18 05:22:42 (none) kern.warn kernel: [ 5855.149846] keyboard: can't emulate rawmode for keycode 240
May 18 05:22:42 (none) kern.warn kernel: [ 5855.149922] keyboard: can't emulate rawmode for keycode 240
May 18 05:22:42 (none) kern.info kernel: [ 5855.149953] asus_wmi: Unknown key 57 pressed
May 18 07:45:54 (none) kern.notice kernel: klogd: exiting
May 18 07:45:54 (none) syslog.info syslogd exiting
May 18 07:47:50 (none) syslog.info syslogd started: BusyBox v1.22.1
May 18 07:47:50 (none) kern.notice kernel: klogd started: BusyBox v1.22.1 (2014-05-18 06:03:49 GMT+1)
May 18 07:47:50 (none) kern.notice kernel: [    0.000000] Linux version 3.9.9-KRG-iCore2-smp-pae-srv1000gz (root@puppypc) (gcc version 4.2.2) #1 SMP Sun Jul 21 07:45:03 GMT+1 2013
May 18 07:47:50 (none) kern.info kernel: [    0.000000] Disabled fast string operations
May 18 07:47:50 (none) kern.info kernel: [    0.000000] e820: BIOS-provided physical RAM map:
May 18 07:47:50 (none) kern.info kernel: [    0.000000] BIOS-e820: [mem 0x0000000000000000-0x000000000009fbff] usable
May 18 07:47:50 (none) kern.info kernel: [    0.000000] BIOS-e820: [mem 0x000000000009fc00-0x000000000009ffff] reserved
May 18 07:47:50 (none) kern.info kernel: [    0.000000] BIOS-e820: [mem 0x00000000000e2000-0x00000000000fffff] reserved
May 18 07:47:50 (none) kern.info kernel: [    0.000000] BIOS-e820: [mem 0x0000000000100000-0x000000003f79ffff] usable
May 18 07:47:50 (none) kern.info kernel: [    0.000000] BIOS-e820: [mem 0x000000003f7a0000-0x000000003f7adfff] ACPI data
May 18 07:47:50 (none) kern.info kernel: [    0.000000] BIOS-e820: [mem 0x000000003f7ae000-0x000000003f7effff] ACPI NVS
May 18 07:47:50 (none) kern.info kernel: [    0.000000] BIOS-e820: [mem 0x000000003f7f0000-0x000000003f7fffff] reserved
May 18 07:47:50 (none) kern.info kernel: [    0.000000] BIOS-e820: [mem 0x00000000fee00000-0x00000000fee00fff] reserved
May 18 07:47:50 (none) kern.info kernel: [    0.000000] BIOS-e820: [mem 0x00000000fff80000-0x00000000ffffffff] reserved
May 18 07:47:50 (none) kern.info kernel: [    0.000000] NX (Execute Disable) protection: active
May 18 07:47:50 (none) kern.info kernel: [    0.000000] SMBIOS 2.5 present.
May 18 07:47:50 (none) kern.debug kernel: [    0.000000] DMI: ASUSTeK Computer INC. 1005HAG/1005HAG, BIOS 0204    11/04/2009
May 18 07:47:50 (none) kern.debug kernel: [    0.000000] e820: update [mem 0x00000000-0x00000fff] usable ==> reserved
May 18 07:47:50 (none) kern.debug kernel: [    0.000000] e820: remove [mem 0x000a0000-0x000fffff] usable
May 18 07:47:50 (none) kern.info kernel: [    0.000000] e820: last_pfn = 0x3f7a0 max_arch_pfn = 0x1000000
May 18 07:47:50 (none) kern.debug kernel: [    0.000000] MTRR default type: uncachable
May 18 07:47:50 (none) kern.debug kernel: [    0.000000] MTRR fixed ranges enabled:
May 18 07:47:50 (none) kern.debug kernel: [    0.000000]   00000-9FFFF write-back
May 18 07:47:50 (none) kern.debug kernel: [    0.000000]   A0000-DFFFF uncachable
May 18 07:47:50 (none) kern.debug kernel: [    0.000000]   E0000-EFFFF write-through
May 18 07:47:50 (none) kern.debug kernel: [    0.000000]   F0000-FFFFF write-protect
May 18 07:47:50 (none) kern.debug kernel: [    0.000000] MTRR variable ranges enabled:
May 18 07:47:50 (none) kern.debug kernel: [    0.000000]   0 base 000000000 mask 0C0000000 write-back
May 18 07:47:50 (none) kern.debug kernel: [    0.000000]   1 base 03F800000 mask 0FF800000 uncachable
May 18 07:47:50 (none) kern.debug kernel: [    0.000000]   2 disabled
May 18 07:47:50 (none) kern.debug kernel: [    0.000000]   3 disabled
May 18 07:47:50 (none) kern.debug kernel: [    0.000000]   4 disabled
May 18 07:47:50 (none) kern.debug kernel: [    0.000000]   5 disabled
May 18 07:47:50 (none) kern.debug kernel: [    0.000000]   6 disabled
May 18 07:47:50 (none) kern.debug kernel: [    0.000000]   7 disabled
May 18 07:47:50 (none) kern.info kernel: [    0.000000] x86 PAT enabled: cpu 0, old 0x7040600070406, new 0x7010600070106
May 18 07:47:50 (none) kern.info kernel: [    0.000000] found SMP MP-table at [mem 0x000ff780-0x000ff78f] mapped at [c00ff780]
May 18 07:47:50 (none) kern.debug kernel: [    0.000000] initial memory mapped: [mem 0x00000000-0x031fffff]
May 18 07:47:50 (none) kern.debug kernel: [    0.000000] Base memory trampoline at [c009b000] 9b000 size 16384
May 18 07:47:50 (none) kern.info kernel: [    0.000000] init_memory_mapping: [mem 0x00000000-0x000fffff]
May 18 07:47:50 (none) kern.debug kernel: [    0.000000]  [mem 0x00000000-0x000fffff] page 4k
May 18 07:47:50 (none) kern.info kernel: [    0.000000] init_memory_mapping: [mem 0x37200000-0x373fffff]
May 18 07:47:50 (none) kern.debug kernel: [    0.000000]  [mem 0x37200000-0x373fffff] page 2M
May 18 07:47:50 (none) kern.info kernel: [    0.000000] init_memory_mapping: [mem 0x34000000-0x371fffff]
May 18 07:47:50 (none) kern.debug kernel: [    0.000000]  [mem 0x34000000-0x371fffff] page 2M
May 18 07:47:50 (none) kern.info kernel: [    0.000000] init_memory_mapping: [mem 0x00100000-0x33ffffff]
May 18 07:47:50 (none) kern.debug kernel: [    0.000000]  [mem 0x00100000-0x001fffff] page 4k
May 18 07:47:50 (none) kern.debug kernel: [    0.000000]  [mem 0x00200000-0x33ffffff] page 2M
May 18 07:47:50 (none) kern.info kernel: [    0.000000] init_memory_mapping: [mem 0x37400000-0x375fdfff]
May 18 07:47:50 (none) kern.debug kernel: [    0.000000]  [mem 0x37400000-0x375fdfff] page 4k
May 18 07:47:50 (none) kern.debug kernel: [    0.000000] BRK [0x02da9000, 0x02da9fff] PGTABLE
May 18 07:47:50 (none) kern.debug kernel: [    0.000000] BRK [0x02daa000, 0x02dacfff] PGTABLE
May 18 07:47:50 (none) kern.debug kernel: [    0.000000] BRK [0x02dad000, 0x02dadfff] PGTABLE
May 18 07:47:50 (none) kern.warn kernel: [    0.000000] ACPI: RSDP 000fb9e0 00014 (v00 ACPIAM)
May 18 07:47:50 (none) kern.warn kernel: [    0.000000] ACPI: RSDT 3f7a0000 00040 (v01 _ASUS_ Notebook 11000904 MSFT 00000097)
May 18 07:47:50 (none) kern.warn kernel: [    0.000000] ACPI: FACP 3f7a0200 00084 (v02 A_M_I_ OEMFACP  11000904 MSFT 00000097)
May 18 07:47:50 (none) kern.warn kernel: [    0.000000] ACPI: DSDT 3f7a0430 08073 (v01  A1397 A1397000 00000000 INTL 20051117)
May 18 07:47:50 (none) kern.warn kernel: [    0.000000] ACPI: FACS 3f7ae000 00040
May 18 07:47:50 (none) kern.warn kernel: [    0.000000] ACPI: APIC 3f7a0390 0005C (v01 A_M_I_ OEMAPIC  11000904 MSFT 00000097)
May 18 07:47:50 (none) kern.warn kernel: [    0.000000] ACPI: MCFG 3f7a03f0 0003C (v01 A_M_I_ OEMMCFG  11000904 MSFT 00000097)
May 18 07:47:50 (none) kern.warn kernel: [    0.000000] ACPI: OEMB 3f7ae040 00061 (v01 A_M_I_ AMI_OEM  11000904 MSFT 00000097)
May 18 07:47:50 (none) kern.warn kernel: [    0.000000] ACPI: HPET 3f7a84b0 00038 (v01 A_M_I_ OEMHPET  11000904 MSFT 00000097)
May 18 07:47:50 (none) kern.warn kernel: [    0.000000] ACPI: SSDT 3f7aeb80 004F0 (v01  PmRef    CpuPm 00003000 INTL 20051117)
May 18 07:47:50 (none) kern.warn kernel: [    0.000000] ACPI: SLIC 3f7a84f0 00176 (v01 _ASUS_ Notebook 11000904 MSFT 00000097)
May 18 07:47:50 (none) kern.debug kernel: [    0.000000] ACPI: Local APIC address 0xfee00000
May 18 07:47:50 (none) kern.info kernel: [    0.000000] No NUMA configuration found
May 18 07:47:50 (none) kern.info kernel: [    0.000000] Faking a node at [mem 0x0000000000000000-0x000000003f79ffff]
May 18 07:47:50 (none) kern.info kernel: [    0.000000] Initmem setup node 0 [mem 0x00000000-0x3f79ffff]
May 18 07:47:50 (none) kern.info kernel: [    0.000000]   NODE_DATA [mem 0x375f6000-0x375fcfff]
May 18 07:47:50 (none) kern.notice kernel: [    0.000000] 129MB HIGHMEM available.
May 18 07:47:50 (none) kern.notice kernel: [    0.000000] 885MB LOWMEM available.
May 18 07:47:50 (none) kern.debug kernel: [    0.000000] max_low_pfn = 375fe, highstart_pfn = 375fe
May 18 07:47:50 (none) kern.debug kernel: [    0.000000] Low memory ends at vaddr f75fe000
May 18 07:47:50 (none) kern.debug kernel: [    0.000000] High memory starts at vaddr f75fe000
May 18 07:47:50 (none) kern.info kernel: [    0.000000]   mapped low ram: 0 - 375fe000
May 18 07:47:50 (none) kern.info kernel: [    0.000000]   low ram: 0 - 375fe000
May 18 07:47:50 (none) kern.warn kernel: [    0.000000] Zone ranges:
May 18 07:47:50 (none) kern.warn kernel: [    0.000000]   DMA      [mem 0x00001000-0x00ffffff]
May 18 07:47:50 (none) kern.warn kernel: [    0.000000]   Normal   [mem 0x01000000-0x375fdfff]
May 18 07:47:50 (none) kern.warn kernel: [    0.000000]   HighMem  [mem 0x375fe000-0x3f79ffff]
May 18 07:47:50 (none) kern.warn kernel: [    0.000000] Movable zone start for each node
May 18 07:47:50 (none) kern.warn kernel: [    0.000000] Early memory node ranges
May 18 07:47:50 (none) kern.warn kernel: [    0.000000]   node   0: [mem 0x00001000-0x0009efff]
May 18 07:47:50 (none) kern.warn kernel: [    0.000000]   node   0: [mem 0x00100000-0x3f79ffff]
May 18 07:47:50 (none) kern.debug kernel: [    0.000000] On node 0 totalpages: 259902
May 18 07:47:50 (none) kern.debug kernel: [    0.000000]   DMA zone: 36 pages used for memmap
May 18 07:47:50 (none) kern.debug kernel: [    0.000000]   DMA zone: 0 pages reserved
May 18 07:47:50 (none) kern.debug kernel: [    0.000000]   DMA zone: 3998 pages, LIFO batch:0
May 18 07:47:50 (none) kern.debug kernel: [    0.000000]   Normal zone: 1958 pages used for memmap
May 18 07:47:50 (none) kern.debug kernel: [    0.000000]   Normal zone: 222718 pages, LIFO batch:31
May 18 07:47:50 (none) kern.debug kernel: [    0.000000]   HighMem zone: 292 pages used for memmap
May 18 07:47:50 (none) kern.debug kernel: [    0.000000]   HighMem zone: 33186 pages, LIFO batch:7
May 18 07:47:50 (none) kern.info kernel: [    0.000000] Using APIC driver default
May 18 07:47:50 (none) kern.info kernel: [    0.000000] ACPI: PM-Timer IO Port: 0x808
May 18 07:47:50 (none) kern.debug kernel: [    0.000000] ACPI: Local APIC address 0xfee00000
May 18 07:47:50 (none) kern.info kernel: [    0.000000] ACPI: LAPIC (acpi_id[0x01] lapic_id[0x00] enabled)
May 18 07:47:50 (none) kern.info kernel: [    0.000000] ACPI: LAPIC (acpi_id[0x02] lapic_id[0x01] enabled)
May 18 07:47:50 (none) kern.info kernel: [    0.000000] ACPI: IOAPIC (id[0x02] address[0xfec00000] gsi_base[0])
May 18 07:47:50 (none) kern.info kernel: [    0.000000] IOAPIC[0]: apic_id 2, version 32, address 0xfec00000, GSI 0-23
May 18 07:47:50 (none) kern.info kernel: [    0.000000] ACPI: INT_SRC_OVR (bus 0 bus_irq 0 global_irq 2 dfl dfl)
May 18 07:47:50 (none) kern.info kernel: [    0.000000] ACPI: INT_SRC_OVR (bus 0 bus_irq 9 global_irq 9 high level)
May 18 07:47:50 (none) kern.debug kernel: [    0.000000] ACPI: IRQ0 used by override.
May 18 07:47:50 (none) kern.debug kernel: [    0.000000] ACPI: IRQ2 used by override.
May 18 07:47:50 (none) kern.debug kernel: [    0.000000] ACPI: IRQ9 used by override.
May 18 07:47:50 (none) kern.info kernel: [    0.000000] Using ACPI (MADT) for SMP configuration information
May 18 07:47:50 (none) kern.info kernel: [    0.000000] ACPI: HPET id: 0xffffffff base: 0xfed00000
May 18 07:47:50 (none) kern.info kernel: [    0.000000] smpboot: Allowing 2 CPUs, 0 hotplug CPUs
May 18 07:47:50 (none) kern.debug kernel: [    0.000000] nr_irqs_gsi: 40
May 18 07:47:50 (none) kern.info kernel: [    0.000000] PM: Registered nosave memory: 000000000009f000 - 00000000000a0000
May 18 07:47:50 (none) kern.info kernel: [    0.000000] PM: Registered nosave memory: 00000000000a0000 - 00000000000e2000
May 18 07:47:50 (none) kern.info kernel: [    0.000000] PM: Registered nosave memory: 00000000000e2000 - 0000000000100000
May 18 07:47:50 (none) kern.info kernel: [    0.000000] e820: [mem 0x3f800000-0xfedfffff] available for PCI devices
May 18 07:47:50 (none) kern.info kernel: [    0.000000] setup_percpu: NR_CPUS:64 nr_cpumask_bits:2 nr_cpu_ids:2 nr_node_ids:1
May 18 07:47:50 (none) kern.info kernel: [    0.000000] PERCPU: Embedded 333 pages/cpu @f69c8000 s1339968 r0 d24000 u1363968
May 18 07:47:50 (none) kern.debug kernel: [    0.000000] pcpu-alloc: s1339968 r0 d24000 u1363968 alloc=333*4096
May 18 07:47:50 (none) kern.debug kernel: [    0.000000] pcpu-alloc: [0] 0 [0] 1 
May 18 07:47:50 (none) kern.warn kernel: [    0.000000] Built 1 zonelists in Zone order, mobility grouping on.  Total pages: 257908
May 18 07:47:50 (none) kern.warn kernel: [    0.000000] Policy zone: HighMem
May 18 07:47:50 (none) kern.notice kernel: [    0.000000] Kernel command line: panic=56 loglevel=3 root=/dev/sda9 loglevel=5 vga=ask reboot=f
May 18 07:47:50 (none) kern.info kernel: [    0.000000] PID hash table entries: 4096 (order: 2, 16384 bytes)
May 18 07:47:50 (none) kern.info kernel: [    0.000000] Dentry cache hash table entries: 131072 (order: 7, 524288 bytes)
May 18 07:47:50 (none) kern.info kernel: [    0.000000] Inode-cache hash table entries: 65536 (order: 6, 262144 bytes)
May 18 07:47:50 (none) kern.notice kernel: [    0.000000] __ex_table already sorted, skipping sort
May 18 07:47:50 (none) kern.info kernel: [    0.000000] Initializing CPU#0
May 18 07:47:50 (none) kern.info kernel: [    0.000000] Initializing HighMem for node 0 (000375fe:0003f7a0)
May 18 07:47:50 (none) kern.info kernel: [    0.000000] Memory: 995796k/1040000k available (15389k kernel code, 43812k reserved, 6641k data, 2224k init, 132744k highmem)
May 18 07:47:50 (none) kern.info kernel: [    0.000000] virtual kernel memory layout:
May 18 07:47:50 (none) kern.info kernel: [    0.000000]     fixmap  : 0xffab7000 - 0xfffff000   (5408 kB)
May 18 07:47:50 (none) kern.info kernel: [    0.000000]     pkmap   : 0xff600000 - 0xff800000   (2048 kB)
May 18 07:47:50 (none) kern.info kernel: [    0.000000]     vmalloc : 0xf7dfe000 - 0xff5fe000   ( 120 MB)
May 18 07:47:50 (none) kern.info kernel: [    0.000000]     lowmem  : 0xc0000000 - 0xf75fe000   ( 885 MB)
May 18 07:47:50 (none) kern.info kernel: [    0.000000]       .init : 0xc2584000 - 0xc27b0000   (2224 kB)
May 18 07:47:50 (none) kern.info kernel: [    0.000000]       .data : 0xc1f07621 - 0xc2583dc0   (6641 kB)
May 18 07:47:50 (none) kern.info kernel: [    0.000000]       .text : 0xc1000000 - 0xc1f07621   (15389 kB)
May 18 07:47:50 (none) kern.info kernel: [    0.000000] Checking if this processor honours the WP bit even in supervisor mode...Ok.
May 18 07:47:50 (none) kern.info kernel: [    0.000000] Hierarchical RCU implementation.
May 18 07:47:50 (none) kern.info kernel: [    0.000000] 	Hierarchical RCU autobalancing is disabled.
May 18 07:47:50 (none) kern.info kernel: [    0.000000] 	RCU restricting CPUs from NR_CPUS=64 to nr_cpu_ids=2.
May 18 07:47:50 (none) kern.info kernel: [    0.000000] NR_IRQS:4352 nr_irqs:512 16
May 18 07:47:50 (none) kern.debug kernel: [    0.000000] CPU 0 irqstacks, hard=f640c000 soft=f640e000
May 18 07:47:50 (none) kern.info kernel: [    0.000000] kmemleak: Kernel memory leak detector disabled
May 18 07:47:50 (none) kern.info kernel: [    0.000000] Console: colour VGA+ 80x25
May 18 07:47:50 (none) kern.info kernel: [    0.000000] console [tty0] enabled
May 18 07:47:50 (none) kern.warn kernel: [    0.000000] Lock dependency validator: Copyright (c) 2006 Red Hat, Inc., Ingo Molnar
May 18 07:47:50 (none) kern.warn kernel: [    0.000000] ... MAX_LOCKDEP_SUBCLASSES:  8
May 18 07:47:50 (none) kern.warn kernel: [    0.000000] ... MAX_LOCK_DEPTH:          48
May 18 07:47:50 (none) kern.warn kernel: [    0.000000] ... MAX_LOCKDEP_KEYS:        8191
May 18 07:47:50 (none) kern.warn kernel: [    0.000000] ... CLASSHASH_SIZE:          4096
May 18 07:47:50 (none) kern.warn kernel: [    0.000000] ... MAX_LOCKDEP_ENTRIES:     16384
May 18 07:47:50 (none) kern.warn kernel: [    0.000000] ... MAX_LOCKDEP_CHAINS:      32768
May 18 07:47:50 (none) kern.warn kernel: [    0.000000] ... CHAINHASH_SIZE:          16384
May 18 07:47:50 (none) kern.warn kernel: [    0.000000]  memory used by lock dependency info: 3807 kB
May 18 07:47:50 (none) kern.warn kernel: [    0.000000]  per task-struct memory footprint: 1920 bytes
May 18 07:47:50 (none) kern.warn kernel: [    0.000000] ------------------------
May 18 07:47:50 (none) kern.warn kernel: [    0.000000] | Locking API testsuite:
May 18 07:47:50 (none) kern.warn kernel: [    0.000000] ----------------------------------------------------------------------------
May 18 07:47:50 (none) kern.warn kernel: [    0.000000]                                  | spin |wlock |rlock |mutex | wsem | rsem |
May 18 07:47:50 (none) kern.warn kernel: [    0.000000]   --------------------------------------------------------------------------
May 18 07:47:50 (none) kern.warn kernel: [    0.000000]                      A-A deadlock:failed|failed|  ok  |failed|failed|failed|
May 18 07:47:50 (none) kern.warn kernel: [    0.000000]                  A-B-B-A deadlock:failed|failed|  ok  |failed|failed|failed|
May 18 07:47:50 (none) kern.warn kernel: [    0.000000]              A-B-B-C-C-A deadlock:failed|failed|  ok  |failed|failed|failed|
May 18 07:47:50 (none) kern.warn kernel: [    0.000000]              A-B-C-A-B-C deadlock:failed|failed|  ok  |failed|failed|failed|
May 18 07:47:50 (none) kern.warn kernel: [    0.000000]          A-B-B-C-C-D-D-A deadlock:failed|failed|  ok  |failed|failed|failed|
May 18 07:47:50 (none) kern.warn kernel: [    0.000000]          A-B-C-D-B-D-D-A deadlock:failed|failed|  ok  |failed|failed|failed|
May 18 07:47:50 (none) kern.warn kernel: [    0.000000]          A-B-C-D-B-C-D-A deadlock:failed|failed|  ok  |failed|failed|failed|
May 18 07:47:50 (none) kern.warn kernel: [    0.000000]                     double unlock:  ok  |  ok  |  ok  |  ok  |  ok  |  ok  |
May 18 07:47:50 (none) kern.warn kernel: [    0.000000]                   initialize held:  ok  |  ok  |  ok  |  ok  |  ok  |  ok  |
May 18 07:47:50 (none) kern.warn kernel: [    0.000000]                  bad unlock order:  ok  |  ok  |  ok  |  ok  |  ok  |  ok  |
May 18 07:47:50 (none) kern.warn kernel: [    0.000000]   --------------------------------------------------------------------------
May 18 07:47:50 (none) kern.warn kernel: [    0.000000]               recursive read-lock:             |  ok  |             |failed|
May 18 07:47:50 (none) kern.warn kernel: [    0.000000]            recursive read-lock #2:             |  ok  |             |failed|
May 18 07:47:50 (none) kern.warn kernel: [    0.000000]             mixed read-write-lock:             |failed|             |failed|
May 18 07:47:50 (none) kern.warn kernel: [    0.000000]             mixed write-read-lock:             |failed|             |failed|
May 18 07:47:50 (none) kern.warn kernel: [    0.000000]   --------------------------------------------------------------------------
May 18 07:47:50 (none) kern.warn kernel: [    0.000000]      hard-irqs-on + irq-safe-A/12:failed|failed|  ok  |
May 18 07:47:50 (none) kern.warn kernel: [    0.000000]      soft-irqs-on + irq-safe-A/12:failed|failed|  ok  |
May 18 07:47:50 (none) kern.warn kernel: [    0.000000]      hard-irqs-on + irq-safe-A/21:failed|failed|  ok  |
May 18 07:47:50 (none) kern.warn kernel: [    0.000000]      soft-irqs-on + irq-safe-A/21:failed|failed|  ok  |
May 18 07:47:50 (none) kern.warn kernel: [    0.000000]        sirq-safe-A => hirqs-on/12:failed|failed|  ok  |
May 18 07:47:50 (none) kern.warn kernel: [    0.000000]        sirq-safe-A => hirqs-on/21:failed|failed|  ok  |
May 18 07:47:50 (none) kern.warn kernel: [    0.000000]          hard-safe-A + irqs-on/12:failed|failed|  ok  |
May 18 07:47:50 (none) kern.warn kernel: [    0.000000]          soft-safe-A + irqs-on/12:failed|failed|  ok  |
May 18 07:47:50 (none) kern.warn kernel: [    0.000000]          hard-safe-A + irqs-on/21:failed|failed|  ok  |
May 18 07:47:50 (none) kern.warn kernel: [    0.000000]          soft-safe-A + irqs-on/21:failed|failed|  ok  |
May 18 07:47:50 (none) kern.warn kernel: [    0.000000]     hard-safe-A + unsafe-B #1/123:failed|failed|  ok  |
May 18 07:47:50 (none) kern.warn kernel: [    0.000000]     soft-safe-A + unsafe-B #1/123:failed|failed|  ok  |
May 18 07:47:50 (none) kern.warn kernel: [    0.000000]     hard-safe-A + unsafe-B #1/132:failed|failed|  ok  |
May 18 07:47:50 (none) kern.warn kernel: [    0.000000]     soft-safe-A + unsafe-B #1/132:failed|failed|  ok  |
May 18 07:47:50 (none) kern.warn kernel: [    0.000000]     hard-safe-A + unsafe-B #1/213:failed|failed|  ok  |
May 18 07:47:50 (none) kern.warn kernel: [    0.000000]     soft-safe-A + unsafe-B #1/213:failed|failed|  ok  |
May 18 07:47:50 (none) kern.warn kernel: [    0.000000]     hard-safe-A + unsafe-B #1/231:failed|failed|  ok  |
May 18 07:47:50 (none) kern.warn kernel: [    0.000000]     soft-safe-A + unsafe-B #1/231:failed|failed|  ok  |
May 18 07:47:50 (none) kern.warn kernel: [    0.000000]     hard-safe-A + unsafe-B #1/312:failed|failed|  ok  |
May 18 07:47:50 (none) kern.warn kernel: [    0.000000]     soft-safe-A + unsafe-B #1/312:failed|failed|  ok  |
May 18 07:47:50 (none) kern.warn kernel: [    0.000000]     hard-safe-A + unsafe-B #1/321:failed|failed|  ok  |
May 18 07:47:50 (none) kern.warn kernel: [    0.000000]     soft-safe-A + unsafe-B #1/321:failed|failed|  ok  |
May 18 07:47:50 (none) kern.warn kernel: [    0.000000]     hard-safe-A + unsafe-B #2/123:failed|failed|  ok  |
May 18 07:47:50 (none) kern.warn kernel: [    0.000000]     soft-safe-A + unsafe-B #2/123:failed|failed|  ok  |
May 18 07:47:50 (none) kern.warn kernel: [    0.000000]     hard-safe-A + unsafe-B #2/132:failed|failed|  ok  |
May 18 07:47:50 (none) kern.warn kernel: [    0.000000]     soft-safe-A + unsafe-B #2/132:failed|failed|  ok  |
May 18 07:47:50 (none) kern.warn kernel: [    0.000000]     hard-safe-A + unsafe-B #2/213:failed|failed|  ok  |
May 18 07:47:50 (none) kern.warn kernel: [    0.000000]     soft-safe-A + unsafe-B #2/213:failed|failed|  ok  |
May 18 07:47:50 (none) kern.warn kernel: [    0.000000]     hard-safe-A + unsafe-B #2/231:failed|failed|  ok  |
May 18 07:47:50 (none) kern.warn kernel: [    0.000000]     soft-safe-A + unsafe-B #2/231:failed|failed|  ok  |
May 18 07:47:50 (none) kern.warn kernel: [    0.000000]     hard-safe-A + unsafe-B #2/312:failed|failed|  ok  |
May 18 07:47:50 (none) kern.warn kernel: [    0.000000]     soft-safe-A + unsafe-B #2/312:failed|failed|  ok  |
May 18 07:47:50 (none) kern.warn kernel: [    0.000000]     hard-safe-A + unsafe-B #2/321:failed|failed|  ok  |
May 18 07:47:50 (none) kern.warn kernel: [    0.000000]     soft-safe-A + unsafe-B #2/321:failed|failed|  ok  |
May 18 07:47:50 (none) kern.warn kernel: [    0.000000]       hard-irq lock-inversion/123:failed|failed|  ok  |
May 18 07:47:50 (none) kern.warn kernel: [    0.000000]       soft-irq lock-inversion/123:failed|failed|  ok  |
May 18 07:47:50 (none) kern.warn kernel: [    0.000000]       hard-irq lock-inversion/132:failed|failed|  ok  |
May 18 07:47:50 (none) kern.warn kernel: [    0.000000]       soft-irq lock-inversion/132:failed|failed|  ok  |
May 18 07:47:50 (none) kern.warn kernel: [    0.000000]       hard-irq lock-inversion/213:failed|failed|  ok  |
May 18 07:47:50 (none) kern.warn kernel: [    0.000000]       soft-irq lock-inversion/213:failed|failed|  ok  |
May 18 07:47:50 (none) kern.warn kernel: [    0.000000]       hard-irq lock-inversion/231:failed|failed|  ok  |
May 18 07:47:50 (none) kern.warn kernel: [    0.000000]       soft-irq lock-inversion/231:failed|failed|  ok  |
May 18 07:47:50 (none) kern.warn kernel: [    0.000000]       hard-irq lock-inversion/312:failed|failed|  ok  |
May 18 07:47:50 (none) kern.warn kernel: [    0.000000]       soft-irq lock-inversion/312:failed|failed|  ok  |
May 18 07:47:50 (none) kern.warn kernel: [    0.000000]       hard-irq lock-inversion/321:failed|failed|  ok  |
May 18 07:47:50 (none) kern.warn kernel: [    0.000000]       soft-irq lock-inversion/321:failed|failed|  ok  |
May 18 07:47:50 (none) kern.warn kernel: [    0.000000]       hard-irq read-recursion/123:  ok  |
May 18 07:47:50 (none) kern.warn kernel: [    0.000000]       soft-irq read-recursion/123:  ok  |
May 18 07:47:50 (none) kern.warn kernel: [    0.000000]       hard-irq read-recursion/132:  ok  |
May 18 07:47:50 (none) kern.warn kernel: [    0.000000]       soft-irq read-recursion/132:  ok  |
May 18 07:47:50 (none) kern.warn kernel: [    0.000000]       hard-irq read-recursion/213:  ok  |
May 18 07:47:50 (none) kern.warn kernel: [    0.000000]       soft-irq read-recursion/213:  ok  |
May 18 07:47:50 (none) kern.warn kernel: [    0.000000]       hard-irq read-recursion/231:  ok  |
May 18 07:47:50 (none) kern.warn kernel: [    0.000000]       soft-irq read-recursion/231:  ok  |
May 18 07:47:50 (none) kern.warn kernel: [    0.000000]       hard-irq read-recursion/312:  ok  |
May 18 07:47:50 (none) kern.warn kernel: [    0.000000]       soft-irq read-recursion/312:  ok  |
May 18 07:47:50 (none) kern.warn kernel: [    0.000000]       hard-irq read-recursion/321:  ok  |
May 18 07:47:50 (none) kern.warn kernel: [    0.000000]       soft-irq read-recursion/321:  ok  |
May 18 07:47:50 (none) kern.warn kernel: [    0.000000] --------------------------------------------------------
May 18 07:47:50 (none) kern.warn kernel: [    0.000000] 133 out of 218 testcases failed, as expected. |
May 18 07:47:50 (none) kern.warn kernel: [    0.000000] ----------------------------------------------------
May 18 07:47:50 (none) kern.debug kernel: [    0.000000] hpet clockevent registered
May 18 07:47:50 (none) kern.info kernel: [    0.000000] tsc: Fast TSC calibration using PIT
May 18 07:47:50 (none) kern.info kernel: [    0.000000] tsc: Detected 1599.868 MHz processor
May 18 07:47:50 (none) kern.info kernel: [    0.001004] Calibrating delay loop (skipped), value calculated using timer frequency.. 3199.73 BogoMIPS (lpj=1599868)
May 18 07:47:50 (none) kern.info kernel: [    0.001013] pid_max: default: 32768 minimum: 301
May 18 07:47:50 (none) kern.info kernel: [    0.001267] Security Framework initialized
May 18 07:47:50 (none) kern.info kernel: [    0.001395] Mount-cache hash table entries: 512
May 18 07:47:50 (none) kern.info kernel: [    0.002968] Disabled fast string operations
May 18 07:47:50 (none) kern.info kernel: [    0.003018] CPU: Physical Processor ID: 0
May 18 07:47:50 (none) kern.info kernel: [    0.003024] CPU: Processor Core ID: 0
May 18 07:47:50 (none) kern.info kernel: [    0.003031] mce: CPU supports 5 MCE banks
May 18 07:47:50 (none) kern.info kernel: [    0.003048] CPU0: Thermal monitoring enabled (TM2)
May 18 07:47:50 (none) kern.debug kernel: [    0.003062] numa_add_cpu cpu 0 node 0: mask now 0
May 18 07:47:50 (none) kern.info kernel: [    0.003086] Last level iTLB entries: 4KB 32, 2MB 0, 4MB 0
May 18 07:47:50 (none) kern.info kernel: [    0.003086] Last level dTLB entries: 4KB 64, 2MB 0, 4MB 8
May 18 07:47:50 (none) kern.info kernel: [    0.003086] tlb_flushall_shift: 6
May 18 07:47:50 (none) kern.info kernel: [    0.003490] Freeing SMP alternatives: 48k freed
May 18 07:47:50 (none) kern.info kernel: [    0.003557] ACPI: Core revision 20130117
May 18 07:47:50 (none) kern.warn kernel: [    0.028746] ACPI: All ACPI Tables successfully acquired
May 18 07:47:50 (none) kern.info kernel: [    0.029488] Enabling APIC mode:  Flat.  Using 1 I/O APICs
May 18 07:47:50 (none) kern.info kernel: [    0.030680] ..TIMER: vector=0x30 apic1=0 pin1=2 apic2=-1 pin2=-1
May 18 07:47:50 (none) kern.info kernel: [    0.040706] smpboot: CPU0: Intel(R) Atom(TM) CPU N270   @ 1.60GHz (fam: 06, model: 1c, stepping: 02)
May 18 07:47:50 (none) kern.info kernel: [    0.041000] Performance Events: PEBS fmt0+, LBR disabled due to erratumAtom events, Intel PMU driver.
May 18 07:47:50 (none) kern.info kernel: [    0.041000] ... version:                3
May 18 07:47:50 (none) kern.info kernel: [    0.041000] ... bit width:              40
May 18 07:47:50 (none) kern.info kernel: [    0.041000] ... generic registers:      2
May 18 07:47:50 (none) kern.info kernel: [    0.041000] ... value mask:             000000ffffffffff
May 18 07:47:50 (none) kern.info kernel: [    0.041000] ... max period:             000000007fffffff
May 18 07:47:50 (none) kern.info kernel: [    0.041000] ... fixed-purpose events:   3
May 18 07:47:50 (none) kern.info kernel: [    0.041000] ... event mask:             0000000700000003
May 18 07:47:50 (none) kern.info kernel: [    0.044907] SMP alternatives: lockdep: fixing up alternatives
May 18 07:47:50 (none) kern.debug kernel: [    0.044945] CPU 1 irqstacks, hard=f64e2000 soft=f64e4000
May 18 07:47:50 (none) kern.info kernel: [    0.044952] smpboot: Booting Node   0, Processors  #1 OK
May 18 07:47:50 (none) kern.info kernel: [    0.002000] Initializing CPU#1
May 18 07:47:50 (none) kern.info kernel: [    0.002000] Disabled fast string operations
May 18 07:47:50 (none) kern.debug kernel: [    0.002000] numa_add_cpu cpu 1 node 0: mask now 0-1
May 18 07:47:50 (none) kern.info kernel: [    0.057204] Brought up 2 CPUs
May 18 07:47:50 (none) kern.info kernel: [    0.057222] smpboot: Total of 2 processors activated (6399.47 BogoMIPS)
May 18 07:47:50 (none) kern.info kernel: [    0.058469] NMI watchdog: enabled on all CPUs, permanently consumes one hw-PMU counter.
May 18 07:47:50 (none) kern.info kernel: [    0.059394] devtmpfs: initialized
May 18 07:47:50 (none) kern.info kernel: [    0.062490] PM: Registering ACPI NVS region [mem 0x3f7ae000-0x3f7effff] (270336 bytes)
May 18 07:47:50 (none) kern.info kernel: [    0.063141] xor: measuring software checksum speed
May 18 07:47:50 (none) kern.info kernel: [    0.073009]    pIII_sse  :  4896.000 MB/sec
May 18 07:47:50 (none) kern.info kernel: [    0.083007]    prefetch64-sse:  5452.000 MB/sec
May 18 07:47:50 (none) kern.info kernel: [    0.083014] xor: using function: prefetch64-sse (5452.000 MB/sec)
May 18 07:47:50 (none) kern.info kernel: [    0.083027] atomic64 test passed for i586+ platform with CX8 and with SSE
May 18 07:47:50 (none) kern.info kernel: [    0.083702] regulator-dummy: no parameters
May 18 07:47:50 (none) kern.info kernel: [    0.083950] RTC time:  7:47:29, date: 05/18/13
May 18 07:47:50 (none) kern.info kernel: [    0.084414] NET: Registered protocol family 16
May 18 07:47:50 (none) kern.info kernel: [    0.085906] EISA bus registered
May 18 07:47:50 (none) kern.info kernel: [    0.086521] ACPI: bus type PCI registered
May 18 07:47:50 (none) kern.info kernel: [    0.087013] PCI: MMCONFIG for domain 0000 [bus 00-3f] at [mem 0xe0000000-0xe3ffffff] (base 0xe0000000)
May 18 07:47:50 (none) kern.info kernel: [    0.087022] PCI: not using MMCONFIG
May 18 07:47:50 (none) kern.info kernel: [    0.087372] PCI : PCI BIOS area is rw and x. Use pci=nobios if you want it NX.
May 18 07:47:50 (none) kern.info kernel: [    0.087488] PCI: PCI BIOS revision 3.00 entry at 0xf0031, last bus=5
May 18 07:47:50 (none) kern.info kernel: [    0.087493] PCI: Using configuration type 1 for base access
May 18 07:47:50 (none) kern.info kernel: [    0.145312] bio: create slab <bio-0> at 0
May 18 07:47:50 (none) kern.warn kernel: [    0.163074] raid6: mmxx1      351 MB/s
May 18 07:47:50 (none) kern.warn kernel: [    0.180030] raid6: mmxx2      695 MB/s
May 18 07:47:50 (none) kern.warn kernel: [    0.197086] raid6: sse1x1     285 MB/s
May 18 07:47:50 (none) kern.warn kernel: [    0.214101] raid6: sse1x2     542 MB/s
May 18 07:47:50 (none) kern.warn kernel: [    0.231030] raid6: sse2x1     589 MB/s
May 18 07:47:50 (none) kern.warn kernel: [    0.248011] raid6: sse2x2    1078 MB/s
May 18 07:47:50 (none) kern.warn kernel: [    0.248119] raid6: using algorithm sse2x2 (1078 MB/s)
May 18 07:47:50 (none) kern.warn kernel: [    0.248229] raid6: using ssse3x1 recovery algorithm
May 18 07:47:50 (none) kern.info kernel: [    0.248879] ACPI: Added _OSI(Module Device)
May 18 07:47:50 (none) kern.info kernel: [    0.248890] ACPI: Added _OSI(Processor Device)
May 18 07:47:50 (none) kern.info kernel: [    0.248899] ACPI: Added _OSI(3.0 _SCP Extensions)
May 18 07:47:50 (none) kern.info kernel: [    0.248908] ACPI: Added _OSI(Processor Aggregator Device)
May 18 07:47:50 (none) kern.debug kernel: [    0.275098] ACPI: EC: Look up EC in DSDT
May 18 07:47:50 (none) kern.notice kernel: [    0.301291] [Firmware Bug]: ACPI: BIOS _OSI(Linux) query ignored
May 18 07:47:50 (none) kern.warn kernel: [    0.302279] ACPI: Executed 2 blocks of module-level executable AML code
May 18 07:47:50 (none) kern.warn kernel: [    0.318346] ACPI: SSDT 3f7ae180 0023C (v01  PmRef  Cpu0Ist 00003000 INTL 20051117)
May 18 07:47:50 (none) kern.warn kernel: [    0.325492] ACPI: Dynamic OEM Table Load:
May 18 07:47:50 (none) kern.warn kernel: [    0.325692] ACPI: SSDT   (null) 0023C (v01  PmRef  Cpu0Ist 00003000 INTL 20051117)
May 18 07:47:50 (none) kern.warn kernel: [    0.326368] ACPI: SSDT 3f7ae450 00724 (v01  PmRef  Cpu0Cst 00003001 INTL 20051117)
May 18 07:47:50 (none) kern.warn kernel: [    0.333441] ACPI: Dynamic OEM Table Load:
May 18 07:47:50 (none) kern.warn kernel: [    0.333641] ACPI: SSDT   (null) 00724 (v01  PmRef  Cpu0Cst 00003001 INTL 20051117)
May 18 07:47:50 (none) kern.warn kernel: [    0.334734] ACPI: SSDT 3f7ae0b0 000CC (v01  PmRef  Cpu1Ist 00003000 INTL 20051117)
May 18 07:47:50 (none) kern.warn kernel: [    0.341850] ACPI: Dynamic OEM Table Load:
May 18 07:47:50 (none) kern.warn kernel: [    0.342007] ACPI: SSDT   (null) 000CC (v01  PmRef  Cpu1Ist 00003000 INTL 20051117)
May 18 07:47:50 (none) kern.warn kernel: [    0.342513] ACPI: SSDT 3f7ae3c0 00085 (v01  PmRef  Cpu1Cst 00003000 INTL 20051117)
May 18 07:47:50 (none) kern.warn kernel: [    0.349669] ACPI: Dynamic OEM Table Load:
May 18 07:47:50 (none) kern.warn kernel: [    0.349869] ACPI: SSDT   (null) 00085 (v01  PmRef  Cpu1Cst 00003000 INTL 20051117)
May 18 07:47:50 (none) kern.info kernel: [    0.354336] ACPI: Interpreter enabled
May 18 07:47:50 (none) kern.warn kernel: [    0.354372] ACPI Exception: AE_NOT_FOUND, While evaluating Sleep State [\_S1_] (20130117/hwxface-568)
May 18 07:47:50 (none) kern.warn kernel: [    0.354643] ACPI Exception: AE_NOT_FOUND, While evaluating Sleep State [\_S2_] (20130117/hwxface-568)
May 18 07:47:50 (none) kern.info kernel: [    0.355021] ACPI: (supports S0 S3 S4 S5)
May 18 07:47:50 (none) kern.info kernel: [    0.355029] ACPI: Using IOAPIC for interrupt routing
May 18 07:47:50 (none) kern.info kernel: [    0.355157] PCI: MMCONFIG for domain 0000 [bus 00-3f] at [mem 0xe0000000-0xe3ffffff] (base 0xe0000000)
May 18 07:47:50 (none) kern.info kernel: [    0.358250] PCI: MMCONFIG at [mem 0xe0000000-0xe3ffffff] reserved in ACPI motherboard resources
May 18 07:47:50 (none) kern.info kernel: [    0.358257] PCI: Using MMCONFIG for extended config space
May 18 07:47:50 (none) kern.info kernel: [    0.358352] PCI: Using host bridge windows from ACPI; if necessary, use "pci=nocrs" and report a bug
May 18 07:47:50 (none) kern.info kernel: [    0.424877] ACPI: PCI Root Bridge [PCI0] (domain 0000 [bus 00-ff])
May 18 07:47:50 (none) kern.info kernel: [    0.425479] acpi PNP0A08:00: [Firmware Info]: MMCONFIG for domain 0000 [bus 00-3f] only partially covers this bridge
May 18 07:47:50 (none) kern.info kernel: [    0.425797] PCI host bridge to bus 0000:00
May 18 07:47:50 (none) kern.info kernel: [    0.425811] pci_bus 0000:00: root bus resource [bus 00-ff]
May 18 07:47:50 (none) kern.info kernel: [    0.425821] pci_bus 0000:00: root bus resource [io  0x0000-0x0cf7]
May 18 07:47:50 (none) kern.info kernel: [    0.425829] pci_bus 0000:00: root bus resource [io  0x0d00-0xffff]
May 18 07:47:50 (none) kern.info kernel: [    0.425837] pci_bus 0000:00: root bus resource [mem 0x000a0000-0x000bffff]
May 18 07:47:50 (none) kern.info kernel: [    0.425846] pci_bus 0000:00: root bus resource [mem 0x000d0000-0x000dffff]
May 18 07:47:50 (none) kern.info kernel: [    0.425854] pci_bus 0000:00: root bus resource [mem 0x3f800000-0xffffffff]
May 18 07:47:50 (none) kern.debug kernel: [    0.425926] pci 0000:00:00.0: [8086:27ac] type 00 class 0x060000
May 18 07:47:50 (none) kern.debug kernel: [    0.426855] pci 0000:00:02.0: [8086:27ae] type 00 class 0x030000
May 18 07:47:50 (none) kern.debug kernel: [    0.426912] pci 0000:00:02.0: reg 10: [mem 0xf7e00000-0xf7e7ffff]
May 18 07:47:50 (none) kern.debug kernel: [    0.426942] pci 0000:00:02.0: reg 14: [io  0xdc00-0xdc07]
May 18 07:47:50 (none) kern.debug kernel: [    0.426971] pci 0000:00:02.0: reg 18: [mem 0xd0000000-0xdfffffff pref]
May 18 07:47:50 (none) kern.debug kernel: [    0.427021] pci 0000:00:02.0: reg 1c: [mem 0xf7dc0000-0xf7dfffff]
May 18 07:47:50 (none) kern.debug kernel: [    0.427858] pci 0000:00:02.1: [8086:27a6] type 00 class 0x038000
May 18 07:47:50 (none) kern.debug kernel: [    0.427905] pci 0000:00:02.1: reg 10: [mem 0xf7e80000-0xf7efffff]
May 18 07:47:50 (none) kern.debug kernel: [    0.428936] pci 0000:00:1b.0: [8086:27d8] type 00 class 0x040300
May 18 07:47:50 (none) kern.debug kernel: [    0.429020] pci 0000:00:1b.0: reg 10: [mem 0xf7db8000-0xf7dbbfff 64bit]
May 18 07:47:50 (none) kern.debug kernel: [    0.429322] pci 0000:00:1b.0: PME# supported from D0 D3hot D3cold
May 18 07:47:50 (none) kern.info kernel: [    0.429614] pci 0000:00:1b.0: System wakeup disabled by ACPI
May 18 07:47:50 (none) kern.debug kernel: [    0.429933] pci 0000:00:1c.0: [8086:27d0] type 01 class 0x060400
May 18 07:47:50 (none) kern.debug kernel: [    0.430269] pci 0000:00:1c.0: PME# supported from D0 D3hot D3cold
May 18 07:47:50 (none) kern.info kernel: [    0.430552] pci 0000:00:1c.0: System wakeup disabled by ACPI
May 18 07:47:50 (none) kern.debug kernel: [    0.430847] pci 0000:00:1c.1: [8086:27d2] type 01 class 0x060400
May 18 07:47:50 (none) kern.debug kernel: [    0.431184] pci 0000:00:1c.1: PME# supported from D0 D3hot D3cold
May 18 07:47:50 (none) kern.info kernel: [    0.431515] pci 0000:00:1c.1: System wakeup disabled by ACPI
May 18 07:47:50 (none) kern.debug kernel: [    0.431807] pci 0000:00:1c.3: [8086:27d6] type 01 class 0x060400
May 18 07:47:50 (none) kern.debug kernel: [    0.432137] pci 0000:00:1c.3: PME# supported from D0 D3hot D3cold
May 18 07:47:50 (none) kern.info kernel: [    0.432486] pci 0000:00:1c.3: System wakeup disabled by ACPI
May 18 07:47:50 (none) kern.debug kernel: [    0.432785] pci 0000:00:1d.0: [8086:27c8] type 00 class 0x0c0300
May 18 07:47:50 (none) kern.debug kernel: [    0.432945] pci 0000:00:1d.0: reg 20: [io  0xd400-0xd41f]
May 18 07:47:50 (none) kern.debug kernel: [    0.433586] pci 0000:00:1d.1: [8086:27c9] type 00 class 0x0c0300
May 18 07:47:50 (none) kern.debug kernel: [    0.433745] pci 0000:00:1d.1: reg 20: [io  0xd480-0xd49f]
May 18 07:47:50 (none) kern.debug kernel: [    0.434411] pci 0000:00:1d.2: [8086:27ca] type 00 class 0x0c0300
May 18 07:47:50 (none) kern.debug kernel: [    0.434570] pci 0000:00:1d.2: reg 20: [io  0xd800-0xd81f]
May 18 07:47:50 (none) kern.debug kernel: [    0.435244] pci 0000:00:1d.3: [8086:27cb] type 00 class 0x0c0300
May 18 07:47:50 (none) kern.debug kernel: [    0.435403] pci 0000:00:1d.3: reg 20: [io  0xd880-0xd89f]
May 18 07:47:50 (none) kern.debug kernel: [    0.436129] pci 0000:00:1d.7: [8086:27cc] type 00 class 0x0c0320
May 18 07:47:50 (none) kern.debug kernel: [    0.436202] pci 0000:00:1d.7: reg 10: [mem 0xf7db7c00-0xf7db7fff]
May 18 07:47:50 (none) kern.debug kernel: [    0.436504] pci 0000:00:1d.7: PME# supported from D0 D3hot D3cold
May 18 07:47:50 (none) kern.debug kernel: [    0.437202] pci 0000:00:1e.0: [8086:2448] type 01 class 0x060401
May 18 07:47:50 (none) kern.info kernel: [    0.437557] pci 0000:00:1e.0: System wakeup disabled by ACPI
May 18 07:47:50 (none) kern.debug kernel: [    0.437850] pci 0000:00:1f.0: [8086:27b9] type 00 class 0x060100
May 18 07:47:50 (none) kern.info kernel: [    0.438134] pci 0000:00:1f.0: ICH7 LPC Generic IO decode 1 PIO at 0380 (mask 0003)
May 18 07:47:50 (none) kern.info kernel: [    0.438147] pci 0000:00:1f.0: ICH7 LPC Generic IO decode 2 PIO at 0290 (mask 0007)
May 18 07:47:50 (none) kern.info kernel: [    0.438160] pci 0000:00:1f.0: ICH7 LPC Generic IO decode 3 PIO at 0068 (mask 0007)
May 18 07:47:50 (none) kern.debug kernel: [    0.438629] pci 0000:00:1f.2: [8086:27c5] type 00 class 0x010601
May 18 07:47:50 (none) kern.debug kernel: [    0.438698] pci 0000:00:1f.2: reg 10: [io  0xd080-0xd087]
May 18 07:47:50 (none) kern.debug kernel: [    0.438734] pci 0000:00:1f.2: reg 14: [io  0xd000-0xd003]
May 18 07:47:50 (none) kern.debug kernel: [    0.438769] pci 0000:00:1f.2: reg 18: [io  0xcc00-0xcc07]
May 18 07:47:50 (none) kern.debug kernel: [    0.438804] pci 0000:00:1f.2: reg 1c: [io  0xc880-0xc883]
May 18 07:47:50 (none) kern.debug kernel: [    0.438839] pci 0000:00:1f.2: reg 20: [io  0xc800-0xc80f]
May 18 07:47:50 (none) kern.debug kernel: [    0.438874] pci 0000:00:1f.2: reg 24: [mem 0xf7db7800-0xf7db7bff]
May 18 07:47:50 (none) kern.debug kernel: [    0.439062] pci 0000:00:1f.2: PME# supported from D3hot
May 18 07:47:50 (none) kern.info kernel: [    0.440120] pci 0000:00:1c.0: PCI bridge to [bus 04]
May 18 07:47:50 (none) kern.debug kernel: [    0.440558] pci 0000:02:00.0: [168c:002b] type 00 class 0x028000
May 18 07:47:50 (none) kern.debug kernel: [    0.440634] pci 0000:02:00.0: reg 10: [mem 0xfbff0000-0xfbffffff 64bit]
May 18 07:47:50 (none) kern.debug kernel: [    0.440968] pci 0000:02:00.0: supports D1
May 18 07:47:50 (none) kern.debug kernel: [    0.440976] pci 0000:02:00.0: PME# supported from D0 D1 D3hot D3cold
May 18 07:47:50 (none) kern.info kernel: [    0.441445] pci 0000:00:1c.1: PCI bridge to [bus 02-03]
May 18 07:47:50 (none) kern.debug kernel: [    0.441471] pci 0000:00:1c.1:   bridge window [mem 0xf8000000-0xfbffffff]
May 18 07:47:50 (none) kern.debug kernel: [    0.441496] pci 0000:00:1c.1:   bridge window [mem 0xf0000000-0xf6ffffff 64bit pref]
May 18 07:47:50 (none) kern.debug kernel: [    0.441858] pci 0000:01:00.0: [1969:1062] type 00 class 0x020000
May 18 07:47:50 (none) kern.debug kernel: [    0.441934] pci 0000:01:00.0: reg 10: [mem 0xf7fc0000-0xf7ffffff 64bit]
May 18 07:47:50 (none) kern.debug kernel: [    0.441974] pci 0000:01:00.0: reg 18: [io  0xec00-0xec7f]
May 18 07:47:50 (none) kern.debug kernel: [    0.442326] pci 0000:01:00.0: PME# supported from D0 D1 D2 D3hot D3cold
May 18 07:47:50 (none) kern.info kernel: [    0.442733] pci 0000:00:1c.3: PCI bridge to [bus 01]
May 18 07:47:50 (none) kern.debug kernel: [    0.442750] pci 0000:00:1c.3:   bridge window [io  0xe000-0xefff]
May 18 07:47:50 (none) kern.debug kernel: [    0.442767] pci 0000:00:1c.3:   bridge window [mem 0xf7f00000-0xf7ffffff]
May 18 07:47:50 (none) kern.info kernel: [    0.443199] pci 0000:00:1e.0: PCI bridge to [bus 05] (subtractive decode)
May 18 07:47:50 (none) kern.debug kernel: [    0.443242] pci 0000:00:1e.0:   bridge window [io  0x0000-0x0cf7] (subtractive decode)
May 18 07:47:50 (none) kern.debug kernel: [    0.443250] pci 0000:00:1e.0:   bridge window [io  0x0d00-0xffff] (subtractive decode)
May 18 07:47:50 (none) kern.debug kernel: [    0.443259] pci 0000:00:1e.0:   bridge window [mem 0x000a0000-0x000bffff] (subtractive decode)
May 18 07:47:50 (none) kern.debug kernel: [    0.443267] pci 0000:00:1e.0:   bridge window [mem 0x000d0000-0x000dffff] (subtractive decode)
May 18 07:47:50 (none) kern.debug kernel: [    0.443276] pci 0000:00:1e.0:   bridge window [mem 0x3f800000-0xffffffff] (subtractive decode)
May 18 07:47:50 (none) kern.info kernel: [    0.443364] acpi PNP0A08:00: ACPI _OSC support notification failed, disabling PCIe ASPM
May 18 07:47:50 (none) kern.info kernel: [    0.443372] acpi PNP0A08:00: Unable to request _OSC control (_OSC support mask: 0x08)
May 18 07:47:50 (none) kern.info kernel: [    0.452584] ACPI: PCI Interrupt Link [LNKA] (IRQs 3 4 5 6 7 10 11 12 14 *15)
May 18 07:47:50 (none) kern.info kernel: [    0.452966] ACPI: PCI Interrupt Link [LNKB] (IRQs 3 4 5 6 7 *10 11 12 14 15)
May 18 07:47:50 (none) kern.info kernel: [    0.453369] ACPI: PCI Interrupt Link [LNKC] (IRQs 3 4 5 6 *7 10 11 12 14 15)
May 18 07:47:50 (none) kern.info kernel: [    0.453748] ACPI: PCI Interrupt Link [LNKD] (IRQs 3 4 5 6 7 10 *11 12 14 15)
May 18 07:47:50 (none) kern.info kernel: [    0.454155] ACPI: PCI Interrupt Link [LNKE] (IRQs 3 4 *5 6 7 10 11 12 14 15)
May 18 07:47:50 (none) kern.info kernel: [    0.454533] ACPI: PCI Interrupt Link [LNKF] (IRQs 3 4 5 6 7 10 11 12 14 15) *0, disabled.
May 18 07:47:50 (none) kern.info kernel: [    0.454914] ACPI: PCI Interrupt Link [LNKG] (IRQs 3 *4 5 6 7 10 11 12 14 15)
May 18 07:47:50 (none) kern.info kernel: [    0.455319] ACPI: PCI Interrupt Link [LNKH] (IRQs *3 4 5 6 7 10 11 12 14 15)
May 18 07:47:50 (none) kern.debug kernel: [    0.458697] acpi root: \_SB_.PCI0 notify handler is installed
May 18 07:47:50 (none) kern.debug kernel: [    0.459466] Found 1 acpi root devices
May 18 07:47:50 (none) kern.info kernel: [    0.460232] ACPI: EC: GPE = 0x1c, I/O: command/status = 0x66, data = 0x62
May 18 07:47:50 (none) kern.info kernel: [    0.461702] ACPI: No dock devices found.
May 18 07:47:50 (none) kern.info kernel: [    0.462206] vgaarb: device added: PCI:0000:00:02.0,decodes=io+mem,owns=io+mem,locks=none
May 18 07:47:50 (none) kern.info kernel: [    0.462210] vgaarb: loaded
May 18 07:47:50 (none) kern.info kernel: [    0.462216] vgaarb: bridge control possible 0000:00:02.0
May 18 07:47:50 (none) kern.info kernel: [    0.462292] sta2x11_scr_init
May 18 07:47:50 (none) kern.info kernel: [    0.462292] sta2x11_apb_soc_regs_init
May 18 07:47:50 (none) kern.info kernel: [    0.462292] sta2x11_sctl_init
May 18 07:47:50 (none) kern.info kernel: [    0.462342] sta2x11_apbreg_init
May 18 07:47:50 (none) kern.notice kernel: [    0.464759] SCSI subsystem initialized
May 18 07:47:50 (none) kern.info kernel: [    0.464781] ACPI: bus type ATA registered
May 18 07:47:50 (none) kern.debug kernel: [    0.465095] libata version 3.00 loaded.
May 18 07:47:50 (none) kern.info kernel: [    0.465319] ACPI: bus type USB registered
May 18 07:47:50 (none) kern.info kernel: [    0.465495] usbcore: registered new interface driver usbfs
May 18 07:47:50 (none) kern.info kernel: [    0.465580] usbcore: registered new interface driver hub
May 18 07:47:50 (none) kern.info kernel: [    0.465615] usbcore: registered new device driver usb
May 18 07:47:50 (none) kern.info kernel: [    0.466317] PCI: Using ACPI for IRQ routing
May 18 07:47:50 (none) kern.debug kernel: [    0.466317] PCI: pci_cache_line_size set to 64 bytes
May 18 07:47:50 (none) kern.debug kernel: [    0.467022] e820: reserve RAM buffer [mem 0x0009fc00-0x0009ffff]
May 18 07:47:50 (none) kern.debug kernel: [    0.467033] e820: reserve RAM buffer [mem 0x3f7a0000-0x3fffffff]
May 18 07:47:50 (none) kern.info kernel: [    0.467916] NetLabel: Initializing
May 18 07:47:50 (none) kern.info kernel: [    0.467924] NetLabel:  domain hash size = 128
May 18 07:47:50 (none) kern.info kernel: [    0.467929] NetLabel:  protocols = UNLABELED CIPSOv4
May 18 07:47:50 (none) kern.info kernel: [    0.468077] NetLabel:  unlabeled traffic allowed by default
May 18 07:47:50 (none) kern.info kernel: [    0.468546] HPET: 3 timers in total, 0 timers will be used for per-cpu timer
May 18 07:47:50 (none) kern.info kernel: [    0.468558] hpet0: at MMIO 0xfed00000, IRQs 2, 8, 0
May 18 07:47:50 (none) kern.info kernel: [    0.468573] hpet0: 3 comparators, 64-bit 14.318180 MHz counter
May 18 07:47:50 (none) kern.info kernel: [    0.471084] Switching to clocksource hpet
May 18 07:47:50 (none) kern.info kernel: [    0.471684] pnp: PnP ACPI init
May 18 07:47:50 (none) kern.info kernel: [    0.471793] ACPI: bus type PNP registered
May 18 07:47:50 (none) kern.info kernel: [    0.472126] system 00:00: [mem 0xfed13000-0xfed19fff] has been reserved
May 18 07:47:50 (none) kern.debug kernel: [    0.472192] system 00:00: Plug and Play ACPI device, IDs PNP0c01 (active)
May 18 07:47:50 (none) kern.debug kernel: [    0.472333] pnp 00:01: [dma 4]
May 18 07:47:50 (none) kern.debug kernel: [    0.472511] pnp 00:01: Plug and Play ACPI device, IDs PNP0200 (active)
May 18 07:47:50 (none) kern.debug kernel: [    0.472798] pnp 00:02: Plug and Play ACPI device, IDs PNP0b00 (active)
May 18 07:47:50 (none) kern.debug kernel: [    0.473208] pnp 00:03: Plug and Play ACPI device, IDs PNP0303 PNP030b (active)
May 18 07:47:50 (none) kern.debug kernel: [    0.473566] pnp 00:04: Plug and Play ACPI device, IDs SYN0a13 SYN0a00 SYN0002 PNP0f13 (active)
May 18 07:47:50 (none) kern.debug kernel: [    0.473791] pnp 00:05: Plug and Play ACPI device, IDs PNP0800 (active)
May 18 07:47:50 (none) kern.debug kernel: [    0.474073] pnp 00:06: Plug and Play ACPI device, IDs PNP0c04 (active)
May 18 07:47:50 (none) kern.info kernel: [    0.474900] system 00:07: [io  0x025c-0x025f] has been reserved
May 18 07:47:50 (none) kern.info kernel: [    0.474914] system 00:07: [io  0x0380-0x0383] has been reserved
May 18 07:47:50 (none) kern.info kernel: [    0.474925] system 00:07: [io  0x0400-0x041f] has been reserved
May 18 07:47:50 (none) kern.info kernel: [    0.474936] system 00:07: [io  0x04d0-0x04d1] has been reserved
May 18 07:47:50 (none) kern.info kernel: [    0.474947] system 00:07: [io  0x0800-0x087f] has been reserved
May 18 07:47:50 (none) kern.info kernel: [    0.474959] system 00:07: [io  0x0480-0x04bf] has been reserved
May 18 07:47:50 (none) kern.info kernel: [    0.474971] system 00:07: [mem 0x8c000000-0x8c01ffff] has been reserved
May 18 07:47:50 (none) kern.info kernel: [    0.474983] system 00:07: [mem 0xfed1c000-0xfed1ffff] has been reserved
May 18 07:47:50 (none) kern.info kernel: [    0.474995] system 00:07: [mem 0xfed20000-0xfed3ffff] has been reserved
May 18 07:47:50 (none) kern.info kernel: [    0.475039] system 00:07: [mem 0xfed50000-0xfed8ffff] has been reserved
May 18 07:47:50 (none) kern.info kernel: [    0.475051] system 00:07: [mem 0xffb00000-0xffbfffff] has been reserved
May 18 07:47:50 (none) kern.info kernel: [    0.475064] system 00:07: [mem 0xfff00000-0xffffffff] could not be reserved
May 18 07:47:50 (none) kern.debug kernel: [    0.475088] system 00:07: Plug and Play ACPI device, IDs PNP0c02 (active)
May 18 07:47:50 (none) kern.debug kernel: [    0.475549] pnp 00:08: Plug and Play ACPI device, IDs PNP0103 (active)
May 18 07:47:50 (none) kern.info kernel: [    0.476063] system 00:09: [mem 0xfec00000-0xfec00fff] could not be reserved
May 18 07:47:50 (none) kern.info kernel: [    0.476076] system 00:09: [mem 0xfee00000-0xfee00fff] has been reserved
May 18 07:47:50 (none) kern.debug kernel: [    0.476099] system 00:09: Plug and Play ACPI device, IDs PNP0c02 (active)
May 18 07:47:50 (none) kern.info kernel: [    0.476523] system 00:0a: [mem 0xe0000000-0xe3ffffff] has been reserved
May 18 07:47:50 (none) kern.debug kernel: [    0.476547] system 00:0a: Plug and Play ACPI device, IDs PNP0c02 (active)
May 18 07:47:50 (none) kern.info kernel: [    0.478557] system 00:0b: [mem 0x00000000-0x0009ffff] could not be reserved
May 18 07:47:50 (none) kern.info kernel: [    0.478572] system 00:0b: [mem 0x000c0000-0x000cffff] could not be reserved
May 18 07:47:50 (none) kern.info kernel: [    0.478583] system 00:0b: [mem 0x000e0000-0x000fffff] could not be reserved
May 18 07:47:50 (none) kern.info kernel: [    0.478595] system 00:0b: [mem 0x00100000-0x3f7fffff] could not be reserved
May 18 07:47:50 (none) kern.debug kernel: [    0.478618] system 00:0b: Plug and Play ACPI device, IDs PNP0c01 (active)
May 18 07:47:50 (none) kern.info kernel: [    0.479738] pnp: PnP ACPI: found 12 devices
May 18 07:47:50 (none) kern.info kernel: [    0.479746] ACPI: bus type PNP unregistered
May 18 07:47:50 (none) kern.info kernel: [    0.479756] PnPBIOS: Disabled by ACPI PNP
May 18 07:47:50 (none) kern.debug kernel: [    0.533728] pci 0000:00:1c.0: bridge window [io  0x1000-0x0fff] to [bus 04] add_size 1000
May 18 07:47:50 (none) kern.debug kernel: [    0.533744] pci 0000:00:1c.0: bridge window [mem 0x00100000-0x000fffff 64bit pref] to [bus 04] add_size 200000
May 18 07:47:50 (none) kern.debug kernel: [    0.533755] pci 0000:00:1c.0: bridge window [mem 0x00100000-0x000fffff] to [bus 04] add_size 200000
May 18 07:47:50 (none) kern.debug kernel: [    0.533791] pci 0000:00:1c.1: bridge window [io  0x1000-0x0fff] to [bus 02-03] add_size 1000
May 18 07:47:50 (none) kern.debug kernel: [    0.533828] pci 0000:00:1c.3: bridge window [mem 0x00100000-0x000fffff 64bit pref] to [bus 01] add_size 200000
May 18 07:47:50 (none) kern.debug kernel: [    0.533878] pci 0000:00:1c.0: res[14]=[mem 0x00100000-0x000fffff] get_res_add_size add_size 200000
May 18 07:47:50 (none) kern.debug kernel: [    0.533888] pci 0000:00:1c.0: res[15]=[mem 0x00100000-0x000fffff 64bit pref] get_res_add_size add_size 200000
May 18 07:47:50 (none) kern.debug kernel: [    0.533897] pci 0000:00:1c.3: res[15]=[mem 0x00100000-0x000fffff 64bit pref] get_res_add_size add_size 200000
May 18 07:47:50 (none) kern.debug kernel: [    0.533905] pci 0000:00:1c.0: res[13]=[io  0x1000-0x0fff] get_res_add_size add_size 1000
May 18 07:47:50 (none) kern.debug kernel: [    0.533914] pci 0000:00:1c.1: res[13]=[io  0x1000-0x0fff] get_res_add_size add_size 1000
May 18 07:47:50 (none) kern.info kernel: [    0.533936] pci 0000:00:1c.0: BAR 14: assigned [mem 0x3f800000-0x3f9fffff]
May 18 07:47:50 (none) kern.info kernel: [    0.533951] pci 0000:00:1c.0: BAR 15: assigned [mem 0x3fa00000-0x3fbfffff 64bit pref]
May 18 07:47:50 (none) kern.info kernel: [    0.533966] pci 0000:00:1c.3: BAR 15: assigned [mem 0x3fc00000-0x3fdfffff 64bit pref]
May 18 07:47:50 (none) kern.info kernel: [    0.533981] pci 0000:00:1c.0: BAR 13: assigned [io  0x1000-0x1fff]
May 18 07:47:50 (none) kern.info kernel: [    0.533995] pci 0000:00:1c.1: BAR 13: assigned [io  0x2000-0x2fff]
May 18 07:47:50 (none) kern.info kernel: [    0.534046] pci 0000:00:1c.0: PCI bridge to [bus 04]
May 18 07:47:50 (none) kern.info kernel: [    0.534065] pci 0000:00:1c.0:   bridge window [io  0x1000-0x1fff]
May 18 07:47:50 (none) kern.info kernel: [    0.534086] pci 0000:00:1c.0:   bridge window [mem 0x3f800000-0x3f9fffff]
May 18 07:47:50 (none) kern.info kernel: [    0.534103] pci 0000:00:1c.0:   bridge window [mem 0x3fa00000-0x3fbfffff 64bit pref]
May 18 07:47:50 (none) kern.info kernel: [    0.534127] pci 0000:00:1c.1: PCI bridge to [bus 02-03]
May 18 07:47:50 (none) kern.info kernel: [    0.534139] pci 0000:00:1c.1:   bridge window [io  0x2000-0x2fff]
May 18 07:47:50 (none) kern.info kernel: [    0.534158] pci 0000:00:1c.1:   bridge window [mem 0xf8000000-0xfbffffff]
May 18 07:47:50 (none) kern.info kernel: [    0.534174] pci 0000:00:1c.1:   bridge window [mem 0xf0000000-0xf6ffffff 64bit pref]
May 18 07:47:50 (none) kern.info kernel: [    0.534198] pci 0000:00:1c.3: PCI bridge to [bus 01]
May 18 07:47:50 (none) kern.info kernel: [    0.534209] pci 0000:00:1c.3:   bridge window [io  0xe000-0xefff]
May 18 07:47:50 (none) kern.info kernel: [    0.534229] pci 0000:00:1c.3:   bridge window [mem 0xf7f00000-0xf7ffffff]
May 18 07:47:50 (none) kern.info kernel: [    0.534245] pci 0000:00:1c.3:   bridge window [mem 0x3fc00000-0x3fdfffff 64bit pref]
May 18 07:47:50 (none) kern.info kernel: [    0.534269] pci 0000:00:1e.0: PCI bridge to [bus 05]
May 18 07:47:50 (none) kern.info kernel: [    0.534323] pci 0000:00:1c.0: enabling device (0104 -> 0107)
May 18 07:47:50 (none) kern.info kernel: [    0.534581] pci 0000:00:1c.1: enabling device (0106 -> 0107)
May 18 07:47:50 (none) kern.debug kernel: [    0.534948] pci 0000:00:1e.0: setting latency timer to 64
May 18 07:47:50 (none) kern.debug kernel: [    0.534963] pci_bus 0000:00: resource 4 [io  0x0000-0x0cf7]
May 18 07:47:50 (none) kern.debug kernel: [    0.534972] pci_bus 0000:00: resource 5 [io  0x0d00-0xffff]
May 18 07:47:50 (none) kern.debug kernel: [    0.534980] pci_bus 0000:00: resource 6 [mem 0x000a0000-0x000bffff]
May 18 07:47:50 (none) kern.debug kernel: [    0.534987] pci_bus 0000:00: resource 7 [mem 0x000d0000-0x000dffff]
May 18 07:47:50 (none) kern.debug kernel: [    0.534995] pci_bus 0000:00: resource 8 [mem 0x3f800000-0xffffffff]
May 18 07:47:50 (none) kern.debug kernel: [    0.535036] pci_bus 0000:04: resource 0 [io  0x1000-0x1fff]
May 18 07:47:50 (none) kern.debug kernel: [    0.535048] pci_bus 0000:04: resource 1 [mem 0x3f800000-0x3f9fffff]
May 18 07:47:50 (none) kern.debug kernel: [    0.535058] pci_bus 0000:04: resource 2 [mem 0x3fa00000-0x3fbfffff 64bit pref]
May 18 07:47:50 (none) kern.debug kernel: [    0.535067] pci_bus 0000:02: resource 0 [io  0x2000-0x2fff]
May 18 07:47:50 (none) kern.debug kernel: [    0.535074] pci_bus 0000:02: resource 1 [mem 0xf8000000-0xfbffffff]
May 18 07:47:50 (none) kern.debug kernel: [    0.535083] pci_bus 0000:02: resource 2 [mem 0xf0000000-0xf6ffffff 64bit pref]
May 18 07:47:50 (none) kern.debug kernel: [    0.535091] pci_bus 0000:01: resource 0 [io  0xe000-0xefff]
May 18 07:47:50 (none) kern.debug kernel: [    0.535099] pci_bus 0000:01: resource 1 [mem 0xf7f00000-0xf7ffffff]
May 18 07:47:50 (none) kern.debug kernel: [    0.535107] pci_bus 0000:01: resource 2 [mem 0x3fc00000-0x3fdfffff 64bit pref]
May 18 07:47:50 (none) kern.debug kernel: [    0.535116] pci_bus 0000:05: resource 4 [io  0x0000-0x0cf7]
May 18 07:47:50 (none) kern.debug kernel: [    0.535123] pci_bus 0000:05: resource 5 [io  0x0d00-0xffff]
May 18 07:47:50 (none) kern.debug kernel: [    0.535131] pci_bus 0000:05: resource 6 [mem 0x000a0000-0x000bffff]
May 18 07:47:50 (none) kern.debug kernel: [    0.535139] pci_bus 0000:05: resource 7 [mem 0x000d0000-0x000dffff]
May 18 07:47:50 (none) kern.debug kernel: [    0.535147] pci_bus 0000:05: resource 8 [mem 0x3f800000-0xffffffff]
May 18 07:47:50 (none) kern.info kernel: [    0.535452] NET: Registered protocol family 2
May 18 07:47:50 (none) kern.info kernel: [    0.536546] TCP established hash table entries: 8192 (order: 4, 65536 bytes)
May 18 07:47:50 (none) kern.info kernel: [    0.536677] TCP bind hash table entries: 8192 (order: 6, 360448 bytes)
May 18 07:47:50 (none) kern.info kernel: [    0.537578] TCP: Hash tables configured (established 8192 bind 8192)
May 18 07:47:50 (none) kern.info kernel: [    0.537805] TCP: reno registered
May 18 07:47:50 (none) kern.info kernel: [    0.537830] UDP hash table entries: 512 (order: 3, 49152 bytes)
May 18 07:47:50 (none) kern.info kernel: [    0.537951] UDP-Lite hash table entries: 512 (order: 3, 49152 bytes)
May 18 07:47:50 (none) kern.info kernel: [    0.539339] RPC: Registered named UNIX socket transport module.
May 18 07:47:50 (none) kern.info kernel: [    0.539350] RPC: Registered udp transport module.
May 18 07:47:50 (none) kern.info kernel: [    0.539356] RPC: Registered tcp transport module.
May 18 07:47:50 (none) kern.info kernel: [    0.539362] RPC: Registered tcp NFSv4.1 backchannel transport module.
May 18 07:47:50 (none) kern.debug kernel: [    0.539399] pci 0000:00:02.0: Boot video device
May 18 07:47:50 (none) kern.debug kernel: [    0.541302] PCI: CLS 32 bytes, default 64
May 18 07:47:50 (none) kern.info kernel: [    0.541732] sta2x11_mfd_init
May 18 07:47:50 (none) kern.info kernel: [    0.542766] Machine check injector initialized
May 18 07:47:50 (none) kern.info kernel: [    0.544254] audit: initializing netlink socket (disabled)
May 18 07:47:50 (none) kern.notice kernel: [    0.544380] type=2000 audit(1368863248.543:1): initialized
May 18 07:47:50 (none) kern.warn kernel: [    0.546089] bounce pool size: 64 pages
May 18 07:47:50 (none) kern.info kernel: [    0.546357] HugeTLB registered 2 MB page size, pre-allocated 0 pages
May 18 07:47:50 (none) kern.notice kernel: [    0.547966] VFS: Disk quotas dquot_6.5.2
May 18 07:47:50 (none) kern.warn kernel: [    0.548121] Dquot-cache hash table entries: 1024 (order 0, 4096 bytes)
May 18 07:47:50 (none) kern.warn kernel: [    0.549891] DLM installed
May 18 07:47:50 (none) kern.info kernel: [    0.550941] squashfs: version 4.0 (2009/01/31) Phillip Lougher
May 18 07:47:50 (none) kern.notice kernel: [    0.553562] NFS: Registering the id_resolver key type
May 18 07:47:50 (none) kern.notice kernel: [    0.553746] Key type id_resolver registered
May 18 07:47:50 (none) kern.notice kernel: [    0.553756] Key type id_legacy registered
May 18 07:47:50 (none) kern.info kernel: [    0.553777] Installing knfsd (copyright (C) 1996 okir@monad.swb.de).
May 18 07:47:50 (none) kern.info kernel: [    0.554383] NTFS driver 2.1.30 [Flags: R/W DEBUG].
May 18 07:47:50 (none) kern.warn kernel: [    0.554568] EFS: 1.0a - http://aeschi.ch.eu.org/efs/
May 18 07:47:50 (none) kern.info kernel: [    0.554714] jffs2: version 2.2. (NAND) (SUMMARY)   2001-2006 Red Hat, Inc.
May 18 07:47:50 (none) kern.info kernel: [    0.555350] ROMFS MTD (C) 2007 Red Hat, Inc.
May 18 07:47:50 (none) kern.info kernel: [    0.555418] QNX4 filesystem 0.2.3 registered.
May 18 07:47:50 (none) kern.info kernel: [    0.555453] QNX6 filesystem 1.0.0 registered.
May 18 07:47:50 (none) kern.info kernel: [    0.555806] fuse init (API version 7.21)
May 18 07:47:50 (none) kern.info kernel: [    0.556528] JFS: nTxBlock = 7780, nTxLock = 62240
May 18 07:47:50 (none) kern.info kernel: [    0.564854] SGI XFS with ACLs, security attributes, realtime, large block/inode numbers, no debug enabled
May 18 07:47:50 (none) kern.info kernel: [    0.566210] NILFS version 2 loaded
May 18 07:47:50 (none) kern.info kernel: [    0.566218] BeFS version: 0.9.3
May 18 07:47:50 (none) kern.info kernel: [    0.566268] OCFS2 1.5.0
May 18 07:47:50 (none) kern.info kernel: [    0.566746] ocfs2: Registered cluster interface o2cb
May 18 07:47:50 (none) kern.info kernel: [    0.567053] ocfs2: Registered cluster interface user
May 18 07:47:50 (none) kern.info kernel: [    0.567061] OCFS2 DLMFS 1.5.0
May 18 07:47:50 (none) kern.warn kernel: [    0.567321] OCFS2 User DLM kernel interface loaded
May 18 07:47:50 (none) kern.info kernel: [    0.567447] OCFS2 Node Manager 1.5.0
May 18 07:47:50 (none) kern.info kernel: [    0.568204] OCFS2 DLM 1.5.0
May 18 07:47:50 (none) kern.info kernel: [    0.569240] Btrfs loaded
May 18 07:47:50 (none) kern.warn kernel: [    0.570230] GFS2 installed
May 18 07:47:50 (none) kern.info kernel: [    0.570456] msgmni has been set to 1685
May 18 07:47:50 (none) kern.info kernel: [    0.574097] alg: No test for stdrng (krng)
May 18 07:47:50 (none) kern.info kernel: [    0.574222] async_tx: api initialized (async)
May 18 07:47:50 (none) kern.info kernel: [    0.574353] Block layer SCSI generic (bsg) driver version 0.4 loaded (major 252)
May 18 07:47:50 (none) kern.info kernel: [    0.574388] io scheduler noop registered
May 18 07:47:50 (none) kern.info kernel: [    0.574471] io scheduler cfq registered (default)
May 18 07:47:50 (none) kern.debug kernel: [    0.575600] pcieport 0000:00:1c.0: irq 40 for MSI/MSI-X
May 18 07:47:50 (none) kern.debug kernel: [    0.576184] pcieport 0000:00:1c.1: irq 41 for MSI/MSI-X
May 18 07:47:50 (none) kern.debug kernel: [    0.576691] pcieport 0000:00:1c.3: irq 42 for MSI/MSI-X
May 18 07:47:50 (none) kern.debug kernel: [    0.578921] vga16fb: initializing
May 18 07:47:50 (none) kern.info kernel: [    0.578933] vga16fb: mapped to 0xc00a0000
May 18 07:47:50 (none) kern.info kernel: [    0.709485] Console: switching to colour frame buffer device 80x30
May 18 07:47:50 (none) kern.info kernel: [    0.925779] fb0: VGA16 VGA frame buffer device
May 18 07:47:50 (none) kern.debug kernel: [    0.925810] intel_idle: MWAIT substates: 0x20220
May 18 07:47:50 (none) kern.debug kernel: [    0.925839] intel_idle: v0.4 model 0x1C
May 18 07:47:50 (none) kern.debug kernel: [    0.925845] intel_idle: lapic_timer_reliable_states 0x2
May 18 07:47:50 (none) kern.info kernel: [    0.925851] tsc: Marking TSC unstable due to TSC halts in idle states deeper than C2
May 18 07:47:50 (none) kern.info kernel: [    0.926205] GHES: HEST is not enabled!
May 18 07:47:50 (none) kern.info kernel: [    0.926297] isapnp: Scanning for PnP cards...
May 18 07:47:50 (none) kern.info kernel: [    1.283264] isapnp: No Plug & Play device found
May 18 07:47:50 (none) kern.info kernel: [    1.283688] Serial: 8250/16550 driver, 12 ports, IRQ sharing enabled
May 18 07:47:50 (none) kern.info kernel: [    1.289779] Linux agpgart interface v0.103
May 18 07:47:50 (none) kern.info kernel: [    1.291141] agpgart-intel 0000:00:00.0: Intel 945GME Chipset
May 18 07:47:50 (none) kern.info kernel: [    1.291425] agpgart-intel 0000:00:00.0: detected gtt size: 262144K total, 262144K mappable
May 18 07:47:50 (none) kern.info kernel: [    1.291643] agpgart-intel 0000:00:00.0: detected 8192K stolen memory
May 18 07:47:50 (none) kern.info kernel: [    1.292170] agpgart-intel 0000:00:00.0: AGP aperture is 256M @ 0xd0000000
May 18 07:47:50 (none) kern.info kernel: [    1.308587] brd: module loaded
May 18 07:47:50 (none) kern.info kernel: [    1.320443] loop: module loaded
May 18 07:47:50 (none) kern.info kernel: [    1.320886] events: mcg drbd: 2
May 18 07:47:50 (none) kern.info kernel: [    1.336853] drbd: initialized. Version: 8.4.2 (api:1/proto:86-101)
May 18 07:47:50 (none) kern.info kernel: [    1.336865] drbd: built-in
May 18 07:47:50 (none) kern.info kernel: [    1.336874] drbd: registered as block device major 147
May 18 07:47:50 (none) kern.info kernel: [    1.336882] mtip32xx Version 1.2.6os3
May 18 07:47:50 (none) kern.warn kernel: [    1.337484] i2c-core: driver [fsa9480] using legacy suspend method
May 18 07:47:50 (none) kern.warn kernel: [    1.351408] i2c-core: driver [fsa9480] using legacy resume method
May 18 07:47:50 (none) kern.info kernel: [    1.365605] Uniform Multi-Platform E-IDE driver
May 18 07:47:50 (none) kern.info kernel: [    1.369310] ide_generic: please use "probe_mask=0x3f" module parameter for probing all legacy ISA IDE ports
May 18 07:47:50 (none) kern.debug kernel: [    1.369403] Probing IDE interface ide0...
May 18 07:47:50 (none) kern.info kernel: [    1.882428] ide0 at 0x1f0-0x1f7,0x3f6 on irq 14
May 18 07:47:50 (none) kern.debug kernel: [    1.882540] Probing IDE interface ide1...
May 18 07:47:50 (none) kern.info kernel: [    2.395335] ide1 at 0x170-0x177,0x376 on irq 15
May 18 07:47:50 (none) kern.info kernel: [    2.395498] ide-gd driver 1.18
May 18 07:47:50 (none) kern.info kernel: [    2.395545] ide-cd driver 5.00
May 18 07:47:50 (none) kern.info kernel: [    2.396439] Loading iSCSI transport class v2.0-870.
May 18 07:47:50 (none) kern.info kernel: [    2.397099] rdac: device handler registered
May 18 07:47:50 (none) kern.info kernel: [    2.397273] hp_sw: device handler registered
May 18 07:47:50 (none) kern.info kernel: [    2.397287] emc: device handler registered
May 18 07:47:50 (none) kern.info kernel: [    2.397301] alua: device handler registered
May 18 07:47:50 (none) kern.info kernel: [    2.398306] fnic: Cisco FCoE HBA Driver, ver 1.5.0.2
May 18 07:47:50 (none) kern.info kernel: [    2.398523] fnic: Successfully Initialized Trace Buffer
May 18 07:47:50 (none) kern.info kernel: [    2.398961] bnx2fc: Broadcom NetXtreme II FCoE Driver bnx2fc v1.0.13 (Dec 21, 2012)
May 18 07:47:50 (none) kern.notice kernel: [    2.399853] iscsi: registered transport (tcp)
May 18 07:47:50 (none) kern.warn kernel: [    2.403800] Loading Adaptec I2O RAID: Version 2.4 Build 5go
May 18 07:47:50 (none) kern.info kernel: [    2.417419] Detecting Adaptec I2O RAID controllers...
May 18 07:47:50 (none) kern.info kernel: [    2.418863] Adaptec aacraid driver 1.2-0[30000]-ms
May 18 07:47:50 (none) kern.notice kernel: [    2.420161] aic94xx: Adaptec aic94xx SAS/SATA driver version 1.0.3 loaded
May 18 07:47:50 (none) kern.info kernel: [    2.420547] isci: Intel(R) C600 SAS Controller Driver - version 1.1.0
May 18 07:47:50 (none) kern.warn kernel: [    2.421039] scsi: <fdomain> Detection failed (no card)
May 18 07:47:50 (none) kern.warn kernel: [    2.434488] NCR53c406a: no available ports found
May 18 07:47:50 (none) kern.info kernel: [    2.447435] sym53c416.c: Version 1.0.0-ac
May 18 07:47:50 (none) kern.info kernel: [    2.447475] qlogicfas: no cards were found, please specify I/O address and IRQ using iobase= and irq= options
May 18 07:47:50 (none) kern.warn kernel: [    2.447695] qla2xxx [0000:00:00.0]-0005: : QLogic Fibre Channel HBA Driver: 8.04.00.13-k.
May 18 07:47:50 (none) kern.notice kernel: [    2.473728] iscsi: registered transport (qla4xxx)
May 18 07:47:50 (none) kern.info kernel: [    2.473855] QLogic iSCSI HBA Driver
May 18 07:47:50 (none) kern.warn kernel: [    2.473861] Emulex LightPulse Fibre Channel SCSI driver 8.3.37
May 18 07:47:50 (none) kern.warn kernel: [    2.487108] Copyright(c) 2004-2009 Emulex.  All rights reserved.
May 18 07:47:50 (none) kern.info kernel: [    2.500445] Brocade BFA FC/FCOE SCSI driver - version: 3.1.2.1
May 18 07:47:50 (none) kern.warn kernel: [    2.523085] Failed initialization of WD-7000 SCSI card!
May 18 07:47:50 (none) kern.info kernel: [    2.937291] DC390: clustering now enabled by default. If you get problems load
May 18 07:47:50 (none) kern.info kernel: [    2.937298]        with "disable_clustering=1" and report to maintainers
May 18 07:47:50 (none) kern.info kernel: [    2.937603] megaraid cmm: 2.20.2.7 (Release Date: Sun Jul 16 00:01:03 EST 2006)
May 18 07:47:50 (none) kern.info kernel: [    2.937912] megaraid: 2.20.5.1 (Release Date: Thu Nov 16 15:32:35 EST 2006)
May 18 07:47:50 (none) kern.info kernel: [    2.938112] megasas: 06.506.00.00-rc1 Sat. Feb. 9 17:00:00 PDT 2013
May 18 07:47:50 (none) kern.info kernel: [    2.938290] mpt2sas version 14.100.00.00 loaded
May 18 07:47:50 (none) kern.warn kernel: [    2.938830] GDT-HA: Storage RAID Controller Driver. Version: 3.05
May 18 07:47:50 (none) kern.warn kernel: [    2.951222] 3ware Storage Controller device driver for Linux v1.26.02.003.
May 18 07:47:50 (none) kern.warn kernel: [    2.963442] 3ware 9000 Storage Controller device driver for Linux v2.26.02.014.
May 18 07:47:50 (none) kern.info kernel: [    2.987073] LSI 3ware SAS/SATA-RAID Controller device driver for Linux v3.26.02.000.
May 18 07:47:50 (none) kern.info kernel: [    2.987202] ppa: Version 2.07 (for Linux 2.4.x)
May 18 07:47:50 (none) kern.warn kernel: [    2.987875] imm: Version 2.05 (for Linux 2.4.0)
May 18 07:47:50 (none) kern.info kernel: [    3.000068] nsp32: loading...
May 18 07:47:50 (none) kern.info kernel: [    3.000291] ipr: IBM Power RAID SCSI Device Driver version: 2.6.0 (November 16, 2012)
May 18 07:47:50 (none) kern.info kernel: [    3.000437] RocketRAID 3xxx/4xxx Controller driver v1.8
May 18 07:47:50 (none) kern.info kernel: [    3.000552] stex: Promise SuperTrak EX Driver version: 4.6.0000.4
May 18 07:47:50 (none) kern.info kernel: [    3.000992] libcxgbi:libcxgbi_init_module: tag itt 0x1fff, 13 bits, age 0xf, 4 bits.
May 18 07:47:50 (none) kern.info kernel: [    3.001000] libcxgbi:ddp_setup_host_page_size: system PAGE 4096, ddp idx 0.
May 18 07:47:50 (none) kern.info kernel: [    3.001066] Chelsio T3 iSCSI Driver cxgb3i v2.0.0 (Jun. 2010)
May 18 07:47:50 (none) kern.notice kernel: [    3.001211] iscsi: registered transport (cxgb3i)
May 18 07:47:50 (none) kern.info kernel: [    3.001290] Chelsio T4 iSCSI Driver cxgb4i v0.9.1 (Aug. 2010)
May 18 07:47:50 (none) kern.notice kernel: [    3.001427] iscsi: registered transport (cxgb4i)
May 18 07:47:50 (none) kern.info kernel: [    3.001463] Broadcom NetXtreme II iSCSI Driver bnx2i v2.7.2.2 (Apr 25, 2012)
May 18 07:47:50 (none) kern.notice kernel: [    3.001599] iscsi: registered transport (bnx2i)
May 18 07:47:50 (none) kern.notice kernel: [    3.002088] iscsi: registered transport (be2iscsi)
May 18 07:47:50 (none) kern.info kernel: [    3.002099] In beiscsi_module_init, tt=c25223c0
May 18 07:47:50 (none) kern.info kernel: [    3.002430] VMware PVSCSI driver - version 1.0.2.0-k
May 18 07:47:50 (none) kern.info kernel: [    3.002559] hv_vmbus: registering driver hv_storvsc
May 18 07:47:50 (none) kern.info kernel: [    3.002567] st: Version 20101219, fixed bufsize 32768, s/g segs 256
May 18 07:47:50 (none) kern.info kernel: [    3.002668] osst :I: Tape driver with OnStream support version 0.99.4
May 18 07:47:50 (none) kern.info kernel: [    3.002668] osst :I: $Id: osst.c,v 1.73 2005/01/01 21:13:34 wriede Exp $
May 18 07:47:50 (none) kern.info kernel: [    3.003179] SCSI Media Changer driver v0.25 
May 18 07:47:50 (none) kern.notice kernel: [    3.003363] osd: LOADED open-osd 0.2.1
May 18 07:47:50 (none) kern.debug kernel: [    3.003486] ahci 0000:00:1f.2: version 3.0
May 18 07:47:50 (none) kern.debug kernel: [    3.003933] ahci 0000:00:1f.2: irq 43 for MSI/MSI-X
May 18 07:47:50 (none) kern.info kernel: [    3.004302] ahci 0000:00:1f.2: AHCI 0001.0100 32 slots 4 ports 1.5 Gbps 0x1 impl SATA mode
May 18 07:47:50 (none) kern.info kernel: [    3.004315] ahci 0000:00:1f.2: flags: 64bit ncq pm led clo pio slum part 
May 18 07:47:50 (none) kern.debug kernel: [    3.004332] ahci 0000:00:1f.2: setting latency timer to 64
May 18 07:47:50 (none) kern.info kernel: [    3.008200] scsi2 : ahci
May 18 07:47:50 (none) kern.info kernel: [    3.009062] scsi3 : ahci
May 18 07:47:50 (none) kern.info kernel: [    3.009601] scsi4 : ahci
May 18 07:47:50 (none) kern.info kernel: [    3.010165] scsi5 : ahci
May 18 07:47:50 (none) kern.info kernel: [    3.010891] ata1: SATA max UDMA/133 abar m1024@0xf7db7800 port 0xf7db7900 irq 43
May 18 07:47:50 (none) kern.info kernel: [    3.010899] ata2: DUMMY
May 18 07:47:50 (none) kern.info kernel: [    3.010905] ata3: DUMMY
May 18 07:47:50 (none) kern.info kernel: [    3.010910] ata4: DUMMY
May 18 07:47:50 (none) kern.info kernel: [    3.021693] SSFDC read-only Flash Translation layer
May 18 07:47:50 (none) kern.err kernel: [    3.021887] mtdoops: mtd device (mtddev=name/number) must be supplied
May 18 07:47:50 (none) kern.notice kernel: [    3.033845] L440GX flash mapping: failed to find PIIX4 ISA bridge, cannot continue
May 18 07:47:50 (none) kern.debug kernel: [    3.033920] device id = 2440
May 18 07:47:50 (none) kern.debug kernel: [    3.033948] device id = 2480
May 18 07:47:50 (none) kern.debug kernel: [    3.033976] device id = 24c0
May 18 07:47:50 (none) kern.debug kernel: [    3.034027] device id = 24d0
May 18 07:47:50 (none) kern.debug kernel: [    3.034067] device id = 25a1
May 18 07:47:50 (none) kern.debug kernel: [    3.034098] device id = 2670
May 18 07:47:50 (none) kern.err kernel: [    3.034544] physmap-flash.0: failed to claim resource 0
May 18 07:47:50 (none) kern.err kernel: [    3.046306] Failed to ioremap_nocache
May 18 07:47:50 (none) kern.warn kernel: [    3.059429] SNAPGEAR: failed to ioremap() BOOTCS
May 18 07:47:50 (none) kern.warn kernel: [    3.071027] Generic platform RAM MTD, (c) 2004 Simtec Electronics
May 18 07:47:50 (none) kern.info kernel: [    3.083282] No recognised DiskOnChip devices found
May 18 07:47:50 (none) kern.notice kernel: [    3.083290] slram: not enough parameters.
May 18 07:47:50 (none) kern.info kernel: [    3.083296] Ramix PMC551 PCI Mezzanine Ram Driver. (C) 1999,2000 Nortel Networks.
May 18 07:47:50 (none) kern.notice kernel: [    3.083325] pmc551: not detected
May 18 07:47:50 (none) kern.notice kernel: [    3.085608] ftl_cs: FTL header not found.
May 18 07:47:50 (none) kern.info kernel: [    3.122952] No valid DiskOnChip devices found
May 18 07:47:50 (none) kern.warn kernel: [    3.123188] [nandsim] warning: read_byte: unexpected data output cycle, state is STATE_READY return 0x0
May 18 07:47:50 (none) kern.warn kernel: [    3.145507] [nandsim] warning: read_byte: unexpected data output cycle, state is STATE_READY return 0x0
May 18 07:47:50 (none) kern.warn kernel: [    3.168979] [nandsim] warning: read_byte: unexpected data output cycle, state is STATE_READY return 0x0
May 18 07:47:50 (none) kern.warn kernel: [    3.193121] [nandsim] warning: read_byte: unexpected data output cycle, state is STATE_READY return 0x0
May 18 07:47:50 (none) kern.warn kernel: [    3.218297] [nandsim] warning: read_byte: unexpected data output cycle, state is STATE_READY return 0x0
May 18 07:47:50 (none) kern.warn kernel: [    3.244264] [nandsim] warning: read_byte: unexpected data output cycle, state is STATE_READY return 0x0
May 18 07:47:50 (none) kern.info kernel: [    3.269992] NAND device: Manufacturer ID: 0x98, Chip ID: 0x39 (Toshiba NAND 8MiB 1,8V 8-bit), 8MiB, page size: 512, OOB size: 16
May 18 07:47:50 (none) kern.warn kernel: [    3.270133] flash size: 8 MiB
May 18 07:47:50 (none) kern.warn kernel: [    3.270135] page size: 512 bytes
May 18 07:47:50 (none) kern.warn kernel: [    3.270137] OOB area size: 16 bytes
May 18 07:47:50 (none) kern.warn kernel: [    3.270139] sector size: 8 KiB
May 18 07:47:50 (none) kern.warn kernel: [    3.270141] pages number: 16384
May 18 07:47:50 (none) kern.warn kernel: [    3.270143] pages per sector: 16
May 18 07:47:50 (none) kern.warn kernel: [    3.270147] bus width: 8
May 18 07:47:50 (none) kern.warn kernel: [    3.270154] bits in sector size: 13
May 18 07:47:50 (none) kern.warn kernel: [    3.270156] bits in page size: 9
May 18 07:47:50 (none) kern.warn kernel: [    3.270158] bits in OOB size: 4
May 18 07:47:50 (none) kern.warn kernel: [    3.270160] flash size with OOB: 8448 KiB
May 18 07:47:50 (none) kern.warn kernel: [    3.270162] page address bytes: 3
May 18 07:47:50 (none) kern.warn kernel: [    3.270163] sector address bytes: 2
May 18 07:47:50 (none) kern.warn kernel: [    3.270166] options: 0x42
May 18 07:47:50 (none) kern.info kernel: [    3.283112] Scanning device for bad blocks
May 18 07:47:50 (none) kern.notice kernel: [    3.310134] Creating 1 MTD partitions on "NAND 8MiB 1,8V 8-bit":
May 18 07:47:50 (none) kern.notice kernel: [    3.310143] 0x000000000000-0x000000800000 : "NAND simulator partition 0"
May 18 07:47:50 (none) kern.notice kernel: [    3.313033] ftl_cs: FTL header not found.
May 18 07:47:50 (none) kern.info kernel: [    3.314290] usbcore: registered new interface driver alauda
May 18 07:47:50 (none) kern.info kernel: [    3.351530] ata1: SATA link up 1.5 Gbps (SStatus 113 SControl 300)
May 18 07:47:50 (none) kern.info kernel: [    3.360154] ata1.00: ACPI cmd f5/00:00:00:00:00:a0 (unknown) filtered out
May 18 07:47:50 (none) kern.err kernel: [    3.371035] onenand_wait: timeout! ctrl=0x0000 intr=0x0000
May 18 07:47:50 (none) kern.debug kernel: [    3.371039] OneNAND Manufacturer: Samsung (0xec)
May 18 07:47:50 (none) kern.info kernel: [    3.371044] OneNAND 16MB 1.8V 16-bit (0x04)
May 18 07:47:50 (none) kern.info kernel: [    3.371046] OneNAND version = 0x001e
May 18 07:47:50 (none) kern.debug kernel: [    3.371048] Lock scheme is Continuous Lock
May 18 07:47:50 (none) kern.info kernel: [    3.371067] Scanning device for bad blocks
May 18 07:47:50 (none) kern.notice kernel: [    3.374525] Creating 1 MTD partitions on "OneNAND simulator":
May 18 07:47:50 (none) kern.notice kernel: [    3.374535] 0x000000000000-0x000001000000 : "OneNAND simulator partition"
May 18 07:47:50 (none) kern.notice kernel: [    3.376463] ftl_cs: FTL header not found.
May 18 07:47:50 (none) kern.info kernel: [    3.378191] libphy: Fixed MDIO Bus: probed
May 18 07:47:50 (none) kern.info kernel: [    3.378403] cnic: Broadcom NetXtreme II CNIC Driver cnic v2.5.16 (Dec 05, 2012)
May 18 07:47:50 (none) kern.info kernel: [    3.379183] Fusion MPT base driver 3.04.20
May 18 07:47:50 (none) kern.info kernel: [    3.379185] Copyright (c) 1999-2008 LSI Corporation
May 18 07:47:50 (none) kern.info kernel: [    3.379259] Fusion MPT SPI Host driver 3.04.20
May 18 07:47:50 (none) kern.info kernel: [    3.379430] Fusion MPT FC Host driver 3.04.20
May 18 07:47:50 (none) kern.info kernel: [    3.379630] Fusion MPT SAS Host driver 3.04.20
May 18 07:47:50 (none) kern.info kernel: [    3.379817] Fusion MPT misc device (ioctl) driver 3.04.20
May 18 07:47:50 (none) kern.info kernel: [    3.380200] mptctl: Registered with Fusion MPT base driver
May 18 07:47:50 (none) kern.info kernel: [    3.380203] mptctl: /dev/mptctl @ (major,minor=10,220)
May 18 07:47:50 (none) kern.info kernel: [    3.380208] Fusion MPT LAN driver 3.04.20
May 18 07:47:50 (none) kern.info kernel: [    3.381181] Intel ISA PCIC probe: not found.
May 18 07:47:50 (none) kern.info kernel: [    3.381725] Databook TCIC-2 PCMCIA probe: not found.
May 18 07:47:50 (none) kern.info kernel: [    3.381800] ehci_hcd: USB 2.0 'Enhanced' Host Controller (EHCI) Driver
May 18 07:47:50 (none) kern.info kernel: [    3.381802] ehci-pci: EHCI PCI platform driver
May 18 07:47:50 (none) kern.debug kernel: [    3.382271] ehci-pci 0000:00:1d.7: setting latency timer to 64
May 18 07:47:50 (none) kern.info kernel: [    3.382282] ehci-pci 0000:00:1d.7: EHCI Host Controller
May 18 07:47:50 (none) kern.info kernel: [    3.382492] ehci-pci 0000:00:1d.7: new USB bus registered, assigned bus number 1
May 18 07:47:50 (none) kern.info kernel: [    3.382555] ehci-pci 0000:00:1d.7: debug port 1
May 18 07:47:50 (none) kern.debug kernel: [    3.386652] ehci-pci 0000:00:1d.7: cache line size of 32 is not supported
May 18 07:47:50 (none) kern.info kernel: [    3.386792] ehci-pci 0000:00:1d.7: irq 23, io mem 0xf7db7c00
May 18 07:47:50 (none) kern.info kernel: [    3.386885] ata1.00: ATA-8: WDC WD3200BPVT-22JJ5T0, 01.01A01, max UDMA/133
May 18 07:47:50 (none) kern.info kernel: [    3.386891] ata1.00: 625142448 sectors, multi 16: LBA48 NCQ (depth 31/32), AA
May 18 07:47:50 (none) kern.info kernel: [    3.392072] ehci-pci 0000:00:1d.7: USB 2.0 started, EHCI 1.00
May 18 07:47:50 (none) kern.info kernel: [    3.392445] usb usb1: New USB device found, idVendor=1d6b, idProduct=0002
May 18 07:47:50 (none) kern.info kernel: [    3.392451] usb usb1: New USB device strings: Mfr=3, Product=2, SerialNumber=1
May 18 07:47:50 (none) kern.info kernel: [    3.392456] usb usb1: Product: EHCI Host Controller
May 18 07:47:50 (none) kern.info kernel: [    3.392461] usb usb1: Manufacturer: Linux 3.9.9-KRG-iCore2-smp-pae-srv1000gz ehci_hcd
May 18 07:47:50 (none) kern.info kernel: [    3.392465] usb usb1: SerialNumber: 0000:00:1d.7
May 18 07:47:50 (none) kern.info kernel: [    3.393764] hub 1-0:1.0: USB hub found
May 18 07:47:50 (none) kern.info kernel: [    3.393806] hub 1-0:1.0: 8 ports detected
May 18 07:47:50 (none) kern.info kernel: [    3.397600] ehci-platform: EHCI generic platform driver
May 18 07:47:50 (none) kern.info kernel: [    3.397699] ohci_hcd: USB 1.1 'Open' Host Controller (OHCI) Driver
May 18 07:47:50 (none) kern.info kernel: [    3.397934] uhci_hcd: USB Universal Host Controller Interface driver
May 18 07:47:50 (none) kern.debug kernel: [    3.404980] uhci_hcd 0000:00:1d.0: setting latency timer to 64
May 18 07:47:50 (none) kern.info kernel: [    3.404993] uhci_hcd 0000:00:1d.0: UHCI Host Controller
May 18 07:47:50 (none) kern.info kernel: [    3.405072] uhci_hcd 0000:00:1d.0: new USB bus registered, assigned bus number 2
May 18 07:47:50 (none) kern.info kernel: [    3.405167] uhci_hcd 0000:00:1d.0: irq 23, io base 0x0000d400
May 18 07:47:50 (none) kern.info kernel: [    3.405556] usb usb2: New USB device found, idVendor=1d6b, idProduct=0001
May 18 07:47:50 (none) kern.info kernel: [    3.405562] usb usb2: New USB device strings: Mfr=3, Product=2, SerialNumber=1
May 18 07:47:50 (none) kern.info kernel: [    3.405567] usb usb2: Product: UHCI Host Controller
May 18 07:47:50 (none) kern.info kernel: [    3.405573] usb usb2: Manufacturer: Linux 3.9.9-KRG-iCore2-smp-pae-srv1000gz uhci_hcd
May 18 07:47:50 (none) kern.info kernel: [    3.405577] usb usb2: SerialNumber: 0000:00:1d.0
May 18 07:47:50 (none) kern.info kernel: [    3.406722] hub 2-0:1.0: USB hub found
May 18 07:47:50 (none) kern.info kernel: [    3.406754] hub 2-0:1.0: 2 ports detected
May 18 07:47:50 (none) kern.debug kernel: [    3.408190] uhci_hcd 0000:00:1d.1: setting latency timer to 64
May 18 07:47:50 (none) kern.info kernel: [    3.408201] uhci_hcd 0000:00:1d.1: UHCI Host Controller
May 18 07:47:50 (none) kern.info kernel: [    3.408235] uhci_hcd 0000:00:1d.1: new USB bus registered, assigned bus number 3
May 18 07:47:50 (none) kern.info kernel: [    3.408415] uhci_hcd 0000:00:1d.1: irq 19, io base 0x0000d480
May 18 07:47:50 (none) kern.info kernel: [    3.408698] usb usb3: New USB device found, idVendor=1d6b, idProduct=0001
May 18 07:47:50 (none) kern.info kernel: [    3.408704] usb usb3: New USB device strings: Mfr=3, Product=2, SerialNumber=1
May 18 07:47:50 (none) kern.info kernel: [    3.408709] usb usb3: Product: UHCI Host Controller
May 18 07:47:50 (none) kern.info kernel: [    3.408715] usb usb3: Manufacturer: Linux 3.9.9-KRG-iCore2-smp-pae-srv1000gz uhci_hcd
May 18 07:47:50 (none) kern.info kernel: [    3.408719] usb usb3: SerialNumber: 0000:00:1d.1
May 18 07:47:50 (none) kern.info kernel: [    3.409767] hub 3-0:1.0: USB hub found
May 18 07:47:50 (none) kern.info kernel: [    3.409795] hub 3-0:1.0: 2 ports detected
May 18 07:47:50 (none) kern.debug kernel: [    3.411155] uhci_hcd 0000:00:1d.2: setting latency timer to 64
May 18 07:47:50 (none) kern.info kernel: [    3.411167] uhci_hcd 0000:00:1d.2: UHCI Host Controller
May 18 07:47:50 (none) kern.info kernel: [    3.411203] uhci_hcd 0000:00:1d.2: new USB bus registered, assigned bus number 4
May 18 07:47:50 (none) kern.info kernel: [    3.411401] uhci_hcd 0000:00:1d.2: irq 18, io base 0x0000d800
May 18 07:47:50 (none) kern.info kernel: [    3.411675] usb usb4: New USB device found, idVendor=1d6b, idProduct=0001
May 18 07:47:50 (none) kern.info kernel: [    3.411681] usb usb4: New USB device strings: Mfr=3, Product=2, SerialNumber=1
May 18 07:47:50 (none) kern.info kernel: [    3.411686] usb usb4: Product: UHCI Host Controller
May 18 07:47:50 (none) kern.info kernel: [    3.411691] usb usb4: Manufacturer: Linux 3.9.9-KRG-iCore2-smp-pae-srv1000gz uhci_hcd
May 18 07:47:50 (none) kern.info kernel: [    3.411696] usb usb4: SerialNumber: 0000:00:1d.2
May 18 07:47:50 (none) kern.info kernel: [    3.412733] hub 4-0:1.0: USB hub found
May 18 07:47:50 (none) kern.info kernel: [    3.412764] hub 4-0:1.0: 2 ports detected
May 18 07:47:50 (none) kern.debug kernel: [    3.414170] uhci_hcd 0000:00:1d.3: setting latency timer to 64
May 18 07:47:50 (none) kern.info kernel: [    3.414181] uhci_hcd 0000:00:1d.3: UHCI Host Controller
May 18 07:47:50 (none) kern.info kernel: [    3.414216] uhci_hcd 0000:00:1d.3: new USB bus registered, assigned bus number 5
May 18 07:47:50 (none) kern.info kernel: [    3.414395] uhci_hcd 0000:00:1d.3: irq 16, io base 0x0000d880
May 18 07:47:50 (none) kern.info kernel: [    3.414686] usb usb5: New USB device found, idVendor=1d6b, idProduct=0001
May 18 07:47:50 (none) kern.info kernel: [    3.414692] usb usb5: New USB device strings: Mfr=3, Product=2, SerialNumber=1
May 18 07:47:50 (none) kern.info kernel: [    3.414697] usb usb5: Product: UHCI Host Controller
May 18 07:47:50 (none) kern.info kernel: [    3.414702] usb usb5: Manufacturer: Linux 3.9.9-KRG-iCore2-smp-pae-srv1000gz uhci_hcd
May 18 07:47:50 (none) kern.info kernel: [    3.414707] usb usb5: SerialNumber: 0000:00:1d.3
May 18 07:47:50 (none) kern.info kernel: [    3.415788] hub 5-0:1.0: USB hub found
May 18 07:47:50 (none) kern.info kernel: [    3.415818] hub 5-0:1.0: 2 ports detected
May 18 07:47:50 (none) kern.info kernel: [    3.417436] Initializing USB Mass Storage driver...
May 18 07:47:50 (none) kern.info kernel: [    3.417623] usbcore: registered new interface driver usb-storage
May 18 07:47:50 (none) kern.info kernel: [    3.417625] USB Mass Storage support registered.
May 18 07:47:50 (none) kern.info kernel: [    3.417716] usbcore: registered new interface driver ums-cypress
May 18 07:47:50 (none) kern.info kernel: [    3.417809] usbcore: registered new interface driver ums-datafab
May 18 07:47:50 (none) kern.info kernel: [    3.417902] usbcore: registered new interface driver ums-freecom
May 18 07:47:50 (none) kern.info kernel: [    3.418048] usbcore: registered new interface driver ums-isd200
May 18 07:47:50 (none) kern.info kernel: [    3.418211] usbcore: registered new interface driver ums-realtek
May 18 07:47:50 (none) kern.info kernel: [    3.418313] usbcore: registered new interface driver ums-usbat
May 18 07:47:50 (none) kern.info kernel: [    3.418623] i8042: PNP: PS/2 Controller [PNP0303:PS2K,PNP0f13:PS2M] at 0x60,0x64 irq 1,12
May 18 07:47:50 (none) kern.info kernel: [    3.436977] serio: i8042 KBD port at 0x60,0x64 irq 1
May 18 07:47:50 (none) kern.info kernel: [    3.437106] serio: i8042 AUX port at 0x60,0x64 irq 12
May 18 07:47:50 (none) kern.info kernel: [    3.438118] ata1.00: ACPI cmd f5/00:00:00:00:00:a0 (unknown) filtered out
May 18 07:47:50 (none) kern.err kernel: [    3.439272] parkbd: no such parport
May 18 07:47:50 (none) kern.info kernel: [    3.440551] mousedev: PS/2 mouse device common for all mice
May 18 07:47:50 (none) kern.info kernel: [    3.442308] usbcore: registered new interface driver appletouch
May 18 07:47:50 (none) kern.info kernel: [    3.442447] usbcore: registered new interface driver bcm5974
May 18 07:47:50 (none) kern.info kernel: [    3.442623] usbcore: registered new interface driver synaptics_usb
May 18 07:47:50 (none) kern.info kernel: [    3.442730] usbcore: registered new interface driver usb_acecad
May 18 07:47:50 (none) kern.info kernel: [    3.442833] usbcore: registered new interface driver aiptek
May 18 07:47:50 (none) kern.info kernel: [    3.442948] usbcore: registered new interface driver gtco
May 18 07:47:50 (none) kern.info kernel: [    3.443086] usbcore: registered new interface driver hanwang
May 18 07:47:50 (none) kern.info kernel: [    3.443191] usbcore: registered new interface driver kbtab
May 18 07:47:50 (none) kern.info kernel: [    3.443313] usbcore: registered new interface driver wacom
May 18 07:47:50 (none) kern.warn kernel: [    3.444850] mk712: device not present
May 18 07:47:50 (none) kern.info kernel: [    3.444996] usbcore: registered new interface driver usbtouchscreen
May 18 07:47:50 (none) kern.info kernel: [    3.446297] rtc_cmos 00:02: RTC can wake from S4
May 18 07:47:50 (none) kern.info kernel: [    3.447583] rtc_cmos 00:02: rtc core: registered rtc_cmos as rtc0
May 18 07:47:50 (none) kern.info kernel: [    3.447682] rtc_cmos 00:02: alarms up to one month, 114 bytes nvram, hpet irqs
May 18 07:47:50 (none) kern.info kernel: [    3.447774] i2c /dev entries driver
May 18 07:47:50 (none) kern.info kernel: [    3.447868] md: linear personality registered for level -1
May 18 07:47:50 (none) kern.info kernel: [    3.447874] md: raid0 personality registered for level 0
May 18 07:47:50 (none) kern.info kernel: [    3.447879] md: raid1 personality registered for level 1
May 18 07:47:50 (none) kern.info kernel: [    3.447883] md: raid10 personality registered for level 10
May 18 07:47:50 (none) kern.info kernel: [    3.447888] md: raid6 personality registered for level 6
May 18 07:47:50 (none) kern.info kernel: [    3.447893] md: raid5 personality registered for level 5
May 18 07:47:50 (none) kern.info kernel: [    3.447897] md: raid4 personality registered for level 4
May 18 07:47:50 (none) kern.info kernel: [    3.447902] md: multipath personality registered for level -4
May 18 07:47:50 (none) kern.info kernel: [    3.457449] device-mapper: uevent: version 1.0.3
May 18 07:47:50 (none) kern.info kernel: [    3.466910] ata1.00: configured for UDMA/133
May 18 07:47:50 (none) kern.info kernel: [    3.467117] device-mapper: ioctl: 4.24.0-ioctl (2013-01-15) initialised: dm-devel@redhat.com
May 18 07:47:50 (none) kern.info kernel: [    3.467900] device-mapper: multipath: version 1.5.1 loaded
May 18 07:47:50 (none) kern.info kernel: [    3.467966] device-mapper: multipath round-robin: version 1.0.0 loaded
May 18 07:47:50 (none) kern.info kernel: [    3.467974] device-mapper: multipath queue-length: version 0.1.0 loaded
May 18 07:47:50 (none) kern.info kernel: [    3.467981] device-mapper: multipath service-time: version 0.2.0 loaded
May 18 07:47:50 (none) kern.info kernel: [    3.468245] device-mapper: dm-log-userspace: version 1.1.0 loaded
May 18 07:47:50 (none) kern.info kernel: [    3.468256] device-mapper: raid: Loading target version 1.4.2
May 18 07:47:50 (none) kern.info kernel: [    3.468530] EISA: Probing bus 0 at eisa.0
May 18 07:47:50 (none) kern.warn kernel: [    3.468540] EISA: Cannot allocate resource for mainboard
May 18 07:47:50 (none) kern.warn kernel: [    3.477407] Cannot allocate resource for EISA slot 1
May 18 07:47:50 (none) kern.warn kernel: [    3.486047] Cannot allocate resource for EISA slot 2
May 18 07:47:50 (none) kern.warn kernel: [    3.494204] Cannot allocate resource for EISA slot 3
May 18 07:47:50 (none) kern.warn kernel: [    3.501943] Cannot allocate resource for EISA slot 4
May 18 07:47:50 (none) kern.warn kernel: [    3.509124] Cannot allocate resource for EISA slot 5
May 18 07:47:50 (none) kern.warn kernel: [    3.515824] Cannot allocate resource for EISA slot 6
May 18 07:47:50 (none) kern.warn kernel: [    3.522039] Cannot allocate resource for EISA slot 7
May 18 07:47:50 (none) kern.warn kernel: [    3.528069] Cannot allocate resource for EISA slot 8
May 18 07:47:50 (none) kern.info kernel: [    3.534075] EISA: Detected 0 cards.
May 18 07:47:50 (none) kern.info kernel: [    3.534451] cpuidle: using governor ladder
May 18 07:47:50 (none) kern.info kernel: [    3.535425] cpuidle: using governor menu
May 18 07:47:50 (none) kern.info kernel: [    3.535551] sdhci: Secure Digital Host Controller Interface driver
May 18 07:47:50 (none) kern.info kernel: [    3.535556] sdhci: Copyright(c) Pierre Ossman
May 18 07:47:50 (none) kern.info kernel: [    3.535720] wbsd: Winbond W83L51xD SD/MMC card interface driver
May 18 07:47:50 (none) kern.info kernel: [    3.535725] wbsd: Copyright(c) Pierre Ossman
May 18 07:47:50 (none) kern.info kernel: [    3.536146] VUB300 Driver rom wait states = 1C irqpoll timeout = 0400
May 18 07:47:50 (none) kern.info kernel: [    3.536900] usbcore: registered new interface driver vub300
May 18 07:47:50 (none) kern.info kernel: [    3.537087] usbcore: registered new interface driver ushc
May 18 07:47:50 (none) kern.info kernel: [    3.537095] sdhci-pltfm: SDHCI platform and OF driver helper
May 18 07:47:50 (none) kern.info kernel: [    3.537217] ledtrig-cpu: registered to indicate activity on CPUs
May 18 07:47:50 (none) kern.info kernel: [    3.537227] No iBFT detected.
May 18 07:47:50 (none) kern.info kernel: [    3.537350] hidraw: raw HID events driver (C) Jiri Kosina
May 18 07:47:50 (none) kern.info kernel: [    3.537877] hv_vmbus: registering driver hid_hyperv
May 18 07:47:50 (none) kern.info kernel: [    3.539835] usbcore: registered new interface driver usbhid
May 18 07:47:50 (none) kern.info kernel: [    3.539843] usbhid: USB HID core driver
May 18 07:47:50 (none) kern.info kernel: [    3.540733] zram: Created 1 device(s) ...
May 18 07:47:50 (none) kern.info kernel: [    3.541842] ashmem: initialized
May 18 07:47:50 (none) kern.info kernel: [    3.542916] NET: Registered protocol family 10
May 18 07:47:50 (none) kern.info kernel: [    3.544499] NET: Registered protocol family 15
May 18 07:47:50 (none) kern.info kernel: [    3.549920] sctp: Hash tables configured (established 21845 bind 23831)
May 18 07:47:50 (none) kern.info kernel: [    3.551916] Using IPI No-Shortcut mode
May 18 07:47:50 (none) kern.debug kernel: [    3.552875] PM: Hibernation image not present or could not be loaded.
May 18 07:47:50 (none) kern.info kernel: [    3.552918] registered taskstats version 1
May 18 07:47:50 (none) kern.info kernel: [    3.554445] IMA: No TPM chip found, activating TPM-bypass!
May 18 07:47:50 (none) kern.info kernel: [    3.557175]   Magic number: 13:322:774
May 18 07:47:50 (none) kern.info kernel: [    3.557340] mem zero: hash matches
May 18 07:47:50 (none) kern.warn kernel: [    3.557419] register_blkdev: cannot get major 3 for hd
May 18 07:47:50 (none) kern.info kernel: [    3.564182] input: AT Translated Set 2 keyboard as /devices/platform/i8042/serio0/input/input0
May 18 07:47:50 (none) kern.info kernel: [    3.564339] rtc_cmos 00:02: setting system clock to 2013-05-18 07:47:32 UTC (1368863252)
May 18 07:47:50 (none) kern.info kernel: [    3.564614] BIOS EDD facility v0.16 2004-Jun-25, 1 devices found
May 18 07:47:50 (none) kern.info kernel: [    3.738349] usb 1-2: new high-speed USB device number 2 using ehci-pci
May 18 07:47:50 (none) kern.info kernel: [    3.890120] usb 1-2: New USB device found, idVendor=13d3, idProduct=5108
May 18 07:47:50 (none) kern.info kernel: [    3.890143] usb 1-2: New USB device strings: Mfr=2, Product=1, SerialNumber=3
May 18 07:47:50 (none) kern.info kernel: [    3.890160] usb 1-2: Product: USB 2.0 Camera
May 18 07:47:50 (none) kern.info kernel: [    3.890174] usb 1-2: Manufacturer: Sonix Technology Co., Ltd.
May 18 07:47:50 (none) kern.info kernel: [    3.890188] usb 1-2: SerialNumber: SN0001
May 18 07:47:50 (none) kern.info kernel: [    3.995307] usb 1-5: new high-speed USB device number 3 using ehci-pci
May 18 07:47:50 (none) kern.info kernel: [    4.111442] usb 1-5: New USB device found, idVendor=05e3, idProduct=0608
May 18 07:47:50 (none) kern.info kernel: [    4.111464] usb 1-5: New USB device strings: Mfr=0, Product=1, SerialNumber=0
