May 23 10:52:26 (none) kern.warn kernel: [31730.566062] bnx2fc: CPU 1 online: Create Rx thread
May 23 10:52:26 (none) kern.info kernel: [31730.566213] bnx2i: CPU 1 online: Create Rx thread
May 23 10:52:26 (none) kern.info kernel: [31730.567313] CPU1 is up
May 23 10:52:26 (none) kern.info kernel: [31730.568655] ACPI: Waking up from system sleep state S3
May 23 10:52:26 (none) kern.info kernel: [31730.614392] PM: noirq resume of devices complete after 3.647 msecs
May 23 10:52:26 (none) kern.info kernel: [31730.615810] PM: early resume of devices complete after 1.290 msecs
May 23 10:52:26 (none) kern.debug kernel: [31730.616093] i915 0000:00:02.0: setting latency timer to 64
May 23 10:52:26 (none) kern.debug kernel: [31730.617523] snd_hda_intel 0000:00:1b.0: irq 44 for MSI/MSI-X
May 23 10:52:26 (none) kern.debug kernel: [31730.617896] uhci_hcd 0000:00:1d.0: setting latency timer to 64
May 23 10:52:26 (none) kern.warn kernel: [31730.617949] usb usb2: root hub lost power or was reset
May 23 10:52:26 (none) kern.debug kernel: [31730.618062] uhci_hcd 0000:00:1d.1: setting latency timer to 64
May 23 10:52:26 (none) kern.warn kernel: [31730.618110] usb usb3: root hub lost power or was reset
May 23 10:52:26 (none) kern.debug kernel: [31730.618181] uhci_hcd 0000:00:1d.2: setting latency timer to 64
May 23 10:52:26 (none) kern.warn kernel: [31730.618229] usb usb4: root hub lost power or was reset
May 23 10:52:26 (none) kern.debug kernel: [31730.618301] uhci_hcd 0000:00:1d.3: setting latency timer to 64
May 23 10:52:26 (none) kern.warn kernel: [31730.618349] usb usb5: root hub lost power or was reset
May 23 10:52:26 (none) kern.debug kernel: [31730.618424] ehci_hcd 0000:00:1d.7: setting latency timer to 64
May 23 10:52:26 (none) kern.debug kernel: [31730.618640] pci 0000:00:1e.0: setting latency timer to 64
May 23 10:52:26 (none) kern.debug kernel: [31730.618735] ahci 0000:00:1f.2: setting latency timer to 64
May 23 10:52:26 (none) kern.info kernel: [31730.955232] usb 1-2: reset high-speed USB device number 2 using ehci_hcd
May 23 10:52:26 (none) kern.info kernel: [31731.173320] usb 1-3: reset high-speed USB device number 3 using ehci_hcd
May 23 10:52:26 (none) kern.info kernel: [31731.590450] usb 4-2: reset low-speed USB device number 3 using uhci_hcd
May 23 10:52:26 (none) kern.info kernel: [31732.774295] ata1: SATA link up 1.5 Gbps (SStatus 113 SControl 300)
May 23 10:52:26 (none) kern.info kernel: [31732.776588] ata1.00: ACPI cmd f5/00:00:00:00:00:a0 (unknown) filtered out
May 23 10:52:26 (none) kern.info kernel: [31732.956553] ata1.00: ACPI cmd f5/00:00:00:00:00:a0 (unknown) filtered out
May 23 10:52:26 (none) kern.info kernel: [31732.957115] ata1.00: configured for UDMA/133
May 23 10:52:26 (none) kern.notice kernel: [31732.957506] sd 2:0:0:0: [sda] Starting disk
May 23 10:52:26 (none) kern.info kernel: [31732.972388] PM: resume of devices complete after 2356.567 msecs
May 23 10:52:26 (none) kern.info kernel: [31732.974550] PM: resume devices took 2.359 seconds
May 23 10:52:26 (none) kern.debug kernel: [31732.976527] PM: Finishing wakeup.
May 23 10:52:26 (none) kern.warn kernel: [31732.976532] Restarting tasks ... done.
May 23 10:52:26 (none) kern.info kernel: [31732.988834] video LNXVIDEO:00: Restoring backlight state
May 23 10:52:27 (none) kern.info kernel: [31733.582269] usb 1-8: USB disconnect, device number 6
May 23 10:52:27 (none) kern.info kernel: [31733.585870] option1 ttyUSB0: GSM modem (1-port) converter now disconnected from ttyUSB0
May 23 10:52:27 (none) kern.info kernel: [31733.585972] option 1-8:1.0: device disconnected
May 23 10:52:27 (none) kern.info kernel: [31733.591803] option1 ttyUSB1: GSM modem (1-port) converter now disconnected from ttyUSB1
May 23 10:52:27 (none) kern.info kernel: [31733.591939] option 1-8:1.1: device disconnected
May 23 10:52:27 (none) kern.info kernel: [31733.595997] option1 ttyUSB2: GSM modem (1-port) converter now disconnected from ttyUSB2
May 23 10:52:27 (none) kern.info kernel: [31733.596188] option 1-8:1.2: device disconnected
May 23 10:52:28 (none) kern.info kernel: [31734.660262] usb 1-8: new high-speed USB device number 8 using ehci_hcd
May 23 10:52:28 (none) kern.info kernel: [31734.787596] usb 1-8: New USB device found, idVendor=12d1, idProduct=1001
May 23 10:52:28 (none) kern.info kernel: [31734.787608] usb 1-8: New USB device strings: Mfr=2, Product=1, SerialNumber=0
May 23 10:52:28 (none) kern.info kernel: [31734.787616] usb 1-8: Product: HUAWEI Mobile
May 23 10:52:28 (none) kern.info kernel: [31734.787623] usb 1-8: Manufacturer: HUAWEI Technology
May 23 10:52:28 (none) kern.info kernel: [31734.793867] option 1-8:1.0: GSM modem (1-port) converter detected
May 23 10:52:28 (none) kern.info kernel: [31734.795173] usb 1-8: GSM modem (1-port) converter now attached to ttyUSB0
May 23 10:52:28 (none) kern.info kernel: [31734.797300] option 1-8:1.1: GSM modem (1-port) converter detected
May 23 10:52:28 (none) kern.info kernel: [31734.797938] usb 1-8: GSM modem (1-port) converter now attached to ttyUSB1
May 23 10:52:28 (none) kern.info kernel: [31734.800133] option 1-8:1.2: GSM modem (1-port) converter detected
May 23 10:52:28 (none) kern.info kernel: [31734.800961] usb 1-8: GSM modem (1-port) converter now attached to ttyUSB2
May 23 11:57:36 (none) kern.info kernel: [35642.369102] PM: Syncing filesystems ... done.
May 23 11:57:36 (none) kern.debug kernel: [35642.474403] PM: Preparing system for mem sleep
May 23 13:23:28 (none) kern.warn kernel: [35642.541933] Freezing user space processes ... (elapsed 0.01 seconds) done.
May 23 13:23:28 (none) kern.warn kernel: [35642.554619] Freezing remaining freezable tasks ... (elapsed 0.01 seconds) done.
May 23 13:23:28 (none) kern.debug kernel: [35642.566521] PM: Entering mem sleep
May 23 13:23:28 (none) kern.warn kernel: [35642.566620] Suspending console(s) (use no_console_suspend to debug)
May 23 13:23:28 (none) kern.err kernel: [35642.569815] option1 ttyUSB0: option_instat_callback: error -2
May 23 13:23:28 (none) kern.notice kernel: [35642.571565] sd 2:0:0:0: [sda] Synchronizing SCSI cache
May 23 13:23:28 (none) kern.notice kernel: [35642.572418] sd 2:0:0:0: [sda] Stopping disk
May 23 13:23:28 (none) kern.info kernel: [35643.292512] PM: suspend of devices complete after 723.383 msecs
May 23 13:23:28 (none) kern.info kernel: [35643.292524] PM: suspend devices took 0.726 seconds
May 23 13:23:28 (none) kern.info kernel: [35643.294623] PM: late suspend of devices complete after 2.084 msecs
May 23 13:23:28 (none) kern.info kernel: [35643.330578] PM: noirq suspend of devices complete after 35.942 msecs
May 23 13:23:28 (none) kern.info kernel: [35643.330615] ACPI: Preparing to enter system sleep state S3
May 23 13:23:28 (none) kern.info kernel: [35643.345390] PM: Saving platform NVS memory
May 23 13:23:28 (none) kern.warn kernel: [35643.347161] Disabling non-boot CPUs ...
May 23 13:23:28 (none) kern.debug kernel: [35643.348332] numa_remove_cpu cpu 1 node 0: mask now 0
May 23 13:23:28 (none) kern.info kernel: [35643.349791] CPU 1 is now offline
May 23 13:23:28 (none) kern.warn kernel: [35643.349794] lockdep: fixing up alternatives.
May 23 13:23:28 (none) kern.warn kernel: [35643.352312] bnx2fc: CPU 1 offline: Remove Rx thread
May 23 13:23:28 (none) kern.info kernel: [35643.352491] CPU 1 offline: Remove Rx thread
May 23 13:23:28 (none) kern.info kernel: [35643.353331] ACPI: Low-level resume complete
May 23 13:23:28 (none) kern.info kernel: [35643.353331] PM: Restoring platform NVS memory
May 23 13:23:28 (none) kern.info kernel: [35643.353331] Enabling non-boot CPUs ...
May 23 13:23:28 (none) kern.warn kernel: [35643.355166] lockdep: fixing up alternatives.
May 23 13:23:28 (none) kern.info kernel: [35643.355174] Booting Node 0 Processor 1 APIC 0x1
May 23 13:23:28 (none) kern.info kernel: [35643.349287] Initializing CPU#1
May 23 13:23:28 (none) kern.info kernel: [35643.349287] Disabled fast string operations
May 23 13:23:28 (none) kern.debug kernel: [35643.349287] numa_add_cpu cpu 1 node 0: mask now 0-1
May 23 13:23:28 (none) kern.warn kernel: [35643.368180] bnx2fc: CPU 1 online: Create Rx thread
May 23 13:23:28 (none) kern.info kernel: [35643.368318] bnx2i: CPU 1 online: Create Rx thread
May 23 13:23:28 (none) kern.info kernel: [35643.369288] CPU1 is up
May 23 13:23:28 (none) kern.info kernel: [35643.370671] ACPI: Waking up from system sleep state S3
May 23 13:23:28 (none) kern.info kernel: [35643.416350] PM: noirq resume of devices complete after 3.601 msecs
May 23 13:23:28 (none) kern.info kernel: [35643.417771] PM: early resume of devices complete after 1.265 msecs
May 23 13:23:28 (none) kern.debug kernel: [35643.418054] i915 0000:00:02.0: setting latency timer to 64
May 23 13:23:28 (none) kern.debug kernel: [35643.419967] snd_hda_intel 0000:00:1b.0: irq 44 for MSI/MSI-X
May 23 13:23:28 (none) kern.debug kernel: [35643.420525] uhci_hcd 0000:00:1d.0: setting latency timer to 64
May 23 13:23:28 (none) kern.warn kernel: [35643.420578] usb usb2: root hub lost power or was reset
May 23 13:23:28 (none) kern.debug kernel: [35643.420650] uhci_hcd 0000:00:1d.1: setting latency timer to 64
May 23 13:23:28 (none) kern.warn kernel: [35643.420699] usb usb3: root hub lost power or was reset
May 23 13:23:28 (none) kern.debug kernel: [35643.420768] uhci_hcd 0000:00:1d.2: setting latency timer to 64
May 23 13:23:28 (none) kern.warn kernel: [35643.420816] usb usb4: root hub lost power or was reset
May 23 13:23:28 (none) kern.debug kernel: [35643.420888] uhci_hcd 0000:00:1d.3: setting latency timer to 64
May 23 13:23:28 (none) kern.warn kernel: [35643.420936] usb usb5: root hub lost power or was reset
May 23 13:23:28 (none) kern.debug kernel: [35643.421055] ehci_hcd 0000:00:1d.7: setting latency timer to 64
May 23 13:23:28 (none) kern.debug kernel: [35643.421366] pci 0000:00:1e.0: setting latency timer to 64
May 23 13:23:28 (none) kern.debug kernel: [35643.421460] ahci 0000:00:1f.2: setting latency timer to 64
May 23 13:23:28 (none) kern.info kernel: [35643.759299] usb 1-2: reset high-speed USB device number 2 using ehci_hcd
May 23 13:23:28 (none) kern.info kernel: [35643.977310] usb 1-3: reset high-speed USB device number 3 using ehci_hcd
May 23 13:23:28 (none) kern.info kernel: [35644.343437] usb 4-2: reset low-speed USB device number 3 using uhci_hcd
May 23 13:23:28 (none) kern.info kernel: [35645.511290] ata1: SATA link up 1.5 Gbps (SStatus 113 SControl 300)
May 23 13:23:28 (none) kern.info kernel: [35645.513495] ata1.00: ACPI cmd f5/00:00:00:00:00:a0 (unknown) filtered out
May 23 13:23:28 (none) kern.info kernel: [35645.695383] ata1.00: ACPI cmd f5/00:00:00:00:00:a0 (unknown) filtered out
May 23 13:23:28 (none) kern.info kernel: [35645.695850] ata1.00: configured for UDMA/133
May 23 13:23:28 (none) kern.notice kernel: [35645.696296] sd 2:0:0:0: [sda] Starting disk
May 23 13:23:28 (none) kern.info kernel: [35645.711302] PM: resume of devices complete after 2293.521 msecs
May 23 13:23:28 (none) kern.info kernel: [35645.713511] PM: resume devices took 2.296 seconds
May 23 13:23:28 (none) kern.debug kernel: [35645.729415] PM: Finishing wakeup.
May 23 13:23:28 (none) kern.warn kernel: [35645.729420] Restarting tasks ... done.
May 23 13:23:28 (none) kern.info kernel: [35645.742888] video LNXVIDEO:00: Restoring backlight state
May 23 13:23:29 (none) kern.info kernel: [35646.335270] usb 1-8: USB disconnect, device number 8
May 23 13:23:29 (none) kern.info kernel: [35646.336760] option1 ttyUSB0: GSM modem (1-port) converter now disconnected from ttyUSB0
May 23 13:23:29 (none) kern.info kernel: [35646.336909] option 1-8:1.0: device disconnected
May 23 13:23:29 (none) kern.info kernel: [35646.339604] option1 ttyUSB1: GSM modem (1-port) converter now disconnected from ttyUSB1
May 23 13:23:29 (none) kern.info kernel: [35646.339737] option 1-8:1.1: device disconnected
May 23 13:23:29 (none) kern.info kernel: [35646.343356] option1 ttyUSB2: GSM modem (1-port) converter now disconnected from ttyUSB2
May 23 13:23:29 (none) kern.info kernel: [35646.343482] option 1-8:1.2: device disconnected
May 23 13:23:30 (none) kern.info kernel: [35647.467226] usb 1-8: new high-speed USB device number 9 using ehci_hcd
May 23 13:23:30 (none) kern.info kernel: [35647.593517] usb 1-8: New USB device found, idVendor=12d1, idProduct=1001
May 23 13:23:30 (none) kern.info kernel: [35647.593529] usb 1-8: New USB device strings: Mfr=2, Product=1, SerialNumber=0
May 23 13:23:30 (none) kern.info kernel: [35647.593537] usb 1-8: Product: HUAWEI Mobile
May 23 13:23:30 (none) kern.info kernel: [35647.593544] usb 1-8: Manufacturer: HUAWEI Technology
May 23 13:23:30 (none) kern.info kernel: [35647.598111] option 1-8:1.0: GSM modem (1-port) converter detected
May 23 13:23:30 (none) kern.info kernel: [35647.599630] usb 1-8: GSM modem (1-port) converter now attached to ttyUSB0
May 23 13:23:30 (none) kern.info kernel: [35647.601798] option 1-8:1.1: GSM modem (1-port) converter detected
May 23 13:23:30 (none) kern.info kernel: [35647.602704] usb 1-8: GSM modem (1-port) converter now attached to ttyUSB1
May 23 13:23:30 (none) kern.info kernel: [35647.604345] option 1-8:1.2: GSM modem (1-port) converter detected
May 23 13:23:30 (none) kern.info kernel: [35647.605426] usb 1-8: GSM modem (1-port) converter now attached to ttyUSB2
May 23 15:47:54 (none) kern.info kernel: [44311.478894] PM: Syncing filesystems ... done.
May 23 15:47:54 (none) kern.debug kernel: [44311.710281] PM: Preparing system for mem sleep
May 23 16:58:29 (none) kern.warn kernel: [44311.774882] Freezing user space processes ... (elapsed 0.01 seconds) done.
May 23 16:58:29 (none) kern.warn kernel: [44311.790063] Freezing remaining freezable tasks ... (elapsed 0.01 seconds) done.
May 23 16:58:29 (none) kern.debug kernel: [44311.804324] PM: Entering mem sleep
May 23 16:58:29 (none) kern.warn kernel: [44311.804419] Suspending console(s) (use no_console_suspend to debug)
May 23 16:58:29 (none) kern.notice kernel: [44311.812196] sd 2:0:0:0: [sda] Synchronizing SCSI cache
May 23 16:58:29 (none) kern.notice kernel: [44311.813166] sd 2:0:0:0: [sda] Stopping disk
May 23 16:58:29 (none) kern.err kernel: [44311.813544] option1 ttyUSB0: option_instat_callback: error -2
May 23 16:58:29 (none) kern.info kernel: [44312.452379] PM: suspend of devices complete after 642.747 msecs
May 23 16:58:29 (none) kern.info kernel: [44312.452390] PM: suspend devices took 0.645 seconds
May 23 16:58:29 (none) kern.info kernel: [44312.454474] PM: late suspend of devices complete after 2.069 msecs
May 23 16:58:29 (none) kern.info kernel: [44312.490568] PM: noirq suspend of devices complete after 36.082 msecs
May 23 16:58:29 (none) kern.info kernel: [44312.490607] ACPI: Preparing to enter system sleep state S3
May 23 16:58:29 (none) kern.info kernel: [44312.505354] PM: Saving platform NVS memory
May 23 16:58:29 (none) kern.warn kernel: [44312.506974] Disabling non-boot CPUs ...
May 23 16:58:29 (none) kern.debug kernel: [44312.508158] numa_remove_cpu cpu 1 node 0: mask now 0
May 23 16:58:29 (none) kern.info kernel: [44312.509614] CPU 1 is now offline
May 23 16:58:29 (none) kern.warn kernel: [44312.509617] lockdep: fixing up alternatives.
May 23 16:58:29 (none) kern.warn kernel: [44312.512190] bnx2fc: CPU 1 offline: Remove Rx thread
May 23 16:58:29 (none) kern.info kernel: [44312.512371] CPU 1 offline: Remove Rx thread
May 23 16:58:29 (none) kern.info kernel: [44312.513030] ACPI: Low-level resume complete
May 23 16:58:29 (none) kern.info kernel: [44312.513030] PM: Restoring platform NVS memory
May 23 16:58:29 (none) kern.info kernel: [44312.513053] Enabling non-boot CPUs ...
May 23 16:58:29 (none) kern.warn kernel: [44312.514998] lockdep: fixing up alternatives.
May 23 16:58:29 (none) kern.info kernel: [44312.515037] Booting Node 0 Processor 1 APIC 0x1
May 23 16:58:29 (none) kern.info kernel: [44312.509113] Initializing CPU#1
May 23 16:58:29 (none) kern.info kernel: [44312.509113] Disabled fast string operations
May 23 16:58:29 (none) kern.debug kernel: [44312.509113] numa_add_cpu cpu 1 node 0: mask now 0-1
May 23 16:58:29 (none) kern.warn kernel: [44312.528204] bnx2fc: CPU 1 online: Create Rx thread
May 23 16:58:29 (none) kern.info kernel: [44312.528343] bnx2i: CPU 1 online: Create Rx thread
May 23 16:58:29 (none) kern.info kernel: [44312.529247] CPU1 is up
May 23 16:58:29 (none) kern.info kernel: [44312.530620] ACPI: Waking up from system sleep state S3
May 23 16:58:29 (none) kern.info kernel: [44312.576338] PM: noirq resume of devices complete after 3.588 msecs
May 23 16:58:29 (none) kern.info kernel: [44312.577771] PM: early resume of devices complete after 1.278 msecs
May 23 16:58:29 (none) kern.debug kernel: [44312.578005] i915 0000:00:02.0: setting latency timer to 64
May 23 16:58:29 (none) kern.debug kernel: [44312.579853] snd_hda_intel 0000:00:1b.0: irq 44 for MSI/MSI-X
May 23 16:58:29 (none) kern.debug kernel: [44312.580412] uhci_hcd 0000:00:1d.0: setting latency timer to 64
May 23 16:58:29 (none) kern.warn kernel: [44312.580464] usb usb2: root hub lost power or was reset
May 23 16:58:29 (none) kern.debug kernel: [44312.580537] uhci_hcd 0000:00:1d.1: setting latency timer to 64
May 23 16:58:29 (none) kern.warn kernel: [44312.580586] usb usb3: root hub lost power or was reset
May 23 16:58:29 (none) kern.debug kernel: [44312.580655] uhci_hcd 0000:00:1d.2: setting latency timer to 64
May 23 16:58:29 (none) kern.warn kernel: [44312.580703] usb usb4: root hub lost power or was reset
May 23 16:58:29 (none) kern.debug kernel: [44312.580775] uhci_hcd 0000:00:1d.3: setting latency timer to 64
May 23 16:58:29 (none) kern.warn kernel: [44312.580823] usb usb5: root hub lost power or was reset
May 23 16:58:29 (none) kern.debug kernel: [44312.580898] ehci_hcd 0000:00:1d.7: setting latency timer to 64
May 23 16:58:29 (none) kern.debug kernel: [44312.581164] pci 0000:00:1e.0: setting latency timer to 64
May 23 16:58:29 (none) kern.debug kernel: [44312.581259] ahci 0000:00:1f.2: setting latency timer to 64
May 23 16:58:29 (none) kern.info kernel: [44313.069440] usb 4-2: reset low-speed USB device number 3 using uhci_hcd
May 23 16:58:29 (none) kern.info kernel: [44313.451264] usb 1-2: reset high-speed USB device number 2 using ehci_hcd
May 23 16:58:29 (none) kern.info kernel: [44313.669318] usb 1-3: reset high-speed USB device number 3 using ehci_hcd
May 23 16:58:29 (none) kern.info kernel: [44314.773305] ata1: SATA link up 1.5 Gbps (SStatus 113 SControl 300)
May 23 16:58:29 (none) kern.info kernel: [44314.775552] ata1.00: ACPI cmd f5/00:00:00:00:00:a0 (unknown) filtered out
May 23 16:58:29 (none) kern.info kernel: [44314.956396] ata1.00: ACPI cmd f5/00:00:00:00:00:a0 (unknown) filtered out
May 23 16:58:29 (none) kern.info kernel: [44314.956870] ata1.00: configured for UDMA/133
May 23 16:58:29 (none) kern.notice kernel: [44314.957440] sd 2:0:0:0: [sda] Starting disk
May 23 16:58:29 (none) kern.info kernel: [44314.972305] PM: resume of devices complete after 2394.524 msecs
May 23 16:58:29 (none) kern.info kernel: [44314.974530] PM: resume devices took 2.397 seconds
May 23 16:58:29 (none) kern.debug kernel: [44315.004901] PM: Finishing wakeup.
May 23 16:58:29 (none) kern.warn kernel: [44315.004906] Restarting tasks ... done.
May 23 16:58:29 (none) kern.info kernel: [44315.036711] video LNXVIDEO:00: Restoring backlight state
May 23 16:58:30 (none) kern.info kernel: [44315.611156] usb 1-8: USB disconnect, device number 9
May 23 16:58:30 (none) kern.info kernel: [44315.615274] option1 ttyUSB0: GSM modem (1-port) converter now disconnected from ttyUSB0
May 23 16:58:30 (none) kern.info kernel: [44315.615376] option 1-8:1.0: device disconnected
May 23 16:58:30 (none) kern.info kernel: [44315.616959] option1 ttyUSB1: GSM modem (1-port) converter now disconnected from ttyUSB1
May 23 16:58:30 (none) kern.info kernel: [44315.617202] option 1-8:1.1: device disconnected
May 23 16:58:30 (none) kern.info kernel: [44315.619778] option1 ttyUSB2: GSM modem (1-port) converter now disconnected from ttyUSB2
May 23 16:58:30 (none) kern.info kernel: [44315.619938] option 1-8:1.2: device disconnected
May 23 16:58:31 (none) kern.info kernel: [44316.615319] usb 1-8: new high-speed USB device number 10 using ehci_hcd
May 23 16:58:31 (none) kern.info kernel: [44316.741642] usb 1-8: New USB device found, idVendor=12d1, idProduct=1001
May 23 16:58:31 (none) kern.info kernel: [44316.741664] usb 1-8: New USB device strings: Mfr=2, Product=1, SerialNumber=0
May 23 16:58:31 (none) kern.info kernel: [44316.741680] usb 1-8: Product: HUAWEI Mobile
May 23 16:58:31 (none) kern.info kernel: [44316.741693] usb 1-8: Manufacturer: HUAWEI Technology
May 23 16:58:31 (none) kern.info kernel: [44316.745290] option 1-8:1.0: GSM modem (1-port) converter detected
May 23 16:58:31 (none) kern.info kernel: [44316.746824] usb 1-8: GSM modem (1-port) converter now attached to ttyUSB0
May 23 16:58:31 (none) kern.info kernel: [44316.748851] option 1-8:1.1: GSM modem (1-port) converter detected
May 23 16:58:31 (none) kern.info kernel: [44316.749530] usb 1-8: GSM modem (1-port) converter now attached to ttyUSB1
May 23 16:58:31 (none) kern.info kernel: [44316.751361] option 1-8:1.2: GSM modem (1-port) converter detected
May 23 16:58:31 (none) kern.info kernel: [44316.751925] usb 1-8: GSM modem (1-port) converter now attached to ttyUSB2
May 23 18:48:15 (none) kern.notice kernel: klogd: exiting
May 23 18:48:15 (none) syslog.info syslogd exiting
May 23 21:08:33 (none) syslog.info syslogd started: BusyBox v1.22.1
May 23 21:08:33 (none) kern.notice kernel: klogd started: BusyBox v1.22.1 (2014-05-18 06:03:49 GMT+1)
May 23 21:08:33 (none) kern.notice kernel: [    0.000000] Linux version 3.5.0-KRG-iCore2-smp-pae-srv1000gz (root@puppypc) (gcc version 4.2.2) #2 SMP Mon Oct 1 19:02:55 GMT+1 2012
May 23 21:08:33 (none) kern.info kernel: [    0.000000] Disabled fast string operations
May 23 21:08:33 (none) kern.info kernel: [    0.000000] e820: BIOS-provided physical RAM map:
May 23 21:08:33 (none) kern.info kernel: [    0.000000] BIOS-e820: [mem 0x0000000000000000-0x000000000009fbff] usable
May 23 21:08:33 (none) kern.info kernel: [    0.000000] BIOS-e820: [mem 0x000000000009fc00-0x000000000009ffff] reserved
May 23 21:08:33 (none) kern.info kernel: [    0.000000] BIOS-e820: [mem 0x00000000000e2000-0x00000000000fffff] reserved
May 23 21:08:33 (none) kern.info kernel: [    0.000000] BIOS-e820: [mem 0x0000000000100000-0x000000003f79ffff] usable
May 23 21:08:33 (none) kern.info kernel: [    0.000000] BIOS-e820: [mem 0x000000003f7a0000-0x000000003f7adfff] ACPI data
May 23 21:08:33 (none) kern.info kernel: [    0.000000] BIOS-e820: [mem 0x000000003f7ae000-0x000000003f7effff] ACPI NVS
May 23 21:08:33 (none) kern.info kernel: [    0.000000] BIOS-e820: [mem 0x000000003f7f0000-0x000000003f7fffff] reserved
May 23 21:08:33 (none) kern.info kernel: [    0.000000] BIOS-e820: [mem 0x00000000fee00000-0x00000000fee00fff] reserved
May 23 21:08:33 (none) kern.info kernel: [    0.000000] BIOS-e820: [mem 0x00000000fff80000-0x00000000ffffffff] reserved
May 23 21:08:33 (none) kern.info kernel: [    0.000000] NX (Execute Disable) protection: active
May 23 21:08:33 (none) kern.info kernel: [    0.000000] DMI present.
May 23 21:08:33 (none) kern.debug kernel: [    0.000000] DMI: ASUSTeK Computer INC. 1005HAG/1005HAG, BIOS 0204    11/04/2009
May 23 21:08:33 (none) kern.debug kernel: [    0.000000] e820: update [mem 0x00000000-0x0001ffff] usable ==> reserved
May 23 21:08:33 (none) kern.debug kernel: [    0.000000] e820: remove [mem 0x000a0000-0x000fffff] usable
May 23 21:08:33 (none) kern.info kernel: [    0.000000] e820: last_pfn = 0x3f7a0 max_arch_pfn = 0x1000000
May 23 21:08:33 (none) kern.debug kernel: [    0.000000] MTRR default type: uncachable
May 23 21:08:33 (none) kern.debug kernel: [    0.000000] MTRR fixed ranges enabled:
May 23 21:08:33 (none) kern.debug kernel: [    0.000000]   00000-9FFFF write-back
May 23 21:08:33 (none) kern.debug kernel: [    0.000000]   A0000-DFFFF uncachable
May 23 21:08:33 (none) kern.debug kernel: [    0.000000]   E0000-EFFFF write-through
May 23 21:08:33 (none) kern.debug kernel: [    0.000000]   F0000-FFFFF write-protect
May 23 21:08:33 (none) kern.debug kernel: [    0.000000] MTRR variable ranges enabled:
May 23 21:08:33 (none) kern.debug kernel: [    0.000000]   0 base 000000000 mask 0C0000000 write-back
May 23 21:08:33 (none) kern.debug kernel: [    0.000000]   1 base 03F800000 mask 0FF800000 uncachable
May 23 21:08:33 (none) kern.debug kernel: [    0.000000]   2 disabled
May 23 21:08:33 (none) kern.debug kernel: [    0.000000]   3 disabled
May 23 21:08:33 (none) kern.debug kernel: [    0.000000]   4 disabled
May 23 21:08:33 (none) kern.debug kernel: [    0.000000]   5 disabled
May 23 21:08:33 (none) kern.debug kernel: [    0.000000]   6 disabled
May 23 21:08:33 (none) kern.debug kernel: [    0.000000]   7 disabled
May 23 21:08:33 (none) kern.info kernel: [    0.000000] x86 PAT enabled: cpu 0, old 0x7040600070406, new 0x7010600070106
May 23 21:08:33 (none) kern.info kernel: [    0.000000] found SMP MP-table at [mem 0x000ff780-0x000ff78f] mapped at [c00ff780]
May 23 21:08:33 (none) kern.debug kernel: [    0.000000] initial memory mapped: [mem 0x00000000-0x02ffffff]
May 23 21:08:33 (none) kern.debug kernel: [    0.000000] Base memory trampoline at [c009b000] 9b000 size 16384
May 23 21:08:33 (none) kern.info kernel: [    0.000000] init_memory_mapping: [mem 0x00000000-0x375fdfff]
May 23 21:08:33 (none) kern.debug kernel: [    0.000000]  [mem 0x00000000-0x001fffff] page 4k
May 23 21:08:33 (none) kern.debug kernel: [    0.000000]  [mem 0x00200000-0x373fffff] page 2M
May 23 21:08:33 (none) kern.debug kernel: [    0.000000]  [mem 0x37400000-0x375fdfff] page 4k
May 23 21:08:33 (none) kern.debug kernel: [    0.000000] kernel direct mapping tables up to 0x375fdfff @ [mem 0x02ff7000-0x02ffffff]
May 23 21:08:33 (none) kern.warn kernel: [    0.000000] ACPI: RSDP 000fb9e0 00014 (v00 ACPIAM)
May 23 21:08:33 (none) kern.warn kernel: [    0.000000] ACPI: RSDT 3f7a0000 00040 (v01 _ASUS_ Notebook 11000904 MSFT 00000097)
May 23 21:08:33 (none) kern.warn kernel: [    0.000000] ACPI: FACP 3f7a0200 00084 (v02 A_M_I_ OEMFACP  11000904 MSFT 00000097)
May 23 21:08:33 (none) kern.warn kernel: [    0.000000] ACPI: DSDT 3f7a0430 08073 (v01  A1397 A1397000 00000000 INTL 20051117)
May 23 21:08:33 (none) kern.warn kernel: [    0.000000] ACPI: FACS 3f7ae000 00040
May 23 21:08:33 (none) kern.warn kernel: [    0.000000] ACPI: APIC 3f7a0390 0005C (v01 A_M_I_ OEMAPIC  11000904 MSFT 00000097)
May 23 21:08:33 (none) kern.warn kernel: [    0.000000] ACPI: MCFG 3f7a03f0 0003C (v01 A_M_I_ OEMMCFG  11000904 MSFT 00000097)
May 23 21:08:33 (none) kern.warn kernel: [    0.000000] ACPI: OEMB 3f7ae040 00061 (v01 A_M_I_ AMI_OEM  11000904 MSFT 00000097)
May 23 21:08:33 (none) kern.warn kernel: [    0.000000] ACPI: HPET 3f7a84b0 00038 (v01 A_M_I_ OEMHPET  11000904 MSFT 00000097)
May 23 21:08:33 (none) kern.warn kernel: [    0.000000] ACPI: SSDT 3f7aeb80 004F0 (v01  PmRef    CpuPm 00003000 INTL 20051117)
May 23 21:08:33 (none) kern.warn kernel: [    0.000000] ACPI: SLIC 3f7a84f0 00176 (v01 _ASUS_ Notebook 11000904 MSFT 00000097)
May 23 21:08:33 (none) kern.debug kernel: [    0.000000] ACPI: Local APIC address 0xfee00000
May 23 21:08:33 (none) kern.info kernel: [    0.000000] No NUMA configuration found
May 23 21:08:33 (none) kern.info kernel: [    0.000000] Faking a node at [mem 0x0000000000000000-0x000000003f79ffff]
May 23 21:08:33 (none) kern.debug kernel: [    0.000000] node 0 pfn: [0 - 3f7a0]
May 23 21:08:33 (none) kern.debug kernel: [    0.000000] remap_alloc: node 0 [3f400000-3f600000) -> [f7200000-f7400000)
May 23 21:08:33 (none) kern.info kernel: [    0.000000] Initmem setup node 0 [mem 0x00000000-0x3f79ffff]
May 23 21:08:33 (none) kern.info kernel: [    0.000000]   NODE_DATA [mem 0x37200000-0x37206fff] (remapped)
May 23 21:08:33 (none) kern.notice kernel: [    0.000000] 129MB HIGHMEM available.
May 23 21:08:33 (none) kern.notice kernel: [    0.000000] 885MB LOWMEM available.
May 23 21:08:33 (none) kern.debug kernel: [    0.000000] max_low_pfn = 375fe, highstart_pfn = 375fe
May 23 21:08:33 (none) kern.debug kernel: [    0.000000] Low memory ends at vaddr f75fe000
May 23 21:08:33 (none) kern.debug kernel: [    0.000000] High memory starts at vaddr f75fe000
May 23 21:08:33 (none) kern.info kernel: [    0.000000]   mapped low ram: 0 - 375fe000
May 23 21:08:33 (none) kern.info kernel: [    0.000000]   low ram: 0 - 375fe000
May 23 21:08:33 (none) kern.warn kernel: [    0.000000] Zone ranges:
May 23 21:08:33 (none) kern.warn kernel: [    0.000000]   DMA      [mem 0x00020000-0x00ffffff]
May 23 21:08:33 (none) kern.warn kernel: [    0.000000]   Normal   [mem 0x01000000-0x375fdfff]
May 23 21:08:33 (none) kern.warn kernel: [    0.000000]   HighMem  [mem 0x375fe000-0x3f79ffff]
May 23 21:08:33 (none) kern.warn kernel: [    0.000000] Movable zone start for each node
May 23 21:08:33 (none) kern.warn kernel: [    0.000000] Early memory node ranges
May 23 21:08:33 (none) kern.warn kernel: [    0.000000]   node   0: [mem 0x00020000-0x0009efff]
May 23 21:08:33 (none) kern.warn kernel: [    0.000000]   node   0: [mem 0x00100000-0x3f79ffff]
May 23 21:08:33 (none) kern.debug kernel: [    0.000000] On node 0 totalpages: 259871
May 23 21:08:33 (none) kern.debug kernel: [    0.000000]   DMA zone: 32 pages used for memmap
May 23 21:08:33 (none) kern.debug kernel: [    0.000000]   DMA zone: 0 pages reserved
May 23 21:08:33 (none) kern.debug kernel: [    0.000000]   DMA zone: 3935 pages, LIFO batch:0
May 23 21:08:33 (none) kern.debug kernel: [    0.000000]   Normal zone: 1740 pages used for memmap
May 23 21:08:33 (none) kern.debug kernel: [    0.000000]   Normal zone: 220978 pages, LIFO batch:31
May 23 21:08:33 (none) kern.debug kernel: [    0.000000]   HighMem zone: 260 pages used for memmap
May 23 21:08:33 (none) kern.debug kernel: [    0.000000]   HighMem zone: 32926 pages, LIFO batch:7
May 23 21:08:33 (none) kern.info kernel: [    0.000000] Using APIC driver default
May 23 21:08:33 (none) kern.info kernel: [    0.000000] ACPI: PM-Timer IO Port: 0x808
May 23 21:08:33 (none) kern.debug kernel: [    0.000000] ACPI: Local APIC address 0xfee00000
May 23 21:08:33 (none) kern.info kernel: [    0.000000] ACPI: LAPIC (acpi_id[0x01] lapic_id[0x00] enabled)
May 23 21:08:33 (none) kern.info kernel: [    0.000000] ACPI: LAPIC (acpi_id[0x02] lapic_id[0x01] enabled)
May 23 21:08:33 (none) kern.info kernel: [    0.000000] ACPI: IOAPIC (id[0x02] address[0xfec00000] gsi_base[0])
May 23 21:08:33 (none) kern.info kernel: [    0.000000] IOAPIC[0]: apic_id 2, version 32, address 0xfec00000, GSI 0-23
May 23 21:08:33 (none) kern.info kernel: [    0.000000] ACPI: INT_SRC_OVR (bus 0 bus_irq 0 global_irq 2 dfl dfl)
May 23 21:08:33 (none) kern.info kernel: [    0.000000] ACPI: INT_SRC_OVR (bus 0 bus_irq 9 global_irq 9 high level)
May 23 21:08:33 (none) kern.debug kernel: [    0.000000] ACPI: IRQ0 used by override.
May 23 21:08:33 (none) kern.debug kernel: [    0.000000] ACPI: IRQ2 used by override.
May 23 21:08:33 (none) kern.debug kernel: [    0.000000] ACPI: IRQ9 used by override.
May 23 21:08:33 (none) kern.info kernel: [    0.000000] Using ACPI (MADT) for SMP configuration information
May 23 21:08:33 (none) kern.info kernel: [    0.000000] ACPI: HPET id: 0xffffffff base: 0xfed00000
May 23 21:08:33 (none) kern.info kernel: [    0.000000] SMP: Allowing 2 CPUs, 0 hotplug CPUs
May 23 21:08:33 (none) kern.debug kernel: [    0.000000] nr_irqs_gsi: 40
May 23 21:08:33 (none) kern.info kernel: [    0.000000] PM: Registered nosave memory: 000000000009f000 - 00000000000a0000
May 23 21:08:33 (none) kern.info kernel: [    0.000000] PM: Registered nosave memory: 00000000000a0000 - 00000000000e2000
May 23 21:08:33 (none) kern.info kernel: [    0.000000] PM: Registered nosave memory: 00000000000e2000 - 0000000000100000
May 23 21:08:33 (none) kern.info kernel: [    0.000000] e820: [mem 0x3f800000-0xfedfffff] available for PCI devices
May 23 21:08:33 (none) kern.info kernel: [    0.000000] setup_percpu: NR_CPUS:64 nr_cpumask_bits:2 nr_cpu_ids:2 nr_node_ids:1
May 23 21:08:33 (none) kern.info kernel: [    0.000000] PERCPU: Embedded 332 pages/cpu @f6768000 s1337472 r0 d22400 u1359872
May 23 21:08:33 (none) kern.debug kernel: [    0.000000] pcpu-alloc: s1337472 r0 d22400 u1359872 alloc=332*4096
May 23 21:08:33 (none) kern.debug kernel: [    0.000000] pcpu-alloc: [0] 0 [0] 1 
May 23 21:08:33 (none) kern.warn kernel: [    0.000000] Built 1 zonelists in Zone order, mobility grouping on.  Total pages: 257839
May 23 21:08:33 (none) kern.warn kernel: [    0.000000] Policy zone: HighMem
May 23 21:08:33 (none) kern.notice kernel: [    0.000000] Kernel command line: panic=56 loglevel=3 root=/dev/sda9 loglevel=5 vga=ask reboot=f
May 23 21:08:33 (none) kern.info kernel: [    0.000000] PID hash table entries: 4096 (order: 2, 16384 bytes)
May 23 21:08:33 (none) kern.info kernel: [    0.000000] Dentry cache hash table entries: 131072 (order: 7, 524288 bytes)
May 23 21:08:33 (none) kern.info kernel: [    0.000000] Inode-cache hash table entries: 65536 (order: 6, 262144 bytes)
May 23 21:08:33 (none) kern.notice kernel: [    0.000000] __ex_table already sorted, skipping sort
May 23 21:08:33 (none) kern.info kernel: [    0.000000] Initializing CPU#0
May 23 21:08:33 (none) kern.info kernel: [    0.000000] Initializing HighMem for node 0 (000375fe:0003f7a0)
May 23 21:08:33 (none) kern.info kernel: [    0.000000] Memory: 995888k/1040000k available (12431k kernel code, 41548k reserved, 6496k data, 2096k init, 130696k highmem)
May 23 21:08:33 (none) kern.info kernel: [    0.000000] virtual kernel memory layout:
May 23 21:08:33 (none) kern.info kernel: [    0.000000]     fixmap  : 0xffab7000 - 0xfffff000   (5408 kB)
May 23 21:08:33 (none) kern.info kernel: [    0.000000]     pkmap   : 0xff600000 - 0xff800000   (2048 kB)
May 23 21:08:33 (none) kern.info kernel: [    0.000000]     vmalloc : 0xf7dfe000 - 0xff5fe000   ( 120 MB)
May 23 21:08:33 (none) kern.info kernel: [    0.000000]     lowmem  : 0xc0000000 - 0xf75fe000   ( 885 MB)
May 23 21:08:33 (none) kern.info kernel: [    0.000000]       .init : 0xc227c000 - 0xc2488000   (2096 kB)
May 23 21:08:33 (none) kern.info kernel: [    0.000000]       .data : 0xc1c23c3e - 0xc227bc80   (6496 kB)
May 23 21:08:33 (none) kern.info kernel: [    0.000000]       .text : 0xc1000000 - 0xc1c23c3e   (12431 kB)
May 23 21:08:33 (none) kern.info kernel: [    0.000000] Checking if this processor honours the WP bit even in supervisor mode...Ok.
May 23 21:08:33 (none) kern.info kernel: [    0.000000] Hierarchical RCU implementation.
May 23 21:08:33 (none) kern.info kernel: [    0.000000] 	Hierarchical RCU autobalancing is disabled.
May 23 21:08:33 (none) kern.info kernel: [    0.000000] NR_IRQS:4352 nr_irqs:512 16
May 23 21:08:33 (none) kern.debug kernel: [    0.000000] CPU 0 irqstacks, hard=f600c000 soft=f600e000
May 23 21:08:33 (none) kern.info kernel: [    0.000000] kmemleak: Kernel memory leak detector disabled
May 23 21:08:33 (none) kern.info kernel: [    0.000000] Console: colour VGA+ 80x25
May 23 21:08:33 (none) kern.info kernel: [    0.000000] console [tty0] enabled
May 23 21:08:33 (none) kern.warn kernel: [    0.000000] Lock dependency validator: Copyright (c) 2006 Red Hat, Inc., Ingo Molnar
May 23 21:08:33 (none) kern.warn kernel: [    0.000000] ... MAX_LOCKDEP_SUBCLASSES:  8
May 23 21:08:33 (none) kern.warn kernel: [    0.000000] ... MAX_LOCK_DEPTH:          48
May 23 21:08:33 (none) kern.warn kernel: [    0.000000] ... MAX_LOCKDEP_KEYS:        8191
May 23 21:08:33 (none) kern.warn kernel: [    0.000000] ... CLASSHASH_SIZE:          4096
May 23 21:08:33 (none) kern.warn kernel: [    0.000000] ... MAX_LOCKDEP_ENTRIES:     16384
May 23 21:08:33 (none) kern.warn kernel: [    0.000000] ... MAX_LOCKDEP_CHAINS:      32768
May 23 21:08:33 (none) kern.warn kernel: [    0.000000] ... CHAINHASH_SIZE:          16384
May 23 21:08:33 (none) kern.warn kernel: [    0.000000]  memory used by lock dependency info: 3807 kB
May 23 21:08:33 (none) kern.warn kernel: [    0.000000]  per task-struct memory footprint: 1920 bytes
May 23 21:08:33 (none) kern.warn kernel: [    0.000000] ------------------------
May 23 21:08:33 (none) kern.warn kernel: [    0.000000] | Locking API testsuite:
May 23 21:08:33 (none) kern.warn kernel: [    0.000000] ----------------------------------------------------------------------------
May 23 21:08:33 (none) kern.warn kernel: [    0.000000]                                  | spin |wlock |rlock |mutex | wsem | rsem |
May 23 21:08:33 (none) kern.warn kernel: [    0.000000]   --------------------------------------------------------------------------
May 23 21:08:33 (none) kern.warn kernel: [    0.000000]                      A-A deadlock:failed|failed|  ok  |failed|failed|failed|
May 23 21:08:33 (none) kern.warn kernel: [    0.000000]                  A-B-B-A deadlock:failed|failed|  ok  |failed|failed|failed|
May 23 21:08:33 (none) kern.warn kernel: [    0.000000]              A-B-B-C-C-A deadlock:failed|failed|  ok  |failed|failed|failed|
May 23 21:08:33 (none) kern.warn kernel: [    0.000000]              A-B-C-A-B-C deadlock:failed|failed|  ok  |failed|failed|failed|
May 23 21:08:33 (none) kern.warn kernel: [    0.000000]          A-B-B-C-C-D-D-A deadlock:failed|failed|  ok  |failed|failed|failed|
May 23 21:08:33 (none) kern.warn kernel: [    0.000000]          A-B-C-D-B-D-D-A deadlock:failed|failed|  ok  |failed|failed|failed|
May 23 21:08:33 (none) kern.warn kernel: [    0.000000]          A-B-C-D-B-C-D-A deadlock:failed|failed|  ok  |failed|failed|failed|
May 23 21:08:33 (none) kern.warn kernel: [    0.000000]                     double unlock:  ok  |  ok  |  ok  |  ok  |  ok  |  ok  |
May 23 21:08:33 (none) kern.warn kernel: [    0.000000]                   initialize held:  ok  |  ok  |  ok  |  ok  |  ok  |  ok  |
May 23 21:08:33 (none) kern.warn kernel: [    0.000000]                  bad unlock order:  ok  |  ok  |  ok  |  ok  |  ok  |  ok  |
May 23 21:08:33 (none) kern.warn kernel: [    0.000000]   --------------------------------------------------------------------------
May 23 21:08:33 (none) kern.warn kernel: [    0.000000]               recursive read-lock:             |  ok  |             |failed|
May 23 21:08:33 (none) kern.warn kernel: [    0.000000]            recursive read-lock #2:             |  ok  |             |failed|
May 23 21:08:33 (none) kern.warn kernel: [    0.000000]             mixed read-write-lock:             |failed|             |failed|
May 23 21:08:33 (none) kern.warn kernel: [    0.000000]             mixed write-read-lock:             |failed|             |failed|
May 23 21:08:33 (none) kern.warn kernel: [    0.000000]   --------------------------------------------------------------------------
May 23 21:08:33 (none) kern.warn kernel: [    0.000000]      hard-irqs-on + irq-safe-A/12:failed|failed|  ok  |
May 23 21:08:33 (none) kern.warn kernel: [    0.000000]      soft-irqs-on + irq-safe-A/12:failed|failed|  ok  |
May 23 21:08:33 (none) kern.warn kernel: [    0.000000]      hard-irqs-on + irq-safe-A/21:failed|failed|  ok  |
May 23 21:08:33 (none) kern.warn kernel: [    0.000000]      soft-irqs-on + irq-safe-A/21:failed|failed|  ok  |
May 23 21:08:33 (none) kern.warn kernel: [    0.000000]        sirq-safe-A => hirqs-on/12:failed|failed|  ok  |
May 23 21:08:33 (none) kern.warn kernel: [    0.000000]        sirq-safe-A => hirqs-on/21:failed|failed|  ok  |
May 23 21:08:33 (none) kern.warn kernel: [    0.000000]          hard-safe-A + irqs-on/12:failed|failed|  ok  |
May 23 21:08:33 (none) kern.warn kernel: [    0.000000]          soft-safe-A + irqs-on/12:failed|failed|  ok  |
May 23 21:08:33 (none) kern.warn kernel: [    0.000000]          hard-safe-A + irqs-on/21:failed|failed|  ok  |
May 23 21:08:33 (none) kern.warn kernel: [    0.000000]          soft-safe-A + irqs-on/21:failed|failed|  ok  |
May 23 21:08:33 (none) kern.warn kernel: [    0.000000]     hard-safe-A + unsafe-B #1/123:failed|failed|  ok  |
May 23 21:08:33 (none) kern.warn kernel: [    0.000000]     soft-safe-A + unsafe-B #1/123:failed|failed|  ok  |
May 23 21:08:33 (none) kern.warn kernel: [    0.000000]     hard-safe-A + unsafe-B #1/132:failed|failed|  ok  |
May 23 21:08:33 (none) kern.warn kernel: [    0.000000]     soft-safe-A + unsafe-B #1/132:failed|failed|  ok  |
May 23 21:08:33 (none) kern.warn kernel: [    0.000000]     hard-safe-A + unsafe-B #1/213:failed|failed|  ok  |
May 23 21:08:33 (none) kern.warn kernel: [    0.000000]     soft-safe-A + unsafe-B #1/213:failed|failed|  ok  |
May 23 21:08:33 (none) kern.warn kernel: [    0.000000]     hard-safe-A + unsafe-B #1/231:failed|failed|  ok  |
May 23 21:08:33 (none) kern.warn kernel: [    0.000000]     soft-safe-A + unsafe-B #1/231:failed|failed|  ok  |
May 23 21:08:33 (none) kern.warn kernel: [    0.000000]     hard-safe-A + unsafe-B #1/312:failed|failed|  ok  |
May 23 21:08:33 (none) kern.warn kernel: [    0.000000]     soft-safe-A + unsafe-B #1/312:failed|failed|  ok  |
May 23 21:08:33 (none) kern.warn kernel: [    0.000000]     hard-safe-A + unsafe-B #1/321:failed|failed|  ok  |
May 23 21:08:33 (none) kern.warn kernel: [    0.000000]     soft-safe-A + unsafe-B #1/321:failed|failed|  ok  |
May 23 21:08:33 (none) kern.warn kernel: [    0.000000]     hard-safe-A + unsafe-B #2/123:failed|failed|  ok  |
May 23 21:08:33 (none) kern.warn kernel: [    0.000000]     soft-safe-A + unsafe-B #2/123:failed|failed|  ok  |
May 23 21:08:33 (none) kern.warn kernel: [    0.000000]     hard-safe-A + unsafe-B #2/132:failed|failed|  ok  |
May 23 21:08:33 (none) kern.warn kernel: [    0.000000]     soft-safe-A + unsafe-B #2/132:failed|failed|  ok  |
May 23 21:08:33 (none) kern.warn kernel: [    0.000000]     hard-safe-A + unsafe-B #2/213:failed|failed|  ok  |
May 23 21:08:33 (none) kern.warn kernel: [    0.000000]     soft-safe-A + unsafe-B #2/213:failed|failed|  ok  |
May 23 21:08:33 (none) kern.warn kernel: [    0.000000]     hard-safe-A + unsafe-B #2/231:failed|failed|  ok  |
May 23 21:08:33 (none) kern.warn kernel: [    0.000000]     soft-safe-A + unsafe-B #2/231:failed|failed|  ok  |
May 23 21:08:33 (none) kern.warn kernel: [    0.000000]     hard-safe-A + unsafe-B #2/312:failed|failed|  ok  |
May 23 21:08:33 (none) kern.warn kernel: [    0.000000]     soft-safe-A + unsafe-B #2/312:failed|failed|  ok  |
May 23 21:08:33 (none) kern.warn kernel: [    0.000000]     hard-safe-A + unsafe-B #2/321:failed|failed|  ok  |
May 23 21:08:33 (none) kern.warn kernel: [    0.000000]     soft-safe-A + unsafe-B #2/321:failed|failed|  ok  |
May 23 21:08:33 (none) kern.warn kernel: [    0.000000]       hard-irq lock-inversion/123:failed|failed|  ok  |
May 23 21:08:33 (none) kern.warn kernel: [    0.000000]       soft-irq lock-inversion/123:failed|failed|  ok  |
May 23 21:08:33 (none) kern.warn kernel: [    0.000000]       hard-irq lock-inversion/132:failed|failed|  ok  |
May 23 21:08:33 (none) kern.warn kernel: [    0.000000]       soft-irq lock-inversion/132:failed|failed|  ok  |
May 23 21:08:33 (none) kern.warn kernel: [    0.000000]       hard-irq lock-inversion/213:failed|failed|  ok  |
May 23 21:08:33 (none) kern.warn kernel: [    0.000000]       soft-irq lock-inversion/213:failed|failed|  ok  |
May 23 21:08:33 (none) kern.warn kernel: [    0.000000]       hard-irq lock-inversion/231:failed|failed|  ok  |
May 23 21:08:33 (none) kern.warn kernel: [    0.000000]       soft-irq lock-inversion/231:failed|failed|  ok  |
May 23 21:08:33 (none) kern.warn kernel: [    0.000000]       hard-irq lock-inversion/312:failed|failed|  ok  |
May 23 21:08:33 (none) kern.warn kernel: [    0.000000]       soft-irq lock-inversion/312:failed|failed|  ok  |
May 23 21:08:33 (none) kern.warn kernel: [    0.000000]       hard-irq lock-inversion/321:failed|failed|  ok  |
May 23 21:08:33 (none) kern.warn kernel: [    0.000000]       soft-irq lock-inversion/321:failed|failed|  ok  |
May 23 21:08:33 (none) kern.warn kernel: [    0.000000]       hard-irq read-recursion/123:  ok  |
May 23 21:08:33 (none) kern.warn kernel: [    0.000000]       soft-irq read-recursion/123:  ok  |
May 23 21:08:33 (none) kern.warn kernel: [    0.000000]       hard-irq read-recursion/132:  ok  |
May 23 21:08:33 (none) kern.warn kernel: [    0.000000]       soft-irq read-recursion/132:  ok  |
May 23 21:08:33 (none) kern.warn kernel: [    0.000000]       hard-irq read-recursion/213:  ok  |
May 23 21:08:33 (none) kern.warn kernel: [    0.000000]       soft-irq read-recursion/213:  ok  |
May 23 21:08:33 (none) kern.warn kernel: [    0.000000]       hard-irq read-recursion/231:  ok  |
May 23 21:08:33 (none) kern.warn kernel: [    0.000000]       soft-irq read-recursion/231:  ok  |
May 23 21:08:33 (none) kern.warn kernel: [    0.000000]       hard-irq read-recursion/312:  ok  |
May 23 21:08:33 (none) kern.warn kernel: [    0.000000]       soft-irq read-recursion/312:  ok  |
May 23 21:08:33 (none) kern.warn kernel: [    0.000000]       hard-irq read-recursion/321:  ok  |
May 23 21:08:33 (none) kern.warn kernel: [    0.000000]       soft-irq read-recursion/321:  ok  |
May 23 21:08:33 (none) kern.warn kernel: [    0.000000] --------------------------------------------------------
May 23 21:08:33 (none) kern.warn kernel: [    0.000000] 133 out of 218 testcases failed, as expected. |
May 23 21:08:33 (none) kern.warn kernel: [    0.000000] ----------------------------------------------------
May 23 21:08:33 (none) kern.debug kernel: [    0.000000] hpet clockevent registered
May 23 21:08:33 (none) kern.warn kernel: [    0.000000] Fast TSC calibration using PIT
May 23 21:08:33 (none) kern.warn kernel: [    0.000000] Detected 1599.874 MHz processor.
May 23 21:08:33 (none) kern.info kernel: [    0.001005] Calibrating delay loop (skipped), value calculated using timer frequency.. 3199.74 BogoMIPS (lpj=1599874)
May 23 21:08:33 (none) kern.info kernel: [    0.001016] pid_max: default: 32768 minimum: 301
May 23 21:08:33 (none) kern.info kernel: [    0.001324] Security Framework initialized
May 23 21:08:33 (none) kern.info kernel: [    0.002052] Mount-cache hash table entries: 512
May 23 21:08:33 (none) kern.info kernel: [    0.003677] Disabled fast string operations
May 23 21:08:33 (none) kern.info kernel: [    0.003688] CPU: Physical Processor ID: 0
May 23 21:08:33 (none) kern.info kernel: [    0.003693] CPU: Processor Core ID: 0
May 23 21:08:33 (none) kern.info kernel: [    0.003701] mce: CPU supports 5 MCE banks
May 23 21:08:33 (none) kern.info kernel: [    0.003717] CPU0: Thermal monitoring enabled (TM2)
May 23 21:08:33 (none) kern.info kernel: [    0.003728] using mwait in idle threads.
May 23 21:08:33 (none) kern.debug kernel: [    0.003736] numa_add_cpu cpu 0 node 0: mask now 0
May 23 21:08:33 (none) kern.info kernel: [    0.004016] ACPI: Core revision 20120320
May 23 21:08:33 (none) kern.info kernel: [    0.030370] Enabling APIC mode:  Flat.  Using 1 I/O APICs
May 23 21:08:33 (none) kern.info kernel: [    0.031552] ..TIMER: vector=0x30 apic1=0 pin1=2 apic2=-1 pin2=-1
May 23 21:08:33 (none) kern.info kernel: [    0.041571] CPU0: Intel(R) Atom(TM) CPU N270   @ 1.60GHz stepping 02
May 23 21:08:33 (none) kern.warn kernel: [    0.041996] APIC calibration not consistent with PM-Timer: 159ms instead of 100ms
May 23 21:08:33 (none) kern.info kernel: [    0.041996] APIC delta adjusted to PM-Timer: 833236 (1333163)
May 23 21:08:33 (none) kern.info kernel: [    0.041996] Performance Events: PEBS fmt0+, LBR disabled due to erratumAtom events, Intel PMU driver.
May 23 21:08:33 (none) kern.info kernel: [    0.041996] ... version:                3
May 23 21:08:33 (none) kern.info kernel: [    0.041996] ... bit width:              40
May 23 21:08:33 (none) kern.info kernel: [    0.041996] ... generic registers:      2
May 23 21:08:33 (none) kern.info kernel: [    0.041996] ... value mask:             000000ffffffffff
May 23 21:08:33 (none) kern.info kernel: [    0.041996] ... max period:             000000007fffffff
May 23 21:08:33 (none) kern.info kernel: [    0.041996] ... fixed-purpose events:   3
May 23 21:08:33 (none) kern.info kernel: [    0.041996] ... event mask:             0000000700000003
May 23 21:08:33 (none) kern.info kernel: [    0.044138] NMI watchdog: enabled on all CPUs, permanently consumes one hw-PMU counter.
May 23 21:08:33 (none) kern.warn kernel: [    0.045324] lockdep: fixing up alternatives.
May 23 21:08:33 (none) kern.debug kernel: [    0.045452] CPU 1 irqstacks, hard=f60ec000 soft=f60ee000
May 23 21:08:33 (none) kern.info kernel: [    0.045458] Booting Node   0, Processors  #1 Ok.
May 23 21:08:33 (none) kern.info kernel: [    0.001999] Initializing CPU#1
May 23 21:08:33 (none) kern.info kernel: [    0.001999] Disabled fast string operations
May 23 21:08:33 (none) kern.debug kernel: [    0.001999] numa_add_cpu cpu 1 node 0: mask now 0-1
May 23 21:08:33 (none) kern.info kernel: [    0.058054] Brought up 2 CPUs
May 23 21:08:33 (none) kern.info kernel: [    0.058074] Total of 2 processors activated (6399.49 BogoMIPS).
May 23 21:08:33 (none) kern.info kernel: [    0.060028] devtmpfs: initialized
May 23 21:08:33 (none) kern.info kernel: [    0.062396] PM: Registering ACPI NVS region [mem 0x3f7ae000-0x3f7effff] (270336 bytes)
May 23 21:08:33 (none) kern.info kernel: [    0.063257] xor: automatically using best checksumming function:
May 23 21:08:33 (none) kern.info kernel: [    0.073002]    pIII_sse  :  4892.000 MB/sec
May 23 21:08:33 (none) kern.info kernel: [    0.073019] atomic64 test passed for i586+ platform with CX8 and with SSE
May 23 21:08:33 (none) kern.info kernel: [    0.073687] dummy: 
May 23 21:08:33 (none) kern.info kernel: [    0.073933] RTC time: 21:08:07, date: 05/23/13
May 23 21:08:33 (none) kern.info kernel: [    0.074400] NET: Registered protocol family 16
May 23 21:08:33 (none) kern.info kernel: [    0.075928] EISA bus registered
May 23 21:08:33 (none) kern.info kernel: [    0.076587] ACPI: bus type pci registered
May 23 21:08:33 (none) kern.info kernel: [    0.077025] PCI: MMCONFIG for domain 0000 [bus 00-3f] at [mem 0xe0000000-0xe3ffffff] (base 0xe0000000)
May 23 21:08:33 (none) kern.info kernel: [    0.077032] PCI: not using MMCONFIG
May 23 21:08:33 (none) kern.info kernel: [    0.077439] PCI : PCI BIOS area is rw and x. Use pci=nobios if you want it NX.
May 23 21:08:33 (none) kern.info kernel: [    0.077554] PCI: PCI BIOS revision 3.00 entry at 0xf0031, last bus=5
May 23 21:08:33 (none) kern.info kernel: [    0.077559] PCI: Using configuration type 1 for base access
May 23 21:08:33 (none) kern.info kernel: [    0.134336] bio: create slab <bio-0> at 0
May 23 21:08:33 (none) kern.warn kernel: [    0.151434] raid6: mmxx1      355 MB/s
May 23 21:08:33 (none) kern.warn kernel: [    0.168280] raid6: mmxx2      667 MB/s
May 23 21:08:33 (none) kern.warn kernel: [    0.185428] raid6: sse1x1     292 MB/s
May 23 21:08:33 (none) kern.warn kernel: [    0.202279] raid6: sse1x2     527 MB/s
May 23 21:08:33 (none) kern.warn kernel: [    0.219329] raid6: sse2x1     582 MB/s
May 23 21:08:33 (none) kern.warn kernel: [    0.236315] raid6: sse2x2    1054 MB/s
May 23 21:08:33 (none) kern.warn kernel: [    0.236422] raid6: using algorithm sse2x2 (1054 MB/s)
May 23 21:08:33 (none) kern.warn kernel: [    0.236532] raid6: using ssse3x1 recovery algorithm
May 23 21:08:33 (none) kern.info kernel: [    0.237127] ACPI: Added _OSI(Module Device)
May 23 21:08:33 (none) kern.info kernel: [    0.237138] ACPI: Added _OSI(Processor Device)
May 23 21:08:33 (none) kern.info kernel: [    0.237147] ACPI: Added _OSI(3.0 _SCP Extensions)
May 23 21:08:33 (none) kern.info kernel: [    0.237156] ACPI: Added _OSI(Processor Aggregator Device)
May 23 21:08:33 (none) kern.debug kernel: [    0.262032] ACPI: EC: Look up EC in DSDT
May 23 21:08:33 (none) kern.notice kernel: [    0.287499] [Firmware Bug]: ACPI: BIOS _OSI(Linux) query ignored
May 23 21:08:33 (none) kern.warn kernel: [    0.288568] ACPI: Executed 2 blocks of module-level executable AML code
May 23 21:08:33 (none) kern.warn kernel: [    0.305669] ACPI: SSDT 3f7ae180 0023C (v01  PmRef  Cpu0Ist 00003000 INTL 20051117)
May 23 21:08:33 (none) kern.warn kernel: [    0.312617] ACPI: Dynamic OEM Table Load:
May 23 21:08:33 (none) kern.warn kernel: [    0.312823] ACPI: SSDT   (null) 0023C (v01  PmRef  Cpu0Ist 00003000 INTL 20051117)
May 23 21:08:33 (none) kern.warn kernel: [    0.313623] ACPI: SSDT 3f7ae450 00724 (v01  PmRef  Cpu0Cst 00003001 INTL 20051117)
May 23 21:08:33 (none) kern.warn kernel: [    0.320510] ACPI: Dynamic OEM Table Load:
May 23 21:08:33 (none) kern.warn kernel: [    0.320712] ACPI: SSDT   (null) 00724 (v01  PmRef  Cpu0Cst 00003001 INTL 20051117)
May 23 21:08:33 (none) kern.warn kernel: [    0.322016] ACPI: SSDT 3f7ae0b0 000CC (v01  PmRef  Cpu1Ist 00003000 INTL 20051117)
May 23 21:08:33 (none) kern.warn kernel: [    0.328892] ACPI: Dynamic OEM Table Load:
May 23 21:08:33 (none) kern.warn kernel: [    0.329063] ACPI: SSDT   (null) 000CC (v01  PmRef  Cpu1Ist 00003000 INTL 20051117)
May 23 21:08:33 (none) kern.warn kernel: [    0.329724] ACPI: SSDT 3f7ae3c0 00085 (v01  PmRef  Cpu1Cst 00003000 INTL 20051117)
May 23 21:08:33 (none) kern.warn kernel: [    0.336680] ACPI: Dynamic OEM Table Load:
May 23 21:08:33 (none) kern.warn kernel: [    0.336882] ACPI: SSDT   (null) 00085 (v01  PmRef  Cpu1Cst 00003000 INTL 20051117)
May 23 21:08:33 (none) kern.info kernel: [    0.341348] ACPI: Interpreter enabled
May 23 21:08:33 (none) kern.info kernel: [    0.341369] ACPI: (supports S0 S3 S4 S5)
May 23 21:08:33 (none) kern.info kernel: [    0.341527] ACPI: Using IOAPIC for interrupt routing
May 23 21:08:33 (none) kern.info kernel: [    0.341646] PCI: MMCONFIG for domain 0000 [bus 00-3f] at [mem 0xe0000000-0xe3ffffff] (base 0xe0000000)
May 23 21:08:33 (none) kern.info kernel: [    0.344894] PCI: MMCONFIG at [mem 0xe0000000-0xe3ffffff] reserved in ACPI motherboard resources
May 23 21:08:33 (none) kern.info kernel: [    0.344901] PCI: Using MMCONFIG for extended config space
May 23 21:08:33 (none) kern.info kernel: [    0.399523] ACPI: EC: GPE = 0x1c, I/O: command/status = 0x66, data = 0x62
May 23 21:08:33 (none) kern.info kernel: [    0.402108] ACPI: No dock devices found.
May 23 21:08:33 (none) kern.info kernel: [    0.402124] PCI: Using host bridge windows from ACPI; if necessary, use "pci=nocrs" and report a bug
May 23 21:08:33 (none) kern.info kernel: [    0.402472] ACPI: PCI Root Bridge [PCI0] (domain 0000 [bus 00-ff])
May 23 21:08:33 (none) kern.info kernel: [    0.403040] pci_root PNP0A08:00: host bridge window [io  0x0000-0x0cf7]
May 23 21:08:33 (none) kern.info kernel: [    0.403050] pci_root PNP0A08:00: host bridge window [io  0x0d00-0xffff]
May 23 21:08:33 (none) kern.info kernel: [    0.403058] pci_root PNP0A08:00: host bridge window [mem 0x000a0000-0x000bffff]
May 23 21:08:33 (none) kern.info kernel: [    0.403066] pci_root PNP0A08:00: host bridge window [mem 0x000d0000-0x000dffff]
May 23 21:08:33 (none) kern.info kernel: [    0.403073] pci_root PNP0A08:00: host bridge window [mem 0x3f800000-0xffffffff]
May 23 21:08:33 (none) kern.info kernel: [    0.403406] PCI host bridge to bus 0000:00
May 23 21:08:33 (none) kern.info kernel: [    0.403418] pci_bus 0000:00: root bus resource [io  0x0000-0x0cf7]
May 23 21:08:33 (none) kern.info kernel: [    0.403426] pci_bus 0000:00: root bus resource [io  0x0d00-0xffff]
May 23 21:08:33 (none) kern.info kernel: [    0.403434] pci_bus 0000:00: root bus resource [mem 0x000a0000-0x000bffff]
May 23 21:08:33 (none) kern.info kernel: [    0.403442] pci_bus 0000:00: root bus resource [mem 0x000d0000-0x000dffff]
May 23 21:08:33 (none) kern.info kernel: [    0.403450] pci_bus 0000:00: root bus resource [mem 0x3f800000-0xffffffff]
May 23 21:08:33 (none) kern.debug kernel: [    0.403536] pci 0000:00:00.0: [8086:27ac] type 00 class 0x060000
May 23 21:08:33 (none) kern.debug kernel: [    0.403800] pci 0000:00:02.0: [8086:27ae] type 00 class 0x030000
May 23 21:08:33 (none) kern.debug kernel: [    0.403854] pci 0000:00:02.0: reg 10: [mem 0xf7e00000-0xf7e7ffff]
May 23 21:08:33 (none) kern.debug kernel: [    0.403883] pci 0000:00:02.0: reg 14: [io  0xdc00-0xdc07]
May 23 21:08:33 (none) kern.debug kernel: [    0.403912] pci 0000:00:02.0: reg 18: [mem 0xd0000000-0xdfffffff pref]
May 23 21:08:33 (none) kern.debug kernel: [    0.403940] pci 0000:00:02.0: reg 1c: [mem 0xf7dc0000-0xf7dfffff]
May 23 21:08:33 (none) kern.debug kernel: [    0.404174] pci 0000:00:02.1: [8086:27a6] type 00 class 0x038000
May 23 21:08:33 (none) kern.debug kernel: [    0.404220] pci 0000:00:02.1: reg 10: [mem 0xf7e80000-0xf7efffff]
May 23 21:08:33 (none) kern.debug kernel: [    0.404649] pci 0000:00:1b.0: [8086:27d8] type 00 class 0x040300
May 23 21:08:33 (none) kern.debug kernel: [    0.404714] pci 0000:00:1b.0: reg 10: [mem 0xf7db8000-0xf7dbbfff 64bit]
May 23 21:08:33 (none) kern.debug kernel: [    0.405015] pci 0000:00:1b.0: PME# supported from D0 D3hot D3cold
May 23 21:08:33 (none) kern.debug kernel: [    0.405167] pci 0000:00:1c.0: [8086:27d0] type 01 class 0x060400
May 23 21:08:33 (none) kern.debug kernel: [    0.405482] pci 0000:00:1c.0: PME# supported from D0 D3hot D3cold
May 23 21:08:33 (none) kern.debug kernel: [    0.405588] pci 0000:00:1c.1: [8086:27d2] type 01 class 0x060400
May 23 21:08:33 (none) kern.debug kernel: [    0.405893] pci 0000:00:1c.1: PME# supported from D0 D3hot D3cold
May 23 21:08:33 (none) kern.debug kernel: [    0.406025] pci 0000:00:1c.3: [8086:27d6] type 01 class 0x060400
May 23 21:08:33 (none) kern.debug kernel: [    0.406338] pci 0000:00:1c.3: PME# supported from D0 D3hot D3cold
May 23 21:08:33 (none) kern.debug kernel: [    0.406449] pci 0000:00:1d.0: [8086:27c8] type 00 class 0x0c0300
May 23 21:08:33 (none) kern.debug kernel: [    0.406606] pci 0000:00:1d.0: reg 20: [io  0xd400-0xd41f]
May 23 21:08:33 (none) kern.debug kernel: [    0.406744] pci 0000:00:1d.1: [8086:27c9] type 00 class 0x0c0300
May 23 21:08:33 (none) kern.debug kernel: [    0.406901] pci 0000:00:1d.1: reg 20: [io  0xd480-0xd49f]
May 23 21:08:33 (none) kern.debug kernel: [    0.407042] pci 0000:00:1d.2: [8086:27ca] type 00 class 0x0c0300
May 23 21:08:33 (none) kern.debug kernel: [    0.407197] pci 0000:00:1d.2: reg 20: [io  0xd800-0xd81f]
May 23 21:08:33 (none) kern.debug kernel: [    0.407344] pci 0000:00:1d.3: [8086:27cb] type 00 class 0x0c0300
May 23 21:08:33 (none) kern.debug kernel: [    0.407501] pci 0000:00:1d.3: reg 20: [io  0xd880-0xd89f]
May 23 21:08:33 (none) kern.debug kernel: [    0.407664] pci 0000:00:1d.7: [8086:27cc] type 00 class 0x0c0320
May 23 21:08:33 (none) kern.debug kernel: [    0.407732] pci 0000:00:1d.7: reg 10: [mem 0xf7db7c00-0xf7db7fff]
May 23 21:08:33 (none) kern.debug kernel: [    0.408032] pci 0000:00:1d.7: PME# supported from D0 D3hot D3cold
May 23 21:08:33 (none) kern.debug kernel: [    0.408121] pci 0000:00:1e.0: [8086:2448] type 01 class 0x060401
May 23 21:08:33 (none) kern.debug kernel: [    0.408396] pci 0000:00:1f.0: [8086:27b9] type 00 class 0x060100
May 23 21:08:33 (none) kern.info kernel: [    0.408658] pci 0000:00:1f.0: ICH7 LPC Generic IO decode 1 PIO at 0380 (mask 0003)
May 23 21:08:33 (none) kern.info kernel: [    0.408670] pci 0000:00:1f.0: ICH7 LPC Generic IO decode 2 PIO at 0290 (mask 0007)
May 23 21:08:33 (none) kern.info kernel: [    0.408681] pci 0000:00:1f.0: ICH7 LPC Generic IO decode 3 PIO at 0068 (mask 0007)
May 23 21:08:33 (none) kern.debug kernel: [    0.408853] pci 0000:00:1f.2: [8086:27c5] type 00 class 0x010601
May 23 21:08:33 (none) kern.debug kernel: [    0.408920] pci 0000:00:1f.2: reg 10: [io  0xd080-0xd087]
May 23 21:08:33 (none) kern.debug kernel: [    0.408970] pci 0000:00:1f.2: reg 14: [io  0xd000-0xd003]
May 23 21:08:33 (none) kern.debug kernel: [    0.409005] pci 0000:00:1f.2: reg 18: [io  0xcc00-0xcc07]
May 23 21:08:33 (none) kern.debug kernel: [    0.409040] pci 0000:00:1f.2: reg 1c: [io  0xc880-0xc883]
May 23 21:08:33 (none) kern.debug kernel: [    0.409074] pci 0000:00:1f.2: reg 20: [io  0xc800-0xc80f]
May 23 21:08:33 (none) kern.debug kernel: [    0.409109] pci 0000:00:1f.2: reg 24: [mem 0xf7db7800-0xf7db7bff]
May 23 21:08:33 (none) kern.debug kernel: [    0.409278] pci 0000:00:1f.2: PME# supported from D3hot
May 23 21:08:33 (none) kern.info kernel: [    0.409512] pci 0000:00:1c.0: PCI bridge to [bus 04-04]
May 23 21:08:33 (none) kern.debug kernel: [    0.409779] pci 0000:02:00.0: [168c:002b] type 00 class 0x028000
May 23 21:08:33 (none) kern.debug kernel: [    0.409852] pci 0000:02:00.0: reg 10: [mem 0xfbff0000-0xfbffffff 64bit]
May 23 21:08:33 (none) kern.debug kernel: [    0.410188] pci 0000:02:00.0: supports D1
May 23 21:08:33 (none) kern.debug kernel: [    0.410196] pci 0000:02:00.0: PME# supported from D0 D1 D3hot D3cold
May 23 21:08:33 (none) kern.info kernel: [    0.410397] pci 0000:00:1c.1: PCI bridge to [bus 02-03]
May 23 21:08:33 (none) kern.debug kernel: [    0.410422] pci 0000:00:1c.1:   bridge window [mem 0xf8000000-0xfbffffff]
May 23 21:08:33 (none) kern.debug kernel: [    0.410446] pci 0000:00:1c.1:   bridge window [mem 0xf0000000-0xf6ffffff 64bit pref]
May 23 21:08:33 (none) kern.debug kernel: [    0.410683] pci 0000:01:00.0: [1969:1062] type 00 class 0x020000
May 23 21:08:33 (none) kern.debug kernel: [    0.410756] pci 0000:01:00.0: reg 10: [mem 0xf7fc0000-0xf7ffffff 64bit]
May 23 21:08:33 (none) kern.debug kernel: [    0.410795] pci 0000:01:00.0: reg 18: [io  0xec00-0xec7f]
May 23 21:08:33 (none) kern.debug kernel: [    0.411121] pci 0000:01:00.0: PME# supported from D0 D1 D2 D3hot D3cold
May 23 21:08:33 (none) kern.info kernel: [    0.411284] pci 0000:00:1c.3: PCI bridge to [bus 01-01]
May 23 21:08:33 (none) kern.debug kernel: [    0.411301] pci 0000:00:1c.3:   bridge window [io  0xe000-0xefff]
May 23 21:08:33 (none) kern.debug kernel: [    0.411316] pci 0000:00:1c.3:   bridge window [mem 0xf7f00000-0xf7ffffff]
May 23 21:08:33 (none) kern.info kernel: [    0.411587] pci 0000:00:1e.0: PCI bridge to [bus 05-05] (subtractive decode)
May 23 21:08:33 (none) kern.debug kernel: [    0.411628] pci 0000:00:1e.0:   bridge window [io  0x0000-0x0cf7] (subtractive decode)
May 23 21:08:33 (none) kern.debug kernel: [    0.411636] pci 0000:00:1e.0:   bridge window [io  0x0d00-0xffff] (subtractive decode)
May 23 21:08:33 (none) kern.debug kernel: [    0.411644] pci 0000:00:1e.0:   bridge window [mem 0x000a0000-0x000bffff] (subtractive decode)
May 23 21:08:33 (none) kern.debug kernel: [    0.411652] pci 0000:00:1e.0:   bridge window [mem 0x000d0000-0x000dffff] (subtractive decode)
May 23 21:08:33 (none) kern.debug kernel: [    0.411660] pci 0000:00:1e.0:   bridge window [mem 0x3f800000-0xffffffff] (subtractive decode)
May 23 21:08:33 (none) kern.debug kernel: [    0.411743] ACPI: PCI Interrupt Routing Table [\_SB_.PCI0._PRT]
May 23 21:08:33 (none) kern.debug kernel: [    0.412584] ACPI: PCI Interrupt Routing Table [\_SB_.PCI0.P0P5._PRT]
May 23 21:08:33 (none) kern.debug kernel: [    0.412719] ACPI: PCI Interrupt Routing Table [\_SB_.PCI0.P0P7._PRT]
May 23 21:08:33 (none) kern.info kernel: [    0.413144]  pci0000:00: Requesting ACPI _OSC control (0x1d)
May 23 21:08:33 (none) kern.info kernel: [    0.413158]  pci0000:00: ACPI _OSC request failed (AE_NOT_FOUND), returned control mask: 0x1d
May 23 21:08:33 (none) kern.info kernel: [    0.413163] ACPI _OSC control for PCIe not granted, disabling ASPM
May 23 21:08:33 (none) kern.info kernel: [    0.460691] ACPI: PCI Interrupt Link [LNKA] (IRQs 3 4 5 6 7 10 11 12 14 *15)
May 23 21:08:33 (none) kern.info kernel: [    0.460998] ACPI: PCI Interrupt Link [LNKB] (IRQs 3 4 5 6 7 *10 11 12 14 15)
May 23 21:08:33 (none) kern.info kernel: [    0.461297] ACPI: PCI Interrupt Link [LNKC] (IRQs 3 4 5 6 *7 10 11 12 14 15)
May 23 21:08:33 (none) kern.info kernel: [    0.461579] ACPI: PCI Interrupt Link [LNKD] (IRQs 3 4 5 6 7 10 *11 12 14 15)
May 23 21:08:33 (none) kern.info kernel: [    0.461860] ACPI: PCI Interrupt Link [LNKE] (IRQs 3 4 *5 6 7 10 11 12 14 15)
May 23 21:08:33 (none) kern.info kernel: [    0.462157] ACPI: PCI Interrupt Link [LNKF] (IRQs 3 4 5 6 7 10 11 12 14 15) *0, disabled.
May 23 21:08:33 (none) kern.info kernel: [    0.462453] ACPI: PCI Interrupt Link [LNKG] (IRQs 3 *4 5 6 7 10 11 12 14 15)
May 23 21:08:33 (none) kern.info kernel: [    0.462735] ACPI: PCI Interrupt Link [LNKH] (IRQs *3 4 5 6 7 10 11 12 14 15)
May 23 21:08:33 (none) kern.info kernel: [    0.464118] vgaarb: device added: PCI:0000:00:02.0,decodes=io+mem,owns=io+mem,locks=none
May 23 21:08:33 (none) kern.info kernel: [    0.464229] vgaarb: loaded
May 23 21:08:33 (none) kern.info kernel: [    0.464235] vgaarb: bridge control possible 0000:00:02.0
May 23 21:08:33 (none) kern.info kernel: [    0.464337] sta2x11_sctl_init
May 23 21:08:33 (none) kern.info kernel: [    0.464337] sta2x11_apbreg_init
May 23 21:08:33 (none) kern.notice kernel: [    0.465989] SCSI subsystem initialized
May 23 21:08:33 (none) kern.debug kernel: [    0.466128] libata version 3.00 loaded.
May 23 21:08:33 (none) kern.info kernel: [    0.466339] ACPI: bus type usb registered
May 23 21:08:33 (none) kern.info kernel: [    0.466514] usbcore: registered new interface driver usbfs
May 23 21:08:33 (none) kern.info kernel: [    0.466602] usbcore: registered new interface driver hub
May 23 21:08:33 (none) kern.info kernel: [    0.467025] usbcore: registered new device driver usb
May 23 21:08:33 (none) kern.info kernel: [    5.467415] PCI: Using ACPI for IRQ routing
May 23 21:08:33 (none) kern.debug kernel: [    5.467539] PCI: pci_cache_line_size set to 64 bytes
May 23 21:08:33 (none) kern.debug kernel: [    5.467981] e820: reserve RAM buffer [mem 0x0009fc00-0x0009ffff]
May 23 21:08:33 (none) kern.debug kernel: [    5.467991] e820: reserve RAM buffer [mem 0x3f7a0000-0x3fffffff]
May 23 21:08:33 (none) kern.info kernel: [    5.468874] NetLabel: Initializing
May 23 21:08:33 (none) kern.info kernel: [    5.468883] NetLabel:  domain hash size = 128
May 23 21:08:33 (none) kern.info kernel: [    5.468889] NetLabel:  protocols = UNLABELED CIPSOv4
May 23 21:08:33 (none) kern.info kernel: [    5.469027] NetLabel:  unlabeled traffic allowed by default
May 23 21:08:33 (none) kern.info kernel: [    5.469397] HPET: 3 timers in total, 0 timers will be used for per-cpu timer
May 23 21:08:33 (none) kern.info kernel: [    5.469413] hpet0: at MMIO 0xfed00000, IRQs 2, 8, 0
May 23 21:08:33 (none) kern.info kernel: [    5.469429] hpet0: 3 comparators, 64-bit 14.318180 MHz counter
May 23 21:08:33 (none) kern.info kernel: [    5.472321] Switching to clocksource hpet
May 23 21:08:33 (none) kern.info kernel: [    5.472804] pnp: PnP ACPI init
May 23 21:08:33 (none) kern.info kernel: [    5.472921] ACPI: bus type pnp registered
May 23 21:08:33 (none) kern.debug kernel: [    5.473306] pnp 00:00: [bus 00-ff]
May 23 21:08:33 (none) kern.debug kernel: [    5.473317] pnp 00:00: [io  0x0cf8-0x0cff]
May 23 21:08:33 (none) kern.debug kernel: [    5.473328] pnp 00:00: [io  0x0000-0x0cf7 window]
May 23 21:08:33 (none) kern.debug kernel: [    5.473337] pnp 00:00: [io  0x0d00-0xffff window]
May 23 21:08:33 (none) kern.debug kernel: [    5.473345] pnp 00:00: [mem 0x000a0000-0x000bffff window]
May 23 21:08:33 (none) kern.debug kernel: [    5.473353] pnp 00:00: [mem 0x000d0000-0x000dffff window]
May 23 21:08:33 (none) kern.debug kernel: [    5.473361] pnp 00:00: [mem 0x3f800000-0xffffffff window]
May 23 21:08:33 (none) kern.debug kernel: [    5.473945] pnp 00:00: Plug and Play ACPI device, IDs PNP0a08 PNP0a03 (active)
May 23 21:08:33 (none) kern.debug kernel: [    5.474067] pnp 00:01: [mem 0xfed13000-0xfed19fff]
May 23 21:08:33 (none) kern.info kernel: [    5.474422] system 00:01: [mem 0xfed13000-0xfed19fff] has been reserved
May 23 21:08:33 (none) kern.debug kernel: [    5.474445] system 00:01: Plug and Play ACPI device, IDs PNP0c01 (active)
May 23 21:08:33 (none) kern.debug kernel: [    5.474597] pnp 00:02: [dma 4]
May 23 21:08:33 (none) kern.debug kernel: [    5.474606] pnp 00:02: [io  0x0000-0x000f]
May 23 21:08:33 (none) kern.debug kernel: [    5.474614] pnp 00:02: [io  0x0081-0x0083]
May 23 21:08:33 (none) kern.debug kernel: [    5.474621] pnp 00:02: [io  0x0087]
May 23 21:08:33 (none) kern.debug kernel: [    5.474628] pnp 00:02: [io  0x0089-0x008b]
May 23 21:08:33 (none) kern.debug kernel: [    5.474635] pnp 00:02: [io  0x008f]
May 23 21:08:33 (none) kern.debug kernel: [    5.474643] pnp 00:02: [io  0x00c0-0x00df]
May 23 21:08:33 (none) kern.debug kernel: [    5.474849] pnp 00:02: Plug and Play ACPI device, IDs PNP0200 (active)
May 23 21:08:33 (none) kern.debug kernel: [    5.474930] pnp 00:03: [io  0x0070-0x0071]
May 23 21:08:33 (none) kern.debug kernel: [    5.474972] pnp 00:03: [irq 8]
May 23 21:08:33 (none) kern.debug kernel: [    5.475237] pnp 00:03: Plug and Play ACPI device, IDs PNP0b00 (active)
May 23 21:08:33 (none) kern.debug kernel: [    5.475418] pnp 00:04: [io  0x0060]
May 23 21:08:33 (none) kern.debug kernel: [    5.475427] pnp 00:04: [io  0x0064]
May 23 21:08:33 (none) kern.debug kernel: [    5.475457] pnp 00:04: [irq 1]
May 23 21:08:33 (none) kern.debug kernel: [    5.475680] pnp 00:04: Plug and Play ACPI device, IDs PNP0303 PNP030b (active)
May 23 21:08:33 (none) kern.debug kernel: [    5.475848] pnp 00:05: [irq 12]
May 23 21:08:33 (none) kern.debug kernel: [    5.476121] pnp 00:05: Plug and Play ACPI device, IDs SYN0a13 SYN0a00 SYN0002 PNP0f13 (active)
May 23 21:08:33 (none) kern.debug kernel: [    5.476191] pnp 00:06: [io  0x0061]
May 23 21:08:33 (none) kern.debug kernel: [    5.476429] pnp 00:06: Plug and Play ACPI device, IDs PNP0800 (active)
May 23 21:08:33 (none) kern.debug kernel: [    5.476500] pnp 00:07: [io  0x00f0-0x00ff]
May 23 21:08:33 (none) kern.debug kernel: [    5.476529] pnp 00:07: [irq 13]
May 23 21:08:33 (none) kern.debug kernel: [    5.476760] pnp 00:07: Plug and Play ACPI device, IDs PNP0c04 (active)
May 23 21:08:33 (none) kern.debug kernel: [    5.477288] pnp 00:08: [io  0x0010-0x001f]
May 23 21:08:33 (none) kern.debug kernel: [    5.477297] pnp 00:08: [io  0x0022-0x003f]
May 23 21:08:33 (none) kern.debug kernel: [    5.477305] pnp 00:08: [io  0x0044-0x004d]
May 23 21:08:33 (none) kern.debug kernel: [    5.477312] pnp 00:08: [io  0x0050-0x005e]
May 23 21:08:33 (none) kern.debug kernel: [    5.477319] pnp 00:08: [io  0x0063]
May 23 21:08:33 (none) kern.debug kernel: [    5.477327] pnp 00:08: [io  0x0065]
May 23 21:08:33 (none) kern.debug kernel: [    5.477334] pnp 00:08: [io  0x0067-0x006f]
May 23 21:08:33 (none) kern.debug kernel: [    5.477341] pnp 00:08: [io  0x0072-0x007f]
May 23 21:08:33 (none) kern.debug kernel: [    5.477348] pnp 00:08: [io  0x0080]
May 23 21:08:33 (none) kern.debug kernel: [    5.477356] pnp 00:08: [io  0x0084-0x0086]
May 23 21:08:33 (none) kern.debug kernel: [    5.477363] pnp 00:08: [io  0x0088]
May 23 21:08:33 (none) kern.debug kernel: [    5.477370] pnp 00:08: [io  0x008c-0x008e]
May 23 21:08:33 (none) kern.debug kernel: [    5.477377] pnp 00:08: [io  0x0090-0x009f]
May 23 21:08:33 (none) kern.debug kernel: [    5.477385] pnp 00:08: [io  0x00a2-0x00bf]
May 23 21:08:33 (none) kern.debug kernel: [    5.477392] pnp 00:08: [io  0x00e0-0x00ef]
May 23 21:08:33 (none) kern.debug kernel: [    5.477399] pnp 00:08: [io  0x025c-0x025f]
May 23 21:08:33 (none) kern.debug kernel: [    5.477407] pnp 00:08: [io  0x0380-0x0383]
May 23 21:08:33 (none) kern.debug kernel: [    5.477414] pnp 00:08: [io  0x0400-0x041f]
May 23 21:08:33 (none) kern.debug kernel: [    5.477421] pnp 00:08: [io  0x04d0-0x04d1]
May 23 21:08:33 (none) kern.debug kernel: [    5.477429] pnp 00:08: [io  0x0800-0x087f]
May 23 21:08:33 (none) kern.debug kernel: [    5.477436] pnp 00:08: [io  0x0400-0x03ff disabled]
May 23 21:08:33 (none) kern.debug kernel: [    5.477444] pnp 00:08: [io  0x0480-0x04bf]
May 23 21:08:33 (none) kern.debug kernel: [    5.477452] pnp 00:08: [mem 0x8c000000-0x8c01ffff]
May 23 21:08:33 (none) kern.debug kernel: [    5.477459] pnp 00:08: [mem 0xfed1c000-0xfed1ffff]
May 23 21:08:33 (none) kern.debug kernel: [    5.477467] pnp 00:08: [mem 0xfed20000-0xfed3ffff]
May 23 21:08:33 (none) kern.debug kernel: [    5.477474] pnp 00:08: [mem 0xfed50000-0xfed8ffff]
May 23 21:08:33 (none) kern.debug kernel: [    5.477482] pnp 00:08: [mem 0xffb00000-0xffbfffff]
May 23 21:08:33 (none) kern.debug kernel: [    5.477489] pnp 00:08: [mem 0xfff00000-0xffffffff]
May 23 21:08:33 (none) kern.info kernel: [    5.477930] system 00:08: [io  0x025c-0x025f] has been reserved
May 23 21:08:33 (none) kern.info kernel: [    5.477942] system 00:08: [io  0x0380-0x0383] has been reserved
May 23 21:08:33 (none) kern.info kernel: [    5.477953] system 00:08: [io  0x0400-0x041f] has been reserved
May 23 21:08:33 (none) kern.info kernel: [    5.477963] system 00:08: [io  0x04d0-0x04d1] has been reserved
May 23 21:08:33 (none) kern.info kernel: [    5.477974] system 00:08: [io  0x0800-0x087f] has been reserved
May 23 21:08:33 (none) kern.info kernel: [    5.477984] system 00:08: [io  0x0480-0x04bf] has been reserved
May 23 21:08:33 (none) kern.info kernel: [    5.477996] system 00:08: [mem 0x8c000000-0x8c01ffff] has been reserved
May 23 21:08:33 (none) kern.info kernel: [    5.478045] system 00:08: [mem 0xfed1c000-0xfed1ffff] has been reserved
May 23 21:08:33 (none) kern.info kernel: [    5.478060] system 00:08: [mem 0xfed20000-0xfed3ffff] has been reserved
May 23 21:08:33 (none) kern.info kernel: [    5.478071] system 00:08: [mem 0xfed50000-0xfed8ffff] has been reserved
May 23 21:08:33 (none) kern.info kernel: [    5.478082] system 00:08: [mem 0xffb00000-0xffbfffff] has been reserved
May 23 21:08:33 (none) kern.info kernel: [    5.478094] system 00:08: [mem 0xfff00000-0xffffffff] could not be reserved
May 23 21:08:33 (none) kern.debug kernel: [    5.478116] system 00:08: Plug and Play ACPI device, IDs PNP0c02 (active)
May 23 21:08:33 (none) kern.debug kernel: [    5.478418] pnp 00:09: [mem 0xfed00000-0xfed003ff]
May 23 21:08:33 (none) kern.debug kernel: [    5.478672] pnp 00:09: Plug and Play ACPI device, IDs PNP0103 (active)
May 23 21:08:33 (none) kern.debug kernel: [    5.478904] pnp 00:0a: [mem 0xfec00000-0xfec00fff]
May 23 21:08:33 (none) kern.debug kernel: [    5.478913] pnp 00:0a: [mem 0xfee00000-0xfee00fff]
May 23 21:08:33 (none) kern.info kernel: [    5.479346] system 00:0a: [mem 0xfec00000-0xfec00fff] could not be reserved
May 23 21:08:33 (none) kern.info kernel: [    5.479358] system 00:0a: [mem 0xfee00000-0xfee00fff] has been reserved
May 23 21:08:33 (none) kern.debug kernel: [    5.479379] system 00:0a: Plug and Play ACPI device, IDs PNP0c02 (active)
May 23 21:08:33 (none) kern.debug kernel: [    5.479554] pnp 00:0b: [mem 0xe0000000-0xe3ffffff]
May 23 21:08:33 (none) kern.info kernel: [    5.479944] system 00:0b: [mem 0xe0000000-0xe3ffffff] has been reserved
May 23 21:08:33 (none) kern.debug kernel: [    5.479965] system 00:0b: Plug and Play ACPI device, IDs PNP0c02 (active)
May 23 21:08:33 (none) kern.debug kernel: [    5.481722] pnp 00:0c: [mem 0x00000000-0x0009ffff]
May 23 21:08:33 (none) kern.debug kernel: [    5.481732] pnp 00:0c: [mem 0x000c0000-0x000cffff]
May 23 21:08:33 (none) kern.debug kernel: [    5.481740] pnp 00:0c: [mem 0x000e0000-0x000fffff]
May 23 21:08:33 (none) kern.debug kernel: [    5.481748] pnp 00:0c: [mem 0x00100000-0x3f7fffff]
May 23 21:08:33 (none) kern.debug kernel: [    5.481756] pnp 00:0c: [mem 0x00000000-0xffffffffffffffff disabled]
May 23 21:08:33 (none) kern.info kernel: [    5.482445] system 00:0c: [mem 0x00000000-0x0009ffff] could not be reserved
May 23 21:08:33 (none) kern.info kernel: [    5.482458] system 00:0c: [mem 0x000c0000-0x000cffff] could not be reserved
May 23 21:08:33 (none) kern.info kernel: [    5.482469] system 00:0c: [mem 0x000e0000-0x000fffff] could not be reserved
May 23 21:08:33 (none) kern.info kernel: [    5.482480] system 00:0c: [mem 0x00100000-0x3f7fffff] could not be reserved
May 23 21:08:33 (none) kern.debug kernel: [    5.482502] system 00:0c: Plug and Play ACPI device, IDs PNP0c01 (active)
May 23 21:08:33 (none) kern.info kernel: [    5.483653] pnp: PnP ACPI: found 13 devices
May 23 21:08:33 (none) kern.info kernel: [    5.483660] ACPI: ACPI bus type pnp unregistered
May 23 21:08:33 (none) kern.info kernel: [    5.483669] PnPBIOS: Disabled by ACPI PNP
May 23 21:08:33 (none) kern.debug kernel: [    5.538272] pci 0000:00:1c.0: bridge window [io  0x1000-0x0fff] to [bus 04-04] add_size 1000
May 23 21:08:33 (none) kern.debug kernel: [    5.538288] pci 0000:00:1c.0: bridge window [mem 0x00100000-0x000fffff 64bit pref] to [bus 04-04] add_size 200000
May 23 21:08:33 (none) kern.debug kernel: [    5.538298] pci 0000:00:1c.0: bridge window [mem 0x00100000-0x000fffff] to [bus 04-04] add_size 200000
May 23 21:08:33 (none) kern.debug kernel: [    5.538333] pci 0000:00:1c.1: bridge window [io  0x1000-0x0fff] to [bus 02-03] add_size 1000
May 23 21:08:33 (none) kern.debug kernel: [    5.538370] pci 0000:00:1c.3: bridge window [mem 0x00100000-0x000fffff 64bit pref] to [bus 01-01] add_size 200000
May 23 21:08:33 (none) kern.debug kernel: [    5.538420] pci 0000:00:1c.0: res[14]=[mem 0x00100000-0x000fffff] get_res_add_size add_size 200000
May 23 21:08:33 (none) kern.debug kernel: [    5.538430] pci 0000:00:1c.0: res[15]=[mem 0x00100000-0x000fffff 64bit pref] get_res_add_size add_size 200000
May 23 21:08:33 (none) kern.debug kernel: [    5.538438] pci 0000:00:1c.3: res[15]=[mem 0x00100000-0x000fffff 64bit pref] get_res_add_size add_size 200000
May 23 21:08:33 (none) kern.debug kernel: [    5.538447] pci 0000:00:1c.0: res[13]=[io  0x1000-0x0fff] get_res_add_size add_size 1000
May 23 21:08:33 (none) kern.debug kernel: [    5.538455] pci 0000:00:1c.1: res[13]=[io  0x1000-0x0fff] get_res_add_size add_size 1000
May 23 21:08:33 (none) kern.info kernel: [    5.538476] pci 0000:00:1c.0: BAR 14: assigned [mem 0x3f800000-0x3f9fffff]
May 23 21:08:33 (none) kern.info kernel: [    5.538492] pci 0000:00:1c.0: BAR 15: assigned [mem 0x3fa00000-0x3fbfffff 64bit pref]
May 23 21:08:33 (none) kern.info kernel: [    5.538507] pci 0000:00:1c.3: BAR 15: assigned [mem 0x3fc00000-0x3fdfffff 64bit pref]
May 23 21:08:33 (none) kern.info kernel: [    5.538522] pci 0000:00:1c.0: BAR 13: assigned [io  0x1000-0x1fff]
May 23 21:08:33 (none) kern.info kernel: [    5.538537] pci 0000:00:1c.1: BAR 13: assigned [io  0x2000-0x2fff]
May 23 21:08:33 (none) kern.info kernel: [    5.538549] pci 0000:00:1c.0: PCI bridge to [bus 04-04]
May 23 21:08:33 (none) kern.info kernel: [    5.538562] pci 0000:00:1c.0:   bridge window [io  0x1000-0x1fff]
May 23 21:08:33 (none) kern.info kernel: [    5.538582] pci 0000:00:1c.0:   bridge window [mem 0x3f800000-0x3f9fffff]
May 23 21:08:33 (none) kern.info kernel: [    5.538598] pci 0000:00:1c.0:   bridge window [mem 0x3fa00000-0x3fbfffff 64bit pref]
May 23 21:08:33 (none) kern.info kernel: [    5.538621] pci 0000:00:1c.1: PCI bridge to [bus 02-03]
May 23 21:08:33 (none) kern.info kernel: [    5.538632] pci 0000:00:1c.1:   bridge window [io  0x2000-0x2fff]
May 23 21:08:33 (none) kern.info kernel: [    5.538652] pci 0000:00:1c.1:   bridge window [mem 0xf8000000-0xfbffffff]
May 23 21:08:33 (none) kern.info kernel: [    5.538668] pci 0000:00:1c.1:   bridge window [mem 0xf0000000-0xf6ffffff 64bit pref]
May 23 21:08:33 (none) kern.info kernel: [    5.538691] pci 0000:00:1c.3: PCI bridge to [bus 01-01]
May 23 21:08:33 (none) kern.info kernel: [    5.538702] pci 0000:00:1c.3:   bridge window [io  0xe000-0xefff]
May 23 21:08:33 (none) kern.info kernel: [    5.538721] pci 0000:00:1c.3:   bridge window [mem 0xf7f00000-0xf7ffffff]
May 23 21:08:33 (none) kern.info kernel: [    5.538737] pci 0000:00:1c.3:   bridge window [mem 0x3fc00000-0x3fdfffff 64bit pref]
May 23 21:08:33 (none) kern.info kernel: [    5.538760] pci 0000:00:1e.0: PCI bridge to [bus 05-05]
May 23 21:08:33 (none) kern.info kernel: [    5.538823] pci 0000:00:1c.0: enabling device (0104 -> 0107)
May 23 21:08:33 (none) kern.info kernel: [    5.538910] pci 0000:00:1c.1: enabling device (0106 -> 0107)
May 23 21:08:33 (none) kern.debug kernel: [    5.539067] pci 0000:00:1e.0: setting latency timer to 64
May 23 21:08:33 (none) kern.debug kernel: [    5.539081] pci_bus 0000:00: resource 4 [io  0x0000-0x0cf7]
May 23 21:08:33 (none) kern.debug kernel: [    5.539088] pci_bus 0000:00: resource 5 [io  0x0d00-0xffff]
May 23 21:08:33 (none) kern.debug kernel: [    5.539096] pci_bus 0000:00: resource 6 [mem 0x000a0000-0x000bffff]
May 23 21:08:33 (none) kern.debug kernel: [    5.539104] pci_bus 0000:00: resource 7 [mem 0x000d0000-0x000dffff]
May 23 21:08:33 (none) kern.debug kernel: [    5.539111] pci_bus 0000:00: resource 8 [mem 0x3f800000-0xffffffff]
May 23 21:08:33 (none) kern.debug kernel: [    5.539119] pci_bus 0000:04: resource 0 [io  0x1000-0x1fff]
May 23 21:08:33 (none) kern.debug kernel: [    5.539127] pci_bus 0000:04: resource 1 [mem 0x3f800000-0x3f9fffff]
May 23 21:08:33 (none) kern.debug kernel: [    5.539135] pci_bus 0000:04: resource 2 [mem 0x3fa00000-0x3fbfffff 64bit pref]
May 23 21:08:33 (none) kern.debug kernel: [    5.539143] pci_bus 0000:02: resource 0 [io  0x2000-0x2fff]
May 23 21:08:33 (none) kern.debug kernel: [    5.539150] pci_bus 0000:02: resource 1 [mem 0xf8000000-0xfbffffff]
May 23 21:08:33 (none) kern.debug kernel: [    5.539158] pci_bus 0000:02: resource 2 [mem 0xf0000000-0xf6ffffff 64bit pref]
May 23 21:08:33 (none) kern.debug kernel: [    5.539166] pci_bus 0000:01: resource 0 [io  0xe000-0xefff]
May 23 21:08:33 (none) kern.debug kernel: [    5.539174] pci_bus 0000:01: resource 1 [mem 0xf7f00000-0xf7ffffff]
May 23 21:08:33 (none) kern.debug kernel: [    5.539181] pci_bus 0000:01: resource 2 [mem 0x3fc00000-0x3fdfffff 64bit pref]
May 23 21:08:33 (none) kern.debug kernel: [    5.539189] pci_bus 0000:05: resource 4 [io  0x0000-0x0cf7]
May 23 21:08:33 (none) kern.debug kernel: [    5.539197] pci_bus 0000:05: resource 5 [io  0x0d00-0xffff]
May 23 21:08:33 (none) kern.debug kernel: [    5.539204] pci_bus 0000:05: resource 6 [mem 0x000a0000-0x000bffff]
May 23 21:08:33 (none) kern.debug kernel: [    5.539212] pci_bus 0000:05: resource 7 [mem 0x000d0000-0x000dffff]
May 23 21:08:33 (none) kern.debug kernel: [    5.539219] pci_bus 0000:05: resource 8 [mem 0x3f800000-0xffffffff]
May 23 21:08:33 (none) kern.info kernel: [    5.539579] NET: Registered protocol family 2
May 23 21:08:33 (none) kern.info kernel: [    5.540049] IP route cache hash table entries: 32768 (order: 5, 131072 bytes)
May 23 21:08:33 (none) kern.info kernel: [    5.541158] TCP established hash table entries: 131072 (order: 8, 1048576 bytes)
May 23 21:08:33 (none) kern.info kernel: [    5.542455] TCP bind hash table entries: 65536 (order: 9, 2883584 bytes)
May 23 21:08:33 (none) kern.info kernel: [    5.549908] TCP: Hash tables configured (established 131072 bind 65536)
May 23 21:08:33 (none) kern.info kernel: [    5.550089] TCP: reno registered
May 23 21:08:33 (none) kern.info kernel: [    5.550130] UDP hash table entries: 512 (order: 3, 49152 bytes)
May 23 21:08:33 (none) kern.info kernel: [    5.550268] UDP-Lite hash table entries: 512 (order: 3, 49152 bytes)
May 23 21:08:33 (none) kern.info kernel: [    5.551583] RPC: Registered named UNIX socket transport module.
May 23 21:08:33 (none) kern.info kernel: [    5.551593] RPC: Registered udp transport module.
May 23 21:08:33 (none) kern.info kernel: [    5.551601] RPC: Registered tcp transport module.
May 23 21:08:33 (none) kern.info kernel: [    5.551606] RPC: Registered tcp NFSv4.1 backchannel transport module.
May 23 21:08:33 (none) kern.debug kernel: [    5.551651] pci 0000:00:02.0: Boot video device
May 23 21:08:33 (none) kern.debug kernel: [    5.552272] PCI: CLS 32 bytes, default 64
May 23 21:08:33 (none) kern.info kernel: [    5.552679] sta2x11_mfd_init
May 23 21:08:33 (none) kern.info kernel: [    5.554532] Machine check injector initialized
May 23 21:08:33 (none) kern.info kernel: [    5.555935] audit: initializing netlink socket (disabled)
May 23 21:08:33 (none) kern.notice kernel: [    5.556147] type=2000 audit(1369343291.555:1): initialized
May 23 21:08:33 (none) kern.warn kernel: [    5.557783] highmem bounce pool size: 64 pages
May 23 21:08:33 (none) kern.info kernel: [    5.558078] HugeTLB registered 2 MB page size, pre-allocated 0 pages
May 23 21:08:33 (none) kern.notice kernel: [    5.560208] VFS: Disk quotas dquot_6.5.2
May 23 21:08:33 (none) kern.warn kernel: [    5.560370] Dquot-cache hash table entries: 1024 (order 0, 4096 bytes)
May 23 21:08:33 (none) kern.warn kernel: [    5.562205] DLM installed
May 23 21:08:33 (none) kern.info kernel: [    5.562387] Loading Reiser4. See www.namesys.com for a description of Reiser4.
May 23 21:08:33 (none) kern.info kernel: [    5.563981] squashfs: version 4.0 (2009/01/31) Phillip Lougher
May 23 21:08:33 (none) kern.notice kernel: [    5.566116] NFS: Registering the id_resolver key type
May 23 21:08:33 (none) kern.notice kernel: [    5.566316] Key type id_resolver registered
May 23 21:08:33 (none) kern.info kernel: [    5.566976] nfs4filelayout_init: NFSv4 File Layout Driver Registering...
May 23 21:08:33 (none) kern.info kernel: [    5.567067] Installing knfsd (copyright (C) 1996 okir@monad.swb.de).
May 23 21:08:33 (none) kern.info kernel: [    5.568232] NTFS driver 2.1.30 [Flags: R/W].
May 23 21:08:33 (none) kern.warn kernel: [    5.568484] EFS: 1.0a - http://aeschi.ch.eu.org/efs/
May 23 21:08:33 (none) kern.info kernel: [    5.568663] jffs2: version 2.2. (NAND) (SUMMARY)   2001-2006 Red Hat, Inc.
May 23 21:08:33 (none) kern.info kernel: [    5.569496] ROMFS MTD (C) 2007 Red Hat, Inc.
May 23 21:08:33 (none) kern.info kernel: [    5.569591] QNX4 filesystem 0.2.3 registered.
May 23 21:08:33 (none) kern.info kernel: [    5.569637] QNX6 filesystem 1.0.0 registered.
May 23 21:08:33 (none) kern.info kernel: [    5.570071] fuse init (API version 7.19)
May 23 21:08:33 (none) kern.info kernel: [    5.570867] JFS: nTxBlock = 7780, nTxLock = 62243
May 23 21:08:33 (none) kern.info kernel: [    5.579637] SGI XFS with ACLs, security attributes, realtime, large block/inode numbers, no debug enabled
May 23 21:08:33 (none) kern.info kernel: [    5.581437] NILFS version 2 loaded
May 23 21:08:33 (none) kern.info kernel: [    5.581445] BeFS version: 0.9.3
May 23 21:08:33 (none) kern.info kernel: [    5.581495] OCFS2 1.5.0
May 23 21:08:33 (none) kern.info kernel: [    5.582073] ocfs2: Registered cluster interface o2cb
May 23 21:08:33 (none) kern.info kernel: [    5.582358] ocfs2: Registered cluster interface user
May 23 21:08:33 (none) kern.info kernel: [    5.582365] OCFS2 DLMFS 1.5.0
May 23 21:08:33 (none) kern.warn kernel: [    5.582683] OCFS2 User DLM kernel interface loaded
May 23 21:08:33 (none) kern.info kernel: [    5.582806] OCFS2 Node Manager 1.5.0
May 23 21:08:33 (none) kern.info kernel: [    5.583560] OCFS2 DLM 1.5.0
May 23 21:08:33 (none) kern.info kernel: [    5.584679] Btrfs loaded
May 23 21:08:33 (none) kern.warn kernel: [    5.585892] GFS2 installed
May 23 21:08:33 (none) kern.info kernel: [    5.586162] msgmni has been set to 1689
May 23 21:08:33 (none) kern.info kernel: [    5.589520] alg: No test for stdrng (krng)
May 23 21:08:33 (none) kern.info kernel: [    5.589646] async_tx: api initialized (async)
May 23 21:08:33 (none) kern.info kernel: [    5.589838] Block layer SCSI generic (bsg) driver version 0.4 loaded (major 252)
May 23 21:08:33 (none) kern.info kernel: [    5.589879] io scheduler noop registered
May 23 21:08:33 (none) kern.info kernel: [    5.589984] io scheduler cfq registered (default)
May 23 21:08:33 (none) kern.debug kernel: [    5.591235] pcieport 0000:00:1c.0: irq 40 for MSI/MSI-X
May 23 21:08:33 (none) kern.debug kernel: [    5.591801] pcieport 0000:00:1c.1: irq 41 for MSI/MSI-X
May 23 21:08:33 (none) kern.debug kernel: [    5.592332] pcieport 0000:00:1c.3: irq 42 for MSI/MSI-X
May 23 21:08:33 (none) kern.debug kernel: [    5.594616] vga16fb: initializing
May 23 21:08:33 (none) kern.info kernel: [    5.594629] vga16fb: mapped to 0xc00a0000
May 23 21:08:33 (none) kern.info kernel: [    5.726217] Console: switching to colour frame buffer device 80x30
May 23 21:08:33 (none) kern.info kernel: [    5.946450] fb0: VGA16 VGA frame buffer device
May 23 21:08:33 (none) kern.debug kernel: [    5.946482] intel_idle: MWAIT substates: 0x20220
May 23 21:08:33 (none) kern.debug kernel: [    5.946517] intel_idle: v0.4 model 0x1C
May 23 21:08:33 (none) kern.debug kernel: [    5.946523] intel_idle: lapic_timer_reliable_states 0x2
May 23 21:08:33 (none) kern.info kernel: [    5.946529] Marking TSC unstable due to TSC halts in idle states deeper than C2
May 23 21:08:33 (none) kern.info kernel: [    5.946850] GHES: HEST is not enabled!
May 23 21:08:33 (none) kern.info kernel: [    5.946952] isapnp: Scanning for PnP cards...
May 23 21:08:33 (none) kern.info kernel: [    6.303950] isapnp: No Plug & Play device found
May 23 21:08:33 (none) kern.info kernel: [    6.304339] Serial: 8250/16550 driver, 12 ports, IRQ sharing enabled
May 23 21:08:33 (none) kern.info kernel: [    6.309785] Linux agpgart interface v0.103
May 23 21:08:33 (none) kern.info kernel: [    6.311141] agpgart-intel 0000:00:00.0: Intel 945GME Chipset
May 23 21:08:33 (none) kern.info kernel: [    6.311434] agpgart-intel 0000:00:00.0: detected gtt size: 262144K total, 262144K mappable
May 23 21:08:33 (none) kern.info kernel: [    6.311653] agpgart-intel 0000:00:00.0: detected 8192K stolen memory
May 23 21:08:33 (none) kern.info kernel: [    6.312191] agpgart-intel 0000:00:00.0: AGP aperture is 256M @ 0xd0000000
May 23 21:08:33 (none) kern.info kernel: [    9.328555] floppy0: no floppy controllers found
May 23 21:08:33 (none) kern.info kernel: [    9.328629] work still pending
May 23 21:08:33 (none) kern.info kernel: [    9.341357] brd: module loaded
May 23 21:08:33 (none) kern.info kernel: [    9.353369] loop: module loaded
May 23 21:08:33 (none) kern.info kernel: [    9.356704] drbd: initialized. Version: 8.3.13 (api:88/proto:86-96)
May 23 21:08:33 (none) kern.info kernel: [    9.356712] drbd: built-in
May 23 21:08:33 (none) kern.info kernel: [    9.356717] drbd: registered as block device major 147
May 23 21:08:33 (none) kern.info kernel: [    9.356721] drbd: minor_table @ 0xf5975440
May 23 21:08:33 (none) kern.info kernel: [    9.356726] mtip32xx Version 1.2.6os3
May 23 21:08:33 (none) kern.warn kernel: [    9.357288] i2c-core: driver [fsa9480] using legacy suspend method
May 23 21:08:33 (none) kern.warn kernel: [    9.371938] i2c-core: driver [fsa9480] using legacy resume method
May 23 21:08:33 (none) kern.info kernel: [    9.386667] Uniform Multi-Platform E-IDE driver
May 23 21:08:33 (none) kern.info kernel: [    9.390623] ide_generic: please use "probe_mask=0x3f" module parameter for probing all legacy ISA IDE ports
May 23 21:08:33 (none) kern.debug kernel: [    9.390721] Probing IDE interface ide0...
May 23 21:08:33 (none) kern.info kernel: [    9.903420] ide0 at 0x1f0-0x1f7,0x3f6 on irq 14
May 23 21:08:33 (none) kern.debug kernel: [    9.903523] Probing IDE interface ide1...
May 23 21:08:33 (none) kern.info kernel: [   10.416363] ide1 at 0x170-0x177,0x376 on irq 15
May 23 21:08:33 (none) kern.info kernel: [   10.416506] ide-gd driver 1.18
May 23 21:08:33 (none) kern.info kernel: [   10.416554] ide-cd driver 5.00
May 23 21:08:33 (none) kern.info kernel: [   10.417543] Loading iSCSI transport class v2.0-870.
May 23 21:08:33 (none) kern.info kernel: [   10.418282] rdac: device handler registered
May 23 21:08:33 (none) kern.info kernel: [   10.418464] hp_sw: device handler registered
May 23 21:08:33 (none) kern.info kernel: [   10.418478] emc: device handler registered
May 23 21:08:33 (none) kern.info kernel: [   10.418491] alua: device handler registered
May 23 21:08:33 (none) kern.info kernel: [   10.419579] fnic: Cisco FCoE HBA Driver, ver 1.5.0.2
May 23 21:08:33 (none) kern.info kernel: [   10.420118] bnx2fc: Broadcom NetXtreme II FCoE Driver bnx2fc v1.0.11 (Apr 24, 2012)
May 23 21:08:33 (none) kern.notice kernel: [   10.421087] iscsi: registered transport (tcp)
May 23 21:08:33 (none) kern.warn kernel: [   10.425237] Loading Adaptec I2O RAID: Version 2.4 Build 5go
May 23 21:08:33 (none) kern.info kernel: [   10.439201] Detecting Adaptec I2O RAID controllers...
May 23 21:08:33 (none) kern.info kernel: [   10.440745] Adaptec aacraid driver 1.2-0[28900]-ms
May 23 21:08:33 (none) kern.notice kernel: [   10.442215] aic94xx: Adaptec aic94xx SAS/SATA driver version 1.0.3 loaded
May 23 21:08:33 (none) kern.info kernel: [   10.442696] isci: Intel(R) C600 SAS Controller Driver - version 1.1.0
May 23 21:08:33 (none) kern.warn kernel: [   10.443180] scsi: <fdomain> Detection failed (no card)
May 23 21:08:33 (none) kern.warn kernel: [   10.456989] NCR53c406a: no available ports found
May 23 21:08:33 (none) kern.info kernel: [   10.470304] sym53c416.c: Version 1.0.0-ac
May 23 21:08:33 (none) kern.info kernel: [   10.470346] qlogicfas: no cards were found, please specify I/O address and IRQ using iobase= and irq= options
May 23 21:08:33 (none) kern.warn kernel: [   10.470617] qla2xxx [0000:00:00.0]-0005: : QLogic Fibre Channel HBA Driver: 8.04.00.03-k.
May 23 21:08:33 (none) kern.notice kernel: [   10.497994] iscsi: registered transport (qla4xxx)
May 23 21:08:33 (none) kern.info kernel: [   10.498160] QLogic iSCSI HBA Driver
May 23 21:08:33 (none) kern.warn kernel: [   10.498166] Emulex LightPulse Fibre Channel SCSI driver 8.3.31
May 23 21:08:33 (none) kern.warn kernel: [   10.511756] Copyright(c) 2004-2009 Emulex.  All rights reserved.
May 23 21:08:33 (none) kern.info kernel: [   10.525442] Brocade BFA FC/FCOE SCSI driver - version: 3.0.23.0
May 23 21:08:33 (none) kern.warn kernel: [   10.548102] Failed initialization of WD-7000 SCSI card!
May 23 21:08:33 (none) kern.info kernel: [   10.961604] DC390: clustering now enabled by default. If you get problems load
May 23 21:08:33 (none) kern.info kernel: [   10.961611]        with "disable_clustering=1" and report to maintainers
May 23 21:08:33 (none) kern.info kernel: [   10.961925] megaraid cmm: 2.20.2.7 (Release Date: Sun Jul 16 00:01:03 EST 2006)
May 23 21:08:33 (none) kern.info kernel: [   10.962300] megaraid: 2.20.5.1 (Release Date: Thu Nov 16 15:32:35 EST 2006)
May 23 21:08:33 (none) kern.info kernel: [   10.962479] megasas: 00.00.06.15-rc1 Mon. Mar. 19 17:00:00 PDT 2012
May 23 21:08:33 (none) kern.info kernel: [   10.962663] mpt2sas version 13.100.00.00 loaded
May 23 21:08:33 (none) kern.warn kernel: [   10.963411] GDT-HA: Storage RAID Controller Driver. Version: 3.05
May 23 21:08:33 (none) kern.warn kernel: [   10.976422] 3ware Storage Controller device driver for Linux v1.26.02.003.
May 23 21:08:33 (none) kern.warn kernel: [   10.989227] 3ware 9000 Storage Controller device driver for Linux v2.26.02.014.
May 23 21:08:33 (none) kern.info kernel: [   11.013639] LSI 3ware SAS/SATA-RAID Controller device driver for Linux v3.26.02.000.
May 23 21:08:33 (none) kern.info kernel: [   11.013781] ppa: Version 2.07 (for Linux 2.4.x)
May 23 21:08:33 (none) kern.warn kernel: [   11.014541] imm: Version 2.05 (for Linux 2.4.0)
May 23 21:08:33 (none) kern.info kernel: [   11.027106] nsp32: loading...
May 23 21:08:33 (none) kern.info kernel: [   11.027269] ipr: IBM Power RAID SCSI Device Driver version: 2.5.3 (March 10, 2012)
May 23 21:08:33 (none) kern.info kernel: [   11.027413] RocketRAID 3xxx/4xxx Controller driver v1.6 (090910)
May 23 21:08:33 (none) kern.info kernel: [   11.027534] stex: Promise SuperTrak EX Driver version: 4.6.0000.4
May 23 21:08:33 (none) kern.info kernel: [   11.028084] libcxgbi:libcxgbi_init_module: tag itt 0x1fff, 13 bits, age 0xf, 4 bits.
May 23 21:08:33 (none) kern.info kernel: [   11.028092] libcxgbi:ddp_setup_host_page_size: system PAGE 4096, ddp idx 0.
May 23 21:08:33 (none) kern.info kernel: [   11.028097] Chelsio T3 iSCSI Driver cxgb3i v2.0.0 (Jun. 2010)
May 23 21:08:33 (none) kern.notice kernel: [   11.028254] iscsi: registered transport (cxgb3i)
May 23 21:08:33 (none) kern.info kernel: [   11.028338] Chelsio T4 iSCSI Driver cxgb4i v0.9.1 (Aug. 2010)
May 23 21:08:33 (none) kern.notice kernel: [   11.028472] iscsi: registered transport (cxgb4i)
May 23 21:08:33 (none) kern.info kernel: [   11.028508] Broadcom NetXtreme II iSCSI Driver bnx2i v2.7.2.2 (Apr 25, 2012)
May 23 21:08:33 (none) kern.notice kernel: [   11.028669] iscsi: registered transport (bnx2i)
May 23 21:08:33 (none) kern.notice kernel: [   11.029149] iscsi: registered transport (be2iscsi)
May 23 21:08:33 (none) kern.info kernel: [   11.029491] VMware PVSCSI driver - version 1.0.2.0-k
May 23 21:08:33 (none) kern.info kernel: [   11.029624] hv_vmbus: registering driver hv_storvsc
May 23 21:08:33 (none) kern.info kernel: [   11.029632] st: Version 20101219, fixed bufsize 32768, s/g segs 256
May 23 21:08:33 (none) kern.info kernel: [   11.029729] osst :I: Tape driver with OnStream support version 0.99.4
May 23 21:08:33 (none) kern.info kernel: [   11.029729] osst :I: $Id: osst.c,v 1.73 2005/01/01 21:13:34 wriede Exp $
May 23 21:08:33 (none) kern.info kernel: [   11.030299] SCSI Media Changer driver v0.25 
May 23 21:08:33 (none) kern.notice kernel: [   11.030500] osd: LOADED open-osd 0.2.1
May 23 21:08:33 (none) kern.debug kernel: [   11.030645] ahci 0000:00:1f.2: version 3.0
May 23 21:08:33 (none) kern.debug kernel: [   11.030927] ahci 0000:00:1f.2: irq 43 for MSI/MSI-X
May 23 21:08:33 (none) kern.info kernel: [   11.031302] ahci 0000:00:1f.2: AHCI 0001.0100 32 slots 4 ports 1.5 Gbps 0x1 impl SATA mode
May 23 21:08:33 (none) kern.info kernel: [   11.031314] ahci 0000:00:1f.2: flags: 64bit ncq pm led clo pio slum part 
May 23 21:08:33 (none) kern.debug kernel: [   11.031330] ahci 0000:00:1f.2: setting latency timer to 64
May 23 21:08:33 (none) kern.info kernel: [   11.035475] scsi2 : ahci
May 23 21:08:33 (none) kern.info kernel: [   11.036471] scsi3 : ahci
May 23 21:08:33 (none) kern.info kernel: [   11.037078] scsi4 : ahci
May 23 21:08:33 (none) kern.info kernel: [   11.037629] scsi5 : ahci
May 23 21:08:33 (none) kern.info kernel: [   11.039460] ata1: SATA max UDMA/133 abar m1024@0xf7db7800 port 0xf7db7900 irq 43
May 23 21:08:33 (none) kern.info kernel: [   11.039467] ata2: DUMMY
May 23 21:08:33 (none) kern.info kernel: [   11.039473] ata3: DUMMY
May 23 21:08:33 (none) kern.info kernel: [   11.039477] ata4: DUMMY
May 23 21:08:33 (none) kern.info kernel: [   11.050788] SSFDC read-only Flash Translation layer
May 23 21:08:33 (none) kern.err kernel: [   11.051002] mtdoops: mtd device (mtddev=name/number) must be supplied
May 23 21:08:33 (none) kern.notice kernel: [   11.063404] L440GX flash mapping: failed to find PIIX4 ISA bridge, cannot continue
May 23 21:08:33 (none) kern.debug kernel: [   11.063493] device id = 2440
May 23 21:08:33 (none) kern.debug kernel: [   11.063525] device id = 2480
May 23 21:08:33 (none) kern.debug kernel: [   11.063557] device id = 24c0
May 23 21:08:33 (none) kern.debug kernel: [   11.063588] device id = 24d0
May 23 21:08:33 (none) kern.debug kernel: [   11.063619] device id = 25a1
May 23 21:08:33 (none) kern.debug kernel: [   11.063651] device id = 2670
May 23 21:08:33 (none) kern.err kernel: [   11.064190] physmap-flash.0: failed to claim resource 0
May 23 21:08:33 (none) kern.err kernel: [   11.076429] Failed to ioremap_nocache
May 23 21:08:33 (none) kern.warn kernel: [   11.089861] SNAPGEAR: failed to ioremap() BOOTCS
May 23 21:08:33 (none) kern.warn kernel: [   11.101679] Generic platform RAM MTD, (c) 2004 Simtec Electronics
May 23 21:08:33 (none) kern.info kernel: [   11.114247] No recognised DiskOnChip devices found
May 23 21:08:33 (none) kern.notice kernel: [   11.114254] slram: not enough parameters.
May 23 21:08:33 (none) kern.info kernel: [   11.114259] Ramix PMC551 PCI Mezzanine Ram Driver. (C) 1999,2000 Nortel Networks.
