Jan 25 14:57:40 kernel: [   19.659906] generic-usb 0003:04F3:02F4.0006: input,hiddev0,hidraw5: USB HID v1.11 Mouse [2.4G Wireless Mouse] on usb-0000:00:1d.2-2.3/input0
Jan 25 14:57:41 kernel: [   20.034851] fuse init (API version 7.15)
Jan 25 14:57:41 kernel: [   20.034851] fuse init (API version 7.15)
Jan 25 14:57:41 kernel: [   20.042013] aufs 2.1-37
Jan 25 14:57:41 kernel: [   20.042013] aufs 2.1-37
Jan 25 14:57:41 kernel: [   20.048516] scsi 14:0:0:0: CD-ROM            HUAWEI   Mass Storage     2.31 PQ: 0 ANSI: 2
Jan 25 14:57:41 kernel: [   20.050667] scsi 15:0:0:0: Direct-Access     HUAWEI   MMC Storage      2.31 PQ: 0 ANSI: 2
Jan 25 14:57:41 kernel: [   20.050934] sd 15:0:0:0: Attached scsi generic sg4 type 0
Jan 25 14:57:41 kernel: [   20.053471] squashfs: version 4.0 (2009/01/31) Phillip Lougher
Jan 25 14:57:41 kernel: [   20.053471] squashfs: version 4.0 (2009/01/31) Phillip Lougher
Jan 25 14:57:41 kernel: [   20.055561] sd 15:0:0:0: [sdc] 3897344 512-byte logical blocks: (1.99 GB/1.85 GiB)
Jan 25 14:57:41 kernel: [   20.058534] sd 15:0:0:0: [sdc] Write Protect is off
Jan 25 14:57:41 kernel: [   20.069946] sr 14:0:0:0: Attached scsi generic sg5 type 5
Jan 25 14:57:41 kernel: [   20.077296]  sdc: sdc1
Jan 25 14:57:41 kernel: [   20.077296]  sdc: sdc1
Jan 25 14:57:41 kernel: [   20.086792] sd 15:0:0:0: [sdc] Attached SCSI removable disk
Jan 25 14:57:41 kernel: [   20.481234] scsi 10:0:0:0: Direct-Access                                    PQ: 0 ANSI: 4
Jan 25 14:57:41 kernel: [   20.481546] sd 10:0:0:0: Attached scsi generic sg6 type 0
Jan 25 14:57:41 kernel: [   20.483465] sd 10:0:0:0: [sdd] 15482880 512-byte logical blocks: (7.92 GB/7.38 GiB)
Jan 25 14:57:41 kernel: [   20.484213] sd 10:0:0:0: [sdd] Write Protect is off
Jan 25 14:57:41 kernel: [   20.488123]  sdd: sdd1
Jan 25 14:57:41 kernel: [   20.488123]  sdd: sdd1
Jan 25 14:57:41 kernel: [   20.489968] sd 10:0:0:0: [sdd] Attached SCSI removable disk
Jan 25 14:57:41 kernel: [   20.500479] Adding 3911792k swap on /dev/sda5.  Priority:-1 extents:1 across:3911792k 
Jan 25 14:57:41 kernel: [   20.500479] Adding 3911792k swap on /dev/sda5.  Priority:-1 extents:1 across:3911792k 
Jan 25 14:57:41 kernel: [   20.521989] Adding 4867656k swap on /dev/sdb11.  Priority:-2 extents:1 across:4867656k 
Jan 25 14:57:41 kernel: [   20.521989] Adding 4867656k swap on /dev/sdb11.  Priority:-2 extents:1 across:4867656k 
Jan 25 14:57:41 kernel: [   20.553679] Adding 4867656k swap on /dev/sdb12.  Priority:-3 extents:1 across:4867656k 
Jan 25 14:57:41 kernel: [   20.553679] Adding 4867656k swap on /dev/sdb12.  Priority:-3 extents:1 across:4867656k 
Jan 25 14:57:41 kernel: [   20.747286] Adding 4859624k swap on /dev/sdb21.  Priority:-4 extents:1 across:4859624k 
Jan 25 14:57:41 kernel: [   20.747286] Adding 4859624k swap on /dev/sdb21.  Priority:-4 extents:1 across:4859624k 
Jan 25 14:57:41 kernel: [   20.839693] Adding 4859624k swap on /dev/sdb22.  Priority:-5 extents:1 across:4859624k 
Jan 25 14:57:41 kernel: [   20.839693] Adding 4859624k swap on /dev/sdb22.  Priority:-5 extents:1 across:4859624k 
Jan 25 15:57:48 kernel: [   26.730768] warning: `pure-ftpd' uses 32-bit capabilities (legacy support in use)
Jan 25 15:57:48 kernel: [   26.730768] warning: `pure-ftpd' uses 32-bit capabilities (legacy support in use)
Jan 25 15:57:48 kernel: [   26.789846] NET: Registered protocol family 10
Jan 25 15:57:48 kernel: [   26.789846] NET: Registered protocol family 10
Jan 25 15:57:48 kernel: [   26.790402] lo: Disabled Privacy Extensions
Jan 25 15:57:48 kernel: [   26.790402] lo: Disabled Privacy Extensions
Jan 25 15:57:48 kernel: [   26.976248] ip_tables: (C) 2000-2006 Netfilter Core Team
Jan 25 15:57:48 kernel: [   26.976248] ip_tables: (C) 2000-2006 Netfilter Core Team
Jan 25 15:57:48 kernel: [   27.008223] nf_conntrack version 0.5.0 (16384 buckets, 65536 max)
Jan 25 15:57:48 kernel: [   27.008223] nf_conntrack version 0.5.0 (16384 buckets, 65536 max)
Jan 25 15:57:49 init: starting pid 9012, tty '/dev/tty1': '/etc/rc.d/rc.launchxwin'
Jan 25 15:57:49 init: starting pid 9012, tty '/dev/tty1': '/etc/rc.d/rc.launchxwin'
Jan 25 15:57:49 init: starting pid 9013, tty '/dev/tty1': '/sbin/getty -n -l /bin/autologinroot 38400 tty1'
Jan 25 15:57:49 init: starting pid 9013, tty '/dev/tty1': '/sbin/getty -n -l /bin/autologinroot 38400 tty1'
Jan 25 15:57:49 init: starting pid 9014, tty '/dev/tty2': '/sbin/getty -n -l /bin/autologinroot 38400 tty2'
Jan 25 15:57:49 init: starting pid 9014, tty '/dev/tty2': '/sbin/getty -n -l /bin/autologinroot 38400 tty2'
Jan 25 15:57:49 init: starting pid 9020, tty '/dev/tty3': '/sbin/getty -n -l /bin/autologinroot 38400 tty3'
Jan 25 15:57:49 init: starting pid 9020, tty '/dev/tty3': '/sbin/getty -n -l /bin/autologinroot 38400 tty3'
Jan 25 15:57:49 login[9018]: root login on 'tty1'
Jan 25 15:57:49 login[9018]: root login on 'tty1'
Jan 25 15:57:49 login[9022]: root login on 'tty2'
Jan 25 15:57:49 login[9022]: root login on 'tty2'
Jan 25 15:57:49 init: starting pid 9026, tty '/dev/tty4': '/sbin/getty -n -l /bin/autologinroot 38400 tty4'
Jan 25 15:57:49 init: starting pid 9026, tty '/dev/tty4': '/sbin/getty -n -l /bin/autologinroot 38400 tty4'
Jan 25 15:57:49 login[9028]: root login on 'tty3'
Jan 25 15:57:49 login[9028]: root login on 'tty3'
Jan 25 15:57:49 init: starting pid 9032, tty '/dev/tty5': '/sbin/getty 38400 tty5'
Jan 25 15:57:49 init: starting pid 9032, tty '/dev/tty5': '/sbin/getty 38400 tty5'
Jan 25 15:57:49 login[9036]: root login on 'tty4'
Jan 25 15:57:49 login[9036]: root login on 'tty4'
Jan 25 15:57:49 init: starting pid 9043, tty '/dev/tty6': '/sbin/getty 38400 tty6'
Jan 25 15:57:49 init: starting pid 9043, tty '/dev/tty6': '/sbin/getty 38400 tty6'
Jan 25 15:57:52 udevinfo[9808]: udev_db_get_device: found a symlink as db file
Jan 25 15:57:52 udevinfo[9808]: udev_db_get_device: found a symlink as db file
Jan 25 15:57:58 dicod[9950]: dicod (GNU dico 2.1) started
Jan 25 15:57:58 dicod[9950]: dicod (GNU dico 2.1) started
Jan 25 15:58:03 kernel: [   41.707987] ohci_hcd: USB 1.1 'Open' Host Controller (OHCI) Driver
Jan 25 15:58:03 kernel: [   41.707987] ohci_hcd: USB 1.1 'Open' Host Controller (OHCI) Driver
Jan 25 15:58:08 sensord: sensord started
Jan 25 15:58:08 sensord: sensord started
Jan 25 15:58:08 sensord: Chip: coretemp-isa-0000
Jan 25 15:58:08 sensord: Chip: coretemp-isa-0000
Jan 25 15:58:08 sensord: Adapter: ISA adapter
Jan 25 15:58:08 sensord: Adapter: ISA adapter
Jan 25 15:58:08 sensord:   Core 0: 36.0 C
Jan 25 15:58:08 sensord:   Core 0: 36.0 C
Jan 25 15:58:08 sensord: Chip: coretemp-isa-0001
Jan 25 15:58:08 sensord: Chip: coretemp-isa-0001
Jan 25 15:58:08 sensord: Adapter: ISA adapter
Jan 25 15:58:08 sensord: Adapter: ISA adapter
Jan 25 15:58:08 sensord:   Core 1: 37.0 C
Jan 25 15:58:08 sensord:   Core 1: 37.0 C
Jan 25 15:58:09 kernel: [   47.827215] usbcore: registered new interface driver usbserial
Jan 25 15:58:09 kernel: [   47.827215] usbcore: registered new interface driver usbserial
Jan 25 15:58:09 kernel: [   47.827369] USB Serial support registered for generic
Jan 25 15:58:09 kernel: [   47.827369] USB Serial support registered for generic
Jan 25 15:58:09 kernel: [   47.827602] usbcore: registered new interface driver usbserial_generic
Jan 25 15:58:09 kernel: [   47.827602] usbcore: registered new interface driver usbserial_generic
Jan 25 15:58:09 kernel: [   47.827604] usbserial: USB Serial Driver core
Jan 25 15:58:09 kernel: [   47.827604] usbserial: USB Serial Driver core
Jan 25 15:58:09 kernel: [   47.839323] USB Serial support registered for GSM modem (1-port)
Jan 25 15:58:09 kernel: [   47.839323] USB Serial support registered for GSM modem (1-port)
Jan 25 15:58:09 kernel: [   47.839395] option 7-5.2:1.0: GSM modem (1-port) converter detected
Jan 25 15:58:09 kernel: [   47.839395] option 7-5.2:1.0: GSM modem (1-port) converter detected
Jan 25 15:58:09 kernel: [   47.840443] usb 7-5.2: GSM modem (1-port) converter now attached to ttyUSB0
Jan 25 15:58:09 kernel: [   47.840443] usb 7-5.2: GSM modem (1-port) converter now attached to ttyUSB0
Jan 25 15:58:09 kernel: [   47.840459] option 7-5.2:1.1: GSM modem (1-port) converter detected
Jan 25 15:58:09 kernel: [   47.840459] option 7-5.2:1.1: GSM modem (1-port) converter detected
Jan 25 15:58:09 kernel: [   47.840887] usb 7-5.2: GSM modem (1-port) converter now attached to ttyUSB1
Jan 25 15:58:09 kernel: [   47.840887] usb 7-5.2: GSM modem (1-port) converter now attached to ttyUSB1
Jan 25 15:58:09 kernel: [   47.840901] option 7-5.2:1.2: GSM modem (1-port) converter detected
Jan 25 15:58:09 kernel: [   47.840901] option 7-5.2:1.2: GSM modem (1-port) converter detected
Jan 25 15:58:09 kernel: [   47.841665] usb 7-5.2: GSM modem (1-port) converter now attached to ttyUSB2
Jan 25 15:58:09 kernel: [   47.841665] usb 7-5.2: GSM modem (1-port) converter now attached to ttyUSB2
Jan 25 15:58:09 kernel: [   47.841886] usbcore: registered new interface driver option
Jan 25 15:58:09 kernel: [   47.841886] usbcore: registered new interface driver option
Jan 25 15:58:09 kernel: [   47.841888] option: v0.7.2:USB Driver for GSM modems
Jan 25 15:58:09 kernel: [   47.841888] option: v0.7.2:USB Driver for GSM modems
Jan 25 16:02:48 kernel: [  326.409206] EXT4-fs (sda7): mounted filesystem with ordered data mode. Opts: 
Jan 25 16:02:48 kernel: [  326.409206] EXT4-fs (sda7): mounted filesystem with ordered data mode. Opts: 
Jan 25 16:03:06 kernel: [  345.100908] sr0: CDROM not ready.  Make sure there is a disc in the drive.
Jan 25 16:03:06 kernel: [  345.100908] sr0: CDROM not ready.  Make sure there is a disc in the drive.
Jan 25 16:03:06 kernel: [  345.113320] sr1: CDROM not ready.  Make sure there is a disc in the drive.
Jan 25 16:03:06 kernel: [  345.113320] sr1: CDROM not ready.  Make sure there is a disc in the drive.
Jan 25 16:28:08 sensord: Chip: coretemp-isa-0000
Jan 25 16:28:08 sensord: Chip: coretemp-isa-0000
Jan 25 16:28:08 sensord: Adapter: ISA adapter
Jan 25 16:28:08 sensord: Adapter: ISA adapter
Jan 25 16:28:08 sensord:   Core 0: 36.0 C
Jan 25 16:28:08 sensord:   Core 0: 36.0 C
Jan 25 16:28:08 sensord: Chip: coretemp-isa-0001
Jan 25 16:28:08 sensord: Chip: coretemp-isa-0001
Jan 25 16:28:08 sensord: Adapter: ISA adapter
Jan 25 16:28:08 sensord: Adapter: ISA adapter
Jan 25 16:28:08 sensord:   Core 1: 37.0 C
Jan 25 16:28:08 sensord:   Core 1: 37.0 C
Jan 25 16:39:56 kernel: [ 2554.458060] rxvt[20096]: segfault at 0 ip b76fad2f sp bfcf1220 error 4 in libc-2.6.1.so[b76a1000+f5000]
Jan 25 16:39:56 kernel: [ 2554.458060] rxvt[20096]: segfault at 0 ip b76fad2f sp bfcf1220 error 4 in libc-2.6.1.so[b76a1000+f5000]
Jan 25 16:58:08 sensord: Chip: coretemp-isa-0000
Jan 25 16:58:08 sensord: Chip: coretemp-isa-0000
Jan 25 16:58:08 sensord: Adapter: ISA adapter
Jan 25 16:58:08 sensord: Adapter: ISA adapter
Jan 25 16:58:08 sensord:   Core 0: 36.0 C
Jan 25 16:58:08 sensord:   Core 0: 36.0 C
Jan 25 16:58:08 sensord: Chip: coretemp-isa-0001
Jan 25 16:58:08 sensord: Chip: coretemp-isa-0001
Jan 25 16:58:08 sensord: Adapter: ISA adapter
Jan 25 16:58:08 sensord: Adapter: ISA adapter
Jan 25 16:58:08 sensord:   Core 1: 37.0 C
Jan 25 16:58:08 sensord:   Core 1: 37.0 C
Jan 25 17:07:10 kernel: [ 4188.510028] sr0: CDROM not ready.  Make sure there is a disc in the drive.
Jan 25 17:07:10 kernel: [ 4188.510028] sr0: CDROM not ready.  Make sure there is a disc in the drive.
Jan 25 17:07:10 kernel: [ 4188.522426] sr1: CDROM not ready.  Make sure there is a disc in the drive.
Jan 25 17:07:10 kernel: [ 4188.522426] sr1: CDROM not ready.  Make sure there is a disc in the drive.
Jan 25 17:19:45 kernel: [ 4943.598769] sr0: CDROM not ready.  Make sure there is a disc in the drive.
Jan 25 17:19:45 kernel: [ 4943.598769] sr0: CDROM not ready.  Make sure there is a disc in the drive.
Jan 25 17:19:45 kernel: [ 4943.611186] sr1: CDROM not ready.  Make sure there is a disc in the drive.
Jan 25 17:19:45 kernel: [ 4943.611186] sr1: CDROM not ready.  Make sure there is a disc in the drive.
Jan 25 17:19:45 kernel: [ 4943.627375] sr0: CDROM not ready.  Make sure there is a disc in the drive.
Jan 25 17:19:45 kernel: [ 4943.627375] sr0: CDROM not ready.  Make sure there is a disc in the drive.
Jan 25 17:28:08 sensord: Chip: coretemp-isa-0000
Jan 25 17:28:08 sensord: Chip: coretemp-isa-0000
Jan 25 17:28:08 sensord: Adapter: ISA adapter
Jan 25 17:28:08 sensord: Adapter: ISA adapter
Jan 25 17:28:08 sensord:   Core 0: 36.0 C
Jan 25 17:28:08 sensord:   Core 0: 36.0 C
Jan 25 17:28:08 sensord: Chip: coretemp-isa-0001
Jan 25 17:28:08 sensord: Chip: coretemp-isa-0001
Jan 25 17:28:08 sensord: Adapter: ISA adapter
Jan 25 17:28:08 sensord: Adapter: ISA adapter
Jan 25 17:28:08 sensord:   Core 1: 37.0 C
Jan 25 17:28:08 sensord:   Core 1: 37.0 C
Jan 25 17:58:08 sensord: Chip: coretemp-isa-0000
Jan 25 17:58:08 sensord: Chip: coretemp-isa-0000
Jan 25 17:58:08 sensord: Adapter: ISA adapter
Jan 25 17:58:08 sensord: Adapter: ISA adapter
Jan 25 17:58:08 sensord:   Core 0: 36.0 C
Jan 25 17:58:08 sensord:   Core 0: 36.0 C
Jan 25 17:58:08 sensord: Chip: coretemp-isa-0001
Jan 25 17:58:08 sensord: Chip: coretemp-isa-0001
Jan 25 17:58:08 sensord: Adapter: ISA adapter
Jan 25 17:58:08 sensord: Adapter: ISA adapter
Jan 25 17:58:08 sensord:   Core 1: 37.0 C
Jan 25 17:58:08 sensord:   Core 1: 37.0 C
Jan 25 18:16:48 kernel: [ 8366.977810] PPP generic driver version 2.4.2
Jan 25 18:16:48 kernel: [ 8366.977810] PPP generic driver version 2.4.2
Jan 25 18:16:48 pppd[3091]: pppd options in effect:
Jan 25 18:16:48 pppd[3091]: pppd options in effect:
Jan 25 18:16:48 pppd[3091]: debug		# (from /etc/ppp/options)
Jan 25 18:16:48 pppd[3091]: debug		# (from /etc/ppp/options)
Jan 25 18:16:48 pppd[3091]: nodetach		# (from /etc/ppp/peers/gprsmm)
Jan 25 18:16:48 pppd[3091]: nodetach		# (from /etc/ppp/peers/gprsmm)
Jan 25 18:16:48 pppd[3091]: dump		# (from /etc/ppp/peers/gprsmm)
Jan 25 18:16:48 pppd[3091]: dump		# (from /etc/ppp/peers/gprsmm)
Jan 25 18:16:48 pppd[3091]: noauth		# (from /etc/ppp/peers/gprsmm)
Jan 25 18:16:48 pppd[3091]: noauth		# (from /etc/ppp/peers/gprsmm)
Jan 25 18:16:48 pppd[3091]: name barney		# (from /etc/ppp/options)
Jan 25 18:16:48 pppd[3091]: name barney		# (from /etc/ppp/options)
Jan 25 18:16:48 pppd[3091]: user gprsuser		# (from /etc/ppp/peers/gprsmm)
Jan 25 18:16:48 pppd[3091]: user gprsuser		# (from /etc/ppp/peers/gprsmm)
Jan 25 18:16:48 pppd[3091]: /dev/ttyUSB0		# (from /etc/ppp/peers/gprsmm)
Jan 25 18:16:48 pppd[3091]: /dev/ttyUSB0		# (from /etc/ppp/peers/gprsmm)
Jan 25 18:16:48 pppd[3091]: 115200		# (from /etc/ppp/peers/gprsmm)
Jan 25 18:16:48 pppd[3091]: 115200		# (from /etc/ppp/peers/gprsmm)
Jan 25 18:16:48 pppd[3091]: lock		# (from /etc/ppp/options)
Jan 25 18:16:48 pppd[3091]: lock		# (from /etc/ppp/options)
Jan 25 18:16:48 pppd[3091]: connect /etc/ppp/peers/gprs-connect-chatmm		# (from /etc/ppp/peers/gprsmm)
Jan 25 18:16:48 pppd[3091]: connect /etc/ppp/peers/gprs-connect-chatmm		# (from /etc/ppp/peers/gprsmm)
Jan 25 18:16:48 pppd[3091]: disconnect /etc/ppp/peers/gprs-disconnect-chatmm		# (from /etc/ppp/peers/gprsmm)
Jan 25 18:16:48 pppd[3091]: disconnect /etc/ppp/peers/gprs-disconnect-chatmm		# (from /etc/ppp/peers/gprsmm)
Jan 25 18:16:48 pppd[3091]: crtscts		# (from /etc/ppp/peers/gprsmm)
Jan 25 18:16:48 pppd[3091]: crtscts		# (from /etc/ppp/peers/gprsmm)
Jan 25 18:16:48 pppd[3091]: local		# (from /etc/ppp/peers/gprsmm)
Jan 25 18:16:48 pppd[3091]: local		# (from /etc/ppp/peers/gprsmm)
Jan 25 18:16:48 pppd[3091]: asyncmap 0		# (from /etc/ppp/options)
Jan 25 18:16:48 pppd[3091]: asyncmap 0		# (from /etc/ppp/options)
Jan 25 18:16:48 pppd[3091]: lcp-echo-failure 3		# (from /etc/ppp/peers/gprsmm)
Jan 25 18:16:48 pppd[3091]: lcp-echo-failure 3		# (from /etc/ppp/peers/gprsmm)
Jan 25 18:16:48 pppd[3091]: lcp-echo-interval 20		# (from /etc/ppp/peers/gprsmm)
Jan 25 18:16:48 pppd[3091]: lcp-echo-interval 20		# (from /etc/ppp/peers/gprsmm)
Jan 25 18:16:48 pppd[3091]: novj		# (from /etc/ppp/peers/gprsmm)
Jan 25 18:16:48 pppd[3091]: novj		# (from /etc/ppp/peers/gprsmm)
Jan 25 18:16:48 pppd[3091]: novjccomp		# (from /etc/ppp/peers/gprsmm)
Jan 25 18:16:48 pppd[3091]: novjccomp		# (from /etc/ppp/peers/gprsmm)
Jan 25 18:16:48 pppd[3091]: ipcp-accept-local		# (from /etc/ppp/peers/gprsmm)
Jan 25 18:16:48 pppd[3091]: ipcp-accept-local		# (from /etc/ppp/peers/gprsmm)
Jan 25 18:16:48 pppd[3091]: ipcp-accept-remote		# (from /etc/ppp/peers/gprsmm)
Jan 25 18:16:48 pppd[3091]: ipcp-accept-remote		# (from /etc/ppp/peers/gprsmm)
Jan 25 18:16:48 pppd[3091]: noipdefault		# (from /etc/ppp/peers/gprsmm)
Jan 25 18:16:48 pppd[3091]: noipdefault		# (from /etc/ppp/peers/gprsmm)
Jan 25 18:16:48 pppd[3091]: defaultroute		# (from /etc/ppp/peers/gprsmm)
Jan 25 18:16:48 pppd[3091]: defaultroute		# (from /etc/ppp/peers/gprsmm)
Jan 25 18:16:48 pppd[3091]: usepeerdns		# (from /etc/ppp/peers/gprsmm)
Jan 25 18:16:48 pppd[3091]: usepeerdns		# (from /etc/ppp/peers/gprsmm)
Jan 25 18:16:48 pppd[3091]: :10.0.0.1		# (from /etc/ppp/peers/gprsmm)
Jan 25 18:16:48 pppd[3091]: :10.0.0.1		# (from /etc/ppp/peers/gprsmm)
Jan 25 18:16:48 pppd[3091]: nobsdcomp		# (from /etc/ppp/peers/gprsmm)
Jan 25 18:16:48 pppd[3091]: nobsdcomp		# (from /etc/ppp/peers/gprsmm)
Jan 25 18:16:48 pppd[3091]: nodeflate		# (from /etc/ppp/peers/gprsmm)
Jan 25 18:16:48 pppd[3091]: nodeflate		# (from /etc/ppp/peers/gprsmm)
Jan 25 18:16:48 pppd[3091]: pppd 2.4.5 started by root, uid 0
Jan 25 18:16:48 chat[3109]: timeout set to 10 seconds
Jan 25 18:16:48 chat[3109]: timeout set to 10 seconds
Jan 25 18:16:48 chat[3109]: abort on (\nBUSY\r)
Jan 25 18:16:48 chat[3109]: abort on (\nBUSY\r)
Jan 25 18:16:48 chat[3109]: abort on (\nNO ANSWER\r)
Jan 25 18:16:48 chat[3109]: abort on (\nNO ANSWER\r)
Jan 25 18:16:48 chat[3109]: abort on (\nNO CARRIER\r)
Jan 25 18:16:48 chat[3109]: abort on (\nNO CARRIER\r)
Jan 25 18:16:48 chat[3109]: abort on (\nNO DIALTONE\r)
Jan 25 18:16:48 chat[3109]: abort on (\nNO DIALTONE\r)
Jan 25 18:16:48 chat[3109]: abort on (\nRINGING\r\n\r\nRINGING\r)
Jan 25 18:16:48 chat[3109]: abort on (\nRINGING\r\n\r\nRINGING\r)
Jan 25 18:16:48 chat[3109]: send (rAT^M)
Jan 25 18:16:48 chat[3109]: send (rAT^M)
Jan 25 18:16:48 chat[3109]: timeout set to 12 seconds
Jan 25 18:16:48 chat[3109]: timeout set to 12 seconds
Jan 25 18:16:48 chat[3109]: expect (OK)
Jan 25 18:16:48 chat[3109]: expect (OK)
Jan 25 18:16:48 chat[3109]: AT^M^M
Jan 25 18:16:48 chat[3109]: AT^M^M
Jan 25 18:16:48 chat[3109]: OK
Jan 25 18:16:48 chat[3109]: OK
Jan 25 18:16:48 chat[3109]:  -- got it
Jan 25 18:16:48 chat[3109]:  -- got it
Jan 25 18:16:48 chat[3109]: send (AT+CPIN="7015"^M)
Jan 25 18:16:48 chat[3109]: send (AT+CPIN="7015"^M)
Jan 25 18:16:48 chat[3109]: expect (O)
Jan 25 18:16:48 chat[3109]: expect (O)
Jan 25 18:16:48 chat[3109]: ^M
Jan 25 18:16:48 chat[3109]: ^M
Jan 25 18:16:48 chat[3109]: AT+CPIN="7015"^M^M
Jan 25 18:16:48 chat[3109]: AT+CPIN="7015"^M^M
Jan 25 18:16:48 chat[3109]: O
Jan 25 18:16:48 chat[3109]: O
Jan 25 18:16:48 chat[3109]:  -- got it
Jan 25 18:16:48 chat[3109]:  -- got it
Jan 25 18:16:48 chat[3109]: send (\d\dAT+CGDCONT=1,"IP","internet.t-mobile"^M)
Jan 25 18:16:48 chat[3109]: send (\d\dAT+CGDCONT=1,"IP","internet.t-mobile"^M)
Jan 25 18:16:51 chat[3109]: abort on (\nERROR\r)
Jan 25 18:16:51 chat[3109]: abort on (\nERROR\r)
Jan 25 18:16:51 chat[3109]: expect (OK)
Jan 25 18:16:51 chat[3109]: expect (OK)
Jan 25 18:16:51 chat[3109]: K^M
Jan 25 18:16:51 chat[3109]: K^M
Jan 25 18:16:51 chat[3109]: AT+CGDCONT=1,"IP","internet.t-mobile"^M^M
Jan 25 18:16:51 chat[3109]: AT+CGDCONT=1,"IP","internet.t-mobile"^M^M
Jan 25 18:16:51 chat[3109]: OK
Jan 25 18:16:51 chat[3109]: OK
Jan 25 18:16:51 chat[3109]:  -- got it
Jan 25 18:16:51 chat[3109]:  -- got it
Jan 25 18:16:51 chat[3109]: send (ATH^M)
Jan 25 18:16:51 chat[3109]: send (ATH^M)
Jan 25 18:16:51 chat[3109]: expect (OK)
Jan 25 18:16:51 chat[3109]: expect (OK)
Jan 25 18:16:51 chat[3109]: ^M
Jan 25 18:16:51 chat[3109]: ^M
Jan 25 18:16:51 chat[3109]: ATH^M^M
Jan 25 18:16:51 chat[3109]: ATH^M^M
Jan 25 18:16:51 chat[3109]: OK
Jan 25 18:16:51 chat[3109]: OK
Jan 25 18:16:51 chat[3109]:  -- got it
Jan 25 18:16:51 chat[3109]:  -- got it
Jan 25 18:16:51 chat[3109]: send (ATE1^M)
Jan 25 18:16:51 chat[3109]: send (ATE1^M)
Jan 25 18:16:51 chat[3109]: expect (OK)
Jan 25 18:16:51 chat[3109]: expect (OK)
Jan 25 18:16:51 chat[3109]: ^M
Jan 25 18:16:51 chat[3109]: ^M
Jan 25 18:16:51 chat[3109]: ATE1^M^M
Jan 25 18:16:51 chat[3109]: ATE1^M^M
Jan 25 18:16:51 chat[3109]: OK
Jan 25 18:16:51 chat[3109]: OK
Jan 25 18:16:51 chat[3109]:  -- got it
Jan 25 18:16:51 chat[3109]:  -- got it
Jan 25 18:16:51 chat[3109]: send (AT+CSQ^M)
Jan 25 18:16:51 chat[3109]: send (AT+CSQ^M)
Jan 25 18:16:51 chat[3109]: expect (+CSQ)
Jan 25 18:16:51 chat[3109]: expect (+CSQ)
Jan 25 18:16:51 chat[3109]: ^M
Jan 25 18:16:51 chat[3109]: ^M
Jan 25 18:16:51 chat[3109]: AT+CSQ
Jan 25 18:16:51 chat[3109]: AT+CSQ
Jan 25 18:16:51 chat[3109]:  -- got it
Jan 25 18:16:51 chat[3109]:  -- got it
Jan 25 18:16:51 chat[3109]: send (ATD*99#^M)
Jan 25 18:16:51 chat[3109]: send (ATD*99#^M)
Jan 25 18:16:51 chat[3109]: timeout set to 22 seconds
Jan 25 18:16:51 chat[3109]: timeout set to 22 seconds
Jan 25 18:16:51 chat[3109]: expect (CONNECT)
Jan 25 18:16:51 chat[3109]: expect (CONNECT)
Jan 25 18:16:51 chat[3109]: ^M^M
Jan 25 18:16:51 chat[3109]: ^M^M
Jan 25 18:16:51 chat[3109]: +CSQ: 19,99^M
Jan 25 18:16:51 chat[3109]: +CSQ: 19,99^M
Jan 25 18:16:51 chat[3109]: ^M
Jan 25 18:16:51 chat[3109]: ^M
Jan 25 18:16:51 chat[3109]: OK^M
Jan 25 18:16:51 chat[3109]: OK^M
Jan 25 18:16:51 chat[3109]: ATD*99#^M^M
Jan 25 18:16:51 chat[3109]: ATD*99#^M^M
Jan 25 18:16:51 chat[3109]: CONNECT
Jan 25 18:16:51 chat[3109]: CONNECT
Jan 25 18:16:51 chat[3109]:  -- got it
Jan 25 18:16:51 chat[3109]:  -- got it
Jan 25 18:16:51 chat[3109]: send ()
Jan 25 18:16:51 chat[3109]: send ()
Jan 25 18:16:51 pppd[3091]: Serial connection established.
Jan 25 18:16:51 pppd[3091]: Serial connection established.
Jan 25 18:16:51 pppd[3091]: Using interface ppp0
Jan 25 18:16:51 pppd[3091]: Using interface ppp0
Jan 25 18:16:51 pppd[3091]: Connect: ppp0 <--> /dev/ttyUSB0
Jan 25 18:16:52 pppd[3091]: PAP authentication succeeded
Jan 25 18:16:59 pppd[3091]: local  IP address 10.212.65.147
Jan 25 18:16:59 pppd[3091]: remote IP address 10.0.0.1
Jan 25 18:28:08 sensord: Chip: coretemp-isa-0000
Jan 25 18:28:08 sensord: Chip: coretemp-isa-0000
Jan 25 18:28:08 sensord: Adapter: ISA adapter
Jan 25 18:28:08 sensord: Adapter: ISA adapter
Jan 25 18:28:08 sensord:   Core 0: 36.0 C
Jan 25 18:28:08 sensord:   Core 0: 36.0 C
Jan 25 18:28:08 sensord: Chip: coretemp-isa-0001
Jan 25 18:28:08 sensord: Chip: coretemp-isa-0001
Jan 25 18:28:08 sensord: Adapter: ISA adapter
Jan 25 18:28:08 sensord: Adapter: ISA adapter
Jan 25 18:28:08 sensord:   Core 1: 37.0 C
Jan 25 18:28:08 sensord:   Core 1: 37.0 C
Jan 25 18:58:08 sensord: Chip: coretemp-isa-0000
Jan 25 18:58:08 sensord: Chip: coretemp-isa-0000
Jan 25 18:58:08 sensord: Adapter: ISA adapter
Jan 25 18:58:08 sensord: Adapter: ISA adapter
Jan 25 18:58:08 sensord:   Core 0: 36.0 C
Jan 25 18:58:08 sensord:   Core 0: 36.0 C
Jan 25 18:58:08 sensord: Chip: coretemp-isa-0001
Jan 25 18:58:08 sensord: Chip: coretemp-isa-0001
Jan 25 18:58:08 sensord: Adapter: ISA adapter
Jan 25 18:58:08 sensord: Adapter: ISA adapter
Jan 25 18:58:08 sensord:   Core 1: 37.0 C
Jan 25 18:58:08 sensord:   Core 1: 37.0 C
Jan 25 19:28:08 sensord: Chip: coretemp-isa-0000
Jan 25 19:28:08 sensord: Chip: coretemp-isa-0000
Jan 25 19:28:08 sensord: Adapter: ISA adapter
Jan 25 19:28:08 sensord: Adapter: ISA adapter
Jan 25 19:28:08 sensord:   Core 0: 36.0 C
Jan 25 19:28:08 sensord:   Core 0: 36.0 C
Jan 25 19:28:08 sensord: Chip: coretemp-isa-0001
Jan 25 19:28:08 sensord: Chip: coretemp-isa-0001
Jan 25 19:28:08 sensord: Adapter: ISA adapter
Jan 25 19:28:08 sensord: Adapter: ISA adapter
Jan 25 19:28:08 sensord:   Core 1: 37.0 C
Jan 25 19:28:08 sensord:   Core 1: 37.0 C
Jan 25 19:58:08 sensord: Chip: coretemp-isa-0000
Jan 25 19:58:08 sensord: Chip: coretemp-isa-0000
Jan 25 19:58:08 sensord: Adapter: ISA adapter
Jan 25 19:58:08 sensord: Adapter: ISA adapter
Jan 25 19:58:08 sensord:   Core 0: 36.0 C
Jan 25 19:58:08 sensord:   Core 0: 36.0 C
Jan 25 19:58:08 sensord: Chip: coretemp-isa-0001
Jan 25 19:58:08 sensord: Chip: coretemp-isa-0001
Jan 25 19:58:08 sensord: Adapter: ISA adapter
Jan 25 19:58:08 sensord: Adapter: ISA adapter
Jan 25 19:58:08 sensord:   Core 1: 37.0 C
Jan 25 19:58:08 sensord:   Core 1: 37.0 C
Jan 25 20:28:08 sensord: Chip: coretemp-isa-0000
Jan 25 20:28:08 sensord: Chip: coretemp-isa-0000
Jan 25 20:28:08 sensord: Adapter: ISA adapter
Jan 25 20:28:08 sensord: Adapter: ISA adapter
Jan 25 20:28:08 sensord:   Core 0: 36.0 C
Jan 25 20:28:08 sensord:   Core 0: 36.0 C
Jan 25 20:28:08 sensord: Chip: coretemp-isa-0001
Jan 25 20:28:08 sensord: Chip: coretemp-isa-0001
Jan 25 20:28:08 sensord: Adapter: ISA adapter
Jan 25 20:28:08 sensord: Adapter: ISA adapter
Jan 25 20:28:08 sensord:   Core 1: 37.0 C
Jan 25 20:28:08 sensord:   Core 1: 37.0 C
Jan 25 20:58:08 sensord: Chip: coretemp-isa-0000
Jan 25 20:58:08 sensord: Chip: coretemp-isa-0000
Jan 25 20:58:08 sensord: Adapter: ISA adapter
Jan 25 20:58:08 sensord: Adapter: ISA adapter
Jan 25 20:58:08 sensord:   Core 0: 36.0 C
Jan 25 20:58:08 sensord:   Core 0: 36.0 C
Jan 25 20:58:08 sensord: Chip: coretemp-isa-0001
Jan 25 20:58:08 sensord: Chip: coretemp-isa-0001
Jan 25 20:58:08 sensord: Adapter: ISA adapter
Jan 25 20:58:08 sensord: Adapter: ISA adapter
Jan 25 20:58:08 sensord:   Core 1: 37.0 C
Jan 25 20:58:08 sensord:   Core 1: 37.0 C
Jan 25 21:28:08 sensord: Chip: coretemp-isa-0000
Jan 25 21:28:08 sensord: Chip: coretemp-isa-0000
Jan 25 21:28:08 sensord: Adapter: ISA adapter
Jan 25 21:28:08 sensord: Adapter: ISA adapter
Jan 25 21:28:08 sensord:   Core 0: 36.0 C
Jan 25 21:28:08 sensord:   Core 0: 36.0 C
Jan 25 21:28:08 sensord: Chip: coretemp-isa-0001
Jan 25 21:28:08 sensord: Chip: coretemp-isa-0001
Jan 25 21:28:08 sensord: Adapter: ISA adapter
Jan 25 21:28:08 sensord: Adapter: ISA adapter
Jan 25 21:28:08 sensord:   Core 1: 37.0 C
Jan 25 21:28:08 sensord:   Core 1: 37.0 C
Jan 25 21:58:08 sensord: Chip: coretemp-isa-0000
Jan 25 21:58:08 sensord: Chip: coretemp-isa-0000
Jan 25 21:58:08 sensord: Adapter: ISA adapter
Jan 25 21:58:08 sensord: Adapter: ISA adapter
Jan 25 21:58:08 sensord:   Core 0: 36.0 C
Jan 25 21:58:08 sensord:   Core 0: 36.0 C
Jan 25 21:58:08 sensord: Chip: coretemp-isa-0001
Jan 25 21:58:08 sensord: Chip: coretemp-isa-0001
Jan 25 21:58:08 sensord: Adapter: ISA adapter
Jan 25 21:58:08 sensord: Adapter: ISA adapter
Jan 25 21:58:08 sensord:   Core 1: 37.0 C
Jan 25 21:58:08 sensord:   Core 1: 37.0 C
Jan 25 22:28:08 sensord: Chip: coretemp-isa-0000
Jan 25 22:28:08 sensord: Chip: coretemp-isa-0000
Jan 25 22:28:08 sensord: Adapter: ISA adapter
Jan 25 22:28:08 sensord: Adapter: ISA adapter
Jan 25 22:28:08 sensord:   Core 0: 36.0 C
Jan 25 22:28:08 sensord:   Core 0: 36.0 C
Jan 25 22:28:08 sensord: Chip: coretemp-isa-0001
Jan 25 22:28:08 sensord: Chip: coretemp-isa-0001
Jan 25 22:28:08 sensord: Adapter: ISA adapter
Jan 25 22:28:08 sensord: Adapter: ISA adapter
Jan 25 22:28:08 sensord:   Core 1: 37.0 C
Jan 25 22:28:08 sensord:   Core 1: 37.0 C
Jan 25 22:58:08 sensord: Chip: coretemp-isa-0000
Jan 25 22:58:08 sensord: Chip: coretemp-isa-0000
Jan 25 22:58:08 sensord: Adapter: ISA adapter
Jan 25 22:58:08 sensord: Adapter: ISA adapter
Jan 25 22:58:08 sensord:   Core 0: 36.0 C
Jan 25 22:58:08 sensord:   Core 0: 36.0 C
Jan 25 22:58:08 sensord: Chip: coretemp-isa-0001
Jan 25 22:58:08 sensord: Chip: coretemp-isa-0001
Jan 25 22:58:08 sensord: Adapter: ISA adapter
Jan 25 22:58:08 sensord: Adapter: ISA adapter
Jan 25 22:58:08 sensord:   Core 1: 37.0 C
Jan 25 22:58:08 sensord:   Core 1: 37.0 C
Jan 25 23:28:08 sensord: Chip: coretemp-isa-0000
Jan 25 23:28:08 sensord: Chip: coretemp-isa-0000
Jan 25 23:28:08 sensord: Adapter: ISA adapter
Jan 25 23:28:08 sensord: Adapter: ISA adapter
Jan 25 23:28:08 sensord:   Core 0: 36.0 C
Jan 25 23:28:08 sensord:   Core 0: 36.0 C
Jan 25 23:28:08 sensord: Chip: coretemp-isa-0001
Jan 25 23:28:08 sensord: Chip: coretemp-isa-0001
Jan 25 23:28:08 sensord: Adapter: ISA adapter
Jan 25 23:28:08 sensord: Adapter: ISA adapter
Jan 25 23:28:08 sensord:   Core 1: 37.0 C
Jan 25 23:28:08 sensord:   Core 1: 37.0 C
Jan 25 23:58:08 sensord: Chip: coretemp-isa-0000
Jan 25 23:58:08 sensord: Chip: coretemp-isa-0000
Jan 25 23:58:08 sensord: Adapter: ISA adapter
Jan 25 23:58:08 sensord: Adapter: ISA adapter
Jan 25 23:58:08 sensord:   Core 0: 36.0 C
Jan 25 23:58:08 sensord:   Core 0: 36.0 C
Jan 25 23:58:08 sensord: Chip: coretemp-isa-0001
Jan 25 23:58:08 sensord: Chip: coretemp-isa-0001
Jan 25 23:58:08 sensord: Adapter: ISA adapter
Jan 25 23:58:08 sensord: Adapter: ISA adapter
Jan 25 23:58:08 sensord:   Core 1: 37.0 C
Jan 25 23:58:08 sensord:   Core 1: 37.0 C
Jan 26 00:24:27 pppd[3091]: Terminating on signal 2
Jan 26 00:24:27 pppd[3091]: Terminating on signal 2
Jan 26 00:24:27 pppd[3091]: Connect time 367.5 minutes.
Jan 26 00:24:27 pppd[3091]: Connect time 367.5 minutes.
Jan 26 00:24:27 pppd[3091]: Sent 14665189 bytes, received 74591646 bytes.
Jan 26 00:24:27 pppd[3091]: Sent 14665189 bytes, received 74591646 bytes.
Jan 26 00:24:27 pppd[3091]: Connection terminated.
Jan 26 00:24:28 pppd[3091]: Serial link disconnected.
Jan 26 00:24:28 pppd[3091]: Serial link disconnected.
Jan 26 00:24:28 pppd[3091]: Exit.
Jan 26 00:24:28 pppd[3091]: Exit.
Jan 26 00:24:53 init: process '/sbin/getty -n -l /bin/autologinroot 38400 tty2' (pid 9014) exited. Scheduling for restart.
Jan 26 00:24:53 init: process '/sbin/getty -n -l /bin/autologinroot 38400 tty2' (pid 9014) exited. Scheduling for restart.
Jan 26 00:24:53 init: starting pid 32605, tty '/dev/tty2': '/sbin/getty -n -l /bin/autologinroot 38400 tty2'
Jan 26 00:24:53 init: starting pid 32605, tty '/dev/tty2': '/sbin/getty -n -l /bin/autologinroot 38400 tty2'
Jan 26 00:24:53 login[32606]: root login on 'tty2'
Jan 26 00:24:53 login[32606]: root login on 'tty2'
Jan 26 00:24:54 init: process '/sbin/getty -n -l /bin/autologinroot 38400 tty3' (pid 9020) exited. Scheduling for restart.
Jan 26 00:24:54 init: process '/sbin/getty -n -l /bin/autologinroot 38400 tty3' (pid 9020) exited. Scheduling for restart.
Jan 26 00:24:54 init: starting pid 316, tty '/dev/tty3': '/sbin/getty -n -l /bin/autologinroot 38400 tty3'
Jan 26 00:24:54 init: starting pid 316, tty '/dev/tty3': '/sbin/getty -n -l /bin/autologinroot 38400 tty3'
Jan 26 00:24:54 login[317]: root login on 'tty3'
Jan 26 00:24:54 login[317]: root login on 'tty3'
Jan 26 00:24:55 init: process '/sbin/getty -n -l /bin/autologinroot 38400 tty4' (pid 9026) exited. Scheduling for restart.
Jan 26 00:24:55 init: process '/sbin/getty -n -l /bin/autologinroot 38400 tty4' (pid 9026) exited. Scheduling for restart.
Jan 26 00:24:55 init: starting pid 497, tty '/dev/tty4': '/sbin/getty -n -l /bin/autologinroot 38400 tty4'
Jan 26 00:24:55 init: starting pid 497, tty '/dev/tty4': '/sbin/getty -n -l /bin/autologinroot 38400 tty4'
Jan 26 00:24:55 login[498]: root login on 'tty4'
Jan 26 00:24:55 login[498]: root login on 'tty4'
Jan 26 00:25:05 kernel: [30463.549476] HDA Intel 0000:00:1b.0: PCI INT A disabled
Jan 26 00:25:05 kernel: [30463.549476] HDA Intel 0000:00:1b.0: PCI INT A disabled
Jan 26 00:25:16 sensord: sensord stopped
Jan 26 00:25:16 sensord: sensord stopped
Jan 26 00:25:23 kernel: klogd: exiting
Jan 26 00:25:23 syslogd exiting
Jan 26 00:25:23 syslogd exiting
Jan 26 08:20:15 syslogd started: BusyBox v1.22.0Dell755-Opera2
Jan 26 08:20:15 syslogd started: BusyBox v1.22.0Dell755-Opera2
Jan 26 08:20:15 kernel: klogd started: BusyBox v1.22.0Dell755-Opera2 (2014-01-18 04:29:48 GMT+1)
Jan 26 08:20:15 kernel: [    0.000000] Initializing cgroup subsys cpuset
Jan 26 08:20:15 kernel: [    0.000000] Initializing cgroup subsys cpuset
Jan 26 08:20:15 kernel: [    0.000000] Initializing cgroup subsys cpu
Jan 26 08:20:15 kernel: [    0.000000] Initializing cgroup subsys cpu
Jan 26 08:20:15 kernel: [    0.000000] Linux version 2.6.37.4-KRG-iatom-1 (root@puppypc) (gcc version 4.4.5 20100728 (prerelease) (Debian 4.4.4-8) ) #6 SMP PREEMPT Wed Mar 23 15:45:38 GMT-8 2011
Jan 26 08:20:15 kernel: [    0.000000] BIOS-provided physical RAM map:
Jan 26 08:20:15 kernel: [    0.000000] BIOS-provided physical RAM map:
Jan 26 08:20:15 kernel: [    0.000000]  BIOS-e820: 0000000000000000 - 000000000009e400 (usable)
Jan 26 08:20:15 kernel: [    0.000000]  BIOS-e820: 0000000000000000 - 000000000009e400 (usable)
Jan 26 08:20:15 kernel: [    0.000000]  BIOS-e820: 00000000000f0000 - 0000000000100000 (reserved)
Jan 26 08:20:15 kernel: [    0.000000]  BIOS-e820: 00000000000f0000 - 0000000000100000 (reserved)
Jan 26 08:20:15 kernel: [    0.000000]  BIOS-e820: 0000000000100000 - 00000000cf3ff800 (usable)
Jan 26 08:20:15 kernel: [    0.000000]  BIOS-e820: 0000000000100000 - 00000000cf3ff800 (usable)
Jan 26 08:20:15 kernel: [    0.000000]  BIOS-e820: 00000000cf3ff800 - 00000000cf453c00 (ACPI NVS)
Jan 26 08:20:15 kernel: [    0.000000]  BIOS-e820: 00000000cf3ff800 - 00000000cf453c00 (ACPI NVS)
Jan 26 08:20:15 kernel: [    0.000000]  BIOS-e820: 00000000cf453c00 - 00000000cf455c00 (ACPI data)
Jan 26 08:20:15 kernel: [    0.000000]  BIOS-e820: 00000000cf453c00 - 00000000cf455c00 (ACPI data)
Jan 26 08:20:15 kernel: [    0.000000]  BIOS-e820: 00000000cf455c00 - 00000000d0000000 (reserved)
Jan 26 08:20:15 kernel: [    0.000000]  BIOS-e820: 00000000cf455c00 - 00000000d0000000 (reserved)
Jan 26 08:20:15 kernel: [    0.000000]  BIOS-e820: 00000000e0000000 - 00000000f0000000 (reserved)
Jan 26 08:20:15 kernel: [    0.000000]  BIOS-e820: 00000000e0000000 - 00000000f0000000 (reserved)
Jan 26 08:20:15 kernel: [    0.000000]  BIOS-e820: 00000000fec00000 - 00000000fed00400 (reserved)
Jan 26 08:20:15 kernel: [    0.000000]  BIOS-e820: 00000000fec00000 - 00000000fed00400 (reserved)
Jan 26 08:20:15 kernel: [    0.000000]  BIOS-e820: 00000000fed20000 - 00000000feda0000 (reserved)
Jan 26 08:20:15 kernel: [    0.000000]  BIOS-e820: 00000000fed20000 - 00000000feda0000 (reserved)
Jan 26 08:20:15 kernel: [    0.000000]  BIOS-e820: 00000000fee00000 - 00000000fef00000 (reserved)
Jan 26 08:20:15 kernel: [    0.000000]  BIOS-e820: 00000000fee00000 - 00000000fef00000 (reserved)
Jan 26 08:20:15 kernel: [    0.000000]  BIOS-e820: 00000000ffb00000 - 0000000100000000 (reserved)
Jan 26 08:20:15 kernel: [    0.000000]  BIOS-e820: 00000000ffb00000 - 0000000100000000 (reserved)
Jan 26 08:20:15 kernel: [    0.000000]  BIOS-e820: 0000000100000000 - 0000000128000000 (usable)
Jan 26 08:20:15 kernel: [    0.000000]  BIOS-e820: 0000000100000000 - 0000000128000000 (usable)
Jan 26 08:20:15 kernel: [    0.000000] NX (Execute Disable) protection: active
Jan 26 08:20:15 kernel: [    0.000000] NX (Execute Disable) protection: active
Jan 26 08:20:15 kernel: [    0.000000] DMI 2.5 present.
Jan 26 08:20:15 kernel: [    0.000000] DMI 2.5 present.
Jan 26 08:20:15 kernel: [    0.000000] last_pfn = 0x128000 max_arch_pfn = 0x1000000
Jan 26 08:20:15 kernel: [    0.000000] last_pfn = 0x128000 max_arch_pfn = 0x1000000
Jan 26 08:20:15 kernel: [    0.000000] x86 PAT enabled: cpu 0, old 0x7040600070406, new 0x7010600070106
Jan 26 08:20:15 kernel: [    0.000000] x86 PAT enabled: cpu 0, old 0x7040600070406, new 0x7010600070106
Jan 26 08:20:15 kernel: [    0.000000] total RAM covered: 64757M
Jan 26 08:20:15 kernel: [    0.000000] total RAM covered: 64757M
Jan 26 08:20:15 kernel: [    0.000000]  gran_size: 64K 	chunk_size: 64K 	num_reg: 8  	lose cover RAM: 60G
Jan 26 08:20:15 kernel: [    0.000000]  gran_size: 64K 	chunk_size: 64K 	num_reg: 8  	lose cover RAM: 60G
Jan 26 08:20:15 kernel: [    0.000000]  gran_size: 64K 	chunk_size: 128K 	num_reg: 8  	lose cover RAM: 60G
Jan 26 08:20:15 kernel: [    0.000000]  gran_size: 64K 	chunk_size: 128K 	num_reg: 8  	lose cover RAM: 60G
Jan 26 08:20:15 kernel: [    0.000000]  gran_size: 64K 	chunk_size: 256K 	num_reg: 8  	lose cover RAM: 60G
Jan 26 08:20:15 kernel: [    0.000000]  gran_size: 64K 	chunk_size: 256K 	num_reg: 8  	lose cover RAM: 60G
Jan 26 08:20:15 kernel: [    0.000000]  gran_size: 64K 	chunk_size: 512K 	num_reg: 8  	lose cover RAM: 60G
Jan 26 08:20:15 kernel: [    0.000000]  gran_size: 64K 	chunk_size: 512K 	num_reg: 8  	lose cover RAM: 60G
Jan 26 08:20:15 kernel: [    0.000000]  gran_size: 64K 	chunk_size: 1M 	num_reg: 8  	lose cover RAM: 60G
Jan 26 08:20:15 kernel: [    0.000000]  gran_size: 64K 	chunk_size: 1M 	num_reg: 8  	lose cover RAM: 60G
Jan 26 08:20:15 kernel: [    0.000000]  gran_size: 64K 	chunk_size: 2M 	num_reg: 8  	lose cover RAM: 61439M
Jan 26 08:20:15 kernel: [    0.000000]  gran_size: 64K 	chunk_size: 2M 	num_reg: 8  	lose cover RAM: 61439M
Jan 26 08:20:15 kernel: [    0.000000]  gran_size: 64K 	chunk_size: 4M 	num_reg: 8  	lose cover RAM: 61438M
Jan 26 08:20:15 kernel: [    0.000000]  gran_size: 64K 	chunk_size: 4M 	num_reg: 8  	lose cover RAM: 61438M
Jan 26 08:20:15 kernel: [    0.000000]  gran_size: 64K 	chunk_size: 8M 	num_reg: 8  	lose cover RAM: 61438M
Jan 26 08:20:15 kernel: [    0.000000]  gran_size: 64K 	chunk_size: 8M 	num_reg: 8  	lose cover RAM: 61438M
Jan 26 08:20:15 kernel: [    0.000000]  gran_size: 64K 	chunk_size: 16M 	num_reg: 8  	lose cover RAM: 48G
Jan 26 08:20:15 kernel: [    0.000000]  gran_size: 64K 	chunk_size: 16M 	num_reg: 8  	lose cover RAM: 48G
Jan 26 08:20:15 kernel: [    0.000000]  gran_size: 64K 	chunk_size: 32M 	num_reg: 8  	lose cover RAM: 48G
Jan 26 08:20:15 kernel: [    0.000000]  gran_size: 64K 	chunk_size: 32M 	num_reg: 8  	lose cover RAM: 48G
Jan 26 08:20:15 kernel: [    0.000000]  gran_size: 64K 	chunk_size: 64M 	num_reg: 8  	lose cover RAM: 48G
Jan 26 08:20:15 kernel: [    0.000000]  gran_size: 64K 	chunk_size: 64M 	num_reg: 8  	lose cover RAM: 48G
Jan 26 08:20:15 kernel: [    0.000000]  gran_size: 64K 	chunk_size: 128M 	num_reg: 8  	lose cover RAM: 48G
Jan 26 08:20:15 kernel: [    0.000000]  gran_size: 64K 	chunk_size: 128M 	num_reg: 8  	lose cover RAM: 48G
Jan 26 08:20:15 kernel: [    0.000000]  gran_size: 64K 	chunk_size: 256M 	num_reg: 8  	lose cover RAM: 48G
Jan 26 08:20:15 kernel: [    0.000000]  gran_size: 64K 	chunk_size: 256M 	num_reg: 8  	lose cover RAM: 48G
Jan 26 08:20:15 kernel: [    0.000000]  gran_size: 64K 	chunk_size: 512M 	num_reg: 8  	lose cover RAM: 56G
Jan 26 08:20:15 kernel: [    0.000000]  gran_size: 64K 	chunk_size: 512M 	num_reg: 8  	lose cover RAM: 56G
Jan 26 08:20:15 kernel: [    0.000000]  gran_size: 64K 	chunk_size: 1G 	num_reg: 8  	lose cover RAM: 48G
Jan 26 08:20:15 kernel: [    0.000000]  gran_size: 64K 	chunk_size: 1G 	num_reg: 8  	lose cover RAM: 48G
Jan 26 08:20:15 kernel: [    0.000000]  gran_size: 64K 	chunk_size: 2G 	num_reg: 8  	lose cover RAM: 48G
Jan 26 08:20:15 kernel: [    0.000000]  gran_size: 64K 	chunk_size: 2G 	num_reg: 8  	lose cover RAM: 48G
Jan 26 08:20:15 kernel: [    0.000000]  gran_size: 128K 	chunk_size: 128K 	num_reg: 8  	lose cover RAM: 60G
Jan 26 08:20:15 kernel: [    0.000000]  gran_size: 128K 	chunk_size: 128K 	num_reg: 8  	lose cover RAM: 60G
Jan 26 08:20:15 kernel: [    0.000000]  gran_size: 128K 	chunk_size: 256K 	num_reg: 8  	lose cover RAM: 60G
Jan 26 08:20:15 kernel: [    0.000000]  gran_size: 128K 	chunk_size: 256K 	num_reg: 8  	lose cover RAM: 60G
Jan 26 08:20:15 kernel: [    0.000000]  gran_size: 128K 	chunk_size: 512K 	num_reg: 8  	lose cover RAM: 60G
Jan 26 08:20:15 kernel: [    0.000000]  gran_size: 128K 	chunk_size: 512K 	num_reg: 8  	lose cover RAM: 60G
Jan 26 08:20:15 kernel: [    0.000000]  gran_size: 128K 	chunk_size: 1M 	num_reg: 8  	lose cover RAM: 60G
Jan 26 08:20:15 kernel: [    0.000000]  gran_size: 128K 	chunk_size: 1M 	num_reg: 8  	lose cover RAM: 60G
Jan 26 08:20:15 kernel: [    0.000000]  gran_size: 128K 	chunk_size: 2M 	num_reg: 8  	lose cover RAM: 61439M
Jan 26 08:20:15 kernel: [    0.000000]  gran_size: 128K 	chunk_size: 2M 	num_reg: 8  	lose cover RAM: 61439M
Jan 26 08:20:15 kernel: [    0.000000]  gran_size: 128K 	chunk_size: 4M 	num_reg: 8  	lose cover RAM: 61438M
Jan 26 08:20:15 kernel: [    0.000000]  gran_size: 128K 	chunk_size: 4M 	num_reg: 8  	lose cover RAM: 61438M
Jan 26 08:20:15 kernel: [    0.000000]  gran_size: 128K 	chunk_size: 8M 	num_reg: 8  	lose cover RAM: 61438M
Jan 26 08:20:15 kernel: [    0.000000]  gran_size: 128K 	chunk_size: 8M 	num_reg: 8  	lose cover RAM: 61438M
Jan 26 08:20:15 kernel: [    0.000000]  gran_size: 128K 	chunk_size: 16M 	num_reg: 8  	lose cover RAM: 48G
Jan 26 08:20:15 kernel: [    0.000000]  gran_size: 128K 	chunk_size: 16M 	num_reg: 8  	lose cover RAM: 48G
Jan 26 08:20:15 kernel: [    0.000000]  gran_size: 128K 	chunk_size: 32M 	num_reg: 8  	lose cover RAM: 48G
Jan 26 08:20:15 kernel: [    0.000000]  gran_size: 128K 	chunk_size: 32M 	num_reg: 8  	lose cover RAM: 48G
Jan 26 08:20:15 kernel: [    0.000000]  gran_size: 128K 	chunk_size: 64M 	num_reg: 8  	lose cover RAM: 48G
Jan 26 08:20:15 kernel: [    0.000000]  gran_size: 128K 	chunk_size: 64M 	num_reg: 8  	lose cover RAM: 48G
Jan 26 08:20:15 kernel: [    0.000000]  gran_size: 128K 	chunk_size: 128M 	num_reg: 8  	lose cover RAM: 48G
Jan 26 08:20:15 kernel: [    0.000000]  gran_size: 128K 	chunk_size: 128M 	num_reg: 8  	lose cover RAM: 48G
Jan 26 08:20:15 kernel: [    0.000000]  gran_size: 128K 	chunk_size: 256M 	num_reg: 8  	lose cover RAM: 48G
Jan 26 08:20:15 kernel: [    0.000000]  gran_size: 128K 	chunk_size: 256M 	num_reg: 8  	lose cover RAM: 48G
Jan 26 08:20:15 kernel: [    0.000000]  gran_size: 128K 	chunk_size: 512M 	num_reg: 8  	lose cover RAM: 56G
Jan 26 08:20:15 kernel: [    0.000000]  gran_size: 128K 	chunk_size: 512M 	num_reg: 8  	lose cover RAM: 56G
Jan 26 08:20:15 kernel: [    0.000000]  gran_size: 128K 	chunk_size: 1G 	num_reg: 8  	lose cover RAM: 48G
Jan 26 08:20:15 kernel: [    0.000000]  gran_size: 128K 	chunk_size: 1G 	num_reg: 8  	lose cover RAM: 48G
Jan 26 08:20:15 kernel: [    0.000000]  gran_size: 128K 	chunk_size: 2G 	num_reg: 8  	lose cover RAM: 48G
Jan 26 08:20:15 kernel: [    0.000000]  gran_size: 128K 	chunk_size: 2G 	num_reg: 8  	lose cover RAM: 48G
Jan 26 08:20:15 kernel: [    0.000000]  gran_size: 256K 	chunk_size: 256K 	num_reg: 8  	lose cover RAM: 60G
Jan 26 08:20:15 kernel: [    0.000000]  gran_size: 256K 	chunk_size: 256K 	num_reg: 8  	lose cover RAM: 60G
Jan 26 08:20:15 kernel: [    0.000000]  gran_size: 256K 	chunk_size: 512K 	num_reg: 8  	lose cover RAM: 60G
Jan 26 08:20:15 kernel: [    0.000000]  gran_size: 256K 	chunk_size: 512K 	num_reg: 8  	lose cover RAM: 60G
Jan 26 08:20:15 kernel: [    0.000000]  gran_size: 256K 	chunk_size: 1M 	num_reg: 8  	lose cover RAM: 60G
Jan 26 08:20:15 kernel: [    0.000000]  gran_size: 256K 	chunk_size: 1M 	num_reg: 8  	lose cover RAM: 60G
Jan 26 08:20:15 kernel: [    0.000000]  gran_size: 256K 	chunk_size: 2M 	num_reg: 8  	lose cover RAM: 61439M
Jan 26 08:20:15 kernel: [    0.000000]  gran_size: 256K 	chunk_size: 2M 	num_reg: 8  	lose cover RAM: 61439M
Jan 26 08:20:15 kernel: [    0.000000]  gran_size: 256K 	chunk_size: 4M 	num_reg: 8  	lose cover RAM: 61438M
Jan 26 08:20:15 kernel: [    0.000000]  gran_size: 256K 	chunk_size: 4M 	num_reg: 8  	lose cover RAM: 61438M
Jan 26 08:20:15 kernel: [    0.000000]  gran_size: 256K 	chunk_size: 8M 	num_reg: 8  	lose cover RAM: 61438M
Jan 26 08:20:15 kernel: [    0.000000]  gran_size: 256K 	chunk_size: 8M 	num_reg: 8  	lose cover RAM: 61438M
Jan 26 08:20:15 kernel: [    0.000000]  gran_size: 256K 	chunk_size: 16M 	num_reg: 8  	lose cover RAM: 48G
Jan 26 08:20:15 kernel: [    0.000000]  gran_size: 256K 	chunk_size: 16M 	num_reg: 8  	lose cover RAM: 48G
Jan 26 08:20:15 kernel: [    0.000000]  gran_size: 256K 	chunk_size: 32M 	num_reg: 8  	lose cover RAM: 48G
Jan 26 08:20:15 kernel: [    0.000000]  gran_size: 256K 	chunk_size: 32M 	num_reg: 8  	lose cover RAM: 48G
Jan 26 08:20:15 kernel: [    0.000000]  gran_size: 256K 	chunk_size: 64M 	num_reg: 8  	lose cover RAM: 48G
Jan 26 08:20:15 kernel: [    0.000000]  gran_size: 256K 	chunk_size: 64M 	num_reg: 8  	lose cover RAM: 48G
Jan 26 08:20:15 kernel: [    0.000000]  gran_size: 256K 	chunk_size: 128M 	num_reg: 8  	lose cover RAM: 48G
Jan 26 08:20:15 kernel: [    0.000000]  gran_size: 256K 	chunk_size: 128M 	num_reg: 8  	lose cover RAM: 48G
Jan 26 08:20:15 kernel: [    0.000000]  gran_size: 256K 	chunk_size: 256M 	num_reg: 8  	lose cover RAM: 48G
Jan 26 08:20:15 kernel: [    0.000000]  gran_size: 256K 	chunk_size: 256M 	num_reg: 8  	lose cover RAM: 48G
Jan 26 08:20:15 kernel: [    0.000000]  gran_size: 256K 	chunk_size: 512M 	num_reg: 8  	lose cover RAM: 56G
Jan 26 08:20:15 kernel: [    0.000000]  gran_size: 256K 	chunk_size: 512M 	num_reg: 8  	lose cover RAM: 56G
Jan 26 08:20:15 kernel: [    0.000000]  gran_size: 256K 	chunk_size: 1G 	num_reg: 8  	lose cover RAM: 48G
Jan 26 08:20:15 kernel: [    0.000000]  gran_size: 256K 	chunk_size: 1G 	num_reg: 8  	lose cover RAM: 48G
Jan 26 08:20:15 kernel: [    0.000000]  gran_size: 256K 	chunk_size: 2G 	num_reg: 8  	lose cover RAM: 48G
Jan 26 08:20:15 kernel: [    0.000000]  gran_size: 256K 	chunk_size: 2G 	num_reg: 8  	lose cover RAM: 48G
Jan 26 08:20:15 kernel: [    0.000000]  gran_size: 512K 	chunk_size: 512K 	num_reg: 8  	lose cover RAM: 60G
Jan 26 08:20:15 kernel: [    0.000000]  gran_size: 512K 	chunk_size: 512K 	num_reg: 8  	lose cover RAM: 60G
Jan 26 08:20:15 kernel: [    0.000000]  gran_size: 512K 	chunk_size: 1M 	num_reg: 8  	lose cover RAM: 60G
Jan 26 08:20:15 kernel: [    0.000000]  gran_size: 512K 	chunk_size: 1M 	num_reg: 8  	lose cover RAM: 60G
Jan 26 08:20:15 kernel: [    0.000000]  gran_size: 512K 	chunk_size: 2M 	num_reg: 8  	lose cover RAM: 61439M
Jan 26 08:20:15 kernel: [    0.000000]  gran_size: 512K 	chunk_size: 2M 	num_reg: 8  	lose cover RAM: 61439M
Jan 26 08:20:15 kernel: [    0.000000]  gran_size: 512K 	chunk_size: 4M 	num_reg: 8  	lose cover RAM: 61438M
Jan 26 08:20:15 kernel: [    0.000000]  gran_size: 512K 	chunk_size: 4M 	num_reg: 8  	lose cover RAM: 61438M
Jan 26 08:20:15 kernel: [    0.000000]  gran_size: 512K 	chunk_size: 8M 	num_reg: 8  	lose cover RAM: 61438M
Jan 26 08:20:15 kernel: [    0.000000]  gran_size: 512K 	chunk_size: 8M 	num_reg: 8  	lose cover RAM: 61438M
Jan 26 08:20:15 kernel: [    0.000000]  gran_size: 512K 	chunk_size: 16M 	num_reg: 8  	lose cover RAM: 48G
Jan 26 08:20:15 kernel: [    0.000000]  gran_size: 512K 	chunk_size: 16M 	num_reg: 8  	lose cover RAM: 48G
Jan 26 08:20:15 kernel: [    0.000000]  gran_size: 512K 	chunk_size: 32M 	num_reg: 8  	lose cover RAM: 48G
Jan 26 08:20:15 kernel: [    0.000000]  gran_size: 512K 	chunk_size: 32M 	num_reg: 8  	lose cover RAM: 48G
Jan 26 08:20:15 kernel: [    0.000000]  gran_size: 512K 	chunk_size: 64M 	num_reg: 8  	lose cover RAM: 48G
Jan 26 08:20:15 kernel: [    0.000000]  gran_size: 512K 	chunk_size: 64M 	num_reg: 8  	lose cover RAM: 48G
Jan 26 08:20:15 kernel: [    0.000000]  gran_size: 512K 	chunk_size: 128M 	num_reg: 8  	lose cover RAM: 48G
Jan 26 08:20:15 kernel: [    0.000000]  gran_size: 512K 	chunk_size: 128M 	num_reg: 8  	lose cover RAM: 48G
Jan 26 08:20:15 kernel: [    0.000000]  gran_size: 512K 	chunk_size: 256M 	num_reg: 8  	lose cover RAM: 48G
Jan 26 08:20:15 kernel: [    0.000000]  gran_size: 512K 	chunk_size: 256M 	num_reg: 8  	lose cover RAM: 48G
Jan 26 08:20:15 kernel: [    0.000000]  gran_size: 512K 	chunk_size: 512M 	num_reg: 8  	lose cover RAM: 56G
Jan 26 08:20:15 kernel: [    0.000000]  gran_size: 512K 	chunk_size: 512M 	num_reg: 8  	lose cover RAM: 56G
Jan 26 08:20:15 kernel: [    0.000000]  gran_size: 512K 	chunk_size: 1G 	num_reg: 8  	lose cover RAM: 48G
Jan 26 08:20:15 kernel: [    0.000000]  gran_size: 512K 	chunk_size: 1G 	num_reg: 8  	lose cover RAM: 48G
Jan 26 08:20:15 kernel: [    0.000000]  gran_size: 512K 	chunk_size: 2G 	num_reg: 8  	lose cover RAM: 48G
Jan 26 08:20:15 kernel: [    0.000000]  gran_size: 512K 	chunk_size: 2G 	num_reg: 8  	lose cover RAM: 48G
Jan 26 08:20:15 kernel: [    0.000000]  gran_size: 1M 	chunk_size: 1M 	num_reg: 8  	lose cover RAM: 60G
Jan 26 08:20:15 kernel: [    0.000000]  gran_size: 1M 	chunk_size: 1M 	num_reg: 8  	lose cover RAM: 60G
Jan 26 08:20:15 kernel: [    0.000000]  gran_size: 1M 	chunk_size: 2M 	num_reg: 8  	lose cover RAM: 61439M
Jan 26 08:20:15 kernel: [    0.000000]  gran_size: 1M 	chunk_size: 2M 	num_reg: 8  	lose cover RAM: 61439M
Jan 26 08:20:15 kernel: [    0.000000]  gran_size: 1M 	chunk_size: 4M 	num_reg: 8  	lose cover RAM: 61438M
Jan 26 08:20:15 kernel: [    0.000000]  gran_size: 1M 	chunk_size: 4M 	num_reg: 8  	lose cover RAM: 61438M
Jan 26 08:20:15 kernel: [    0.000000]  gran_size: 1M 	chunk_size: 8M 	num_reg: 8  	lose cover RAM: 61438M
Jan 26 08:20:15 kernel: [    0.000000]  gran_size: 1M 	chunk_size: 8M 	num_reg: 8  	lose cover RAM: 61438M
Jan 26 08:20:15 kernel: [    0.000000]  gran_size: 1M 	chunk_size: 16M 	num_reg: 8  	lose cover RAM: 48G
Jan 26 08:20:15 kernel: [    0.000000]  gran_size: 1M 	chunk_size: 16M 	num_reg: 8  	lose cover RAM: 48G
Jan 26 08:20:15 kernel: [    0.000000]  gran_size: 1M 	chunk_size: 32M 	num_reg: 8  	lose cover RAM: 48G
Jan 26 08:20:15 kernel: [    0.000000]  gran_size: 1M 	chunk_size: 32M 	num_reg: 8  	lose cover RAM: 48G
Jan 26 08:20:15 kernel: [    0.000000]  gran_size: 1M 	chunk_size: 64M 	num_reg: 8  	lose cover RAM: 48G
Jan 26 08:20:15 kernel: [    0.000000]  gran_size: 1M 	chunk_size: 64M 	num_reg: 8  	lose cover RAM: 48G
Jan 26 08:20:15 kernel: [    0.000000]  gran_size: 1M 	chunk_size: 128M 	num_reg: 8  	lose cover RAM: 48G
Jan 26 08:20:15 kernel: [    0.000000]  gran_size: 1M 	chunk_size: 128M 	num_reg: 8  	lose cover RAM: 48G
Jan 26 08:20:15 kernel: [    0.000000]  gran_size: 1M 	chunk_size: 256M 	num_reg: 8  	lose cover RAM: 48G
Jan 26 08:20:15 kernel: [    0.000000]  gran_size: 1M 	chunk_size: 256M 	num_reg: 8  	lose cover RAM: 48G
Jan 26 08:20:15 kernel: [    0.000000]  gran_size: 1M 	chunk_size: 512M 	num_reg: 8  	lose cover RAM: 56G
Jan 26 08:20:15 kernel: [    0.000000]  gran_size: 1M 	chunk_size: 512M 	num_reg: 8  	lose cover RAM: 56G
Jan 26 08:20:15 kernel: [    0.000000]  gran_size: 1M 	chunk_size: 1G 	num_reg: 8  	lose cover RAM: 48G
Jan 26 08:20:15 kernel: [    0.000000]  gran_size: 1M 	chunk_size: 1G 	num_reg: 8  	lose cover RAM: 48G
Jan 26 08:20:15 kernel: [    0.000000]  gran_size: 1M 	chunk_size: 2G 	num_reg: 8  	lose cover RAM: 48G
Jan 26 08:20:15 kernel: [    0.000000]  gran_size: 1M 	chunk_size: 2G 	num_reg: 8  	lose cover RAM: 48G
Jan 26 08:20:15 kernel: [    0.000000]  gran_size: 2M 	chunk_size: 2M 	num_reg: 8  	lose cover RAM: 57345M
Jan 26 08:20:15 kernel: [    0.000000]  gran_size: 2M 	chunk_size: 2M 	num_reg: 8  	lose cover RAM: 57345M
Jan 26 08:20:15 kernel: [    0.000000]  gran_size: 2M 	chunk_size: 4M 	num_reg: 8  	lose cover RAM: 57345M
Jan 26 08:20:15 kernel: [    0.000000]  gran_size: 2M 	chunk_size: 4M 	num_reg: 8  	lose cover RAM: 57345M
Jan 26 08:20:15 kernel: [    0.000000]  gran_size: 2M 	chunk_size: 8M 	num_reg: 8  	lose cover RAM: 61441M
Jan 26 08:20:15 kernel: [    0.000000]  gran_size: 2M 	chunk_size: 8M 	num_reg: 8  	lose cover RAM: 61441M
Jan 26 08:20:15 kernel: [    0.000000]  gran_size: 2M 	chunk_size: 16M 	num_reg: 8  	lose cover RAM: 32769M
Jan 26 08:20:15 kernel: [    0.000000]  gran_size: 2M 	chunk_size: 16M 	num_reg: 8  	lose cover RAM: 32769M
Jan 26 08:20:15 kernel: [    0.000000]  gran_size: 2M 	chunk_size: 32M 	num_reg: 8  	lose cover RAM: 32769M
Jan 26 08:20:15 kernel: [    0.000000]  gran_size: 2M 	chunk_size: 32M 	num_reg: 8  	lose cover RAM: 32769M
Jan 26 08:20:15 kernel: [    0.000000]  gran_size: 2M 	chunk_size: 64M 	num_reg: 8  	lose cover RAM: 32769M
Jan 26 08:20:15 kernel: [    0.000000]  gran_size: 2M 	chunk_size: 64M 	num_reg: 8  	lose cover RAM: 32769M
Jan 26 08:20:15 kernel: [    0.000000]  gran_size: 2M 	chunk_size: 128M 	num_reg: 8  	lose cover RAM: 32769M
Jan 26 08:20:15 kernel: [    0.000000]  gran_size: 2M 	chunk_size: 128M 	num_reg: 8  	lose cover RAM: 32769M
Jan 26 08:20:15 kernel: [    0.000000]  gran_size: 2M 	chunk_size: 256M 	num_reg: 8  	lose cover RAM: 32769M
Jan 26 08:20:15 kernel: [    0.000000]  gran_size: 2M 	chunk_size: 256M 	num_reg: 8  	lose cover RAM: 32769M
Jan 26 08:20:15 kernel: [    0.000000]  gran_size: 2M 	chunk_size: 512M 	num_reg: 8  	lose cover RAM: 49153M
Jan 26 08:20:15 kernel: [    0.000000]  gran_size: 2M 	chunk_size: 512M 	num_reg: 8  	lose cover RAM: 49153M
Jan 26 08:20:15 kernel: [    0.000000]  gran_size: 2M 	chunk_size: 1G 	num_reg: 8  	lose cover RAM: 32769M
Jan 26 08:20:15 kernel: [    0.000000]  gran_size: 2M 	chunk_size: 1G 	num_reg: 8  	lose cover RAM: 32769M
Jan 26 08:20:15 kernel: [    0.000000]  gran_size: 2M 	chunk_size: 2G 	num_reg: 8  	lose cover RAM: 32769M
Jan 26 08:20:15 kernel: [    0.000000]  gran_size: 2M 	chunk_size: 2G 	num_reg: 8  	lose cover RAM: 32769M
Jan 26 08:20:15 kernel: [    0.000000]  gran_size: 4M 	chunk_size: 4M 	num_reg: 8  	lose cover RAM: 57345M
Jan 26 08:20:15 kernel: [    0.000000]  gran_size: 4M 	chunk_size: 4M 	num_reg: 8  	lose cover RAM: 57345M
Jan 26 08:20:15 kernel: [    0.000000]  gran_size: 4M 	chunk_size: 8M 	num_reg: 8  	lose cover RAM: 61441M
Jan 26 08:20:15 kernel: [    0.000000]  gran_size: 4M 	chunk_size: 8M 	num_reg: 8  	lose cover RAM: 61441M
Jan 26 08:20:15 kernel: [    0.000000]  gran_size: 4M 	chunk_size: 16M 	num_reg: 8  	lose cover RAM: 32769M
Jan 26 08:20:15 kernel: [    0.000000]  gran_size: 4M 	chunk_size: 16M 	num_reg: 8  	lose cover RAM: 32769M
Jan 26 08:20:15 kernel: [    0.000000]  gran_size: 4M 	chunk_size: 32M 	num_reg: 8  	lose cover RAM: 32769M
Jan 26 08:20:15 kernel: [    0.000000]  gran_size: 4M 	chunk_size: 32M 	num_reg: 8  	lose cover RAM: 32769M
Jan 26 08:20:15 kernel: [    0.000000]  gran_size: 4M 	chunk_size: 64M 	num_reg: 8  	lose cover RAM: 32769M
Jan 26 08:20:15 kernel: [    0.000000]  gran_size: 4M 	chunk_size: 64M 	num_reg: 8  	lose cover RAM: 32769M
Jan 26 08:20:15 kernel: [    0.000000]  gran_size: 4M 	chunk_size: 128M 	num_reg: 8  	lose cover RAM: 32769M
Jan 26 08:20:15 kernel: [    0.000000]  gran_size: 4M 	chunk_size: 128M 	num_reg: 8  	lose cover RAM: 32769M
Jan 26 08:20:15 kernel: [    0.000000]  gran_size: 4M 	chunk_size: 256M 	num_reg: 8  	lose cover RAM: 32769M
Jan 26 08:20:15 kernel: [    0.000000]  gran_size: 4M 	chunk_size: 256M 	num_reg: 8  	lose cover RAM: 32769M
Jan 26 08:20:15 kernel: [    0.000000]  gran_size: 4M 	chunk_size: 512M 	num_reg: 8  	lose cover RAM: 49153M
Jan 26 08:20:15 kernel: [    0.000000]  gran_size: 4M 	chunk_size: 512M 	num_reg: 8  	lose cover RAM: 49153M
Jan 26 08:20:15 kernel: [    0.000000]  gran_size: 4M 	chunk_size: 1G 	num_reg: 8  	lose cover RAM: 32769M
Jan 26 08:20:15 kernel: [    0.000000]  gran_size: 4M 	chunk_size: 1G 	num_reg: 8  	lose cover RAM: 32769M
Jan 26 08:20:15 kernel: [    0.000000]  gran_size: 4M 	chunk_size: 2G 	num_reg: 8  	lose cover RAM: 32769M
Jan 26 08:20:15 kernel: [    0.000000]  gran_size: 4M 	chunk_size: 2G 	num_reg: 8  	lose cover RAM: 32769M
Jan 26 08:20:15 kernel: [    0.000000]  gran_size: 8M 	chunk_size: 8M 	num_reg: 8  	lose cover RAM: 49157M
Jan 26 08:20:15 kernel: [    0.000000]  gran_size: 8M 	chunk_size: 8M 	num_reg: 8  	lose cover RAM: 49157M
Jan 26 08:20:15 kernel: [    0.000000]  gran_size: 8M 	chunk_size: 16M 	num_reg: 8  	lose cover RAM: 49157M
Jan 26 08:20:15 kernel: [    0.000000]  gran_size: 8M 	chunk_size: 16M 	num_reg: 8  	lose cover RAM: 49157M
Jan 26 08:20:15 kernel: [    0.000000]  gran_size: 8M 	chunk_size: 32M 	num_reg: 8  	lose cover RAM: 5M
Jan 26 08:20:15 kernel: [    0.000000]  gran_size: 8M 	chunk_size: 32M 	num_reg: 8  	lose cover RAM: 5M
Jan 26 08:20:15 kernel: [    0.000000]  gran_size: 8M 	chunk_size: 64M 	num_reg: 8  	lose cover RAM: 5M
Jan 26 08:20:15 kernel: [    0.000000]  gran_size: 8M 	chunk_size: 64M 	num_reg: 8  	lose cover RAM: 5M
Jan 26 08:20:15 kernel: [    0.000000]  gran_size: 8M 	chunk_size: 128M 	num_reg: 8  	lose cover RAM: 5M
Jan 26 08:20:15 kernel: [    0.000000]  gran_size: 8M 	chunk_size: 128M 	num_reg: 8  	lose cover RAM: 5M
Jan 26 08:20:15 kernel: [    0.000000]  gran_size: 8M 	chunk_size: 256M 	num_reg: 8  	lose cover RAM: 5M
Jan 26 08:20:15 kernel: [    0.000000]  gran_size: 8M 	chunk_size: 256M 	num_reg: 8  	lose cover RAM: 5M
Jan 26 08:20:15 kernel: [    0.000000]  gran_size: 8M 	chunk_size: 512M 	num_reg: 8  	lose cover RAM: 32773M
Jan 26 08:20:15 kernel: [    0.000000]  gran_size: 8M 	chunk_size: 512M 	num_reg: 8  	lose cover RAM: 32773M
Jan 26 08:20:15 kernel: [    0.000000]  gran_size: 8M 	chunk_size: 1G 	num_reg: 8  	lose cover RAM: 5M
Jan 26 08:20:15 kernel: [    0.000000]  gran_size: 8M 	chunk_size: 1G 	num_reg: 8  	lose cover RAM: 5M
Jan 26 08:20:15 kernel: [    0.000000]  gran_size: 8M 	chunk_size: 2G 	num_reg: 8  	lose cover RAM: 5M
Jan 26 08:20:15 kernel: [    0.000000]  gran_size: 8M 	chunk_size: 2G 	num_reg: 8  	lose cover RAM: 5M
Jan 26 08:20:15 kernel: [    0.000000]  gran_size: 16M 	chunk_size: 16M 	num_reg: 8  	lose cover RAM: 49157M
Jan 26 08:20:15 kernel: [    0.000000]  gran_size: 16M 	chunk_size: 16M 	num_reg: 8  	lose cover RAM: 49157M
Jan 26 08:20:15 kernel: [    0.000000]  gran_size: 16M 	chunk_size: 32M 	num_reg: 8  	lose cover RAM: 5M
Jan 26 08:20:15 kernel: [    0.000000]  gran_size: 16M 	chunk_size: 32M 	num_reg: 8  	lose cover RAM: 5M
Jan 26 08:20:15 kernel: [    0.000000]  gran_size: 16M 	chunk_size: 64M 	num_reg: 8  	lose cover RAM: 5M
Jan 26 08:20:15 kernel: [    0.000000]  gran_size: 16M 	chunk_size: 64M 	num_reg: 8  	lose cover RAM: 5M
Jan 26 08:20:15 kernel: [    0.000000]  gran_size: 16M 	chunk_size: 128M 	num_reg: 8  	lose cover RAM: 5M
Jan 26 08:20:15 kernel: [    0.000000]  gran_size: 16M 	chunk_size: 128M 	num_reg: 8  	lose cover RAM: 5M
Jan 26 08:20:15 kernel: [    0.000000]  gran_size: 16M 	chunk_size: 256M 	num_reg: 8  	lose cover RAM: 5M
Jan 26 08:20:15 kernel: [    0.000000]  gran_size: 16M 	chunk_size: 256M 	num_reg: 8  	lose cover RAM: 5M
Jan 26 08:20:15 kernel: [    0.000000]  gran_size: 16M 	chunk_size: 512M 	num_reg: 8  	lose cover RAM: 32773M
Jan 26 08:20:15 kernel: [    0.000000]  gran_size: 16M 	chunk_size: 512M 	num_reg: 8  	lose cover RAM: 32773M
Jan 26 08:20:15 kernel: [    0.000000]  gran_size: 16M 	chunk_size: 1G 	num_reg: 8  	lose cover RAM: 5M
Jan 26 08:20:15 kernel: [    0.000000]  gran_size: 16M 	chunk_size: 1G 	num_reg: 8  	lose cover RAM: 5M
Jan 26 08:20:15 kernel: [    0.000000]  gran_size: 16M 	chunk_size: 2G 	num_reg: 8  	lose cover RAM: 5M
Jan 26 08:20:15 kernel: [    0.000000]  gran_size: 16M 	chunk_size: 2G 	num_reg: 8  	lose cover RAM: 5M
Jan 26 08:20:15 kernel: [    0.000000]  gran_size: 32M 	chunk_size: 32M 	num_reg: 8  	lose cover RAM: 32789M
Jan 26 08:20:15 kernel: [    0.000000]  gran_size: 32M 	chunk_size: 32M 	num_reg: 8  	lose cover RAM: 32789M
Jan 26 08:20:15 kernel: [    0.000000]  gran_size: 32M 	chunk_size: 64M 	num_reg: 8  	lose cover RAM: 21M
Jan 26 08:20:15 kernel: [    0.000000]  gran_size: 32M 	chunk_size: 64M 	num_reg: 8  	lose cover RAM: 21M
Jan 26 08:20:15 kernel: [    0.000000]  gran_size: 32M 	chunk_size: 128M 	num_reg: 8  	lose cover RAM: 21M
Jan 26 08:20:15 kernel: [    0.000000]  gran_size: 32M 	chunk_size: 128M 	num_reg: 8  	lose cover RAM: 21M
Jan 26 08:20:15 kernel: [    0.000000]  gran_size: 32M 	chunk_size: 256M 	num_reg: 8  	lose cover RAM: 21M
Jan 26 08:20:15 kernel: [    0.000000]  gran_size: 32M 	chunk_size: 256M 	num_reg: 8  	lose cover RAM: 21M
Jan 26 08:20:15 kernel: [    0.000000]  gran_size: 32M 	chunk_size: 512M 	num_reg: 8  	lose cover RAM: 32789M
Jan 26 08:20:15 kernel: [    0.000000]  gran_size: 32M 	chunk_size: 512M 	num_reg: 8  	lose cover RAM: 32789M
Jan 26 08:20:15 kernel: [    0.000000]  gran_size: 32M 	chunk_size: 1G 	num_reg: 8  	lose cover RAM: 21M
Jan 26 08:20:15 kernel: [    0.000000]  gran_size: 32M 	chunk_size: 1G 	num_reg: 8  	lose cover RAM: 21M
Jan 26 08:20:15 kernel: [    0.000000]  gran_size: 32M 	chunk_size: 2G 	num_reg: 8  	lose cover RAM: 21M
Jan 26 08:20:15 kernel: [    0.000000]  gran_size: 32M 	chunk_size: 2G 	num_reg: 8  	lose cover RAM: 21M
Jan 26 08:20:15 kernel: [    0.000000]  gran_size: 64M 	chunk_size: 64M 	num_reg: 8  	lose cover RAM: 53M
Jan 26 08:20:15 kernel: [    0.000000]  gran_size: 64M 	chunk_size: 64M 	num_reg: 8  	lose cover RAM: 53M
Jan 26 08:20:15 kernel: [    0.000000]  gran_size: 64M 	chunk_size: 128M 	num_reg: 8  	lose cover RAM: 53M
Jan 26 08:20:15 kernel: [    0.000000]  gran_size: 64M 	chunk_size: 128M 	num_reg: 8  	lose cover RAM: 53M
Jan 26 08:20:15 kernel: [    0.000000]  gran_size: 64M 	chunk_size: 256M 	num_reg: 8  	lose cover RAM: 53M
Jan 26 08:20:15 kernel: [    0.000000]  gran_size: 64M 	chunk_size: 256M 	num_reg: 8  	lose cover RAM: 53M
Jan 26 08:20:15 kernel: [    0.000000]  gran_size: 64M 	chunk_size: 512M 	num_reg: 8  	lose cover RAM: 32821M
Jan 26 08:20:15 kernel: [    0.000000]  gran_size: 64M 	chunk_size: 512M 	num_reg: 8  	lose cover RAM: 32821M
Jan 26 08:20:15 kernel: [    0.000000]  gran_size: 64M 	chunk_size: 1G 	num_reg: 8  	lose cover RAM: 53M
Jan 26 08:20:15 kernel: [    0.000000]  gran_size: 64M 	chunk_size: 1G 	num_reg: 8  	lose cover RAM: 53M
Jan 26 08:20:15 kernel: [    0.000000]  gran_size: 64M 	chunk_size: 2G 	num_reg: 8  	lose cover RAM: 53M
Jan 26 08:20:15 kernel: [    0.000000]  gran_size: 64M 	chunk_size: 2G 	num_reg: 8  	lose cover RAM: 53M
Jan 26 08:20:15 kernel: [    0.000000]  gran_size: 128M 	chunk_size: 128M 	num_reg: 7  	lose cover RAM: 117M
Jan 26 08:20:15 kernel: [    0.000000]  gran_size: 128M 	chunk_size: 128M 	num_reg: 7  	lose cover RAM: 117M
Jan 26 08:20:15 kernel: [    0.000000]  gran_size: 128M 	chunk_size: 256M 	num_reg: 8  	lose cover RAM: 117M
Jan 26 08:20:15 kernel: [    0.000000]  gran_size: 128M 	chunk_size: 256M 	num_reg: 8  	lose cover RAM: 117M
Jan 26 08:20:15 kernel: [    0.000000]  gran_size: 128M 	chunk_size: 512M 	num_reg: 8  	lose cover RAM: 32885M
Jan 26 08:20:15 kernel: [    0.000000]  gran_size: 128M 	chunk_size: 512M 	num_reg: 8  	lose cover RAM: 32885M
Jan 26 08:20:15 kernel: [    0.000000]  gran_size: 128M 	chunk_size: 1G 	num_reg: 8  	lose cover RAM: 117M
Jan 26 08:20:15 kernel: [    0.000000]  gran_size: 128M 	chunk_size: 1G 	num_reg: 8  	lose cover RAM: 117M
Jan 26 08:20:15 kernel: [    0.000000]  gran_size: 128M 	chunk_size: 2G 	num_reg: 8  	lose cover RAM: 117M
Jan 26 08:20:15 kernel: [    0.000000]  gran_size: 128M 	chunk_size: 2G 	num_reg: 8  	lose cover RAM: 117M
Jan 26 08:20:15 kernel: [    0.000000]  gran_size: 256M 	chunk_size: 256M 	num_reg: 6  	lose cover RAM: 245M
Jan 26 08:20:15 kernel: [    0.000000]  gran_size: 256M 	chunk_size: 256M 	num_reg: 6  	lose cover RAM: 245M
Jan 26 08:20:15 kernel: [    0.000000]  gran_size: 256M 	chunk_size: 512M 	num_reg: 6  	lose cover RAM: 245M
Jan 26 08:20:15 kernel: [    0.000000]  gran_size: 256M 	chunk_size: 512M 	num_reg: 6  	lose cover RAM: 245M
Jan 26 08:20:15 kernel: [    0.000000]  gran_size: 256M 	chunk_size: 1G 	num_reg: 6  	lose cover RAM: 245M
Jan 26 08:20:15 kernel: [    0.000000]  gran_size: 256M 	chunk_size: 1G 	num_reg: 6  	lose cover RAM: 245M
Jan 26 08:20:15 kernel: [    0.000000]  gran_size: 256M 	chunk_size: 2G 	num_reg: 6  	lose cover RAM: 245M
Jan 26 08:20:15 kernel: [    0.000000]  gran_size: 256M 	chunk_size: 2G 	num_reg: 6  	lose cover RAM: 245M
Jan 26 08:20:15 kernel: [    0.000000]  gran_size: 512M 	chunk_size: 512M 	num_reg: 6  	lose cover RAM: 245M
Jan 26 08:20:15 kernel: [    0.000000]  gran_size: 512M 	chunk_size: 512M 	num_reg: 6  	lose cover RAM: 245M
Jan 26 08:20:15 kernel: [    0.000000]  gran_size: 512M 	chunk_size: 1G 	num_reg: 6  	lose cover RAM: 245M
Jan 26 08:20:15 kernel: [    0.000000]  gran_size: 512M 	chunk_size: 1G 	num_reg: 6  	lose cover RAM: 245M
Jan 26 08:20:15 kernel: [    0.000000]  gran_size: 512M 	chunk_size: 2G 	num_reg: 6  	lose cover RAM: 245M
Jan 26 08:20:15 kernel: [    0.000000]  gran_size: 512M 	chunk_size: 2G 	num_reg: 6  	lose cover RAM: 245M
Jan 26 08:20:15 kernel: [    0.000000]  gran_size: 1G 	chunk_size: 1G 	num_reg: 6  	lose cover RAM: 245M
Jan 26 08:20:15 kernel: [    0.000000]  gran_size: 1G 	chunk_size: 1G 	num_reg: 6  	lose cover RAM: 245M
Jan 26 08:20:15 kernel: [    0.000000]  gran_size: 1G 	chunk_size: 2G 	num_reg: 6  	lose cover RAM: 245M
Jan 26 08:20:15 kernel: [    0.000000]  gran_size: 1G 	chunk_size: 2G 	num_reg: 6  	lose cover RAM: 245M
Jan 26 08:20:15 kernel: [    0.000000]  gran_size: 2G 	chunk_size: 2G 	num_reg: 5  	lose cover RAM: 1269M
Jan 26 08:20:15 kernel: [    0.000000]  gran_size: 2G 	chunk_size: 2G 	num_reg: 5  	lose cover RAM: 1269M
Jan 26 08:20:15 kernel: [    0.000000] mtrr_cleanup: can not find optimal value
Jan 26 08:20:15 kernel: [    0.000000] mtrr_cleanup: can not find optimal value
Jan 26 08:20:15 kernel: [    0.000000] please specify mtrr_gran_size/mtrr_chunk_size
Jan 26 08:20:15 kernel: [    0.000000] please specify mtrr_gran_size/mtrr_chunk_size
Jan 26 08:20:15 kernel: [    0.000000] found SMP MP-table at [c00fe710] fe710
Jan 26 08:20:15 kernel: [    0.000000] found SMP MP-table at [c00fe710] fe710
Jan 26 08:20:15 kernel: [    0.000000] init_memory_mapping: 0000000000000000-00000000379fe000
Jan 26 08:20:15 kernel: [    0.000000] init_memory_mapping: 0000000000000000-00000000379fe000
Jan 26 08:20:15 kernel: [    0.000000] Reserving total of 2a00 pages for numa KVA remap
Jan 26 08:20:15 kernel: [    0.000000] Reserving total of 2a00 pages for numa KVA remap
Jan 26 08:20:15 kernel: [    0.000000] kva_start_pfn ~ 34e00 max_low_pfn ~ 379fe
Jan 26 08:20:15 kernel: [    0.000000] kva_start_pfn ~ 34e00 max_low_pfn ~ 379fe
Jan 26 08:20:15 kernel: [    0.000000] max_pfn = 128000
Jan 26 08:20:15 kernel: [    0.000000] max_pfn = 128000
Jan 26 08:20:15 kernel: [    0.000000] 3846MB HIGHMEM available.
Jan 26 08:20:15 kernel: [    0.000000] 889MB LOWMEM available.
Jan 26 08:20:15 kernel: [    0.000000]   mapped low ram: 0 - 379fe000
Jan 26 08:20:15 kernel: [    0.000000]   mapped low ram: 0 - 379fe000
Jan 26 08:20:15 kernel: [    0.000000]   low ram: 0 - 379fe000
Jan 26 08:20:15 kernel: [    0.000000]   low ram: 0 - 379fe000
Jan 26 08:20:15 kernel: [    0.000000] Using APIC driver default
Jan 26 08:20:15 kernel: [    0.000000] Using APIC driver default
Jan 26 08:20:15 kernel: [    0.000000] ACPI: PM-Timer IO Port: 0x808
Jan 26 08:20:15 kernel: [    0.000000] ACPI: PM-Timer IO Port: 0x808
Jan 26 08:20:15 kernel: [    0.000000] ACPI: LAPIC (acpi_id[0x01] lapic_id[0x00] enabled)
Jan 26 08:20:15 kernel: [    0.000000] ACPI: LAPIC (acpi_id[0x01] lapic_id[0x00] enabled)
Jan 26 08:20:15 kernel: [    0.000000] ACPI: LAPIC (acpi_id[0x02] lapic_id[0x01] enabled)
Jan 26 08:20:15 kernel: [    0.000000] ACPI: LAPIC (acpi_id[0x02] lapic_id[0x01] enabled)
Jan 26 08:20:15 kernel: [    0.000000] ACPI: LAPIC (acpi_id[0x03] lapic_id[0x05] disabled)
Jan 26 08:20:15 kernel: [    0.000000] ACPI: LAPIC (acpi_id[0x03] lapic_id[0x05] disabled)
Jan 26 08:20:15 kernel: [    0.000000] ACPI: LAPIC (acpi_id[0x04] lapic_id[0x07] disabled)
Jan 26 08:20:15 kernel: [    0.000000] ACPI: LAPIC (acpi_id[0x04] lapic_id[0x07] disabled)
Jan 26 08:20:15 kernel: [    0.000000] ACPI: LAPIC (acpi_id[0x05] lapic_id[0x00] disabled)
Jan 26 08:20:15 kernel: [    0.000000] ACPI: LAPIC (acpi_id[0x05] lapic_id[0x00] disabled)
Jan 26 08:20:15 kernel: [    0.000000] ACPI: LAPIC (acpi_id[0x06] lapic_id[0x01] disabled)
Jan 26 08:20:15 kernel: [    0.000000] ACPI: LAPIC (acpi_id[0x06] lapic_id[0x01] disabled)
Jan 26 08:20:15 kernel: [    0.000000] ACPI: LAPIC (acpi_id[0x07] lapic_id[0x02] disabled)
Jan 26 08:20:15 kernel: [    0.000000] ACPI: LAPIC (acpi_id[0x07] lapic_id[0x02] disabled)
Jan 26 08:20:15 kernel: [    0.000000] ACPI: LAPIC (acpi_id[0x08] lapic_id[0x03] disabled)
Jan 26 08:20:15 kernel: [    0.000000] ACPI: LAPIC (acpi_id[0x08] lapic_id[0x03] disabled)
Jan 26 08:20:15 kernel: [    0.000000] ACPI: LAPIC_NMI (acpi_id[0xff] high level lint[0x1])
Jan 26 08:20:15 kernel: [    0.000000] ACPI: LAPIC_NMI (acpi_id[0xff] high level lint[0x1])
Jan 26 08:20:15 kernel: [    0.000000] ACPI: IOAPIC (id[0x08] address[0xfec00000] gsi_base[0])
Jan 26 08:20:15 kernel: [    0.000000] ACPI: IOAPIC (id[0x08] address[0xfec00000] gsi_base[0])
Jan 26 08:20:15 kernel: [    0.000000] IOAPIC[0]: apic_id 8, version 32, address 0xfec00000, GSI 0-23
Jan 26 08:20:15 kernel: [    0.000000] IOAPIC[0]: apic_id 8, version 32, address 0xfec00000, GSI 0-23
Jan 26 08:20:15 kernel: [    0.000000] ACPI: INT_SRC_OVR (bus 0 bus_irq 0 global_irq 2 dfl dfl)
Jan 26 08:20:15 kernel: [    0.000000] ACPI: INT_SRC_OVR (bus 0 bus_irq 0 global_irq 2 dfl dfl)
Jan 26 08:20:15 kernel: [    0.000000] ACPI: INT_SRC_OVR (bus 0 bus_irq 9 global_irq 9 high level)
Jan 26 08:20:15 kernel: [    0.000000] ACPI: INT_SRC_OVR (bus 0 bus_irq 9 global_irq 9 high level)
Jan 26 08:20:15 kernel: [    0.000000] Using ACPI (MADT) for SMP configuration information
Jan 26 08:20:15 kernel: [    0.000000] Using ACPI (MADT) for SMP configuration information
Jan 26 08:20:15 kernel: [    0.000000] ACPI: HPET id: 0x8086a301 base: 0xfed00000
Jan 26 08:20:15 kernel: [    0.000000] ACPI: HPET id: 0x8086a301 base: 0xfed00000
Jan 26 08:20:15 kernel: [    0.000000] SMP: Allowing 8 CPUs, 6 hotplug CPUs
Jan 26 08:20:15 kernel: [    0.000000] SMP: Allowing 8 CPUs, 6 hotplug CPUs
Jan 26 08:20:15 kernel: [    0.000000] PM: Registered nosave memory: 000000000009e000 - 00000000000f0000
Jan 26 08:20:15 kernel: [    0.000000] PM: Registered nosave memory: 000000000009e000 - 00000000000f0000
Jan 26 08:20:15 kernel: [    0.000000] PM: Registered nosave memory: 00000000000f0000 - 0000000000100000
Jan 26 08:20:15 kernel: [    0.000000] PM: Registered nosave memory: 00000000000f0000 - 0000000000100000
Jan 26 08:20:15 kernel: [    0.000000] Allocating PCI resources starting at d0000000 (gap: d0000000:10000000)
Jan 26 08:20:15 kernel: [    0.000000] Allocating PCI resources starting at d0000000 (gap: d0000000:10000000)
Jan 26 08:20:15 kernel: [    0.000000] setup_percpu: NR_CPUS:8 nr_cpumask_bits:8 nr_cpu_ids:8 nr_node_ids:256
Jan 26 08:20:15 kernel: [    0.000000] setup_percpu: NR_CPUS:8 nr_cpumask_bits:8 nr_cpu_ids:8 nr_node_ids:256
Jan 26 08:20:15 kernel: [    0.000000] PERCPU: Embedded 12 pages/cpu @f4c00000 s26688 r0 d22464 u262144
Jan 26 08:20:15 kernel: [    0.000000] PERCPU: Embedded 12 pages/cpu @f4c00000 s26688 r0 d22464 u262144
Jan 26 08:20:15 kernel: [    0.000000] Kernel command line: panic=56 root=/dev/sdb6 ro vga=normal panic=30 log_buf_len=256k printk.time=1 reboot=f
Jan 26 08:20:15 kernel: [    0.000000] PID hash table entries: 4096 (order: 2, 16384 bytes)
Jan 26 08:20:15 kernel: [    0.000000] PID hash table entries: 4096 (order: 2, 16384 bytes)
Jan 26 08:20:15 kernel: [    0.000000] Dentry cache hash table entries: 131072 (order: 7, 524288 bytes)
Jan 26 08:20:15 kernel: [    0.000000] Dentry cache hash table entries: 131072 (order: 7, 524288 bytes)
Jan 26 08:20:15 kernel: [    0.000000] Inode-cache hash table entries: 65536 (order: 6, 262144 bytes)
Jan 26 08:20:15 kernel: [    0.000000] Inode-cache hash table entries: 65536 (order: 6, 262144 bytes)
Jan 26 08:20:15 kernel: [    0.000000] Initializing CPU#0
Jan 26 08:20:15 kernel: [    0.000000] Initializing CPU#0
Jan 26 08:20:15 kernel: [    0.000000] Initializing HighMem for node 0 (000379fe:00128000)
Jan 26 08:20:15 kernel: [    0.000000] Initializing HighMem for node 0 (000379fe:00128000)
Jan 26 08:20:15 kernel: [    0.000000] Memory: 3954076k/4849664k available (5152k kernel code, 53400k reserved, 2538k data, 720k init, 3096580k highmem)
Jan 26 08:20:15 kernel: [    0.000000] Memory: 3954076k/4849664k available (5152k kernel code, 53400k reserved, 2538k data, 720k init, 3096580k highmem)
Jan 26 08:20:15 kernel: [    0.000000] virtual kernel memory layout:
Jan 26 08:20:15 kernel: [    0.000000] virtual kernel memory layout:
Jan 26 08:20:15 kernel: [    0.000000]     fixmap  : 0xffe6e000 - 0xfffff000   (1604 kB)
Jan 26 08:20:15 kernel: [    0.000000]     fixmap  : 0xffe6e000 - 0xfffff000   (1604 kB)
Jan 26 08:20:15 kernel: [    0.000000]     pkmap   : 0xffa00000 - 0xffc00000   (2048 kB)
Jan 26 08:20:15 kernel: [    0.000000]     pkmap   : 0xffa00000 - 0xffc00000   (2048 kB)
Jan 26 08:20:15 kernel: [    0.000000]     vmalloc : 0xf81fe000 - 0xff9fe000   ( 120 MB)
Jan 26 08:20:15 kernel: [    0.000000]     vmalloc : 0xf81fe000 - 0xff9fe000   ( 120 MB)
Jan 26 08:20:15 kernel: [    0.000000]     lowmem  : 0xc0000000 - 0xf79fe000   ( 889 MB)
Jan 26 08:20:15 kernel: [    0.000000]     lowmem  : 0xc0000000 - 0xf79fe000   ( 889 MB)
Jan 26 08:20:15 kernel: [    0.000000]       .init : 0xc0883000 - 0xc0937000   ( 720 kB)
Jan 26 08:20:15 kernel: [    0.000000]       .init : 0xc0883000 - 0xc0937000   ( 720 kB)
Jan 26 08:20:15 kernel: [    0.000000]       .data : 0xc0608312 - 0xc0882e98   (2538 kB)
Jan 26 08:20:15 kernel: [    0.000000]       .data : 0xc0608312 - 0xc0882e98   (2538 kB)
Jan 26 08:20:15 kernel: [    0.000000]       .text : 0xc0100000 - 0xc0608312   (5152 kB)
Jan 26 08:20:15 kernel: [    0.000000]       .text : 0xc0100000 - 0xc0608312   (5152 kB)
Jan 26 08:20:15 kernel: [    0.000000] Checking if this processor honours the WP bit even in supervisor mode...Ok.
Jan 26 08:20:15 kernel: [    0.000000] Checking if this processor honours the WP bit even in supervisor mode...Ok.
Jan 26 08:20:15 kernel: [    0.000000] Preemptable hierarchical RCU implementation.
Jan 26 08:20:15 kernel: [    0.000000] Preemptable hierarchical RCU implementation.
Jan 26 08:20:15 kernel: [    0.000000] 	Hierarchical RCU autobalancing is disabled.
Jan 26 08:20:15 kernel: [    0.000000] 	Hierarchical RCU autobalancing is disabled.
Jan 26 08:20:15 kernel: [    0.000000] 	RCU-based detection of stalled CPUs is disabled.
Jan 26 08:20:15 kernel: [    0.000000] 	RCU-based detection of stalled CPUs is disabled.
Jan 26 08:20:15 kernel: [    0.000000] 	Verbose stalled-CPUs detection is disabled.
Jan 26 08:20:15 kernel: [    0.000000] 	Verbose stalled-CPUs detection is disabled.
Jan 26 08:20:15 kernel: [    0.000000] NR_IRQS:2304 nr_irqs:744 16
Jan 26 08:20:15 kernel: [    0.000000] NR_IRQS:2304 nr_irqs:744 16
Jan 26 08:20:15 kernel: [    0.000000] console [tty0] enabled
Jan 26 08:20:15 kernel: [    0.000000] console [tty0] enabled
Jan 26 08:20:15 kernel: [    0.000000] allocated 26214400 bytes of page_cgroup
Jan 26 08:20:15 kernel: [    0.000000] allocated 26214400 bytes of page_cgroup
Jan 26 08:20:15 kernel: [    0.000000] please try 'cgroup_disable=memory' option if you don't want memory cgroups
Jan 26 08:20:15 kernel: [    0.000000] please try 'cgroup_disable=memory' option if you don't want memory cgroups
Jan 26 08:20:15 kernel: [    0.001005] Calibrating delay loop (skipped), value calculated using timer frequency.. 5320.58 BogoMIPS (lpj=2660291)
Jan 26 08:20:15 kernel: [    0.001005] Calibrating delay loop (skipped), value calculated using timer frequency.. 5320.58 BogoMIPS (lpj=2660291)
Jan 26 08:20:15 kernel: [    0.001009] pid_max: default: 32768 minimum: 301
Jan 26 08:20:15 kernel: [    0.001009] pid_max: default: 32768 minimum: 301
Jan 26 08:20:15 kernel: [    0.001102] Security Framework initialized
Jan 26 08:20:15 kernel: [    0.001102] Security Framework initialized
Jan 26 08:20:15 kernel: [    0.001291] Initializing cgroup subsys debug
Jan 26 08:20:15 kernel: [    0.001291] Initializing cgroup subsys debug
Jan 26 08:20:15 kernel: [    0.001294] Initializing cgroup subsys ns
Jan 26 08:20:15 kernel: [    0.001294] Initializing cgroup subsys ns
Jan 26 08:20:15 kernel: [    0.001299] Initializing cgroup subsys cpuacct
Jan 26 08:20:15 kernel: [    0.001299] Initializing cgroup subsys cpuacct
Jan 26 08:20:15 kernel: [    0.001304] Initializing cgroup subsys memory
Jan 26 08:20:15 kernel: [    0.001304] Initializing cgroup subsys memory
Jan 26 08:20:15 kernel: [    0.001438] Initializing cgroup subsys devices
Jan 26 08:20:15 kernel: [    0.001438] Initializing cgroup subsys devices
Jan 26 08:20:15 kernel: [    0.001441] Initializing cgroup subsys freezer
Jan 26 08:20:15 kernel: [    0.001441] Initializing cgroup subsys freezer
Jan 26 08:20:15 kernel: [    0.001461] CPU: Physical Processor ID: 0
Jan 26 08:20:15 kernel: [    0.001461] CPU: Physical Processor ID: 0
Jan 26 08:20:15 kernel: [    0.001462] CPU: Processor Core ID: 0
Jan 26 08:20:15 kernel: [    0.001462] CPU: Processor Core ID: 0
Jan 26 08:20:15 kernel: [    0.001464] mce: CPU supports 6 MCE banks
Jan 26 08:20:15 kernel: [    0.001464] mce: CPU supports 6 MCE banks
Jan 26 08:20:15 kernel: [    0.001471] CPU0: Thermal monitoring enabled (TM2)
Jan 26 08:20:15 kernel: [    0.001471] CPU0: Thermal monitoring enabled (TM2)
Jan 26 08:20:15 kernel: [    0.001474] using mwait in idle threads.
Jan 26 08:20:15 kernel: [    0.001474] using mwait in idle threads.
Jan 26 08:20:15 kernel: [    0.001481] Performance Events: PEBS fmt0+, Core2 events, Intel PMU driver.
Jan 26 08:20:15 kernel: [    0.001481] Performance Events: PEBS fmt0+, Core2 events, Intel PMU driver.
Jan 26 08:20:15 kernel: [    0.001487] ... version:                2
Jan 26 08:20:15 kernel: [    0.001487] ... version:                2
Jan 26 08:20:15 kernel: [    0.001489] ... bit width:              40
Jan 26 08:20:15 kernel: [    0.001489] ... bit width:              40
Jan 26 08:20:15 kernel: [    0.001490] ... generic registers:      2
Jan 26 08:20:15 kernel: [    0.001490] ... generic registers:      2
Jan 26 08:20:15 kernel: [    0.001491] ... value mask:             000000ffffffffff
Jan 26 08:20:15 kernel: [    0.001491] ... value mask:             000000ffffffffff
Jan 26 08:20:15 kernel: [    0.001493] ... max period:             000000007fffffff
Jan 26 08:20:15 kernel: [    0.001493] ... max period:             000000007fffffff
Jan 26 08:20:15 kernel: [    0.001494] ... fixed-purpose events:   3
Jan 26 08:20:15 kernel: [    0.001494] ... fixed-purpose events:   3
Jan 26 08:20:15 kernel: [    0.001495] ... event mask:             0000000700000003
Jan 26 08:20:15 kernel: [    0.001495] ... event mask:             0000000700000003
Jan 26 08:20:15 kernel: [    0.002038] ACPI: Core revision 20101013
Jan 26 08:20:15 kernel: [    0.002038] ACPI: Core revision 20101013
Jan 26 08:20:15 kernel: [    0.132429] Enabling APIC mode:  Flat.  Using 1 I/O APICs
Jan 26 08:20:15 kernel: [    0.132429] Enabling APIC mode:  Flat.  Using 1 I/O APICs
Jan 26 08:20:15 kernel: [    0.132571] Mapping cpu 0 to node 0
Jan 26 08:20:15 kernel: [    0.132571] Mapping cpu 0 to node 0
Jan 26 08:20:15 kernel: [    0.132739] ..TIMER: vector=0x30 apic1=0 pin1=2 apic2=-1 pin2=-1
Jan 26 08:20:15 kernel: [    0.132739] ..TIMER: vector=0x30 apic1=0 pin1=2 apic2=-1 pin2=-1
Jan 26 08:20:15 kernel: [    0.142747] CPU0: Intel(R) Core(TM)2 Duo CPU     E7300  @ 2.66GHz stepping 06
Jan 26 08:20:15 kernel: [    0.142747] CPU0: Intel(R) Core(TM)2 Duo CPU     E7300  @ 2.66GHz stepping 06
Jan 26 08:20:15 kernel: [    0.148031] Booting Node   0, Processors  #1
Jan 26 08:20:15 kernel: [    0.148031] Booting Node   0, Processors  #1
Jan 26 08:20:15 kernel: [    0.001999] Initializing CPU#1
Jan 26 08:20:15 kernel: [    0.001999] Initializing CPU#1
Jan 26 08:20:15 kernel: [    0.001999] Mapping cpu 1 to node 0
Jan 26 08:20:15 kernel: [    0.001999] Mapping cpu 1 to node 0
Jan 26 08:20:15 kernel: [    0.220019] Brought up 2 CPUs
Jan 26 08:20:15 kernel: [    0.220019] Brought up 2 CPUs
Jan 26 08:20:15 kernel: [    0.220022] Total of 2 processors activated (10640.29 BogoMIPS).
Jan 26 08:20:15 kernel: [    0.220022] Total of 2 processors activated (10640.29 BogoMIPS).
Jan 26 08:20:15 kernel: [    0.221054] devtmpfs: initialized
Jan 26 08:20:15 kernel: [    0.221054] devtmpfs: initialized
Jan 26 08:20:15 kernel: [    0.221205] xor: automatically using best checksumming function: pIII_sse
Jan 26 08:20:15 kernel: [    0.221205] xor: automatically using best checksumming function: pIII_sse
Jan 26 08:20:15 kernel: [    0.225884]    pIII_sse  :  9272.000 MB/sec
Jan 26 08:20:15 kernel: [    0.225884]    pIII_sse  :  9272.000 MB/sec
Jan 26 08:20:15 kernel: [    0.225886] xor: using function: pIII_sse (9272.000 MB/sec)
Jan 26 08:20:15 kernel: [    0.225886] xor: using function: pIII_sse (9272.000 MB/sec)
Jan 26 08:20:15 kernel: [    0.225891] atomic64 test passed for i586+ platform with CX8 and with SSE
Jan 26 08:20:15 kernel: [    0.225891] atomic64 test passed for i586+ platform with CX8 and with SSE
Jan 26 08:20:15 kernel: [    0.225894] regulator: core version 0.5
Jan 26 08:20:15 kernel: [    0.225894] regulator: core version 0.5
Jan 26 08:20:15 kernel: [    0.225940] regulator: dummy: 
Jan 26 08:20:15 kernel: [    0.225940] regulator: dummy: 
Jan 26 08:20:15 kernel: [    0.226031] NET: Registered protocol family 16
Jan 26 08:20:15 kernel: [    0.226031] NET: Registered protocol family 16
Jan 26 08:20:15 kernel: [    0.226147] EISA bus registered
Jan 26 08:20:15 kernel: [    0.226147] EISA bus registered
Jan 26 08:20:15 kernel: [    0.226201] ACPI FADT declares the system doesn't support PCIe ASPM, so disable it
Jan 26 08:20:15 kernel: [    0.226201] ACPI FADT declares the system doesn't support PCIe ASPM, so disable it
Jan 26 08:20:15 kernel: [    0.226204] ACPI: bus type pci registered
Jan 26 08:20:15 kernel: [    0.226204] ACPI: bus type pci registered
Jan 26 08:20:15 kernel: [    0.226273] PCI: MMCONFIG for domain 0000 [bus 00-ff] at [mem 0xe0000000-0xefffffff] (base 0xe0000000)
Jan 26 08:20:15 kernel: [    0.226273] PCI: MMCONFIG for domain 0000 [bus 00-ff] at [mem 0xe0000000-0xefffffff] (base 0xe0000000)
Jan 26 08:20:15 kernel: [    0.226276] PCI: MMCONFIG at [mem 0xe0000000-0xefffffff] reserved in E820
Jan 26 08:20:15 kernel: [    0.226276] PCI: MMCONFIG at [mem 0xe0000000-0xefffffff] reserved in E820
Jan 26 08:20:15 kernel: [    0.226278] PCI: Using MMCONFIG for extended config space
Jan 26 08:20:15 kernel: [    0.226278] PCI: Using MMCONFIG for extended config space
Jan 26 08:20:15 kernel: [    0.226280] PCI: Using configuration type 1 for base access
Jan 26 08:20:15 kernel: [    0.226280] PCI: Using configuration type 1 for base access
Jan 26 08:20:15 kernel: [    0.453400] ACPI: Interpreter enabled
Jan 26 08:20:15 kernel: [    0.453400] ACPI: Interpreter enabled
Jan 26 08:20:15 kernel: [    0.453405] ACPI: (supports S0 S1 S3 S4 S5)
Jan 26 08:20:15 kernel: [    0.453405] ACPI: (supports S0 S1 S3 S4 S5)
Jan 26 08:20:15 kernel: [    0.453436] ACPI: Using IOAPIC for interrupt routing
Jan 26 08:20:15 kernel: [    0.453436] ACPI: Using IOAPIC for interrupt routing
Jan 26 08:20:15 kernel: [    0.569014] PCI: Using host bridge windows from ACPI; if necessary, use "pci=nocrs" and report a bug
Jan 26 08:20:15 kernel: [    0.569014] PCI: Using host bridge windows from ACPI; if necessary, use "pci=nocrs" and report a bug
Jan 26 08:20:15 kernel: [    0.580041] ACPI: PCI Root Bridge [PCI0] (domain 0000 [bus 00-ff])
Jan 26 08:20:15 kernel: [    0.580041] ACPI: PCI Root Bridge [PCI0] (domain 0000 [bus 00-ff])
Jan 26 08:20:15 kernel: [    0.602034] pci_root PNP0A03:00: host bridge window [io  0x0000-0x0cf7]
Jan 26 08:20:15 kernel: [    0.602034] pci_root PNP0A03:00: host bridge window [io  0x0000-0x0cf7]
Jan 26 08:20:15 kernel: [    0.602039] pci_root PNP0A03:00: host bridge window [io  0x0d00-0xffff]
Jan 26 08:20:15 kernel: [    0.602039] pci_root PNP0A03:00: host bridge window [io  0x0d00-0xffff]
Jan 26 08:20:15 kernel: [    0.602043] pci_root PNP0A03:00: host bridge window [mem 0x000a0000-0x000bffff]
Jan 26 08:20:15 kernel: [    0.602043] pci_root PNP0A03:00: host bridge window [mem 0x000a0000-0x000bffff]
Jan 26 08:20:15 kernel: [    0.602046] pci_root PNP0A03:00: host bridge window [mem 0x000c0000-0x000effff]
Jan 26 08:20:15 kernel: [    0.602046] pci_root PNP0A03:00: host bridge window [mem 0x000c0000-0x000effff]
Jan 26 08:20:15 kernel: [    0.602050] pci_root PNP0A03:00: host bridge window [mem 0x000f0000-0x000fffff]
Jan 26 08:20:15 kernel: [    0.602050] pci_root PNP0A03:00: host bridge window [mem 0x000f0000-0x000fffff]
Jan 26 08:20:15 kernel: [    0.602053] pci_root PNP0A03:00: host bridge window [mem 0xf0000000-0xfec00000]
Jan 26 08:20:15 kernel: [    0.602053] pci_root PNP0A03:00: host bridge window [mem 0xf0000000-0xfec00000]
Jan 26 08:20:15 kernel: [    0.602057] pci_root PNP0A03:00: host bridge window [mem 0xcf500000-0xdfffffff]
Jan 26 08:20:15 kernel: [    0.602057] pci_root PNP0A03:00: host bridge window [mem 0xcf500000-0xdfffffff]
Jan 26 08:20:15 kernel: [    0.602061] pci_root PNP0A03:00: host bridge window [mem 0xff980800-0xff980bff]
Jan 26 08:20:15 kernel: [    0.602061] pci_root PNP0A03:00: host bridge window [mem 0xff980800-0xff980bff]
Jan 26 08:20:15 kernel: [    0.602065] pci_root PNP0A03:00: host bridge window [mem 0xff97c000-0xff97ffff]
Jan 26 08:20:15 kernel: [    0.602065] pci_root PNP0A03:00: host bridge window [mem 0xff97c000-0xff97ffff]
Jan 26 08:20:15 kernel: [    0.602068] pci_root PNP0A03:00: host bridge window [mem 0xfed20000-0xfed9ffff]
Jan 26 08:20:15 kernel: [    0.602068] pci_root PNP0A03:00: host bridge window [mem 0xfed20000-0xfed9ffff]
Jan 26 08:20:15 kernel: [    0.602072] pci_root PNP0A03:00: host bridge window [mem 0xfedad800-0xfedadfff]
Jan 26 08:20:15 kernel: [    0.602072] pci_root PNP0A03:00: host bridge window [mem 0xfedad800-0xfedadfff]
Jan 26 08:20:15 kernel: [    0.603662] pci 0000:00:1f.0: quirk: [io  0x0800-0x087f] claimed by ICH6 ACPI/GPIO/TCO
Jan 26 08:20:15 kernel: [    0.603662] pci 0000:00:1f.0: quirk: [io  0x0800-0x087f] claimed by ICH6 ACPI/GPIO/TCO
Jan 26 08:20:15 kernel: [    0.603666] pci 0000:00:1f.0: quirk: [io  0x0880-0x08bf] claimed by ICH6 GPIO
Jan 26 08:20:15 kernel: [    0.603666] pci 0000:00:1f.0: quirk: [io  0x0880-0x08bf] claimed by ICH6 GPIO
Jan 26 08:20:15 kernel: [    0.603669] pci 0000:00:1f.0: ICH7 LPC Generic IO decode 1 PIO at 0c00 (mask 007f)
Jan 26 08:20:15 kernel: [    0.603669] pci 0000:00:1f.0: ICH7 LPC Generic IO decode 1 PIO at 0c00 (mask 007f)
Jan 26 08:20:15 kernel: [    0.603673] pci 0000:00:1f.0: ICH7 LPC Generic IO decode 2 PIO at 00e0 (mask 0007)
Jan 26 08:20:15 kernel: [    0.603673] pci 0000:00:1f.0: ICH7 LPC Generic IO decode 2 PIO at 00e0 (mask 0007)
Jan 26 08:20:15 kernel: [    0.603940] pci 0000:00:1c.0: PCI bridge to [bus 01-01]
Jan 26 08:20:15 kernel: [    0.603940] pci 0000:00:1c.0: PCI bridge to [bus 01-01]
Jan 26 08:20:15 kernel: [    0.604020] pci 0000:00:1e.0: PCI bridge to [bus 02-02] (subtractive decode)
Jan 26 08:20:15 kernel: [    0.604020] pci 0000:00:1e.0: PCI bridge to [bus 02-02] (subtractive decode)
Jan 26 08:20:15 kernel: [    1.931130] ACPI: PCI Interrupt Link [LNKA] (IRQs 3 4 5 6 7 9 10 *11 12 15)
Jan 26 08:20:15 kernel: [    1.931130] ACPI: PCI Interrupt Link [LNKA] (IRQs 3 4 5 6 7 9 10 *11 12 15)
Jan 26 08:20:15 kernel: [    1.931950] ACPI: PCI Interrupt Link [LNKB] (IRQs 3 4 *5 6 7 9 10 11 12 15)
Jan 26 08:20:15 kernel: [    1.931950] ACPI: PCI Interrupt Link [LNKB] (IRQs 3 4 *5 6 7 9 10 11 12 15)
Jan 26 08:20:15 kernel: [    1.932763] ACPI: PCI Interrupt Link [LNKC] (IRQs 3 4 5 6 7 *9 10 11 12 15)
Jan 26 08:20:15 kernel: [    1.932763] ACPI: PCI Interrupt Link [LNKC] (IRQs 3 4 5 6 7 *9 10 11 12 15)
Jan 26 08:20:15 kernel: [    1.933576] ACPI: PCI Interrupt Link [LNKD] (IRQs 3 4 5 6 7 9 *10 11 12 15)
Jan 26 08:20:15 kernel: [    1.933576] ACPI: PCI Interrupt Link [LNKD] (IRQs 3 4 5 6 7 9 *10 11 12 15)
Jan 26 08:20:15 kernel: [    1.934395] ACPI: PCI Interrupt Link [LNKE] (IRQs 3 4 5 6 7 9 10 11 12 15) *0, disabled.
Jan 26 08:20:15 kernel: [    1.934395] ACPI: PCI Interrupt Link [LNKE] (IRQs 3 4 5 6 7 9 10 11 12 15) *0, disabled.
Jan 26 08:20:15 kernel: [    1.935208] ACPI: PCI Interrupt Link [LNKF] (IRQs *3 4 5 6 7 9 10 11 12 15)
Jan 26 08:20:15 kernel: [    1.935208] ACPI: PCI Interrupt Link [LNKF] (IRQs *3 4 5 6 7 9 10 11 12 15)
Jan 26 08:20:15 kernel: [    1.936019] ACPI: PCI Interrupt Link [LNKG] (IRQs 3 4 *5 6 7 9 10 11 12 15)
Jan 26 08:20:15 kernel: [    1.936019] ACPI: PCI Interrupt Link [LNKG] (IRQs 3 4 *5 6 7 9 10 11 12 15)
Jan 26 08:20:15 kernel: [    1.936833] ACPI: PCI Interrupt Link [LNKH] (IRQs 3 4 5 6 7 9 *10 11 12 15)
Jan 26 08:20:15 kernel: [    1.936833] ACPI: PCI Interrupt Link [LNKH] (IRQs 3 4 5 6 7 9 *10 11 12 15)
Jan 26 08:20:15 kernel: [    1.937043] HEST: Table is not found!
Jan 26 08:20:15 kernel: [    1.937043] HEST: Table is not found!
Jan 26 08:20:15 kernel: [    1.937097] vgaarb: device added: PCI:0000:00:02.0,decodes=io+mem,owns=io+mem,locks=none
Jan 26 08:20:15 kernel: [    1.937097] vgaarb: device added: PCI:0000:00:02.0,decodes=io+mem,owns=io+mem,locks=none
Jan 26 08:20:15 kernel: [    1.937110] vgaarb: loaded
Jan 26 08:20:15 kernel: [    1.937110] vgaarb: loaded
Jan 26 08:20:15 kernel: [    1.937278] SCSI subsystem initialized
Jan 26 08:20:15 kernel: [    1.937289] PCI: Using ACPI for IRQ routing
Jan 26 08:20:15 kernel: [    1.937289] PCI: Using ACPI for IRQ routing
Jan 26 08:20:15 kernel: [    1.937289] pci 0000:00:03.0: no compatible bridge window for [mem 0xfedad000-0xfedad00f 64bit]
Jan 26 08:20:15 kernel: [    1.937289] pci 0000:00:03.0: no compatible bridge window for [mem 0xfedad000-0xfedad00f 64bit]
Jan 26 08:20:15 kernel: [    1.937289] pci 0000:00:1f.2: no compatible bridge window for [mem 0xff970000-0xff9707ff]
Jan 26 08:20:15 kernel: [    1.937289] pci 0000:00:1f.2: no compatible bridge window for [mem 0xff970000-0xff9707ff]
Jan 26 08:20:15 kernel: [    1.937289] NetLabel: Initializing
Jan 26 08:20:15 kernel: [    1.937289] NetLabel: Initializing
Jan 26 08:20:15 kernel: [    1.937289] NetLabel:  domain hash size = 128
Jan 26 08:20:15 kernel: [    1.937289] NetLabel:  domain hash size = 128
Jan 26 08:20:15 kernel: [    1.937289] NetLabel:  protocols = UNLABELED CIPSOv4
Jan 26 08:20:15 kernel: [    1.937289] NetLabel:  protocols = UNLABELED CIPSOv4
Jan 26 08:20:15 kernel: [    1.937299] NetLabel:  unlabeled traffic allowed by default
Jan 26 08:20:15 kernel: [    1.937299] NetLabel:  unlabeled traffic allowed by default
Jan 26 08:20:15 kernel: [    1.937304] HPET: 4 timers in total, 0 timers will be used for per-cpu timer
Jan 26 08:20:15 kernel: [    1.937304] HPET: 4 timers in total, 0 timers will be used for per-cpu timer
Jan 26 08:20:15 kernel: [    1.937309] hpet0: at MMIO 0xfed00000, IRQs 2, 8, 0, 0
Jan 26 08:20:15 kernel: [    1.937309] hpet0: at MMIO 0xfed00000, IRQs 2, 8, 0, 0
Jan 26 08:20:15 kernel: [    1.937313] hpet0: 4 comparators, 64-bit 14.318180 MHz counter
Jan 26 08:20:15 kernel: [    1.937313] hpet0: 4 comparators, 64-bit 14.318180 MHz counter
Jan 26 08:20:15 kernel: [    1.940025] Switching to clocksource tsc
Jan 26 08:20:15 kernel: [    1.940025] Switching to clocksource tsc
Jan 26 08:20:15 kernel: [    1.940101] pnp: PnP ACPI init
Jan 26 08:20:15 kernel: [    1.940101] pnp: PnP ACPI init
Jan 26 08:20:15 kernel: [    1.940130] ACPI: bus type pnp registered
Jan 26 08:20:15 kernel: [    1.940130] ACPI: bus type pnp registered
Jan 26 08:20:15 kernel: [    2.002180] pnp: PnP ACPI: found 10 devices
Jan 26 08:20:15 kernel: [    2.002180] pnp: PnP ACPI: found 10 devices
Jan 26 08:20:15 kernel: [    2.002182] ACPI: ACPI bus type pnp unregistered
Jan 26 08:20:15 kernel: [    2.002182] ACPI: ACPI bus type pnp unregistered
Jan 26 08:20:15 kernel: [    2.002184] PnPBIOS: Disabled by ACPI PNP
Jan 26 08:20:15 kernel: [    2.002184] PnPBIOS: Disabled by ACPI PNP
Jan 26 08:20:15 kernel: [    2.002192] system 00:01: [io  0x0c00-0x0c7f] has been reserved
Jan 26 08:20:15 kernel: [    2.002192] system 00:01: [io  0x0c00-0x0c7f] has been reserved
Jan 26 08:20:15 kernel: [    2.038881] pci 0000:00:1c.0: BAR 15: assigned [mem 0xf0000000-0xf01fffff 64bit pref]
Jan 26 08:20:15 kernel: [    2.038881] pci 0000:00:1c.0: BAR 15: assigned [mem 0xf0000000-0xf01fffff 64bit pref]
Jan 26 08:20:15 kernel: [    2.038884] pci 0000:00:1c.0: BAR 13: assigned [io  0x1000-0x1fff]
Jan 26 08:20:15 kernel: [    2.038884] pci 0000:00:1c.0: BAR 13: assigned [io  0x1000-0x1fff]
Jan 26 08:20:15 kernel: [    2.038888] pci 0000:00:1f.2: BAR 5: assigned [mem 0xf0200000-0xf02007ff]
Jan 26 08:20:15 kernel: [    2.038888] pci 0000:00:1f.2: BAR 5: assigned [mem 0xf0200000-0xf02007ff]
Jan 26 08:20:15 kernel: [    2.038893] pci 0000:00:1f.2: BAR 5: set to [mem 0xf0200000-0xf02007ff] (PCI address [0xf0200000-0xf02007ff])
Jan 26 08:20:15 kernel: [    2.038893] pci 0000:00:1f.2: BAR 5: set to [mem 0xf0200000-0xf02007ff] (PCI address [0xf0200000-0xf02007ff])
Jan 26 08:20:15 kernel: [    2.038897] pci 0000:00:03.0: BAR 0: assigned [mem 0xf0200800-0xf020080f 64bit]
Jan 26 08:20:15 kernel: [    2.038897] pci 0000:00:03.0: BAR 0: assigned [mem 0xf0200800-0xf020080f 64bit]
Jan 26 08:20:15 kernel: [    2.038902] pci 0000:00:03.0: BAR 0: set to [mem 0xf0200800-0xf020080f 64bit] (PCI address [0xf0200800-0xf020080f])
Jan 26 08:20:15 kernel: [    2.038902] pci 0000:00:03.0: BAR 0: set to [mem 0xf0200800-0xf020080f 64bit] (PCI address [0xf0200800-0xf020080f])
Jan 26 08:20:15 kernel: [    2.038904] pci 0000:00:1c.0: PCI bridge to [bus 01-01]
Jan 26 08:20:15 kernel: [    2.038904] pci 0000:00:1c.0: PCI bridge to [bus 01-01]
Jan 26 08:20:15 kernel: [    2.038907] pci 0000:00:1c.0:   bridge window [io  0x1000-0x1fff]
Jan 26 08:20:15 kernel: [    2.038907] pci 0000:00:1c.0:   bridge window [io  0x1000-0x1fff]
Jan 26 08:20:15 kernel: [    2.038911] pci 0000:00:1c.0:   bridge window [mem 0xfe800000-0xfe8fffff]
Jan 26 08:20:15 kernel: [    2.038911] pci 0000:00:1c.0:   bridge window [mem 0xfe800000-0xfe8fffff]
Jan 26 08:20:15 kernel: [    2.038915] pci 0000:00:1c.0:   bridge window [mem 0xf0000000-0xf01fffff 64bit pref]
Jan 26 08:20:15 kernel: [    2.038915] pci 0000:00:1c.0:   bridge window [mem 0xf0000000-0xf01fffff 64bit pref]
Jan 26 08:20:15 kernel: [    2.038921] pci 0000:00:1e.0: PCI bridge to [bus 02-02]
Jan 26 08:20:15 kernel: [    2.038921] pci 0000:00:1e.0: PCI bridge to [bus 02-02]
Jan 26 08:20:15 kernel: [    2.038922] pci 0000:00:1e.0:   bridge window [io  disabled]
Jan 26 08:20:15 kernel: [    2.038922] pci 0000:00:1e.0:   bridge window [io  disabled]
Jan 26 08:20:15 kernel: [    2.038926] pci 0000:00:1e.0:   bridge window [mem disabled]
Jan 26 08:20:15 kernel: [    2.038926] pci 0000:00:1e.0:   bridge window [mem disabled]
Jan 26 08:20:15 kernel: [    2.038930] pci 0000:00:1e.0:   bridge window [mem pref disabled]
Jan 26 08:20:15 kernel: [    2.038930] pci 0000:00:1e.0:   bridge window [mem pref disabled]
Jan 26 08:20:15 kernel: [    2.038946] pci 0000:00:1c.0: PCI INT A -> GSI 16 (level, low) -> IRQ 16
Jan 26 08:20:15 kernel: [    2.038946] pci 0000:00:1c.0: PCI INT A -> GSI 16 (level, low) -> IRQ 16
Jan 26 08:20:15 kernel: [    2.039080] NET: Registered protocol family 2
Jan 26 08:20:15 kernel: [    2.039080] NET: Registered protocol family 2
Jan 26 08:20:15 kernel: [    2.039164] IP route cache hash table entries: 32768 (order: 5, 131072 bytes)
Jan 26 08:20:15 kernel: [    2.039164] IP route cache hash table entries: 32768 (order: 5, 131072 bytes)
Jan 26 08:20:15 kernel: [    2.039413] TCP established hash table entries: 131072 (order: 8, 1048576 bytes)
Jan 26 08:20:15 kernel: [    2.039413] TCP established hash table entries: 131072 (order: 8, 1048576 bytes)
Jan 26 08:20:15 kernel: [    2.039721] TCP bind hash table entries: 65536 (order: 7, 524288 bytes)
Jan 26 08:20:15 kernel: [    2.039721] TCP bind hash table entries: 65536 (order: 7, 524288 bytes)
Jan 26 08:20:15 kernel: [    2.039878] TCP: Hash tables configured (established 131072 bind 65536)
Jan 26 08:20:15 kernel: [    2.039878] TCP: Hash tables configured (established 131072 bind 65536)
Jan 26 08:20:15 kernel: [    2.039880] TCP reno registered
Jan 26 08:20:15 kernel: [    2.039880] TCP reno registered
Jan 26 08:20:15 kernel: [    2.039883] UDP hash table entries: 512 (order: 2, 16384 bytes)
Jan 26 08:20:15 kernel: [    2.039883] UDP hash table entries: 512 (order: 2, 16384 bytes)
Jan 26 08:20:15 kernel: [    2.039890] UDP-Lite hash table entries: 512 (order: 2, 16384 bytes)
Jan 26 08:20:15 kernel: [    2.039890] UDP-Lite hash table entries: 512 (order: 2, 16384 bytes)
Jan 26 08:20:15 kernel: [    2.040120] RPC: Registered udp transport module.
Jan 26 08:20:15 kernel: [    2.040120] RPC: Registered udp transport module.
Jan 26 08:20:15 kernel: [    2.040122] RPC: Registered tcp transport module.
Jan 26 08:20:15 kernel: [    2.040122] RPC: Registered tcp transport module.
Jan 26 08:20:15 kernel: [    2.040124] RPC: Registered tcp NFSv4.1 backchannel transport module.
Jan 26 08:20:15 kernel: [    2.040124] RPC: Registered tcp NFSv4.1 backchannel transport module.
Jan 26 08:20:15 kernel: [    2.040527] DMAR: Host address width 36
Jan 26 08:20:15 kernel: [    2.040527] DMAR: Host address width 36
Jan 26 08:20:15 kernel: [    2.040529] DMAR: DRHD base: 0x000000fedae000 flags: 0x0
Jan 26 08:20:15 kernel: [    2.040529] DMAR: DRHD base: 0x000000fedae000 flags: 0x0
Jan 26 08:20:15 kernel: [    2.040535] IOMMU 0: reg_base_addr fedae000 ver 1:0 cap c9008020a30270 ecap 1000
Jan 26 08:20:15 kernel: [    2.040535] IOMMU 0: reg_base_addr fedae000 ver 1:0 cap c9008020a30270 ecap 1000
Jan 26 08:20:15 kernel: [    2.040537] DMAR: DRHD base: 0x000000fedaf000 flags: 0x0
Jan 26 08:20:15 kernel: [    2.040537] DMAR: DRHD base: 0x000000fedaf000 flags: 0x0
Jan 26 08:20:15 kernel: [    2.040542] IOMMU 1: reg_base_addr fedaf000 ver 1:0 cap c0000020230270 ecap 1000
Jan 26 08:20:15 kernel: [    2.040542] IOMMU 1: reg_base_addr fedaf000 ver 1:0 cap c0000020230270 ecap 1000
Jan 26 08:20:15 kernel: [    2.040544] DMAR: DRHD base: 0x000000fedb0000 flags: 0x0
Jan 26 08:20:15 kernel: [    2.040544] DMAR: DRHD base: 0x000000fedb0000 flags: 0x0
Jan 26 08:20:15 kernel: [    2.040549] IOMMU 2: reg_base_addr fedb0000 ver 1:0 cap c0000020230270 ecap 1000
Jan 26 08:20:15 kernel: [    2.040549] IOMMU 2: reg_base_addr fedb0000 ver 1:0 cap c0000020230270 ecap 1000
Jan 26 08:20:15 kernel: [    2.040551] DMAR: DRHD base: 0x000000fedb1000 flags: 0x1
Jan 26 08:20:15 kernel: [    2.040551] DMAR: DRHD base: 0x000000fedb1000 flags: 0x1
Jan 26 08:20:15 kernel: [    2.040556] IOMMU 3: reg_base_addr fedb1000 ver 1:0 cap c9008020230270 ecap 1000
Jan 26 08:20:15 kernel: [    2.040556] IOMMU 3: reg_base_addr fedb1000 ver 1:0 cap c9008020230270 ecap 1000
Jan 26 08:20:15 kernel: [    2.040558] DMAR: RMRR base: 0x000000cf458000 end: 0x000000cf46ffff
Jan 26 08:20:15 kernel: [    2.040558] DMAR: RMRR base: 0x000000cf458000 end: 0x000000cf46ffff
Jan 26 08:20:15 kernel: [    2.040560] DMAR: RMRR base: 0x000000cf600000 end: 0x000000cfffffff
Jan 26 08:20:15 kernel: [    2.040560] DMAR: RMRR base: 0x000000cf600000 end: 0x000000cfffffff
Jan 26 08:20:15 kernel: [    2.040561] DMAR: No ATSR found
Jan 26 08:20:15 kernel: [    2.040561] DMAR: No ATSR found
Jan 26 08:20:15 kernel: [    2.040645] IOMMU 2 0xfedb0000: using Register based invalidation
Jan 26 08:20:15 kernel: [    2.040645] IOMMU 2 0xfedb0000: using Register based invalidation
Jan 26 08:20:15 kernel: [    2.040646] IOMMU 1 0xfedaf000: using Register based invalidation
Jan 26 08:20:15 kernel: [    2.040646] IOMMU 1 0xfedaf000: using Register based invalidation
Jan 26 08:20:15 kernel: [    2.040648] IOMMU 0 0xfedae000: using Register based invalidation
Jan 26 08:20:15 kernel: [    2.040648] IOMMU 0 0xfedae000: using Register based invalidation
Jan 26 08:20:15 kernel: [    2.040650] IOMMU 3 0xfedb1000: using Register based invalidation
Jan 26 08:20:15 kernel: [    2.040650] IOMMU 3 0xfedb1000: using Register based invalidation
Jan 26 08:20:15 kernel: [    2.040654] IOMMU: Setting RMRR:
Jan 26 08:20:15 kernel: [    2.040654] IOMMU: Setting RMRR:
Jan 26 08:20:15 kernel: [    2.040667] IOMMU: Setting identity map for device 0000:00:02.0 [0xcf600000 - 0xd0000000]
Jan 26 08:20:15 kernel: [    2.040667] IOMMU: Setting identity map for device 0000:00:02.0 [0xcf600000 - 0xd0000000]
Jan 26 08:20:15 kernel: [    2.040738] IOMMU: Setting identity map for device 0000:00:02.1 [0xcf600000 - 0xd0000000]
