Feb 19 14:22:44 (none) daemon.info init: starting pid 2435, tty '/dev/tty3': '/sbin/getty 38400 tty3'
Feb 19 14:22:44 (none) auth.info login[2427]: root login on 'tty2'
Feb 19 14:22:44 (none) daemon.info init: starting pid 2445, tty '/dev/tty4': '/sbin/getty 38400 tty4'
Feb 19 14:22:44 (none) daemon.info init: starting pid 2475, tty '/dev/vc/8': '/etc/init/vc8'
Feb 19 14:22:44 (none) daemon.info init: starting pid 2507, tty '/dev/vc/9': '/etc/init/vc9'
Feb 19 14:22:49 (none) user.notice root: VERBOSE Battery level polling is disabled.
Feb 19 14:22:49 (none) user.notice root: VERBOSE Control file is /sys/devices/platform/eeepc/cpufv
Feb 19 14:22:49 (none) user.notice root: VERBOSE Module exec-commands is disabled
Feb 19 14:22:49 (none) user.notice root: VERBOSE Intel HDA audio power setting is disabled.
Feb 19 14:22:49 (none) user.notice root: VERBOSE Scheduler power setting is disabled.
Feb 19 14:22:49 (none) user.notice root: VERBOSE USB autosuspend is disabled.
Feb 19 14:22:49 (none) user.notice root: VERBOSE Generic wireless interface power saving module is disabled.
Feb 19 14:22:50 (none) kern.info kernel: [   38.507748] ddcprobe[2963]: segfault at c0014 ip 00000014 sp 00000ffa error 15 in mem[0+1000]
Feb 19 14:22:55 (none) kern.info kernel: [   42.932500] [drm] Initialized drm 1.1.0 20060810
Feb 19 14:22:55 (none) kern.debug kernel: [   42.981979] checking generic (a0000 10000) vs hw (d0000000 10000000)
Feb 19 14:22:55 (none) kern.info kernel: [   42.981990] fb: conflicting fb hw usage inteldrmfb vs VGA16 VGA - removing generic driver
Feb 19 14:22:55 (none) kern.info kernel: [   43.009455] Console: switching to colour VGA+ 80x25
Feb 19 14:22:55 (none) kern.debug kernel: [   43.012222] i915 0000:00:02.0: setting latency timer to 64
Feb 19 14:22:55 (none) kern.debug kernel: [   43.045184] i915 0000:00:02.0: irq 44 for MSI/MSI-X
Feb 19 14:22:55 (none) kern.info kernel: [   43.045265] [drm] Supports vblank timestamp caching Rev 1 (10.10.2010).
Feb 19 14:22:55 (none) kern.info kernel: [   43.045273] [drm] Driver supports precise vblank timestamp query.
Feb 19 14:22:55 (none) kern.info kernel: [   43.045957] vgaarb: device changed decodes: PCI:0000:00:02.0,olddecodes=io+mem,decodes=io+mem:owns=io+mem
Feb 19 14:22:55 (none) kern.warn kernel: [   43.054090] i915: fixme: max PWM is zero
Feb 19 14:22:55 (none) kern.info kernel: [   43.077489] [drm] initialized overlay support
Feb 19 14:22:55 (none) kern.info kernel: [   43.156144] fbcon: inteldrmfb (fb0) is primary device
Feb 19 14:22:55 (none) kern.info kernel: [   43.157285] Console: switching to colour frame buffer device 128x48
Feb 19 14:22:55 (none) kern.info kernel: [   43.157338] fb0: inteldrmfb frame buffer device
Feb 19 14:22:55 (none) kern.info kernel: [   43.157341] drm: registered panic notifier
Feb 19 14:22:55 (none) kern.info kernel: [   43.162976] ACPI: Video Device [GFX0] (multi-head: yes  rom: no  post: no)
Feb 19 14:22:55 (none) kern.info kernel: [   43.164350] input: Video Bus as /devices/LNXSYSTM:00/device:00/PNP0A08:00/LNXVIDEO:00/input/input9
Feb 19 14:22:55 (none) kern.info kernel: [   43.166855] [drm] Initialized i915 1.6.0 20080730 for 0000:00:02.0 on minor 0
Feb 19 14:23:23 (none) kern.warn kernel: [   71.330102] EXT4-fs (sda2): warning: maximal mount count reached, running e2fsck is recommended
Feb 19 14:23:23 (none) kern.info kernel: [   71.332511] EXT4-fs (sda2): mounted filesystem with ordered data mode. Opts: (null)
Feb 19 18:00:49 (none) user.notice root: VERBOSE Battery level polling is disabled.
Feb 19 18:00:49 (none) user.notice root: VERBOSE Control file is /sys/devices/platform/eeepc/cpufv
Feb 19 18:00:49 (none) user.notice root: VERBOSE Module exec-commands is disabled
Feb 19 18:00:49 (none) user.notice root: VERBOSE Intel HDA audio power setting is disabled.
Feb 19 18:00:49 (none) user.notice root: VERBOSE Scheduler power setting is disabled.
Feb 19 18:00:49 (none) user.notice root: VERBOSE USB autosuspend is disabled.
Feb 19 18:00:49 (none) user.notice root: VERBOSE Generic wireless interface power saving module is disabled.
Feb 19 18:00:50 (none) auth.info login[2424]: root login on 'tty1'
Feb 19 18:01:01 (none) daemon.info init: process '/etc/init/vc9' (pid 2507) exited. Scheduling for restart.
Feb 19 18:01:01 (none) daemon.info init: starting pid 8118, tty '/dev/vc/9': '/etc/init/vc9'
Feb 19 18:01:02 (none) daemon.info init: process '/etc/init/vc9' (pid 8118) exited. Scheduling for restart.
Feb 19 18:01:02 (none) daemon.info init: starting pid 8302, tty '/dev/vc/9': '/etc/init/vc9'
Feb 19 18:01:03 (none) daemon.info init: process '/etc/init/vc9' (pid 8302) exited. Scheduling for restart.
Feb 19 18:01:03 (none) daemon.info init: starting pid 8478, tty '/dev/vc/9': '/etc/init/vc9'
Feb 19 18:01:04 (none) daemon.info init: process '/etc/init/vc9' (pid 8478) exited. Scheduling for restart.
Feb 19 18:01:04 (none) daemon.info init: starting pid 8660, tty '/dev/vc/9': '/etc/init/vc9'
Feb 19 18:01:04 (none) kern.notice kernel: klogd: exiting
Feb 19 18:01:04 (none) syslog.info syslogd exiting
Feb 20 03:36:17 (none) syslog.info syslogd started: BusyBox v1.22.0.git
Feb 20 03:36:17 (none) kern.notice kernel: klogd started: BusyBox v1.22.0.git (2013-06-22 02:42:56 GMT+1)
Feb 20 03:36:17 (none) kern.notice kernel: [    0.000000] Linux version 3.5.0-KRG-iCore2-smp-pae-srv1000gz (root@puppypc) (gcc version 4.2.2) #2 SMP Mon Oct 1 19:02:55 GMT+1 2012
Feb 20 03:36:17 (none) kern.info kernel: [    0.000000] e820: BIOS-provided physical RAM map:
Feb 20 03:36:17 (none) kern.info kernel: [    0.000000] BIOS-e820: [mem 0x0000000000000000-0x000000000009fbff] usable
Feb 20 03:36:17 (none) kern.info kernel: [    0.000000] BIOS-e820: [mem 0x000000000009fc00-0x000000000009ffff] reserved
Feb 20 03:36:17 (none) kern.info kernel: [    0.000000] BIOS-e820: [mem 0x00000000000e0000-0x00000000000fffff] reserved
Feb 20 03:36:17 (none) kern.info kernel: [    0.000000] BIOS-e820: [mem 0x0000000000100000-0x00000000bf58ffff] usable
Feb 20 03:36:17 (none) kern.info kernel: [    0.000000] BIOS-e820: [mem 0x00000000bf590000-0x00000000bf59dfff] ACPI data
Feb 20 03:36:17 (none) kern.info kernel: [    0.000000] BIOS-e820: [mem 0x00000000bf59e000-0x00000000bf5cffff] ACPI NVS
Feb 20 03:36:17 (none) kern.info kernel: [    0.000000] BIOS-e820: [mem 0x00000000bf5d0000-0x00000000bf5dffff] reserved
Feb 20 03:36:17 (none) kern.info kernel: [    0.000000] BIOS-e820: [mem 0x00000000bf5e8000-0x00000000bfffffff] reserved
Feb 20 03:36:17 (none) kern.info kernel: [    0.000000] BIOS-e820: [mem 0x00000000fee00000-0x00000000fee00fff] reserved
Feb 20 03:36:17 (none) kern.info kernel: [    0.000000] BIOS-e820: [mem 0x00000000fff00000-0x00000000ffffffff] reserved
Feb 20 03:36:17 (none) kern.info kernel: [    0.000000] BIOS-e820: [mem 0x0000000100000000-0x000000013fffffff] usable
Feb 20 03:36:17 (none) kern.info kernel: [    0.000000] NX (Execute Disable) protection: active
Feb 20 03:36:17 (none) kern.info kernel: [    0.000000] DMI present.
Feb 20 03:36:17 (none) kern.debug kernel: [    0.000000] DMI: GREATWALL U310/U310, BIOS 080016  09/28/2011
Feb 20 03:36:17 (none) kern.debug kernel: [    0.000000] e820: update [mem 0x00000000-0x0001ffff] usable ==> reserved
Feb 20 03:36:17 (none) kern.debug kernel: [    0.000000] e820: remove [mem 0x000a0000-0x000fffff] usable
Feb 20 03:36:17 (none) kern.info kernel: [    0.000000] e820: last_pfn = 0x140000 max_arch_pfn = 0x1000000
Feb 20 03:36:17 (none) kern.debug kernel: [    0.000000] MTRR default type: uncachable
Feb 20 03:36:17 (none) kern.debug kernel: [    0.000000] MTRR fixed ranges enabled:
Feb 20 03:36:17 (none) kern.debug kernel: [    0.000000]   00000-9FFFF write-back
Feb 20 03:36:17 (none) kern.debug kernel: [    0.000000]   A0000-BFFFF uncachable
Feb 20 03:36:17 (none) kern.debug kernel: [    0.000000]   C0000-CFFFF write-protect
Feb 20 03:36:17 (none) kern.debug kernel: [    0.000000]   D0000-DFFFF uncachable
Feb 20 03:36:17 (none) kern.debug kernel: [    0.000000]   E0000-EFFFF write-through
Feb 20 03:36:17 (none) kern.debug kernel: [    0.000000]   F0000-FFFFF write-protect
Feb 20 03:36:17 (none) kern.debug kernel: [    0.000000] MTRR variable ranges enabled:
Feb 20 03:36:17 (none) kern.debug kernel: [    0.000000]   0 base 000000000 mask F00000000 write-back
Feb 20 03:36:17 (none) kern.debug kernel: [    0.000000]   1 base 100000000 mask FC0000000 write-back
Feb 20 03:36:17 (none) kern.debug kernel: [    0.000000]   2 base 0C0000000 mask FC0000000 uncachable
Feb 20 03:36:17 (none) kern.debug kernel: [    0.000000]   3 base 0BF600000 mask FFFF00000 write-through
Feb 20 03:36:17 (none) kern.debug kernel: [    0.000000]   4 base 0BF700000 mask FFFF00000 uncachable
Feb 20 03:36:17 (none) kern.debug kernel: [    0.000000]   5 base 0BF800000 mask FFF800000 uncachable
Feb 20 03:36:17 (none) kern.debug kernel: [    0.000000]   6 disabled
Feb 20 03:36:17 (none) kern.info kernel: [    0.000000] x86 PAT enabled: cpu 0, old 0x7040600070406, new 0x7010600070106
Feb 20 03:36:17 (none) kern.info kernel: [    0.000000] found SMP MP-table at [mem 0x000ff780-0x000ff78f] mapped at [c00ff780]
Feb 20 03:36:17 (none) kern.debug kernel: [    0.000000] initial memory mapped: [mem 0x00000000-0x02ffffff]
Feb 20 03:36:17 (none) kern.debug kernel: [    0.000000] Base memory trampoline at [c009b000] 9b000 size 16384
Feb 20 03:36:17 (none) kern.info kernel: [    0.000000] init_memory_mapping: [mem 0x00000000-0x375fdfff]
Feb 20 03:36:17 (none) kern.debug kernel: [    0.000000]  [mem 0x00000000-0x001fffff] page 4k
Feb 20 03:36:17 (none) kern.debug kernel: [    0.000000]  [mem 0x00200000-0x373fffff] page 2M
Feb 20 03:36:17 (none) kern.debug kernel: [    0.000000]  [mem 0x37400000-0x375fdfff] page 4k
Feb 20 03:36:17 (none) kern.debug kernel: [    0.000000] kernel direct mapping tables up to 0x375fdfff @ [mem 0x02ff7000-0x02ffffff]
Feb 20 03:36:17 (none) kern.warn kernel: [    0.000000] ACPI: RSDP 000f9ca0 00014 (v00 ACPIAM)
Feb 20 03:36:17 (none) kern.warn kernel: [    0.000000] ACPI: RSDT bf590000 00040 (v01 cgwall  cecgwpc 20110928 MSFT 00000097)
Feb 20 03:36:17 (none) kern.warn kernel: [    0.000000] ACPI: FACP bf590200 00084 (v01 092811 FACP1825 20110928 MSFT 00000097)
Feb 20 03:36:17 (none) kern.warn kernel: [    0.000000] ACPI: DSDT bf5905c0 05319 (v01  1AAAA 1AAAA000 00000000 INTL 20051117)
Feb 20 03:36:17 (none) kern.warn kernel: [    0.000000] ACPI: FACS bf59e000 00040
Feb 20 03:36:17 (none) kern.warn kernel: [    0.000000] ACPI: APIC bf590390 0006C (v01 092811 APIC1825 20110928 MSFT 00000097)
Feb 20 03:36:17 (none) kern.warn kernel: [    0.000000] ACPI: MCFG bf590400 0003C (v01 092811 OEMMCFG  20110928 MSFT 00000097)
Feb 20 03:36:17 (none) kern.warn kernel: [    0.000000] ACPI: SLIC bf590440 00176 (v01 cgwall  cecgwpc 20110928 MSFT 00000097)
Feb 20 03:36:17 (none) kern.warn kernel: [    0.000000] ACPI: OEMB bf59e040 00082 (v01 092811 OEMB1825 20110928 MSFT 00000097)
Feb 20 03:36:17 (none) kern.warn kernel: [    0.000000] ACPI: HPET bf59a5c0 00038 (v01 092811 OEMHPET  20110928 MSFT 00000097)
Feb 20 03:36:17 (none) kern.warn kernel: [    0.000000] ACPI: GSCI bf59e0d0 02024 (v01 092811 GMCHSCI  20110928 MSFT 00000097)
Feb 20 03:36:17 (none) kern.debug kernel: [    0.000000] ACPI: Local APIC address 0xfee00000
Feb 20 03:36:17 (none) kern.info kernel: [    0.000000] No NUMA configuration found
Feb 20 03:36:17 (none) kern.info kernel: [    0.000000] Faking a node at [mem 0x0000000000000000-0x000000013fffffff]
Feb 20 03:36:17 (none) kern.debug kernel: [    0.000000] node 0 pfn: [0 - 140000]
Feb 20 03:36:17 (none) kern.debug kernel: [    0.000000] remap_alloc: node 0 [13fe00000-140000000) -> [f7200000-f7400000)
Feb 20 03:36:17 (none) kern.info kernel: [    0.000000] Initmem setup node 0 [mem 0x00000000-0x13fffffff]
Feb 20 03:36:17 (none) kern.info kernel: [    0.000000]   NODE_DATA [mem 0x37200000-0x37206fff] (remapped)
Feb 20 03:36:17 (none) kern.notice kernel: [    0.000000] 4234MB HIGHMEM available.
Feb 20 03:36:17 (none) kern.notice kernel: [    0.000000] 885MB LOWMEM available.
Feb 20 03:36:17 (none) kern.debug kernel: [    0.000000] max_low_pfn = 375fe, highstart_pfn = 375fe
Feb 20 03:36:17 (none) kern.debug kernel: [    0.000000] Low memory ends at vaddr f75fe000
Feb 20 03:36:17 (none) kern.debug kernel: [    0.000000] High memory starts at vaddr f75fe000
Feb 20 03:36:17 (none) kern.info kernel: [    0.000000]   mapped low ram: 0 - 375fe000
Feb 20 03:36:17 (none) kern.info kernel: [    0.000000]   low ram: 0 - 375fe000
Feb 20 03:36:17 (none) kern.warn kernel: [    0.000000] Zone ranges:
Feb 20 03:36:17 (none) kern.warn kernel: [    0.000000]   DMA      [mem 0x00020000-0x00ffffff]
Feb 20 03:36:17 (none) kern.warn kernel: [    0.000000]   Normal   [mem 0x01000000-0x375fdfff]
Feb 20 03:36:17 (none) kern.warn kernel: [    0.000000]   HighMem  [mem 0x375fe000-0x3fffffff]
Feb 20 03:36:17 (none) kern.warn kernel: [    0.000000] Movable zone start for each node
Feb 20 03:36:17 (none) kern.warn kernel: [    0.000000] Early memory node ranges
Feb 20 03:36:17 (none) kern.warn kernel: [    0.000000]   node   0: [mem 0x00020000-0x0009efff]
Feb 20 03:36:17 (none) kern.warn kernel: [    0.000000]   node   0: [mem 0x00100000-0xbf58ffff]
Feb 20 03:36:17 (none) kern.warn kernel: [    0.000000]   node   0: [mem 0x00000000-0x3fffffff]
Feb 20 03:36:17 (none) kern.debug kernel: [    0.000000] On node 0 totalpages: 1045775
Feb 20 03:36:17 (none) kern.debug kernel: [    0.000000]   DMA zone: 32 pages used for memmap
Feb 20 03:36:17 (none) kern.debug kernel: [    0.000000]   DMA zone: 0 pages reserved
Feb 20 03:36:17 (none) kern.debug kernel: [    0.000000]   DMA zone: 3935 pages, LIFO batch:0
Feb 20 03:36:17 (none) kern.debug kernel: [    0.000000]   Normal zone: 1740 pages used for memmap
Feb 20 03:36:17 (none) kern.debug kernel: [    0.000000]   Normal zone: 220978 pages, LIFO batch:31
Feb 20 03:36:17 (none) kern.debug kernel: [    0.000000]   HighMem zone: 8469 pages used for memmap
Feb 20 03:36:17 (none) kern.debug kernel: [    0.000000]   HighMem zone: 810621 pages, LIFO batch:31
Feb 20 03:36:17 (none) kern.info kernel: [    0.000000] Using APIC driver default
Feb 20 03:36:17 (none) kern.info kernel: [    0.000000] ACPI: PM-Timer IO Port: 0x808
Feb 20 03:36:17 (none) kern.debug kernel: [    0.000000] ACPI: Local APIC address 0xfee00000
Feb 20 03:36:17 (none) kern.info kernel: [    0.000000] ACPI: LAPIC (acpi_id[0x01] lapic_id[0x00] enabled)
Feb 20 03:36:17 (none) kern.info kernel: [    0.000000] ACPI: LAPIC (acpi_id[0x02] lapic_id[0x02] enabled)
Feb 20 03:36:17 (none) kern.info kernel: [    0.000000] ACPI: LAPIC (acpi_id[0x03] lapic_id[0x01] enabled)
Feb 20 03:36:17 (none) kern.info kernel: [    0.000000] ACPI: LAPIC (acpi_id[0x04] lapic_id[0x03] enabled)
Feb 20 03:36:17 (none) kern.info kernel: [    0.000000] ACPI: IOAPIC (id[0x04] address[0xfec00000] gsi_base[0])
Feb 20 03:36:17 (none) kern.info kernel: [    0.000000] IOAPIC[0]: apic_id 4, version 32, address 0xfec00000, GSI 0-23
Feb 20 03:36:17 (none) kern.info kernel: [    0.000000] ACPI: INT_SRC_OVR (bus 0 bus_irq 0 global_irq 2 dfl dfl)
Feb 20 03:36:17 (none) kern.info kernel: [    0.000000] ACPI: INT_SRC_OVR (bus 0 bus_irq 9 global_irq 9 high level)
Feb 20 03:36:17 (none) kern.debug kernel: [    0.000000] ACPI: IRQ0 used by override.
Feb 20 03:36:17 (none) kern.debug kernel: [    0.000000] ACPI: IRQ2 used by override.
Feb 20 03:36:17 (none) kern.debug kernel: [    0.000000] ACPI: IRQ9 used by override.
Feb 20 03:36:17 (none) kern.info kernel: [    0.000000] Using ACPI (MADT) for SMP configuration information
Feb 20 03:36:17 (none) kern.info kernel: [    0.000000] ACPI: HPET id: 0xffffffff base: 0xfed00000
Feb 20 03:36:17 (none) kern.info kernel: [    0.000000] SMP: Allowing 4 CPUs, 0 hotplug CPUs
Feb 20 03:36:17 (none) kern.debug kernel: [    0.000000] nr_irqs_gsi: 40
Feb 20 03:36:17 (none) kern.info kernel: [    0.000000] PM: Registered nosave memory: 000000000009f000 - 00000000000a0000
Feb 20 03:36:17 (none) kern.info kernel: [    0.000000] PM: Registered nosave memory: 00000000000a0000 - 00000000000e0000
Feb 20 03:36:17 (none) kern.info kernel: [    0.000000] PM: Registered nosave memory: 00000000000e0000 - 0000000000100000
Feb 20 03:36:17 (none) kern.info kernel: [    0.000000] e820: [mem 0xc0000000-0xfedfffff] available for PCI devices
Feb 20 03:36:17 (none) kern.info kernel: [    0.000000] setup_percpu: NR_CPUS:64 nr_cpumask_bits:4 nr_cpu_ids:4 nr_node_ids:1
Feb 20 03:36:17 (none) kern.info kernel: [    0.000000] PERCPU: Embedded 332 pages/cpu @f4cd0000 s1337472 r0 d22400 u1359872
Feb 20 03:36:17 (none) kern.debug kernel: [    0.000000] pcpu-alloc: s1337472 r0 d22400 u1359872 alloc=332*4096
Feb 20 03:36:17 (none) kern.debug kernel: [    0.000000] pcpu-alloc: [0] 0 [0] 1 [0] 2 [0] 3 
Feb 20 03:36:17 (none) kern.warn kernel: [    0.000000] Built 1 zonelists in Zone order, mobility grouping on.  Total pages: 1035534
Feb 20 03:36:17 (none) kern.warn kernel: [    0.000000] Policy zone: HighMem
Feb 20 03:36:17 (none) kern.notice kernel: [    0.000000] Kernel command line: panic=56 loglevel=3 root=/dev/sda6 i915.modeset=1
Feb 20 03:36:17 (none) kern.info kernel: [    0.000000] PID hash table entries: 4096 (order: 2, 16384 bytes)
Feb 20 03:36:17 (none) kern.info kernel: [    0.000000] Dentry cache hash table entries: 131072 (order: 7, 524288 bytes)
Feb 20 03:36:17 (none) kern.info kernel: [    0.000000] Inode-cache hash table entries: 65536 (order: 6, 262144 bytes)
Feb 20 03:36:17 (none) kern.notice kernel: [    0.000000] __ex_table already sorted, skipping sort
Feb 20 03:36:17 (none) kern.info kernel: [    0.000000] Initializing CPU#0
Feb 20 03:36:17 (none) kern.info kernel: [    0.000000] Initializing HighMem for node 0 (000375fe:00140000)
Feb 20 03:36:17 (none) kern.info kernel: [    0.000000] Memory: 4112272k/5242880k available (12431k kernel code, 68780k reserved, 6496k data, 2096k init, 3274312k highmem)
Feb 20 03:36:17 (none) kern.info kernel: [    0.000000] virtual kernel memory layout:
Feb 20 03:36:17 (none) kern.info kernel: [    0.000000]     fixmap  : 0xffab7000 - 0xfffff000   (5408 kB)
Feb 20 03:36:17 (none) kern.info kernel: [    0.000000]     pkmap   : 0xff600000 - 0xff800000   (2048 kB)
Feb 20 03:36:17 (none) kern.info kernel: [    0.000000]     vmalloc : 0xf7dfe000 - 0xff5fe000   ( 120 MB)
Feb 20 03:36:17 (none) kern.info kernel: [    0.000000]     lowmem  : 0xc0000000 - 0xf75fe000   ( 885 MB)
Feb 20 03:36:17 (none) kern.info kernel: [    0.000000]       .init : 0xc227c000 - 0xc2488000   (2096 kB)
Feb 20 03:36:17 (none) kern.info kernel: [    0.000000]       .data : 0xc1c23c3e - 0xc227bc80   (6496 kB)
Feb 20 03:36:17 (none) kern.info kernel: [    0.000000]       .text : 0xc1000000 - 0xc1c23c3e   (12431 kB)
Feb 20 03:36:17 (none) kern.info kernel: [    0.000000] Checking if this processor honours the WP bit even in supervisor mode...Ok.
Feb 20 03:36:17 (none) kern.info kernel: [    0.000000] Hierarchical RCU implementation.
Feb 20 03:36:17 (none) kern.info kernel: [    0.000000] 	Hierarchical RCU autobalancing is disabled.
Feb 20 03:36:17 (none) kern.info kernel: [    0.000000] NR_IRQS:4352 nr_irqs:712 16
Feb 20 03:36:17 (none) kern.debug kernel: [    0.000000] CPU 0 irqstacks, hard=f480c000 soft=f480e000
Feb 20 03:36:17 (none) kern.info kernel: [    0.000000] kmemleak: Kernel memory leak detector disabled
Feb 20 03:36:17 (none) kern.info kernel: [    0.000000] Console: colour VGA+ 80x25
Feb 20 03:36:17 (none) kern.info kernel: [    0.000000] console [tty0] enabled
Feb 20 03:36:17 (none) kern.warn kernel: [    0.000000] Lock dependency validator: Copyright (c) 2006 Red Hat, Inc., Ingo Molnar
Feb 20 03:36:17 (none) kern.warn kernel: [    0.000000] ... MAX_LOCKDEP_SUBCLASSES:  8
Feb 20 03:36:17 (none) kern.warn kernel: [    0.000000] ... MAX_LOCK_DEPTH:          48
Feb 20 03:36:17 (none) kern.warn kernel: [    0.000000] ... MAX_LOCKDEP_KEYS:        8191
Feb 20 03:36:17 (none) kern.warn kernel: [    0.000000] ... CLASSHASH_SIZE:          4096
Feb 20 03:36:17 (none) kern.warn kernel: [    0.000000] ... MAX_LOCKDEP_ENTRIES:     16384
Feb 20 03:36:17 (none) kern.warn kernel: [    0.000000] ... MAX_LOCKDEP_CHAINS:      32768
Feb 20 03:36:17 (none) kern.warn kernel: [    0.000000] ... CHAINHASH_SIZE:          16384
Feb 20 03:36:17 (none) kern.warn kernel: [    0.000000]  memory used by lock dependency info: 3807 kB
Feb 20 03:36:17 (none) kern.warn kernel: [    0.000000]  per task-struct memory footprint: 1920 bytes
Feb 20 03:36:17 (none) kern.warn kernel: [    0.000000] ------------------------
Feb 20 03:36:17 (none) kern.warn kernel: [    0.000000] | Locking API testsuite:
Feb 20 03:36:17 (none) kern.warn kernel: [    0.000000] ----------------------------------------------------------------------------
Feb 20 03:36:17 (none) kern.warn kernel: [    0.000000]                                  | spin |wlock |rlock |mutex | wsem | rsem |
Feb 20 03:36:17 (none) kern.warn kernel: [    0.000000]   --------------------------------------------------------------------------
Feb 20 03:36:17 (none) kern.warn kernel: [    0.000000]                      A-A deadlock:failed|failed|  ok  |failed|failed|failed|
Feb 20 03:36:17 (none) kern.warn kernel: [    0.000000]                  A-B-B-A deadlock:failed|failed|  ok  |failed|failed|failed|
Feb 20 03:36:17 (none) kern.warn kernel: [    0.000000]              A-B-B-C-C-A deadlock:failed|failed|  ok  |failed|failed|failed|
Feb 20 03:36:17 (none) kern.warn kernel: [    0.000000]              A-B-C-A-B-C deadlock:failed|failed|  ok  |failed|failed|failed|
Feb 20 03:36:17 (none) kern.warn kernel: [    0.000000]          A-B-B-C-C-D-D-A deadlock:failed|failed|  ok  |failed|failed|failed|
Feb 20 03:36:17 (none) kern.warn kernel: [    0.000000]          A-B-C-D-B-D-D-A deadlock:failed|failed|  ok  |failed|failed|failed|
Feb 20 03:36:17 (none) kern.warn kernel: [    0.000000]          A-B-C-D-B-C-D-A deadlock:failed|failed|  ok  |failed|failed|failed|
Feb 20 03:36:17 (none) kern.warn kernel: [    0.000000]                     double unlock:  ok  |  ok  |  ok  |  ok  |  ok  |  ok  |
Feb 20 03:36:17 (none) kern.warn kernel: [    0.000000]                   initialize held:  ok  |  ok  |  ok  |  ok  |  ok  |  ok  |
Feb 20 03:36:17 (none) kern.warn kernel: [    0.000000]                  bad unlock order:  ok  |  ok  |  ok  |  ok  |  ok  |  ok  |
Feb 20 03:36:17 (none) kern.warn kernel: [    0.000000]   --------------------------------------------------------------------------
Feb 20 03:36:17 (none) kern.warn kernel: [    0.000000]               recursive read-lock:             |  ok  |             |failed|
Feb 20 03:36:17 (none) kern.warn kernel: [    0.000000]            recursive read-lock #2:             |  ok  |             |failed|
Feb 20 03:36:17 (none) kern.warn kernel: [    0.000000]             mixed read-write-lock:             |failed|             |failed|
Feb 20 03:36:17 (none) kern.warn kernel: [    0.000000]             mixed write-read-lock:             |failed|             |failed|
Feb 20 03:36:17 (none) kern.warn kernel: [    0.000000]   --------------------------------------------------------------------------
Feb 20 03:36:17 (none) kern.warn kernel: [    0.000000]      hard-irqs-on + irq-safe-A/12:failed|failed|  ok  |
Feb 20 03:36:17 (none) kern.warn kernel: [    0.000000]      soft-irqs-on + irq-safe-A/12:failed|failed|  ok  |
Feb 20 03:36:17 (none) kern.warn kernel: [    0.000000]      hard-irqs-on + irq-safe-A/21:failed|failed|  ok  |
Feb 20 03:36:17 (none) kern.warn kernel: [    0.000000]      soft-irqs-on + irq-safe-A/21:failed|failed|  ok  |
Feb 20 03:36:17 (none) kern.warn kernel: [    0.000000]        sirq-safe-A => hirqs-on/12:failed|failed|  ok  |
Feb 20 03:36:17 (none) kern.warn kernel: [    0.000000]        sirq-safe-A => hirqs-on/21:failed|failed|  ok  |
Feb 20 03:36:17 (none) kern.warn kernel: [    0.000000]          hard-safe-A + irqs-on/12:failed|failed|  ok  |
Feb 20 03:36:17 (none) kern.warn kernel: [    0.000000]          soft-safe-A + irqs-on/12:failed|failed|  ok  |
Feb 20 03:36:17 (none) kern.warn kernel: [    0.000000]          hard-safe-A + irqs-on/21:failed|failed|  ok  |
Feb 20 03:36:17 (none) kern.warn kernel: [    0.000000]          soft-safe-A + irqs-on/21:failed|failed|  ok  |
Feb 20 03:36:17 (none) kern.warn kernel: [    0.000000]     hard-safe-A + unsafe-B #1/123:failed|failed|  ok  |
Feb 20 03:36:17 (none) kern.warn kernel: [    0.000000]     soft-safe-A + unsafe-B #1/123:failed|failed|  ok  |
Feb 20 03:36:17 (none) kern.warn kernel: [    0.000000]     hard-safe-A + unsafe-B #1/132:failed|failed|  ok  |
Feb 20 03:36:17 (none) kern.warn kernel: [    0.000000]     soft-safe-A + unsafe-B #1/132:failed|failed|  ok  |
Feb 20 03:36:17 (none) kern.warn kernel: [    0.000000]     hard-safe-A + unsafe-B #1/213:failed|failed|  ok  |
Feb 20 03:36:17 (none) kern.warn kernel: [    0.000000]     soft-safe-A + unsafe-B #1/213:failed|failed|  ok  |
Feb 20 03:36:17 (none) kern.warn kernel: [    0.000000]     hard-safe-A + unsafe-B #1/231:failed|failed|  ok  |
Feb 20 03:36:17 (none) kern.warn kernel: [    0.000000]     soft-safe-A + unsafe-B #1/231:failed|failed|  ok  |
Feb 20 03:36:17 (none) kern.warn kernel: [    0.000000]     hard-safe-A + unsafe-B #1/312:failed|failed|  ok  |
Feb 20 03:36:17 (none) kern.warn kernel: [    0.000000]     soft-safe-A + unsafe-B #1/312:failed|failed|  ok  |
Feb 20 03:36:17 (none) kern.warn kernel: [    0.000000]     hard-safe-A + unsafe-B #1/321:failed|failed|  ok  |
Feb 20 03:36:17 (none) kern.warn kernel: [    0.000000]     soft-safe-A + unsafe-B #1/321:failed|failed|  ok  |
Feb 20 03:36:17 (none) kern.warn kernel: [    0.000000]     hard-safe-A + unsafe-B #2/123:failed|failed|  ok  |
Feb 20 03:36:17 (none) kern.warn kernel: [    0.000000]     soft-safe-A + unsafe-B #2/123:failed|failed|  ok  |
Feb 20 03:36:17 (none) kern.warn kernel: [    0.000000]     hard-safe-A + unsafe-B #2/132:failed|failed|  ok  |
Feb 20 03:36:17 (none) kern.warn kernel: [    0.000000]     soft-safe-A + unsafe-B #2/132:failed|failed|  ok  |
Feb 20 03:36:17 (none) kern.warn kernel: [    0.000000]     hard-safe-A + unsafe-B #2/213:failed|failed|  ok  |
Feb 20 03:36:17 (none) kern.warn kernel: [    0.000000]     soft-safe-A + unsafe-B #2/213:failed|failed|  ok  |
Feb 20 03:36:17 (none) kern.warn kernel: [    0.000000]     hard-safe-A + unsafe-B #2/231:failed|failed|  ok  |
Feb 20 03:36:17 (none) kern.warn kernel: [    0.000000]     soft-safe-A + unsafe-B #2/231:failed|failed|  ok  |
Feb 20 03:36:17 (none) kern.warn kernel: [    0.000000]     hard-safe-A + unsafe-B #2/312:failed|failed|  ok  |
Feb 20 03:36:17 (none) kern.warn kernel: [    0.000000]     soft-safe-A + unsafe-B #2/312:failed|failed|  ok  |
Feb 20 03:36:17 (none) kern.warn kernel: [    0.000000]     hard-safe-A + unsafe-B #2/321:failed|failed|  ok  |
Feb 20 03:36:17 (none) kern.warn kernel: [    0.000000]     soft-safe-A + unsafe-B #2/321:failed|failed|  ok  |
Feb 20 03:36:17 (none) kern.warn kernel: [    0.000000]       hard-irq lock-inversion/123:failed|failed|  ok  |
Feb 20 03:36:17 (none) kern.warn kernel: [    0.000000]       soft-irq lock-inversion/123:failed|failed|  ok  |
Feb 20 03:36:17 (none) kern.warn kernel: [    0.000000]       hard-irq lock-inversion/132:failed|failed|  ok  |
Feb 20 03:36:17 (none) kern.warn kernel: [    0.000000]       soft-irq lock-inversion/132:failed|failed|  ok  |
Feb 20 03:36:17 (none) kern.warn kernel: [    0.000000]       hard-irq lock-inversion/213:failed|failed|  ok  |
Feb 20 03:36:17 (none) kern.warn kernel: [    0.000000]       soft-irq lock-inversion/213:failed|failed|  ok  |
Feb 20 03:36:17 (none) kern.warn kernel: [    0.000000]       hard-irq lock-inversion/231:failed|failed|  ok  |
Feb 20 03:36:17 (none) kern.warn kernel: [    0.000000]       soft-irq lock-inversion/231:failed|failed|  ok  |
Feb 20 03:36:17 (none) kern.warn kernel: [    0.000000]       hard-irq lock-inversion/312:failed|failed|  ok  |
Feb 20 03:36:17 (none) kern.warn kernel: [    0.000000]       soft-irq lock-inversion/312:failed|failed|  ok  |
Feb 20 03:36:17 (none) kern.warn kernel: [    0.000000]       hard-irq lock-inversion/321:failed|failed|  ok  |
Feb 20 03:36:17 (none) kern.warn kernel: [    0.000000]       soft-irq lock-inversion/321:failed|failed|  ok  |
Feb 20 03:36:17 (none) kern.warn kernel: [    0.000000]       hard-irq read-recursion/123:  ok  |
Feb 20 03:36:17 (none) kern.warn kernel: [    0.000000]       soft-irq read-recursion/123:  ok  |
Feb 20 03:36:17 (none) kern.warn kernel: [    0.000000]       hard-irq read-recursion/132:  ok  |
Feb 20 03:36:17 (none) kern.warn kernel: [    0.000000]       soft-irq read-recursion/132:  ok  |
Feb 20 03:36:17 (none) kern.warn kernel: [    0.000000]       hard-irq read-recursion/213:  ok  |
Feb 20 03:36:17 (none) kern.warn kernel: [    0.000000]       soft-irq read-recursion/213:  ok  |
Feb 20 03:36:17 (none) kern.warn kernel: [    0.000000]       hard-irq read-recursion/231:  ok  |
Feb 20 03:36:17 (none) kern.warn kernel: [    0.000000]       soft-irq read-recursion/231:  ok  |
Feb 20 03:36:17 (none) kern.warn kernel: [    0.000000]       hard-irq read-recursion/312:  ok  |
Feb 20 03:36:17 (none) kern.warn kernel: [    0.000000]       soft-irq read-recursion/312:  ok  |
Feb 20 03:36:17 (none) kern.warn kernel: [    0.000000]       hard-irq read-recursion/321:  ok  |
Feb 20 03:36:17 (none) kern.warn kernel: [    0.000000]       soft-irq read-recursion/321:  ok  |
Feb 20 03:36:17 (none) kern.warn kernel: [    0.000000] --------------------------------------------------------
Feb 20 03:36:17 (none) kern.warn kernel: [    0.000000] 133 out of 218 testcases failed, as expected. |
Feb 20 03:36:17 (none) kern.warn kernel: [    0.000000] ----------------------------------------------------
Feb 20 03:36:17 (none) kern.debug kernel: [    0.000000] hpet clockevent registered
Feb 20 03:36:17 (none) kern.warn kernel: [    0.000000] Fast TSC calibration using PIT
Feb 20 03:36:17 (none) kern.warn kernel: [    0.000000] Detected 1795.448 MHz processor.
Feb 20 03:36:17 (none) kern.info kernel: [    0.001004] Calibrating delay loop (skipped), value calculated using timer frequency.. 3590.89 BogoMIPS (lpj=1795448)
Feb 20 03:36:17 (none) kern.info kernel: [    0.001013] pid_max: default: 32768 minimum: 301
Feb 20 03:36:17 (none) kern.info kernel: [    0.001279] Security Framework initialized
Feb 20 03:36:17 (none) kern.info kernel: [    0.001395] Mount-cache hash table entries: 512
Feb 20 03:36:17 (none) kern.info kernel: [    0.003305] CPU: Physical Processor ID: 0
Feb 20 03:36:17 (none) kern.info kernel: [    0.003312] CPU: Processor Core ID: 0
Feb 20 03:36:17 (none) kern.info kernel: [    0.003318] mce: CPU supports 5 MCE banks
Feb 20 03:36:17 (none) kern.info kernel: [    0.003331] CPU0: Thermal monitoring enabled (TM1)
Feb 20 03:36:17 (none) kern.info kernel: [    0.003339] using mwait in idle threads.
Feb 20 03:36:17 (none) kern.debug kernel: [    0.003346] numa_add_cpu cpu 0 node 0: mask now 0
Feb 20 03:36:17 (none) kern.info kernel: [    0.003571] ACPI: Core revision 20120320
Feb 20 03:36:17 (none) kern.info kernel: [    0.017384] Enabling APIC mode:  Flat.  Using 1 I/O APICs
Feb 20 03:36:17 (none) kern.info kernel: [    0.018612] ..TIMER: vector=0x30 apic1=0 pin1=2 apic2=-1 pin2=-1
Feb 20 03:36:17 (none) kern.info kernel: [    0.028630] CPU0: Intel(R) Atom(TM) CPU D525   @ 1.80GHz stepping 0a
Feb 20 03:36:17 (none) kern.info kernel: [    0.028998] Performance Events: PEBS fmt0+, 8-deep LBR, Atom events, Intel PMU driver.
Feb 20 03:36:17 (none) kern.info kernel: [    0.028998] ... version:                3
Feb 20 03:36:17 (none) kern.info kernel: [    0.028998] ... bit width:              40
Feb 20 03:36:17 (none) kern.info kernel: [    0.028998] ... generic registers:      2
Feb 20 03:36:17 (none) kern.info kernel: [    0.028998] ... value mask:             000000ffffffffff
Feb 20 03:36:17 (none) kern.info kernel: [    0.028998] ... max period:             000000007fffffff
Feb 20 03:36:17 (none) kern.info kernel: [    0.028998] ... fixed-purpose events:   3
Feb 20 03:36:17 (none) kern.info kernel: [    0.028998] ... event mask:             0000000700000003
Feb 20 03:36:17 (none) kern.info kernel: [    0.030698] NMI watchdog: enabled on all CPUs, permanently consumes one hw-PMU counter.
Feb 20 03:36:17 (none) kern.warn kernel: [    0.031831] lockdep: fixing up alternatives.
Feb 20 03:36:17 (none) kern.debug kernel: [    0.031848] CPU 1 irqstacks, hard=f48fa000 soft=f48fc000
Feb 20 03:36:17 (none) kern.info kernel: [    0.001999] Initializing CPU#1
Feb 20 03:36:17 (none) kern.info kernel: [    0.001999] Disabled fast string operations
Feb 20 03:36:17 (none) kern.debug kernel: [    0.001999] numa_add_cpu cpu 1 node 0: mask now 0-1
Feb 20 03:36:17 (none) kern.info kernel: [    0.031853] Booting Node   0, Processors  #1
Feb 20 03:36:17 (none) kern.warn kernel: [    0.042996] TSC synchronization [CPU#0 -> CPU#1]:
Feb 20 03:36:17 (none) kern.warn kernel: [    0.042996] Measured 54 cycles TSC warp between CPUs, turning off TSC clock.
Feb 20 03:36:17 (none) kern.info kernel: [    0.042996] Marking TSC unstable due to check_tsc_sync_source failed
Feb 20 03:36:17 (none) kern.warn kernel: [    0.043903] lockdep: fixing up alternatives.
Feb 20 03:36:17 (none) kern.debug kernel: [    0.043919] CPU 2 irqstacks, hard=f4a30000 soft=f4a32000
Feb 20 03:36:17 (none) kern.info kernel: [    0.001999] Initializing CPU#2
Feb 20 03:36:17 (none) kern.info kernel: [    0.001999] Disabled fast string operations
Feb 20 03:36:17 (none) kern.debug kernel: [    0.001999] numa_add_cpu cpu 2 node 0: mask now 0-2
Feb 20 03:36:17 (none) kern.warn kernel: [    0.043924]  #2lockdep: fixing up alternatives.
Feb 20 03:36:17 (none) kern.debug kernel: [    0.057006] CPU 3 irqstacks, hard=f4a46000 soft=f4a48000
Feb 20 03:36:17 (none) kern.warn kernel: [    0.057012]  #3 Ok.
Feb 20 03:36:17 (none) kern.info kernel: [    0.001999] Initializing CPU#3
Feb 20 03:36:17 (none) kern.info kernel: [    0.001999] Disabled fast string operations
Feb 20 03:36:17 (none) kern.debug kernel: [    0.001999] numa_add_cpu cpu 3 node 0: mask now 0-3
Feb 20 03:36:17 (none) kern.info kernel: [    0.068343] Brought up 4 CPUs
Feb 20 03:36:17 (none) kern.info kernel: [    0.068357] Total of 4 processors activated (14363.58 BogoMIPS).
Feb 20 03:36:17 (none) kern.info kernel: [    0.070457] devtmpfs: initialized
Feb 20 03:36:17 (none) kern.info kernel: [    0.073498] PM: Registering ACPI NVS region [mem 0xbf59e000-0xbf5cffff] (204800 bytes)
Feb 20 03:36:17 (none) kern.info kernel: [    0.074121] xor: automatically using best checksumming function:
Feb 20 03:36:17 (none) kern.info kernel: [    0.084001]    pIII_sse  :  5500.000 MB/sec
Feb 20 03:36:17 (none) kern.info kernel: [    0.084017] atomic64 test passed for i586+ platform with CX8 and with SSE
Feb 20 03:36:17 (none) kern.info kernel: [    0.084608] dummy: 
Feb 20 03:36:17 (none) kern.info kernel: [    0.084801] RTC time:  3:35:53, date: 02/20/14
Feb 20 03:36:17 (none) kern.info kernel: [    0.085229] NET: Registered protocol family 16
Feb 20 03:36:17 (none) kern.info kernel: [    0.086416] EISA bus registered
Feb 20 03:36:17 (none) kern.info kernel: [    0.086897] ACPI: bus type pci registered
Feb 20 03:36:17 (none) kern.info kernel: [    0.087311] PCI: MMCONFIG for domain 0000 [bus 00-ff] at [mem 0xe0000000-0xefffffff] (base 0xe0000000)
Feb 20 03:36:17 (none) kern.info kernel: [    0.087318] PCI: not using MMCONFIG
Feb 20 03:36:17 (none) kern.info kernel: [    0.087657] PCI : PCI BIOS area is rw and x. Use pci=nobios if you want it NX.
Feb 20 03:36:17 (none) kern.info kernel: [    0.087720] PCI: PCI BIOS revision 3.00 entry at 0xf0031, last bus=3
Feb 20 03:36:17 (none) kern.info kernel: [    0.087725] PCI: Using configuration type 1 for base access
Feb 20 03:36:17 (none) kern.info kernel: [    0.137043] bio: create slab <bio-0> at 0
Feb 20 03:36:17 (none) kern.warn kernel: [    0.154086] raid6: mmxx1      394 MB/s
Feb 20 03:36:17 (none) kern.warn kernel: [    0.171055] raid6: mmxx2      777 MB/s
Feb 20 03:36:17 (none) kern.warn kernel: [    0.188163] raid6: sse1x1     328 MB/s
Feb 20 03:36:17 (none) kern.warn kernel: [    0.205010] raid6: sse1x2     589 MB/s
Feb 20 03:36:17 (none) kern.warn kernel: [    0.222066] raid6: sse2x1     652 MB/s
Feb 20 03:36:17 (none) kern.warn kernel: [    0.239003] raid6: sse2x2    1175 MB/s
Feb 20 03:36:17 (none) kern.warn kernel: [    0.239008] raid6: using algorithm sse2x2 (1175 MB/s)
Feb 20 03:36:17 (none) kern.warn kernel: [    0.239012] raid6: using ssse3x1 recovery algorithm
Feb 20 03:36:17 (none) kern.info kernel: [    0.239361] ACPI: Added _OSI(Module Device)
Feb 20 03:36:17 (none) kern.info kernel: [    0.239370] ACPI: Added _OSI(Processor Device)
Feb 20 03:36:17 (none) kern.info kernel: [    0.239378] ACPI: Added _OSI(3.0 _SCP Extensions)
Feb 20 03:36:17 (none) kern.info kernel: [    0.239386] ACPI: Added _OSI(Processor Aggregator Device)
Feb 20 03:36:17 (none) kern.debug kernel: [    0.254392] ACPI: EC: Look up EC in DSDT
Feb 20 03:36:17 (none) kern.warn kernel: [    0.270211] ACPI: Executed 1 blocks of module-level executable AML code
Feb 20 03:36:17 (none) kern.info kernel: [    0.282894] ACPI: Interpreter enabled
Feb 20 03:36:17 (none) kern.info kernel: [    0.282911] ACPI: (supports S0 S3 S4 S5)
Feb 20 03:36:17 (none) kern.info kernel: [    0.283097] ACPI: Using IOAPIC for interrupt routing
Feb 20 03:36:17 (none) kern.info kernel: [    0.283241] PCI: MMCONFIG for domain 0000 [bus 00-ff] at [mem 0xe0000000-0xefffffff] (base 0xe0000000)
Feb 20 03:36:17 (none) kern.info kernel: [    0.286725] PCI: MMCONFIG at [mem 0xe0000000-0xefffffff] reserved in ACPI motherboard resources
Feb 20 03:36:17 (none) kern.info kernel: [    0.286731] PCI: Using MMCONFIG for extended config space
Feb 20 03:36:17 (none) kern.info kernel: [    0.326098] ACPI: No dock devices found.
Feb 20 03:36:17 (none) kern.info kernel: [    0.326113] PCI: Using host bridge windows from ACPI; if necessary, use "pci=nocrs" and report a bug
Feb 20 03:36:17 (none) kern.info kernel: [    0.327686] ACPI: PCI Root Bridge [PCI0] (domain 0000 [bus 00-ff])
Feb 20 03:36:17 (none) kern.info kernel: [    0.329683] pci_root PNP0A08:00: host bridge window [io  0x0000-0x0cf7]
Feb 20 03:36:17 (none) kern.info kernel: [    0.329692] pci_root PNP0A08:00: host bridge window [io  0x0d00-0xffff]
Feb 20 03:36:17 (none) kern.info kernel: [    0.329700] pci_root PNP0A08:00: host bridge window [mem 0x000a0000-0x000bffff]
Feb 20 03:36:17 (none) kern.info kernel: [    0.329707] pci_root PNP0A08:00: host bridge window [mem 0x000d0000-0x000dffff]
Feb 20 03:36:17 (none) kern.info kernel: [    0.329713] pci_root PNP0A08:00: host bridge window [mem 0xbf700000-0xdfffffff]
Feb 20 03:36:17 (none) kern.info kernel: [    0.329720] pci_root PNP0A08:00: host bridge window [mem 0xf0000000-0xfed8ffff]
Feb 20 03:36:17 (none) kern.info kernel: [    0.329727] pci_root PNP0A08:00: host bridge window [mem 0x400000000-0xfffffffff]
Feb 20 03:36:17 (none) kern.info kernel: [    0.330046] PCI host bridge to bus 0000:00
Feb 20 03:36:17 (none) kern.info kernel: [    0.330056] pci_bus 0000:00: root bus resource [io  0x0000-0x0cf7]
Feb 20 03:36:17 (none) kern.info kernel: [    0.330064] pci_bus 0000:00: root bus resource [io  0x0d00-0xffff]
Feb 20 03:36:17 (none) kern.info kernel: [    0.330071] pci_bus 0000:00: root bus resource [mem 0x000a0000-0x000bffff]
Feb 20 03:36:17 (none) kern.info kernel: [    0.330078] pci_bus 0000:00: root bus resource [mem 0x000d0000-0x000dffff]
Feb 20 03:36:17 (none) kern.info kernel: [    0.330085] pci_bus 0000:00: root bus resource [mem 0xbf700000-0xdfffffff]
Feb 20 03:36:17 (none) kern.info kernel: [    0.330092] pci_bus 0000:00: root bus resource [mem 0xf0000000-0xfed8ffff]
Feb 20 03:36:17 (none) kern.info kernel: [    0.330099] pci_bus 0000:00: root bus resource [mem 0x400000000-0xfffffffff]
Feb 20 03:36:17 (none) kern.debug kernel: [    0.330173] pci 0000:00:00.0: [8086:a000] type 00 class 0x060000
Feb 20 03:36:17 (none) kern.debug kernel: [    0.330399] pci 0000:00:02.0: [8086:a001] type 00 class 0x030000
Feb 20 03:36:17 (none) kern.debug kernel: [    0.330446] pci 0000:00:02.0: reg 10: [mem 0xfea00000-0xfea7ffff]
Feb 20 03:36:17 (none) kern.debug kernel: [    0.330471] pci 0000:00:02.0: reg 14: [io  0xdc00-0xdc07]
Feb 20 03:36:17 (none) kern.debug kernel: [    0.330496] pci 0000:00:02.0: reg 18: [mem 0xd0000000-0xdfffffff pref]
Feb 20 03:36:17 (none) kern.debug kernel: [    0.330521] pci 0000:00:02.0: reg 1c: [mem 0xfe900000-0xfe9fffff]
Feb 20 03:36:17 (none) kern.debug kernel: [    0.330712] pci 0000:00:02.1: [8086:a002] type 00 class 0x038000
Feb 20 03:36:17 (none) kern.debug kernel: [    0.330750] pci 0000:00:02.1: reg 10: [mem 0xfe880000-0xfe8fffff]
Feb 20 03:36:17 (none) kern.debug kernel: [    0.331117] pci 0000:00:1b.0: [8086:27d8] type 00 class 0x040300
Feb 20 03:36:17 (none) kern.debug kernel: [    0.331169] pci 0000:00:1b.0: reg 10: [mem 0xfeaf4000-0xfeaf7fff 64bit]
Feb 20 03:36:17 (none) kern.debug kernel: [    0.331390] pci 0000:00:1b.0: PME# supported from D0 D3hot D3cold
Feb 20 03:36:17 (none) kern.debug kernel: [    0.331506] pci 0000:00:1c.0: [8086:27d0] type 01 class 0x060400
Feb 20 03:36:17 (none) kern.debug kernel: [    0.331739] pci 0000:00:1c.0: PME# supported from D0 D3hot D3cold
Feb 20 03:36:17 (none) kern.debug kernel: [    0.331820] pci 0000:00:1c.1: [8086:27d2] type 01 class 0x060400
Feb 20 03:36:17 (none) kern.debug kernel: [    0.332076] pci 0000:00:1c.1: PME# supported from D0 D3hot D3cold
Feb 20 03:36:17 (none) kern.debug kernel: [    0.332179] pci 0000:00:1d.0: [8086:27c8] type 00 class 0x0c0300
Feb 20 03:36:17 (none) kern.debug kernel: [    0.332301] pci 0000:00:1d.0: reg 20: [io  0xd880-0xd89f]
Feb 20 03:36:17 (none) kern.debug kernel: [    0.332405] pci 0000:00:1d.1: [8086:27c9] type 00 class 0x0c0300
Feb 20 03:36:17 (none) kern.debug kernel: [    0.332526] pci 0000:00:1d.1: reg 20: [io  0xd800-0xd81f]
Feb 20 03:36:17 (none) kern.debug kernel: [    0.332635] pci 0000:00:1d.2: [8086:27ca] type 00 class 0x0c0300
Feb 20 03:36:17 (none) kern.debug kernel: [    0.332757] pci 0000:00:1d.2: reg 20: [io  0xd480-0xd49f]
Feb 20 03:36:17 (none) kern.debug kernel: [    0.332859] pci 0000:00:1d.3: [8086:27cb] type 00 class 0x0c0300
Feb 20 03:36:17 (none) kern.debug kernel: [    0.333003] pci 0000:00:1d.3: reg 20: [io  0xd400-0xd41f]
Feb 20 03:36:17 (none) kern.debug kernel: [    0.333150] pci 0000:00:1d.7: [8086:27cc] type 00 class 0x0c0320
Feb 20 03:36:17 (none) kern.debug kernel: [    0.333206] pci 0000:00:1d.7: reg 10: [mem 0xfeaf3c00-0xfeaf3fff]
Feb 20 03:36:17 (none) kern.debug kernel: [    0.333442] pci 0000:00:1d.7: PME# supported from D0 D3hot D3cold
Feb 20 03:36:17 (none) kern.debug kernel: [    0.333505] pci 0000:00:1e.0: [8086:2448] type 01 class 0x060401
Feb 20 03:36:17 (none) kern.debug kernel: [    0.333726] pci 0000:00:1f.0: [8086:27bc] type 00 class 0x060100
Feb 20 03:36:17 (none) kern.info kernel: [    0.333925] pci 0000:00:1f.0: [Firmware Bug]: TigerPoint LPC.BM_STS cleared
Feb 20 03:36:17 (none) kern.debug kernel: [    0.334069] pci 0000:00:1f.2: [8086:27c0] type 00 class 0x01018a
Feb 20 03:36:17 (none) kern.debug kernel: [    0.334115] pci 0000:00:1f.2: reg 10: [io  0x0000-0x0007]
Feb 20 03:36:17 (none) kern.debug kernel: [    0.334143] pci 0000:00:1f.2: reg 14: [io  0x0000-0x0003]
Feb 20 03:36:17 (none) kern.debug kernel: [    0.334170] pci 0000:00:1f.2: reg 18: [io  0x0000-0x0007]
Feb 20 03:36:17 (none) kern.debug kernel: [    0.334196] pci 0000:00:1f.2: reg 1c: [io  0x0000-0x0003]
Feb 20 03:36:17 (none) kern.debug kernel: [    0.334224] pci 0000:00:1f.2: reg 20: [io  0xff90-0xff9f]
Feb 20 03:36:17 (none) kern.debug kernel: [    0.334251] pci 0000:00:1f.2: reg 24: [mem 0x0000fc00-0x0000ffff]
Feb 20 03:36:17 (none) kern.debug kernel: [    0.334352] pci 0000:00:1f.2: PME# supported from D3hot
Feb 20 03:36:17 (none) kern.debug kernel: [    0.334409] pci 0000:00:1f.3: [8086:27da] type 00 class 0x0c0500
Feb 20 03:36:17 (none) kern.debug kernel: [    0.334542] pci 0000:00:1f.3: reg 20: [io  0x0400-0x041f]
Feb 20 03:36:17 (none) kern.debug kernel: [    0.334814] pci 0000:01:00.0: [10ec:8136] type 00 class 0x020000
Feb 20 03:36:17 (none) kern.debug kernel: [    0.334858] pci 0000:01:00.0: reg 10: [io  0xe800-0xe8ff]
Feb 20 03:36:17 (none) kern.debug kernel: [    0.334928] pci 0000:01:00.0: reg 18: [mem 0xfdfef000-0xfdfeffff 64bit pref]
Feb 20 03:36:17 (none) kern.debug kernel: [    0.334994] pci 0000:01:00.0: reg 20: [mem 0xfdff0000-0xfdffffff 64bit pref]
Feb 20 03:36:17 (none) kern.debug kernel: [    0.335182] pci 0000:01:00.0: supports D1 D2
Feb 20 03:36:17 (none) kern.debug kernel: [    0.335189] pci 0000:01:00.0: PME# supported from D0 D1 D2 D3hot D3cold
Feb 20 03:36:17 (none) kern.info kernel: [    0.335358] pci 0000:00:1c.0: PCI bridge to [bus 01-01]
Feb 20 03:36:17 (none) kern.debug kernel: [    0.335372] pci 0000:00:1c.0:   bridge window [io  0xe000-0xefff]
Feb 20 03:36:17 (none) kern.debug kernel: [    0.335397] pci 0000:00:1c.0:   bridge window [mem 0xfdf00000-0xfdffffff 64bit pref]
Feb 20 03:36:17 (none) kern.debug kernel: [    0.335580] pci 0000:02:00.0: [1814:5390] type 00 class 0x028000
Feb 20 03:36:17 (none) kern.debug kernel: [    0.335624] pci 0000:02:00.0: reg 10: [mem 0xfebf0000-0xfebfffff]
Feb 20 03:36:17 (none) kern.info kernel: [    0.336035] pci 0000:00:1c.1: PCI bridge to [bus 02-02]
Feb 20 03:36:17 (none) kern.debug kernel: [    0.336055] pci 0000:00:1c.1:   bridge window [mem 0xfeb00000-0xfebfffff]
Feb 20 03:36:17 (none) kern.info kernel: [    0.336283] pci 0000:00:1e.0: PCI bridge to [bus 03-03] (subtractive decode)
Feb 20 03:36:17 (none) kern.debug kernel: [    0.336315] pci 0000:00:1e.0:   bridge window [io  0x0000-0x0cf7] (subtractive decode)
Feb 20 03:36:17 (none) kern.debug kernel: [    0.336323] pci 0000:00:1e.0:   bridge window [io  0x0d00-0xffff] (subtractive decode)
Feb 20 03:36:17 (none) kern.debug kernel: [    0.336330] pci 0000:00:1e.0:   bridge window [mem 0x000a0000-0x000bffff] (subtractive decode)
Feb 20 03:36:17 (none) kern.debug kernel: [    0.336337] pci 0000:00:1e.0:   bridge window [mem 0x000d0000-0x000dffff] (subtractive decode)
Feb 20 03:36:17 (none) kern.debug kernel: [    0.336344] pci 0000:00:1e.0:   bridge window [mem 0xbf700000-0xdfffffff] (subtractive decode)
Feb 20 03:36:17 (none) kern.debug kernel: [    0.336352] pci 0000:00:1e.0:   bridge window [mem 0xf0000000-0xfed8ffff] (subtractive decode)
Feb 20 03:36:17 (none) kern.debug kernel: [    0.336359] pci 0000:00:1e.0:   bridge window [mem 0x400000000-0xfffffffff] (subtractive decode)
Feb 20 03:36:17 (none) kern.debug kernel: [    0.336413] ACPI: PCI Interrupt Routing Table [\_SB_.PCI0._PRT]
Feb 20 03:36:17 (none) kern.debug kernel: [    0.336831] ACPI: PCI Interrupt Routing Table [\_SB_.PCI0.P0P1._PRT]
Feb 20 03:36:17 (none) kern.debug kernel: [    0.337157] ACPI: PCI Interrupt Routing Table [\_SB_.PCI0.P0P4._PRT]
Feb 20 03:36:17 (none) kern.debug kernel: [    0.337325] ACPI: PCI Interrupt Routing Table [\_SB_.PCI0.P0P5._PRT]
Feb 20 03:36:17 (none) kern.info kernel: [    0.338245]  pci0000:00: Requesting ACPI _OSC control (0x1d)
Feb 20 03:36:17 (none) kern.info kernel: [    0.339142]  pci0000:00: ACPI _OSC control (0x1d) granted
Feb 20 03:36:17 (none) kern.info kernel: [    0.373248] ACPI: PCI Interrupt Link [LNKA] (IRQs 3 4 5 7 *10 11 12 14 15)
Feb 20 03:36:17 (none) kern.info kernel: [    0.373498] ACPI: PCI Interrupt Link [LNKB] (IRQs 3 4 5 7 10 *11 12 14 15)
Feb 20 03:36:17 (none) kern.info kernel: [    0.373742] ACPI: PCI Interrupt Link [LNKC] (IRQs 3 4 5 *7 10 11 12 14 15)
Feb 20 03:36:17 (none) kern.info kernel: [    0.374013] ACPI: PCI Interrupt Link [LNKD] (IRQs *3 4 5 7 10 11 12 14 15)
Feb 20 03:36:17 (none) kern.info kernel: [    0.374257] ACPI: PCI Interrupt Link [LNKE] (IRQs 3 4 5 7 10 11 12 14 15) *0, disabled.
Feb 20 03:36:17 (none) kern.info kernel: [    0.374503] ACPI: PCI Interrupt Link [LNKF] (IRQs 3 4 5 7 10 11 12 14 15) *0, disabled.
Feb 20 03:36:17 (none) kern.info kernel: [    0.374748] ACPI: PCI Interrupt Link [LNKG] (IRQs 3 4 5 7 10 11 12 14 15) *0, disabled.
Feb 20 03:36:17 (none) kern.info kernel: [    0.375022] ACPI: PCI Interrupt Link [LNKH] (IRQs 3 4 *5 7 10 11 12 14 15)
Feb 20 03:36:17 (none) kern.info kernel: [    0.375451] vgaarb: device added: PCI:0000:00:02.0,decodes=io+mem,owns=io+mem,locks=none
Feb 20 03:36:17 (none) kern.info kernel: [    0.375451] vgaarb: loaded
Feb 20 03:36:17 (none) kern.info kernel: [    0.375451] vgaarb: bridge control possible 0000:00:02.0
Feb 20 03:36:17 (none) kern.info kernel: [    0.376102] sta2x11_sctl_init
Feb 20 03:36:17 (none) kern.info kernel: [    0.376153] sta2x11_apbreg_init
Feb 20 03:36:17 (none) kern.notice kernel: [    0.377771] SCSI subsystem initialized
Feb 20 03:36:17 (none) kern.debug kernel: [    0.378030] libata version 3.00 loaded.
Feb 20 03:36:17 (none) kern.info kernel: [    0.378222] ACPI: bus type usb registered
Feb 20 03:36:17 (none) kern.info kernel: [    0.378370] usbcore: registered new interface driver usbfs
Feb 20 03:36:17 (none) kern.info kernel: [    0.378446] usbcore: registered new interface driver hub
Feb 20 03:36:17 (none) kern.info kernel: [    0.378472] usbcore: registered new device driver usb
Feb 20 03:36:17 (none) kern.info kernel: [    5.378455] PCI: Using ACPI for IRQ routing
Feb 20 03:36:17 (none) kern.debug kernel: [    5.378473] PCI: pci_cache_line_size set to 64 bytes
Feb 20 03:36:17 (none) kern.info kernel: [    5.378813] pci 0000:00:1f.2: no compatible bridge window for [mem 0x0000fc00-0x0000ffff]
Feb 20 03:36:17 (none) kern.warn kernel: [    5.378879] Expanded resource reserved due to conflict with PCI Bus 0000:00
Feb 20 03:36:17 (none) kern.debug kernel: [    5.378889] e820: reserve RAM buffer [mem 0x0009fc00-0x0009ffff]
Feb 20 03:36:17 (none) kern.debug kernel: [    5.378897] e820: reserve RAM buffer [mem 0xbf590000-0xbfffffff]
Feb 20 03:36:17 (none) kern.info kernel: [    5.379700] NetLabel: Initializing
Feb 20 03:36:17 (none) kern.info kernel: [    5.379706] NetLabel:  domain hash size = 128
Feb 20 03:36:17 (none) kern.info kernel: [    5.379710] NetLabel:  protocols = UNLABELED CIPSOv4
Feb 20 03:36:17 (none) kern.info kernel: [    5.379826] NetLabel:  unlabeled traffic allowed by default
Feb 20 03:36:17 (none) kern.info kernel: [    5.380027] HPET: 3 timers in total, 0 timers will be used for per-cpu timer
Feb 20 03:36:17 (none) kern.info kernel: [    5.380036] hpet0: at MMIO 0xfed00000, IRQs 2, 8, 0
Feb 20 03:36:17 (none) kern.info kernel: [    5.380051] hpet0: 3 comparators, 64-bit 14.318180 MHz counter
Feb 20 03:36:17 (none) kern.info kernel: [    5.384319] Switching to clocksource hpet
Feb 20 03:36:17 (none) kern.info kernel: [    5.384854] pnp: PnP ACPI init
Feb 20 03:36:17 (none) kern.info kernel: [    5.384970] ACPI: bus type pnp registered
Feb 20 03:36:17 (none) kern.debug kernel: [    5.386034] pnp 00:00: [bus 00-ff]
Feb 20 03:36:17 (none) kern.debug kernel: [    5.386043] pnp 00:00: [io  0x0cf8-0x0cff]
Feb 20 03:36:17 (none) kern.debug kernel: [    5.386051] pnp 00:00: [io  0x0000-0x0cf7 window]
Feb 20 03:36:17 (none) kern.debug kernel: [    5.386058] pnp 00:00: [io  0x0d00-0xffff window]
Feb 20 03:36:17 (none) kern.debug kernel: [    5.386075] pnp 00:00: [mem 0x000a0000-0x000bffff window]
Feb 20 03:36:17 (none) kern.debug kernel: [    5.386083] pnp 00:00: [mem 0x000d0000-0x000dffff window]
Feb 20 03:36:17 (none) kern.debug kernel: [    5.386090] pnp 00:00: [mem 0xbf700000-0xdfffffff window]
Feb 20 03:36:17 (none) kern.debug kernel: [    5.386097] pnp 00:00: [mem 0xf0000000-0xfed8ffff window]
Feb 20 03:36:17 (none) kern.debug kernel: [    5.386104] pnp 00:00: [mem 0x400000000-0xfffffffff window]
Feb 20 03:36:17 (none) kern.debug kernel: [    5.386532] pnp 00:00: Plug and Play ACPI device, IDs PNP0a08 PNP0a03 (active)
Feb 20 03:36:17 (none) kern.debug kernel: [    5.386588] pnp 00:01: [mem 0xfed14000-0xfed19fff]
Feb 20 03:36:17 (none) kern.debug kernel: [    5.386596] pnp 00:01: [mem 0xfed90000-0xfed93fff]
Feb 20 03:36:17 (none) kern.info kernel: [    5.386916] system 00:01: [mem 0xfed14000-0xfed19fff] has been reserved
Feb 20 03:36:17 (none) kern.info kernel: [    5.386926] system 00:01: [mem 0xfed90000-0xfed93fff] has been reserved
Feb 20 03:36:17 (none) kern.debug kernel: [    5.386947] system 00:01: Plug and Play ACPI device, IDs PNP0c01 (active)
Feb 20 03:36:17 (none) kern.debug kernel: [    5.387184] pnp 00:02: [dma 4]
Feb 20 03:36:17 (none) kern.debug kernel: [    5.387192] pnp 00:02: [io  0x0000-0x000f]
Feb 20 03:36:17 (none) kern.debug kernel: [    5.387199] pnp 00:02: [io  0x0081-0x0083]
Feb 20 03:36:17 (none) kern.debug kernel: [    5.387205] pnp 00:02: [io  0x0087]
Feb 20 03:36:17 (none) kern.debug kernel: [    5.387212] pnp 00:02: [io  0x0089-0x008b]
Feb 20 03:36:17 (none) kern.debug kernel: [    5.387218] pnp 00:02: [io  0x008f]
Feb 20 03:36:17 (none) kern.debug kernel: [    5.387225] pnp 00:02: [io  0x00c0-0x00df]
Feb 20 03:36:17 (none) kern.debug kernel: [    5.387420] pnp 00:02: Plug and Play ACPI device, IDs PNP0200 (active)
Feb 20 03:36:17 (none) kern.debug kernel: [    5.387492] pnp 00:03: [io  0x0070-0x0071]
Feb 20 03:36:17 (none) kern.debug kernel: [    5.387528] pnp 00:03: [irq 8]
Feb 20 03:36:17 (none) kern.debug kernel: [    5.387736] pnp 00:03: Plug and Play ACPI device, IDs PNP0b00 (active)
Feb 20 03:36:17 (none) kern.debug kernel: [    5.387963] pnp 00:04: [io  0x0061]
Feb 20 03:36:17 (none) kern.debug kernel: [    5.388199] pnp 00:04: Plug and Play ACPI device, IDs PNP0800 (active)
Feb 20 03:36:17 (none) kern.debug kernel: [    5.388263] pnp 00:05: [io  0x00f0-0x00ff]
Feb 20 03:36:17 (none) kern.debug kernel: [    5.388290] pnp 00:05: [irq 13]
Feb 20 03:36:17 (none) kern.debug kernel: [    5.388505] pnp 00:05: Plug and Play ACPI device, IDs PNP0c04 (active)
Feb 20 03:36:17 (none) kern.debug kernel: [    5.390866] pnp 00:06: [io  0x03f8-0x03ff]
Feb 20 03:36:17 (none) kern.debug kernel: [    5.390893] pnp 00:06: [irq 4]
Feb 20 03:36:17 (none) kern.debug kernel: [    5.390901] pnp 00:06: [dma 0 disabled]
Feb 20 03:36:17 (none) kern.debug kernel: [    5.391286] pnp 00:06: Plug and Play ACPI device, IDs PNP0501 (active)
Feb 20 03:36:17 (none) kern.debug kernel: [    5.392804] pnp 00:07: [io  0x0000-0xffffffffffffffff disabled]
Feb 20 03:36:17 (none) kern.debug kernel: [    5.392813] pnp 00:07: [io  0x0a00-0x0a0f]
Feb 20 03:36:17 (none) kern.debug kernel: [    5.392820] pnp 00:07: [io  0x0a10-0x0a1f]
Feb 20 03:36:17 (none) kern.debug kernel: [    5.392827] pnp 00:07: [io  0x0a20-0x0a2f]
Feb 20 03:36:17 (none) kern.info kernel: [    5.393203] system 00:07: [io  0x0a00-0x0a0f] has been reserved
Feb 20 03:36:17 (none) kern.info kernel: [    5.393213] system 00:07: [io  0x0a10-0x0a1f] has been reserved
Feb 20 03:36:17 (none) kern.info kernel: [    5.393223] system 00:07: [io  0x0a20-0x0a2f] has been reserved
Feb 20 03:36:17 (none) kern.debug kernel: [    5.393242] system 00:07: Plug and Play ACPI device, IDs PNP0c02 (active)
Feb 20 03:36:17 (none) kern.debug kernel: [    5.393547] pnp 00:08: [io  0x0010-0x001f]
Feb 20 03:36:17 (none) kern.debug kernel: [    5.393555] pnp 00:08: [io  0x0022-0x003f]
Feb 20 03:36:17 (none) kern.debug kernel: [    5.393562] pnp 00:08: [io  0x0044-0x005f]
Feb 20 03:36:17 (none) kern.debug kernel: [    5.393569] pnp 00:08: [io  0x0062-0x0063]
Feb 20 03:36:17 (none) kern.debug kernel: [    5.393575] pnp 00:08: [io  0x0065-0x006f]
Feb 20 03:36:17 (none) kern.debug kernel: [    5.393582] pnp 00:08: [io  0x0072-0x007f]
Feb 20 03:36:17 (none) kern.debug kernel: [    5.393588] pnp 00:08: [io  0x0080]
Feb 20 03:36:17 (none) kern.debug kernel: [    5.393595] pnp 00:08: [io  0x0084-0x0086]
Feb 20 03:36:17 (none) kern.debug kernel: [    5.393601] pnp 00:08: [io  0x0088]
Feb 20 03:36:17 (none) kern.debug kernel: [    5.393608] pnp 00:08: [io  0x008c-0x008e]
Feb 20 03:36:17 (none) kern.debug kernel: [    5.393614] pnp 00:08: [io  0x0090-0x009f]
Feb 20 03:36:17 (none) kern.debug kernel: [    5.393631] pnp 00:08: [io  0x00a2-0x00bf]
Feb 20 03:36:17 (none) kern.debug kernel: [    5.393638] pnp 00:08: [io  0x00e0-0x00ef]
Feb 20 03:36:17 (none) kern.debug kernel: [    5.393644] pnp 00:08: [io  0x04d0-0x04d1]
Feb 20 03:36:17 (none) kern.debug kernel: [    5.393651] pnp 00:08: [io  0x0800-0x087f]
Feb 20 03:36:17 (none) kern.debug kernel: [    5.393658] pnp 00:08: [io  0x0000-0xffffffffffffffff disabled]
Feb 20 03:36:17 (none) kern.debug kernel: [    5.393665] pnp 00:08: [io  0x0480-0x04bf]
Feb 20 03:36:17 (none) kern.debug kernel: [    5.393672] pnp 00:08: [mem 0xfed1c000-0xfed1ffff]
Feb 20 03:36:17 (none) kern.debug kernel: [    5.393679] pnp 00:08: [mem 0xfed20000-0xfed8ffff]
Feb 20 03:36:17 (none) kern.info kernel: [    5.394078] system 00:08: [io  0x04d0-0x04d1] has been reserved
Feb 20 03:36:17 (none) kern.info kernel: [    5.394089] system 00:08: [io  0x0800-0x087f] has been reserved
Feb 20 03:36:17 (none) kern.info kernel: [    5.394099] system 00:08: [io  0x0480-0x04bf] has been reserved
Feb 20 03:36:17 (none) kern.info kernel: [    5.394110] system 00:08: [mem 0xfed1c000-0xfed1ffff] has been reserved
Feb 20 03:36:17 (none) kern.info kernel: [    5.394119] system 00:08: [mem 0xfed20000-0xfed8ffff] has been reserved
Feb 20 03:36:17 (none) kern.debug kernel: [    5.394138] system 00:08: Plug and Play ACPI device, IDs PNP0c02 (active)
Feb 20 03:36:17 (none) kern.debug kernel: [    5.394394] pnp 00:09: [mem 0xfed00000-0xfed003ff]
Feb 20 03:36:17 (none) kern.debug kernel: [    5.394621] pnp 00:09: Plug and Play ACPI device, IDs PNP0103 (active)
Feb 20 03:36:17 (none) kern.debug kernel: [    5.394965] pnp 00:0a: [io  0x0060]
Feb 20 03:36:17 (none) kern.debug kernel: [    5.394973] pnp 00:0a: [io  0x0064]
Feb 20 03:36:17 (none) kern.debug kernel: [    5.394980] pnp 00:0a: [mem 0xfec00000-0xfec00fff]
Feb 20 03:36:17 (none) kern.debug kernel: [    5.394987] pnp 00:0a: [mem 0xfee00000-0xfee00fff]
Feb 20 03:36:17 (none) kern.info kernel: [    5.395378] system 00:0a: [mem 0xfec00000-0xfec00fff] could not be reserved
Feb 20 03:36:17 (none) kern.info kernel: [    5.395389] system 00:0a: [mem 0xfee00000-0xfee00fff] has been reserved
Feb 20 03:36:17 (none) kern.debug kernel: [    5.395407] system 00:0a: Plug and Play ACPI device, IDs PNP0c02 (active)
Feb 20 03:36:17 (none) kern.debug kernel: [    5.395563] pnp 00:0b: [mem 0xe0000000-0xefffffff]
Feb 20 03:36:17 (none) kern.info kernel: [    5.395918] system 00:0b: [mem 0xe0000000-0xefffffff] has been reserved
Feb 20 03:36:17 (none) kern.debug kernel: [    5.395937] system 00:0b: Plug and Play ACPI device, IDs PNP0c02 (active)
Feb 20 03:36:17 (none) kern.debug kernel: [    5.396884] pnp 00:0c: [mem 0x00000000-0x0009ffff]
Feb 20 03:36:17 (none) kern.debug kernel: [    5.396893] pnp 00:0c: [mem 0x000c0000-0x000cffff]
Feb 20 03:36:17 (none) kern.debug kernel: [    5.396900] pnp 00:0c: [mem 0x000e0000-0x000fffff]
Feb 20 03:36:17 (none) kern.debug kernel: [    5.396906] pnp 00:0c: [mem 0x00100000-0xbf6fffff]
Feb 20 03:36:17 (none) kern.debug kernel: [    5.396913] pnp 00:0c: [mem 0xfed90000-0xffffffff]
Feb 20 03:36:17 (none) kern.info kernel: [    5.397408] system 00:0c: [mem 0x00000000-0x0009ffff] could not be reserved
Feb 20 03:36:17 (none) kern.info kernel: [    5.397419] system 00:0c: [mem 0x000c0000-0x000cffff] could not be reserved
Feb 20 03:36:17 (none) kern.info kernel: [    5.397429] system 00:0c: [mem 0x000e0000-0x000fffff] could not be reserved
Feb 20 03:36:17 (none) kern.info kernel: [    5.397439] system 00:0c: [mem 0x00100000-0xbf6fffff] could not be reserved
Feb 20 03:36:17 (none) kern.info kernel: [    5.397450] system 00:0c: [mem 0xfed90000-0xffffffff] could not be reserved
Feb 20 03:36:17 (none) kern.debug kernel: [    5.397468] system 00:0c: Plug and Play ACPI device, IDs PNP0c01 (active)
Feb 20 03:36:17 (none) kern.info kernel: [    5.398199] pnp: PnP ACPI: found 13 devices
Feb 20 03:36:17 (none) kern.info kernel: [    5.398206] ACPI: ACPI bus type pnp unregistered
Feb 20 03:36:17 (none) kern.info kernel: [    5.398213] PnPBIOS: Disabled by ACPI PNP
Feb 20 03:36:17 (none) kern.debug kernel: [    5.450145] pci 0000:00:1c.0: bridge window [mem 0x00100000-0x000fffff] to [bus 01-01] add_size 400000
Feb 20 03:36:17 (none) kern.debug kernel: [    5.450177] pci 0000:00:1c.1: bridge window [io  0x1000-0x0fff] to [bus 02-02] add_size 1000
Feb 20 03:36:17 (none) kern.debug kernel: [    5.450188] pci 0000:00:1c.1: bridge window [mem 0x00100000-0x000fffff 64bit pref] to [bus 02-02] add_size 200000
Feb 20 03:36:17 (none) kern.debug kernel: [    5.450238] pci 0000:00:1c.0: res[14]=[mem 0x00100000-0x000fffff] get_res_add_size add_size 400000
Feb 20 03:36:17 (none) kern.debug kernel: [    5.450247] pci 0000:00:1c.1: res[15]=[mem 0x00100000-0x000fffff 64bit pref] get_res_add_size add_size 200000
Feb 20 03:36:17 (none) kern.debug kernel: [    5.450254] pci 0000:00:1c.1: res[13]=[io  0x1000-0x0fff] get_res_add_size add_size 1000
Feb 20 03:36:17 (none) kern.info kernel: [    5.450273] pci 0000:00:1c.0: BAR 14: assigned [mem 0xc0000000-0xc03fffff]
Feb 20 03:36:17 (none) kern.info kernel: [    5.450287] pci 0000:00:1c.1: BAR 15: assigned [mem 0xc0400000-0xc05fffff 64bit pref]
Feb 20 03:36:17 (none) kern.info kernel: [    5.450302] pci 0000:00:1c.1: BAR 13: assigned [io  0x1000-0x1fff]
Feb 20 03:36:17 (none) kern.info kernel: [    5.450315] pci 0000:00:1f.2: BAR 5: assigned [mem 0xc0600000-0xc06003ff]
Feb 20 03:36:17 (none) kern.info kernel: [    5.450333] pci 0000:00:1c.0: PCI bridge to [bus 01-01]
Feb 20 03:36:17 (none) kern.info kernel: [    5.450343] pci 0000:00:1c.0:   bridge window [io  0xe000-0xefff]
Feb 20 03:36:17 (none) kern.info kernel: [    5.450359] pci 0000:00:1c.0:   bridge window [mem 0xc0000000-0xc03fffff]
Feb 20 03:36:17 (none) kern.info kernel: [    5.450373] pci 0000:00:1c.0:   bridge window [mem 0xfdf00000-0xfdffffff 64bit pref]
Feb 20 03:36:17 (none) kern.info kernel: [    5.450391] pci 0000:00:1c.1: PCI bridge to [bus 02-02]
Feb 20 03:36:17 (none) kern.info kernel: [    5.450401] pci 0000:00:1c.1:   bridge window [io  0x1000-0x1fff]
Feb 20 03:36:17 (none) kern.info kernel: [    5.450416] pci 0000:00:1c.1:   bridge window [mem 0xfeb00000-0xfebfffff]
Feb 20 03:36:17 (none) kern.info kernel: [    5.450430] pci 0000:00:1c.1:   bridge window [mem 0xc0400000-0xc05fffff 64bit pref]
Feb 20 03:36:17 (none) kern.info kernel: [    5.450448] pci 0000:00:1e.0: PCI bridge to [bus 03-03]
Feb 20 03:36:17 (none) kern.info kernel: [    5.450570] pci 0000:00:1c.1: enabling device (0106 -> 0107)
Feb 20 03:36:17 (none) kern.debug kernel: [    5.450629] pci 0000:00:1e.0: setting latency timer to 64
Feb 20 03:36:17 (none) kern.debug kernel: [    5.450641] pci_bus 0000:00: resource 4 [io  0x0000-0x0cf7]
Feb 20 03:36:17 (none) kern.debug kernel: [    5.450648] pci_bus 0000:00: resource 5 [io  0x0d00-0xffff]
Feb 20 03:36:17 (none) kern.debug kernel: [    5.450655] pci_bus 0000:00: resource 6 [mem 0x000a0000-0x000bffff]
Feb 20 03:36:17 (none) kern.debug kernel: [    5.450662] pci_bus 0000:00: resource 7 [mem 0x000d0000-0x000dffff]
Feb 20 03:36:17 (none) kern.debug kernel: [    5.450668] pci_bus 0000:00: resource 8 [mem 0xbf700000-0xdfffffff]
Feb 20 03:36:17 (none) kern.debug kernel: [    5.450675] pci_bus 0000:00: resource 9 [mem 0xf0000000-0xfed8ffff]
Feb 20 03:36:17 (none) kern.debug kernel: [    5.450682] pci_bus 0000:00: resource 10 [mem 0x400000000-0xfffffffff]
Feb 20 03:36:17 (none) kern.debug kernel: [    5.450689] pci_bus 0000:01: resource 0 [io  0xe000-0xefff]
Feb 20 03:36:17 (none) kern.debug kernel: [    5.450696] pci_bus 0000:01: resource 1 [mem 0xc0000000-0xc03fffff]
Feb 20 03:36:17 (none) kern.debug kernel: [    5.450703] pci_bus 0000:01: resource 2 [mem 0xfdf00000-0xfdffffff 64bit pref]
Feb 20 03:36:17 (none) kern.debug kernel: [    5.450710] pci_bus 0000:02: resource 0 [io  0x1000-0x1fff]
Feb 20 03:36:17 (none) kern.debug kernel: [    5.450717] pci_bus 0000:02: resource 1 [mem 0xfeb00000-0xfebfffff]
Feb 20 03:36:17 (none) kern.debug kernel: [    5.450724] pci_bus 0000:02: resource 2 [mem 0xc0400000-0xc05fffff 64bit pref]
Feb 20 03:36:17 (none) kern.debug kernel: [    5.450731] pci_bus 0000:03: resource 4 [io  0x0000-0x0cf7]
Feb 20 03:36:17 (none) kern.debug kernel: [    5.450738] pci_bus 0000:03: resource 5 [io  0x0d00-0xffff]
Feb 20 03:36:17 (none) kern.debug kernel: [    5.450744] pci_bus 0000:03: resource 6 [mem 0x000a0000-0x000bffff]
Feb 20 03:36:17 (none) kern.debug kernel: [    5.450751] pci_bus 0000:03: resource 7 [mem 0x000d0000-0x000dffff]
Feb 20 03:36:17 (none) kern.debug kernel: [    5.450758] pci_bus 0000:03: resource 8 [mem 0xbf700000-0xdfffffff]
Feb 20 03:36:17 (none) kern.debug kernel: [    5.450764] pci_bus 0000:03: resource 9 [mem 0xf0000000-0xfed8ffff]
Feb 20 03:36:17 (none) kern.debug kernel: [    5.450771] pci_bus 0000:03: resource 10 [mem 0x400000000-0xfffffffff]
Feb 20 03:36:17 (none) kern.info kernel: [    5.451111] NET: Registered protocol family 2
Feb 20 03:36:17 (none) kern.info kernel: [    5.451509] IP route cache hash table entries: 32768 (order: 5, 131072 bytes)
Feb 20 03:36:17 (none) kern.info kernel: [    5.452545] TCP established hash table entries: 131072 (order: 8, 1048576 bytes)
Feb 20 03:36:17 (none) kern.info kernel: [    5.453666] TCP bind hash table entries: 65536 (order: 9, 2883584 bytes)
Feb 20 03:36:17 (none) kern.info kernel: [    5.460181] TCP: Hash tables configured (established 131072 bind 65536)
Feb 20 03:36:17 (none) kern.info kernel: [    5.460260] TCP: reno registered
Feb 20 03:36:17 (none) kern.info kernel: [    5.460284] UDP hash table entries: 512 (order: 3, 49152 bytes)
Feb 20 03:36:17 (none) kern.info kernel: [    5.460404] UDP-Lite hash table entries: 512 (order: 3, 49152 bytes)
Feb 20 03:36:17 (none) kern.info kernel: [    5.461574] RPC: Registered named UNIX socket transport module.
Feb 20 03:36:17 (none) kern.info kernel: [    5.461583] RPC: Registered udp transport module.
Feb 20 03:36:17 (none) kern.info kernel: [    5.461588] RPC: Registered tcp transport module.
Feb 20 03:36:17 (none) kern.info kernel: [    5.461593] RPC: Registered tcp NFSv4.1 backchannel transport module.
Feb 20 03:36:17 (none) kern.debug kernel: [    5.461632] pci 0000:00:02.0: Boot video device
Feb 20 03:36:17 (none) kern.debug kernel: [    5.462178] PCI: CLS 32 bytes, default 64
Feb 20 03:36:17 (none) kern.info kernel: [    5.462546] sta2x11_mfd_init
Feb 20 03:36:17 (none) kern.info kernel: [    5.464675] Machine check injector initialized
Feb 20 03:36:17 (none) kern.info kernel: [    5.466067] audit: initializing netlink socket (disabled)
Feb 20 03:36:17 (none) kern.notice kernel: [    5.466197] type=2000 audit(1392867358.465:1): initialized
Feb 20 03:36:17 (none) kern.warn kernel: [    5.468099] highmem bounce pool size: 64 pages
Feb 20 03:36:17 (none) kern.info kernel: [    5.468236] HugeTLB registered 2 MB page size, pre-allocated 0 pages
Feb 20 03:36:17 (none) kern.notice kernel: [    5.470916] VFS: Disk quotas dquot_6.5.2
Feb 20 03:36:17 (none) kern.warn kernel: [    5.471093] Dquot-cache hash table entries: 1024 (order 0, 4096 bytes)
Feb 20 03:36:17 (none) kern.warn kernel: [    5.472603] DLM installed
Feb 20 03:36:17 (none) kern.info kernel: [    5.472680] Loading Reiser4. See www.namesys.com for a description of Reiser4.
Feb 20 03:36:17 (none) kern.info kernel: [    5.474303] squashfs: version 4.0 (2009/01/31) Phillip Lougher
Feb 20 03:36:17 (none) kern.notice kernel: [    5.476220] NFS: Registering the id_resolver key type
Feb 20 03:36:17 (none) kern.notice kernel: [    5.476409] Key type id_resolver registered
Feb 20 03:36:17 (none) kern.info kernel: [    5.477001] nfs4filelayout_init: NFSv4 File Layout Driver Registering...
Feb 20 03:36:17 (none) kern.info kernel: [    5.477074] Installing knfsd (copyright (C) 1996 okir@monad.swb.de).
Feb 20 03:36:17 (none) kern.info kernel: [    5.478164] NTFS driver 2.1.30 [Flags: R/W].
Feb 20 03:36:17 (none) kern.warn kernel: [    5.478433] EFS: 1.0a - http://aeschi.ch.eu.org/efs/
Feb 20 03:36:17 (none) kern.info kernel: [    5.478478] jffs2: version 2.2. (NAND) (SUMMARY)   2001-2006 Red Hat, Inc.
Feb 20 03:36:17 (none) kern.info kernel: [    5.479292] ROMFS MTD (C) 2007 Red Hat, Inc.
Feb 20 03:36:17 (none) kern.info kernel: [    5.479384] QNX4 filesystem 0.2.3 registered.
Feb 20 03:36:17 (none) kern.info kernel: [    5.479429] QNX6 filesystem 1.0.0 registered.
Feb 20 03:36:17 (none) kern.info kernel: [    5.479754] fuse init (API version 7.19)
Feb 20 03:36:17 (none) kern.info kernel: [    5.480508] JFS: nTxBlock = 8192, nTxLock = 65536
Feb 20 03:36:17 (none) kern.info kernel: [    5.487518] SGI XFS with ACLs, security attributes, realtime, large block/inode numbers, no debug enabled
Feb 20 03:36:17 (none) kern.info kernel: [    5.489223] NILFS version 2 loaded
Feb 20 03:36:17 (none) kern.info kernel: [    5.489229] BeFS version: 0.9.3
Feb 20 03:36:17 (none) kern.info kernel: [    5.489285] OCFS2 1.5.0
Feb 20 03:36:17 (none) kern.info kernel: [    5.489750] ocfs2: Registered cluster interface o2cb
Feb 20 03:36:17 (none) kern.info kernel: [    5.490053] ocfs2: Registered cluster interface user
Feb 20 03:36:17 (none) kern.info kernel: [    5.490059] OCFS2 DLMFS 1.5.0
Feb 20 03:36:17 (none) kern.warn kernel: [    5.490331] OCFS2 User DLM kernel interface loaded
Feb 20 03:36:17 (none) kern.info kernel: [    5.490339] OCFS2 Node Manager 1.5.0
Feb 20 03:36:17 (none) kern.info kernel: [    5.490941] OCFS2 DLM 1.5.0
Feb 20 03:36:17 (none) kern.info kernel: [    5.492069] Btrfs loaded
Feb 20 03:36:17 (none) kern.warn kernel: [    5.493107] GFS2 installed
Feb 20 03:36:17 (none) kern.info kernel: [    5.493222] msgmni has been set to 1636
Feb 20 03:36:17 (none) kern.info kernel: [    5.496196] alg: No test for stdrng (krng)
Feb 20 03:36:17 (none) kern.info kernel: [    5.496305] async_tx: api initialized (async)
Feb 20 03:36:17 (none) kern.info kernel: [    5.496467] Block layer SCSI generic (bsg) driver version 0.4 loaded (major 252)
Feb 20 03:36:17 (none) kern.info kernel: [    5.496504] io scheduler noop registered
Feb 20 03:36:17 (none) kern.info kernel: [    5.496614] io scheduler cfq registered (default)
Feb 20 03:36:17 (none) kern.debug kernel: [    5.497640] pcieport 0000:00:1c.0: irq 40 for MSI/MSI-X
Feb 20 03:36:17 (none) kern.debug kernel: [    5.498383] pcieport 0000:00:1c.1: irq 41 for MSI/MSI-X
Feb 20 03:36:17 (none) kern.info kernel: [    5.499127] pcieport 0000:00:1c.0: Signaling PME through PCIe PME interrupt
Feb 20 03:36:17 (none) kern.info kernel: [    5.499138] pci 0000:01:00.0: Signaling PME through PCIe PME interrupt
Feb 20 03:36:17 (none) kern.debug kernel: [    5.499153] pcie_pme 0000:00:1c.0:pcie01: service driver pcie_pme loaded
Feb 20 03:36:17 (none) kern.info kernel: [    5.499286] pcieport 0000:00:1c.1: Signaling PME through PCIe PME interrupt
Feb 20 03:36:17 (none) kern.info kernel: [    5.499295] pci 0000:02:00.0: Signaling PME through PCIe PME interrupt
Feb 20 03:36:17 (none) kern.debug kernel: [    5.499309] pcie_pme 0000:00:1c.1:pcie01: service driver pcie_pme loaded
Feb 20 03:36:17 (none) kern.debug kernel: [    5.500910] vga16fb: initializing
Feb 20 03:36:17 (none) kern.info kernel: [    5.500931] vga16fb: mapped to 0xc00a0000
Feb 20 03:36:17 (none) kern.info kernel: [    5.609143] Console: switching to colour frame buffer device 80x30
Feb 20 03:36:17 (none) kern.info kernel: [    5.922151] fb0: VGA16 VGA frame buffer device
Feb 20 03:36:17 (none) kern.debug kernel: [    5.922179] intel_idle: MWAIT substates: 0x10
Feb 20 03:36:17 (none) kern.debug kernel: [    5.922225] intel_idle: v0.4 model 0x1C
Feb 20 03:36:17 (none) kern.debug kernel: [    5.922230] intel_idle: lapic_timer_reliable_states 0x2
Feb 20 03:36:17 (none) kern.info kernel: [    5.922512] GHES: HEST is not enabled!
Feb 20 03:36:17 (none) kern.info kernel: [    5.922599] isapnp: Scanning for PnP cards...
Feb 20 03:36:17 (none) kern.info kernel: [    6.278741] isapnp: No Plug & Play device found
Feb 20 03:36:17 (none) kern.info kernel: [    6.279141] Serial: 8250/16550 driver, 12 ports, IRQ sharing enabled
Feb 20 03:36:17 (none) kern.info kernel: [    6.544271] serial8250: ttyS0 at I/O 0x3f8 (irq = 4) is a 16550A
Feb 20 03:36:17 (none) kern.info kernel: [    6.569249] 00:06: ttyS0 at I/O 0x3f8 (irq = 4) is a 16550A
Feb 20 03:36:17 (none) kern.info kernel: [    6.570549] Linux agpgart interface v0.103
Feb 20 03:36:17 (none) kern.info kernel: [    6.572073] agpgart-intel 0000:00:00.0: Intel GMA3150 Chipset
Feb 20 03:36:17 (none) kern.info kernel: [    6.572378] agpgart-intel 0000:00:00.0: detected gtt size: 524288K total, 262144K mappable
Feb 20 03:36:17 (none) kern.info kernel: [    6.572733] agpgart-intel 0000:00:00.0: detected 8192K stolen memory
Feb 20 03:36:17 (none) kern.info kernel: [    6.573208] agpgart-intel 0000:00:00.0: AGP aperture is 256M @ 0xd0000000
Feb 20 03:36:17 (none) kern.info kernel: [    6.576924] Floppy drive(s): fd0 is 1.44M
Feb 20 03:36:17 (none) kern.info kernel: [    9.592519] floppy0: no floppy controllers found
Feb 20 03:36:17 (none) kern.info kernel: [    9.603794] brd: module loaded
Feb 20 03:36:17 (none) kern.info kernel: [    9.614428] loop: module loaded
Feb 20 03:36:17 (none) kern.info kernel: [    9.617185] drbd: initialized. Version: 8.3.13 (api:88/proto:86-96)
Feb 20 03:36:17 (none) kern.info kernel: [    9.617191] drbd: built-in
Feb 20 03:36:17 (none) kern.info kernel: [    9.617196] drbd: registered as block device major 147
Feb 20 03:36:17 (none) kern.info kernel: [    9.617200] drbd: minor_table @ 0xf42fa7c0
Feb 20 03:36:17 (none) kern.info kernel: [    9.617204] mtip32xx Version 1.2.6os3
Feb 20 03:36:17 (none) kern.warn kernel: [    9.617647] i2c-core: driver [fsa9480] using legacy suspend method
Feb 20 03:36:17 (none) kern.warn kernel: [    9.617653] i2c-core: driver [fsa9480] using legacy resume method
Feb 20 03:36:17 (none) kern.info kernel: [    9.618064] Uniform Multi-Platform E-IDE driver
Feb 20 03:36:17 (none) kern.info kernel: [    9.621533] ide_generic: please use "probe_mask=0x3f" module parameter for probing all legacy ISA IDE ports
Feb 20 03:36:17 (none) kern.info kernel: [    9.621602] ide-gd driver 1.18
Feb 20 03:36:17 (none) kern.info kernel: [    9.621644] ide-cd driver 5.00
Feb 20 03:36:17 (none) kern.info kernel: [    9.622534] Loading iSCSI transport class v2.0-870.
Feb 20 03:36:17 (none) kern.info kernel: [    9.623135] rdac: device handler registered
Feb 20 03:36:17 (none) kern.info kernel: [    9.623285] hp_sw: device handler registered
Feb 20 03:36:17 (none) kern.info kernel: [    9.623297] emc: device handler registered
Feb 20 03:36:17 (none) kern.info kernel: [    9.623308] alua: device handler registered
Feb 20 03:36:17 (none) kern.info kernel: [    9.624520] fnic: Cisco FCoE HBA Driver, ver 1.5.0.2
Feb 20 03:36:17 (none) kern.info kernel: [    9.624987] bnx2fc: Broadcom NetXtreme II FCoE Driver bnx2fc v1.0.11 (Apr 24, 2012)
Feb 20 03:36:17 (none) kern.notice kernel: [    9.626067] iscsi: registered transport (tcp)
Feb 20 03:36:17 (none) kern.warn kernel: [    9.629739] Loading Adaptec I2O RAID: Version 2.4 Build 5go
Feb 20 03:36:17 (none) kern.info kernel: [    9.629745] Detecting Adaptec I2O RAID controllers...
Feb 20 03:36:17 (none) kern.info kernel: [    9.631000] Adaptec aacraid driver 1.2-0[28900]-ms
Feb 20 03:36:17 (none) kern.notice kernel: [    9.632308] aic94xx: Adaptec aic94xx SAS/SATA driver version 1.0.3 loaded
Feb 20 03:36:17 (none) kern.info kernel: [    9.632736] isci: Intel(R) C600 SAS Controller Driver - version 1.1.0
Feb 20 03:36:17 (none) kern.warn kernel: [    9.633167] scsi: <fdomain> Detection failed (no card)
Feb 20 03:36:17 (none) kern.warn kernel: [    9.633241] NCR53c406a: no available ports found
Feb 20 03:36:17 (none) kern.info kernel: [    9.633246] sym53c416.c: Version 1.0.0-ac
Feb 20 03:36:17 (none) kern.info kernel: [    9.633280] qlogicfas: no cards were found, please specify I/O address and IRQ using iobase= and irq= options
Feb 20 03:36:17 (none) kern.warn kernel: [    9.633509] qla2xxx [0000:00:00.0]-0005: : QLogic Fibre Channel HBA Driver: 8.04.00.03-k.
Feb 20 03:36:17 (none) kern.notice kernel: [    9.633824] iscsi: registered transport (qla4xxx)
Feb 20 03:36:17 (none) kern.info kernel: [    9.633942] QLogic iSCSI HBA Driver
Feb 20 03:36:17 (none) kern.warn kernel: [    9.633947] Emulex LightPulse Fibre Channel SCSI driver 8.3.31
Feb 20 03:36:17 (none) kern.warn kernel: [    9.633951] Copyright(c) 2004-2009 Emulex.  All rights reserved.
Feb 20 03:36:17 (none) kern.info kernel: [    9.634374] Brocade BFA FC/FCOE SCSI driver - version: 3.0.23.0
Feb 20 03:36:17 (none) kern.warn kernel: [    9.656081] Failed initialization of WD-7000 SCSI card!
Feb 20 03:36:17 (none) kern.info kernel: [    9.982439] DC390: clustering now enabled by default. If you get problems load
Feb 20 03:36:17 (none) kern.info kernel: [    9.982445]        with "disable_clustering=1" and report to maintainers
Feb 20 03:36:17 (none) kern.info kernel: [    9.982716] megaraid cmm: 2.20.2.7 (Release Date: Sun Jul 16 00:01:03 EST 2006)
Feb 20 03:36:17 (none) kern.info kernel: [    9.983038] megaraid: 2.20.5.1 (Release Date: Thu Nov 16 15:32:35 EST 2006)
Feb 20 03:36:17 (none) kern.info kernel: [    9.983174] megasas: 00.00.06.15-rc1 Mon. Mar. 19 17:00:00 PDT 2012
Feb 20 03:36:17 (none) kern.info kernel: [    9.983334] mpt2sas version 13.100.00.00 loaded
Feb 20 03:36:17 (none) kern.warn kernel: [    9.983914] GDT-HA: Storage RAID Controller Driver. Version: 3.05
Feb 20 03:36:17 (none) kern.warn kernel: [    9.984258] 3ware Storage Controller device driver for Linux v1.26.02.003.
Feb 20 03:36:17 (none) kern.warn kernel: [    9.984375] 3ware 9000 Storage Controller device driver for Linux v2.26.02.014.
Feb 20 03:36:17 (none) kern.info kernel: [    9.984491] LSI 3ware SAS/SATA-RAID Controller device driver for Linux v3.26.02.000.
Feb 20 03:36:17 (none) kern.info kernel: [    9.984607] ppa: Version 2.07 (for Linux 2.4.x)
Feb 20 03:36:17 (none) kern.warn kernel: [    9.985364] imm: Version 2.05 (for Linux 2.4.0)
Feb 20 03:36:17 (none) kern.info kernel: [    9.985690] nsp32: loading...
Feb 20 03:36:17 (none) kern.info kernel: [    9.985842] ipr: IBM Power RAID SCSI Device Driver version: 2.5.3 (March 10, 2012)
Feb 20 03:36:17 (none) kern.info kernel: [    9.985970] RocketRAID 3xxx/4xxx Controller driver v1.6 (090910)
Feb 20 03:36:17 (none) kern.info kernel: [    9.986118] stex: Promise SuperTrak EX Driver version: 4.6.0000.4
Feb 20 03:36:17 (none) kern.info kernel: [    9.986564] libcxgbi:libcxgbi_init_module: tag itt 0x1fff, 13 bits, age 0xf, 4 bits.
Feb 20 03:36:17 (none) kern.info kernel: [    9.986570] libcxgbi:ddp_setup_host_page_size: system PAGE 4096, ddp idx 0.
Feb 20 03:36:17 (none) kern.info kernel: [    9.986575] Chelsio T3 iSCSI Driver cxgb3i v2.0.0 (Jun. 2010)
Feb 20 03:36:17 (none) kern.notice kernel: [    9.986710] iscsi: registered transport (cxgb3i)
Feb 20 03:36:17 (none) kern.info kernel: [    9.986774] Chelsio T4 iSCSI Driver cxgb4i v0.9.1 (Aug. 2010)
Feb 20 03:36:17 (none) kern.notice kernel: [    9.986902] iscsi: registered transport (cxgb4i)
Feb 20 03:36:17 (none) kern.info kernel: [    9.986934] Broadcom NetXtreme II iSCSI Driver bnx2i v2.7.2.2 (Apr 25, 2012)
Feb 20 03:36:17 (none) kern.notice kernel: [    9.987099] iscsi: registered transport (bnx2i)
Feb 20 03:36:17 (none) kern.notice kernel: [    9.987745] iscsi: registered transport (be2iscsi)
Feb 20 03:36:17 (none) kern.info kernel: [    9.988067] VMware PVSCSI driver - version 1.0.2.0-k
Feb 20 03:36:17 (none) kern.info kernel: [    9.988195] hv_vmbus: registering driver hv_storvsc
Feb 20 03:36:17 (none) kern.info kernel: [    9.988202] st: Version 20101219, fixed bufsize 32768, s/g segs 256
Feb 20 03:36:17 (none) kern.info kernel: [    9.988296] osst :I: Tape driver with OnStream support version 0.99.4
Feb 20 03:36:17 (none) kern.info kernel: [    9.988296] osst :I: $Id: osst.c,v 1.73 2005/01/01 21:13:34 wriede Exp $
Feb 20 03:36:17 (none) kern.info kernel: [    9.988758] SCSI Media Changer driver v0.25 
Feb 20 03:36:17 (none) kern.notice kernel: [    9.988926] osd: LOADED open-osd 0.2.1
Feb 20 03:36:17 (none) kern.debug kernel: [    9.990076] ata_piix 0000:00:1f.2: version 2.13
Feb 20 03:36:17 (none) kern.info kernel: [    9.990110] ata_piix 0000:00:1f.2: enabling device (0005 -> 0007)
Feb 20 03:36:17 (none) kern.info kernel: [    9.990136] ata_piix 0000:00:1f.2: MAP [
Feb 20 03:36:17 (none) kern.warn kernel: [    9.990140]  P0 P2 P1 P3 ]
Feb 20 03:36:17 (none) kern.debug kernel: [    9.990372] ata_piix 0000:00:1f.2: setting latency timer to 64
Feb 20 03:36:17 (none) kern.info kernel: [    9.992756] scsi2 : ata_piix
Feb 20 03:36:17 (none) kern.info kernel: [    9.993635] scsi3 : ata_piix
Feb 20 03:36:17 (none) kern.info kernel: [    9.999455] ata1: SATA max UDMA/133 cmd 0x1f0 ctl 0x3f6 bmdma 0xff90 irq 14
Feb 20 03:36:17 (none) kern.info kernel: [    9.999463] ata2: SATA max UDMA/133 cmd 0x170 ctl 0x376 bmdma 0xff98 irq 15
Feb 20 03:36:17 (none) kern.info kernel: [   10.007526] SSFDC read-only Flash Translation layer
Feb 20 03:36:17 (none) kern.err kernel: [   10.007694] mtdoops: mtd device (mtddev=name/number) must be supplied
Feb 20 03:36:17 (none) kern.notice kernel: [   10.007791] L440GX flash mapping: failed to find PIIX4 ISA bridge, cannot continue
Feb 20 03:36:17 (none) kern.debug kernel: [   10.007870] device id = 2440
Feb 20 03:36:17 (none) kern.debug kernel: [   10.007898] device id = 2480
Feb 20 03:36:17 (none) kern.debug kernel: [   10.007926] device id = 24c0
Feb 20 03:36:17 (none) kern.debug kernel: [   10.007954] device id = 24d0
Feb 20 03:36:17 (none) kern.debug kernel: [   10.007982] device id = 25a1
Feb 20 03:36:17 (none) kern.debug kernel: [   10.008047] device id = 2670
Feb 20 03:36:17 (none) kern.err kernel: [   10.008494] physmap-flash.0: failed to claim resource 0
Feb 20 03:36:17 (none) kern.err kernel: [   10.008607] Failed to ioremap_nocache
Feb 20 03:36:17 (none) kern.warn kernel: [   10.008804] SNAPGEAR: failed to ioremap() BOOTCS
Feb 20 03:36:17 (none) kern.warn kernel: [   10.008975] Generic platform RAM MTD, (c) 2004 Simtec Electronics
Feb 20 03:36:17 (none) kern.info kernel: [   10.009888] No recognised DiskOnChip devices found
Feb 20 03:36:17 (none) kern.notice kernel: [   10.009894] slram: not enough parameters.
Feb 20 03:36:17 (none) kern.info kernel: [   10.009899] Ramix PMC551 PCI Mezzanine Ram Driver. (C) 1999,2000 Nortel Networks.
Feb 20 03:36:17 (none) kern.notice kernel: [   10.009930] pmc551: not detected
Feb 20 03:36:17 (none) kern.notice kernel: [   10.012146] ftl_cs: FTL header not found.
Feb 20 03:36:17 (none) kern.warn kernel: [   10.018065] Possible DiskOnChip at 0xfffca000 failed TOGGLE test, dropping.
Feb 20 03:36:17 (none) kern.info kernel: [   10.024682] No valid DiskOnChip devices found
Feb 20 03:36:17 (none) kern.warn kernel: [   10.024860] [nandsim] warning: read_byte: unexpected data output cycle, state is STATE_READY return 0x0
Feb 20 03:36:17 (none) kern.warn kernel: [   10.024866] [nandsim] warning: read_byte: unexpected data output cycle, state is STATE_READY return 0x0
Feb 20 03:36:17 (none) kern.warn kernel: [   10.024871] [nandsim] warning: read_byte: unexpected data output cycle, state is STATE_READY return 0x0
Feb 20 03:36:17 (none) kern.warn kernel: [   10.024876] [nandsim] warning: read_byte: unexpected data output cycle, state is STATE_READY return 0x0
Feb 20 03:36:17 (none) kern.warn kernel: [   10.024880] [nandsim] warning: read_byte: unexpected data output cycle, state is STATE_READY return 0x0
Feb 20 03:36:17 (none) kern.warn kernel: [   10.024885] [nandsim] warning: read_byte: unexpected data output cycle, state is STATE_READY return 0x0
Feb 20 03:36:17 (none) kern.info kernel: [   10.024892] NAND device: Manufacturer ID: 0x98, Chip ID: 0x39 (Toshiba NAND 8MiB 1,8V 8-bit), page size: 512, OOB size: 16
Feb 20 03:36:17 (none) kern.warn kernel: [   10.024914] flash size: 8 MiB
Feb 20 03:36:17 (none) kern.warn kernel: [   10.024919] page size: 512 bytes
Feb 20 03:36:17 (none) kern.warn kernel: [   10.024923] OOB area size: 16 bytes
Feb 20 03:36:17 (none) kern.warn kernel: [   10.024926] sector size: 8 KiB
Feb 20 03:36:17 (none) kern.warn kernel: [   10.024930] pages number: 16384
Feb 20 03:36:17 (none) kern.warn kernel: [   10.024934] pages per sector: 16
Feb 20 03:36:17 (none) kern.warn kernel: [   10.024937] bus width: 8
Feb 20 03:36:17 (none) kern.warn kernel: [   10.024941] bits in sector size: 13
Feb 20 03:36:17 (none) kern.warn kernel: [   10.024945] bits in page size: 9
Feb 20 03:36:17 (none) kern.warn kernel: [   10.024948] bits in OOB size: 4
Feb 20 03:36:17 (none) kern.warn kernel: [   10.024952] flash size with OOB: 8448 KiB
Feb 20 03:36:17 (none) kern.warn kernel: [   10.024956] page address bytes: 3
Feb 20 03:36:17 (none) kern.warn kernel: [   10.024959] sector address bytes: 2
Feb 20 03:36:17 (none) kern.warn kernel: [   10.024963] options: 0x42
Feb 20 03:36:17 (none) kern.info kernel: [   10.025162] Scanning device for bad blocks
Feb 20 03:36:17 (none) kern.notice kernel: [   10.045170] Creating 1 MTD partitions on "NAND 8MiB 1,8V 8-bit":
Feb 20 03:36:17 (none) kern.notice kernel: [   10.045181] 0x000000000000-0x000000800000 : "NAND simulator partition 0"
Feb 20 03:36:17 (none) kern.notice kernel: [   10.047365] ftl_cs: FTL header not found.
Feb 20 03:36:17 (none) kern.info kernel: [   10.048425] usbcore: registered new interface driver alauda
Feb 20 03:36:17 (none) kern.err kernel: [   10.089027] onenand_wait: timeout! ctrl=0x0000 intr=0x0000
Feb 20 03:36:17 (none) kern.debug kernel: [   10.089035] OneNAND Manufacturer: Samsung (0xec)
Feb 20 03:36:17 (none) kern.info kernel: [   10.089042] OneNAND 16MB 1.8V 16-bit (0x04)
Feb 20 03:36:17 (none) kern.info kernel: [   10.089046] OneNAND version = 0x001e
Feb 20 03:36:17 (none) kern.debug kernel: [   10.089049] Lock scheme is Continuous Lock
Feb 20 03:36:17 (none) kern.info kernel: [   10.089080] Scanning device for bad blocks
Feb 20 03:36:17 (none) kern.notice kernel: [   10.091778] Creating 1 MTD partitions on "OneNAND simulator":
Feb 20 03:36:17 (none) kern.notice kernel: [   10.091789] 0x000000000000-0x000001000000 : "OneNAND simulator partition"
Feb 20 03:36:17 (none) kern.notice kernel: [   10.093284] ftl_cs: FTL header not found.
Feb 20 03:36:17 (none) kern.info kernel: [   10.095199] Fixed MDIO Bus: probed
Feb 20 03:36:17 (none) kern.info kernel: [   10.095357] cnic: Broadcom NetXtreme II CNIC Driver cnic v2.5.10 (March 21, 2012)
Feb 20 03:36:17 (none) kern.info kernel: [   10.095892] Fusion MPT base driver 3.04.20
Feb 20 03:36:17 (none) kern.info kernel: [   10.095897] Copyright (c) 1999-2008 LSI Corporation
Feb 20 03:36:17 (none) kern.info kernel: [   10.095938] Fusion MPT SPI Host driver 3.04.20
Feb 20 03:36:17 (none) kern.info kernel: [   10.096114] Fusion MPT FC Host driver 3.04.20
Feb 20 03:36:17 (none) kern.info kernel: [   10.096272] Fusion MPT SAS Host driver 3.04.20
Feb 20 03:36:17 (none) kern.info kernel: [   10.096418] Fusion MPT misc device (ioctl) driver 3.04.20
Feb 20 03:36:17 (none) kern.info kernel: [   10.096651] mptctl: Registered with Fusion MPT base driver
Feb 20 03:36:17 (none) kern.info kernel: [   10.096657] mptctl: /dev/mptctl @ (major,minor=10,220)
Feb 20 03:36:17 (none) kern.info kernel: [   10.096663] Fusion MPT LAN driver 3.04.20
Feb 20 03:36:17 (none) kern.info kernel: [   10.097249] Intel ISA PCIC probe: not found.
Feb 20 03:36:17 (none) kern.info kernel: [   10.097725] Databook TCIC-2 PCMCIA probe: not found.
Feb 20 03:36:17 (none) kern.info kernel: [   10.097786] ehci_hcd: USB 2.0 'Enhanced' Host Controller (EHCI) Driver
Feb 20 03:36:17 (none) kern.debug kernel: [   10.097984] ehci_hcd 0000:00:1d.7: setting latency timer to 64
Feb 20 03:36:17 (none) kern.info kernel: [   10.097995] ehci_hcd 0000:00:1d.7: EHCI Host Controller
Feb 20 03:36:17 (none) kern.info kernel: [   10.098198] ehci_hcd 0000:00:1d.7: new USB bus registered, assigned bus number 1
Feb 20 03:36:17 (none) kern.info kernel: [   10.098308] ehci_hcd 0000:00:1d.7: using broken periodic workaround
Feb 20 03:36:17 (none) kern.info kernel: [   10.098336] ehci_hcd 0000:00:1d.7: debug port 1
Feb 20 03:36:17 (none) kern.debug kernel: [   10.102230] ehci_hcd 0000:00:1d.7: cache line size of 32 is not supported
Feb 20 03:36:17 (none) kern.info kernel: [   10.102334] ehci_hcd 0000:00:1d.7: irq 23, io mem 0xfeaf3c00
Feb 20 03:36:17 (none) kern.info kernel: [   10.108069] ehci_hcd 0000:00:1d.7: USB 2.0 started, EHCI 1.00
Feb 20 03:36:17 (none) kern.info kernel: [   10.108416] usb usb1: New USB device found, idVendor=1d6b, idProduct=0002
Feb 20 03:36:17 (none) kern.info kernel: [   10.108424] usb usb1: New USB device strings: Mfr=3, Product=2, SerialNumber=1
Feb 20 03:36:17 (none) kern.info kernel: [   10.108431] usb usb1: Product: EHCI Host Controller
Feb 20 03:36:17 (none) kern.info kernel: [   10.108437] usb usb1: Manufacturer: Linux 3.5.0-KRG-iCore2-smp-pae-srv1000gz ehci_hcd
Feb 20 03:36:17 (none) kern.info kernel: [   10.108443] usb usb1: SerialNumber: 0000:00:1d.7
Feb 20 03:36:17 (none) kern.info kernel: [   10.109383] hub 1-0:1.0: USB hub found
Feb 20 03:36:17 (none) kern.info kernel: [   10.109415] hub 1-0:1.0: 8 ports detected
Feb 20 03:36:17 (none) kern.info kernel: [   10.110252] ohci_hcd: USB 1.1 'Open' Host Controller (OHCI) Driver
Feb 20 03:36:17 (none) kern.info kernel: [   10.110430] uhci_hcd: USB Universal Host Controller Interface driver
Feb 20 03:36:17 (none) kern.debug kernel: [   10.110628] uhci_hcd 0000:00:1d.0: setting latency timer to 64
Feb 20 03:36:17 (none) kern.info kernel: [   10.110639] uhci_hcd 0000:00:1d.0: UHCI Host Controller
Feb 20 03:36:17 (none) kern.info kernel: [   10.110669] uhci_hcd 0000:00:1d.0: new USB bus registered, assigned bus number 2
Feb 20 03:36:17 (none) kern.info kernel: [   10.110731] uhci_hcd 0000:00:1d.0: irq 23, io base 0x0000d880
Feb 20 03:36:17 (none) kern.info kernel: [   10.111052] usb usb2: New USB device found, idVendor=1d6b, idProduct=0001
Feb 20 03:36:17 (none) kern.info kernel: [   10.111060] usb usb2: New USB device strings: Mfr=3, Product=2, SerialNumber=1
Feb 20 03:36:17 (none) kern.info kernel: [   10.111067] usb usb2: Product: UHCI Host Controller
Feb 20 03:36:17 (none) kern.info kernel: [   10.111073] usb usb2: Manufacturer: Linux 3.5.0-KRG-iCore2-smp-pae-srv1000gz uhci_hcd
Feb 20 03:36:17 (none) kern.info kernel: [   10.111080] usb usb2: SerialNumber: 0000:00:1d.0
Feb 20 03:36:17 (none) kern.info kernel: [   10.111813] hub 2-0:1.0: USB hub found
Feb 20 03:36:17 (none) kern.info kernel: [   10.111841] hub 2-0:1.0: 2 ports detected
Feb 20 03:36:17 (none) kern.debug kernel: [   10.112414] uhci_hcd 0000:00:1d.1: setting latency timer to 64
Feb 20 03:36:17 (none) kern.info kernel: [   10.112424] uhci_hcd 0000:00:1d.1: UHCI Host Controller
Feb 20 03:36:17 (none) kern.info kernel: [   10.112468] uhci_hcd 0000:00:1d.1: new USB bus registered, assigned bus number 3
Feb 20 03:36:17 (none) kern.info kernel: [   10.112597] uhci_hcd 0000:00:1d.1: irq 19, io base 0x0000d800
Feb 20 03:36:17 (none) kern.info kernel: [   10.112792] usb usb3: New USB device found, idVendor=1d6b, idProduct=0001
Feb 20 03:36:17 (none) kern.info kernel: [   10.112800] usb usb3: New USB device strings: Mfr=3, Product=2, SerialNumber=1
Feb 20 03:36:17 (none) kern.info kernel: [   10.112806] usb usb3: Product: UHCI Host Controller
Feb 20 03:36:17 (none) kern.info kernel: [   10.112813] usb usb3: Manufacturer: Linux 3.5.0-KRG-iCore2-smp-pae-srv1000gz uhci_hcd
Feb 20 03:36:17 (none) kern.info kernel: [   10.112819] usb usb3: SerialNumber: 0000:00:1d.1
Feb 20 03:36:17 (none) kern.info kernel: [   10.113529] hub 3-0:1.0: USB hub found
Feb 20 03:36:17 (none) kern.info kernel: [   10.113556] hub 3-0:1.0: 2 ports detected
Feb 20 03:36:17 (none) kern.debug kernel: [   10.114106] uhci_hcd 0000:00:1d.2: setting latency timer to 64
Feb 20 03:36:17 (none) kern.info kernel: [   10.114116] uhci_hcd 0000:00:1d.2: UHCI Host Controller
Feb 20 03:36:17 (none) kern.info kernel: [   10.114145] uhci_hcd 0000:00:1d.2: new USB bus registered, assigned bus number 4
Feb 20 03:36:17 (none) kern.info kernel: [   10.114269] uhci_hcd 0000:00:1d.2: irq 18, io base 0x0000d480
Feb 20 03:36:17 (none) kern.info kernel: [   10.114471] usb usb4: New USB device found, idVendor=1d6b, idProduct=0001
Feb 20 03:36:17 (none) kern.info kernel: [   10.114478] usb usb4: New USB device strings: Mfr=3, Product=2, SerialNumber=1
Feb 20 03:36:17 (none) kern.info kernel: [   10.114485] usb usb4: Product: UHCI Host Controller
Feb 20 03:36:17 (none) kern.info kernel: [   10.114491] usb usb4: Manufacturer: Linux 3.5.0-KRG-iCore2-smp-pae-srv1000gz uhci_hcd
Feb 20 03:36:17 (none) kern.info kernel: [   10.114497] usb usb4: SerialNumber: 0000:00:1d.2
Feb 20 03:36:17 (none) kern.info kernel: [   10.115232] hub 4-0:1.0: USB hub found
Feb 20 03:36:17 (none) kern.info kernel: [   10.115258] hub 4-0:1.0: 2 ports detected
Feb 20 03:36:17 (none) kern.debug kernel: [   10.115776] uhci_hcd 0000:00:1d.3: setting latency timer to 64
Feb 20 03:36:17 (none) kern.info kernel: [   10.115787] uhci_hcd 0000:00:1d.3: UHCI Host Controller
Feb 20 03:36:17 (none) kern.info kernel: [   10.115815] uhci_hcd 0000:00:1d.3: new USB bus registered, assigned bus number 5
Feb 20 03:36:17 (none) kern.info kernel: [   10.115930] uhci_hcd 0000:00:1d.3: irq 16, io base 0x0000d400
Feb 20 03:36:17 (none) kern.info kernel: [   10.116156] usb usb5: New USB device found, idVendor=1d6b, idProduct=0001
Feb 20 03:36:17 (none) kern.info kernel: [   10.116164] usb usb5: New USB device strings: Mfr=3, Product=2, SerialNumber=1
Feb 20 03:36:17 (none) kern.info kernel: [   10.116170] usb usb5: Product: UHCI Host Controller
Feb 20 03:36:17 (none) kern.info kernel: [   10.116177] usb usb5: Manufacturer: Linux 3.5.0-KRG-iCore2-smp-pae-srv1000gz uhci_hcd
Feb 20 03:36:17 (none) kern.info kernel: [   10.116183] usb usb5: SerialNumber: 0000:00:1d.3
Feb 20 03:36:17 (none) kern.info kernel: [   10.116864] hub 5-0:1.0: USB hub found
Feb 20 03:36:17 (none) kern.info kernel: [   10.116890] hub 5-0:1.0: 2 ports detected
Feb 20 03:36:17 (none) kern.info kernel: [   10.117793] usbcore: registered new interface driver uas
Feb 20 03:36:17 (none) kern.info kernel: [   10.117799] Initializing USB Mass Storage driver...
Feb 20 03:36:17 (none) kern.info kernel: [   10.117932] usbcore: registered new interface driver usb-storage
Feb 20 03:36:17 (none) kern.info kernel: [   10.117937] USB Mass Storage support registered.
Feb 20 03:36:17 (none) kern.info kernel: [   10.118218] usbcore: registered new interface driver libusual
Feb 20 03:36:17 (none) kern.info kernel: [   10.118291] usbcore: registered new interface driver ums-cypress
Feb 20 03:36:17 (none) kern.info kernel: [   10.118362] usbcore: registered new interface driver ums-datafab
Feb 20 03:36:17 (none) kern.info kernel: [   10.118443] usbcore: registered new interface driver ums-freecom
Feb 20 03:36:17 (none) kern.info kernel: [   10.118514] usbcore: registered new interface driver ums-isd200
Feb 20 03:36:17 (none) kern.info kernel: [   10.118610] usbcore: registered new interface driver ums-realtek
Feb 20 03:36:17 (none) kern.info kernel: [   10.118680] usbcore: registered new interface driver ums-usbat
Feb 20 03:36:17 (none) kern.info kernel: [   10.118930] i8042: PNP: No PS/2 controller found. Probing ports directly.
Feb 20 03:36:17 (none) kern.info kernel: [   10.119726] serio: i8042 KBD port at 0x60,0x64 irq 1
Feb 20 03:36:17 (none) kern.info kernel: [   10.119790] serio: i8042 AUX port at 0x60,0x64 irq 12
Feb 20 03:36:17 (none) kern.err kernel: [   10.120268] parkbd: no such parport
Feb 20 03:36:17 (none) kern.info kernel: [   10.121240] mousedev: PS/2 mouse device common for all mice
Feb 20 03:36:17 (none) kern.info kernel: [   10.122510] usbcore: registered new interface driver appletouch
Feb 20 03:36:17 (none) kern.info kernel: [   10.122614] usbcore: registered new interface driver bcm5974
Feb 20 03:36:17 (none) kern.info kernel: [   10.122748] usbcore: registered new interface driver synaptics_usb
Feb 20 03:36:17 (none) kern.info kernel: [   10.122828] usbcore: registered new interface driver usb_acecad
Feb 20 03:36:17 (none) kern.info kernel: [   10.122908] usbcore: registered new interface driver aiptek
Feb 20 03:36:17 (none) kern.info kernel: [   10.122987] usbcore: registered new interface driver gtco
Feb 20 03:36:17 (none) kern.info kernel: [   10.123098] usbcore: registered new interface driver hanwang
Feb 20 03:36:17 (none) kern.info kernel: [   10.123187] usbcore: registered new interface driver kbtab
Feb 20 03:36:17 (none) kern.info kernel: [   10.123276] usbcore: registered new interface driver wacom
Feb 20 03:36:17 (none) kern.warn kernel: [   10.124401] mk712: device not present
Feb 20 03:36:17 (none) kern.info kernel: [   10.124511] usbcore: registered new interface driver usbtouchscreen
Feb 20 03:36:17 (none) kern.info kernel: [   10.125429] rtc_cmos 00:03: RTC can wake from S4
Feb 20 03:36:17 (none) kern.info kernel: [   10.126243] rtc_cmos 00:03: rtc core: registered rtc_cmos as rtc0
Feb 20 03:36:17 (none) kern.info kernel: [   10.126311] rtc0: alarms up to one month, y3k, 114 bytes nvram, hpet irqs
Feb 20 03:36:17 (none) kern.info kernel: [   10.126374] i2c /dev entries driver
Feb 20 03:36:17 (none) kern.info kernel: [   10.126449] md: linear personality registered for level -1
Feb 20 03:36:17 (none) kern.info kernel: [   10.126455] md: raid0 personality registered for level 0
Feb 20 03:36:17 (none) kern.info kernel: [   10.126461] md: raid1 personality registered for level 1
Feb 20 03:36:17 (none) kern.info kernel: [   10.126467] md: raid10 personality registered for level 10
Feb 20 03:36:17 (none) kern.info kernel: [   10.126472] md: raid6 personality registered for level 6
Feb 20 03:36:17 (none) kern.info kernel: [   10.126477] md: raid5 personality registered for level 5
Feb 20 03:36:17 (none) kern.info kernel: [   10.126483] md: raid4 personality registered for level 4
Feb 20 03:36:17 (none) kern.info kernel: [   10.126488] md: multipath personality registered for level -4
Feb 20 03:36:17 (none) kern.info kernel: [   10.126772] device-mapper: uevent: version 1.0.3
Feb 20 03:36:17 (none) kern.info kernel: [   10.127229] device-mapper: ioctl: 4.22.0-ioctl (2011-10-19) initialised: dm-devel@redhat.com
Feb 20 03:36:17 (none) kern.info kernel: [   10.127967] device-mapper: multipath: version 1.4.0 loaded
Feb 20 03:36:17 (none) kern.info kernel: [   10.128052] device-mapper: multipath round-robin: version 1.0.0 loaded
Feb 20 03:36:17 (none) kern.info kernel: [   10.128060] device-mapper: multipath queue-length: version 0.1.0 loaded
Feb 20 03:36:17 (none) kern.info kernel: [   10.128066] device-mapper: multipath service-time: version 0.2.0 loaded
Feb 20 03:36:17 (none) kern.info kernel: [   10.128403] device-mapper: dm-log-userspace: version 1.1.0 loaded
Feb 20 03:36:17 (none) kern.info kernel: [   10.128916] EISA: Probing bus 0 at eisa.0
Feb 20 03:36:17 (none) kern.warn kernel: [   10.128926] EISA: Cannot allocate resource for mainboard
Feb 20 03:36:17 (none) kern.warn kernel: [   10.128934] Cannot allocate resource for EISA slot 1
Feb 20 03:36:17 (none) kern.warn kernel: [   10.128941] Cannot allocate resource for EISA slot 2
Feb 20 03:36:17 (none) kern.warn kernel: [   10.128948] Cannot allocate resource for EISA slot 3
Feb 20 03:36:17 (none) kern.warn kernel: [   10.128954] Cannot allocate resource for EISA slot 4
Feb 20 03:36:17 (none) kern.warn kernel: [   10.128961] Cannot allocate resource for EISA slot 5
