Jul  7 09:14:08 kernel: [    9.573564] DiskOnChip Millennium Plus 32MB is not supported, ignoring.
Jul  7 09:14:08 kernel: [    9.575782] No valid DiskOnChip devices found
Jul  7 09:14:08 kernel: [    9.575813] [nandsim] warning: read_byte: unexpected data output cycle, state is STATE_READY return 0x0
Jul  7 09:14:08 kernel: [    9.575816] [nandsim] warning: read_byte: unexpected data output cycle, state is STATE_READY return 0x0
Jul  7 09:14:08 kernel: [    9.575819] [nandsim] warning: read_byte: unexpected data output cycle, state is STATE_READY return 0x0
Jul  7 09:14:08 kernel: [    9.575822] [nandsim] warning: read_byte: unexpected data output cycle, state is STATE_READY return 0x0
Jul  7 09:14:08 kernel: [    9.575824] [nandsim] warning: read_byte: unexpected data output cycle, state is STATE_READY return 0x0
Jul  7 09:14:08 kernel: [    9.575827] [nandsim] warning: read_byte: unexpected data output cycle, state is STATE_READY return 0x0
Jul  7 09:14:08 kernel: [    9.575831] NAND device: Manufacturer ID: 0x98, Chip ID: 0x39 (Toshiba NAND 8MiB 1,8V 8-bit)
Jul  7 09:14:08 kernel: [    9.575840] flash size: 8 MiB
Jul  7 09:14:08 kernel: [    9.575841] page size: 512 bytes
Jul  7 09:14:08 kernel: [    9.575842] OOB area size: 16 bytes
Jul  7 09:14:08 kernel: [    9.575844] sector size: 8 KiB
Jul  7 09:14:08 kernel: [    9.575845] pages number: 16384
Jul  7 09:14:08 kernel: [    9.575846] pages per sector: 16
Jul  7 09:14:08 kernel: [    9.575847] bus width: 8
Jul  7 09:14:08 kernel: [    9.575849] bits in sector size: 13
Jul  7 09:14:08 kernel: [    9.575850] bits in page size: 9
Jul  7 09:14:08 kernel: [    9.575851] bits in OOB size: 4
Jul  7 09:14:08 kernel: [    9.575852] flash size with OOB: 8448 KiB
Jul  7 09:14:08 kernel: [    9.575854] page address bytes: 3
Jul  7 09:14:08 kernel: [    9.575855] sector address bytes: 2
Jul  7 09:14:08 kernel: [    9.575856] options: 0x62
Jul  7 09:14:08 kernel: [    9.575928] Scanning device for bad blocks
Jul  7 09:14:08 kernel: [    9.578083] Creating 1 MTD partitions on "NAND 8MiB 1,8V 8-bit":
Jul  7 09:14:08 kernel: [    9.578086] 0x000000000000-0x000000800000 : "NAND simulator partition 0"
Jul  7 09:14:08 kernel: [    9.578387] ftl_cs: FTL header not found.
Jul  7 09:14:08 kernel: [    9.578544] usbcore: registered new interface driver alauda
Jul  7 09:14:08 kernel: [    9.604006] onenand_wait: timeout! ctrl=0x0000 intr=0x0000
Jul  7 09:14:08 kernel: [    9.604009] OneNAND Manufacturer: Samsung (0xec)
Jul  7 09:14:08 kernel: [    9.604012] OneNAND 16MB 1.8V 16-bit (0x04)
Jul  7 09:14:08 kernel: [    9.604013] OneNAND version = 0x001e
Jul  7 09:14:08 kernel: [    9.604015] Lock scheme is Continuous Lock
Jul  7 09:14:08 kernel: [    9.604023] Scanning device for bad blocks
Jul  7 09:14:08 kernel: [    9.604280] Creating 1 MTD partitions on "OneNAND simulator":
Jul  7 09:14:08 kernel: [    9.604284] 0x000000000000-0x000001000000 : "OneNAND simulator partition"
Jul  7 09:14:08 kernel: [    9.604422] ftl_cs: FTL header not found.
Jul  7 09:14:08 kernel: [    9.604742] Fixed MDIO Bus: probed
Jul  7 09:14:08 kernel: [    9.604762] cnic: Broadcom NetXtreme II CNIC Driver cnic v2.5.10 (March 21, 2012)
Jul  7 09:14:08 kernel: [    9.604827] Fusion MPT base driver 3.04.20
Jul  7 09:14:08 kernel: [    9.604829] Copyright (c) 1999-2008 LSI Corporation
Jul  7 09:14:08 kernel: [    9.604841] Fusion MPT SPI Host driver 3.04.20
Jul  7 09:14:08 kernel: [    9.604864] Fusion MPT FC Host driver 3.04.20
Jul  7 09:14:08 kernel: [    9.604886] Fusion MPT SAS Host driver 3.04.20
Jul  7 09:14:08 kernel: [    9.604908] Fusion MPT misc device (ioctl) driver 3.04.20
Jul  7 09:14:08 kernel: [    9.604935] mptctl: Registered with Fusion MPT base driver
Jul  7 09:14:08 kernel: [    9.604937] mptctl: /dev/mptctl @ (major,minor=10,220)
Jul  7 09:14:08 kernel: [    9.604939] Fusion MPT LAN driver 3.04.20
Jul  7 09:14:08 kernel: [    9.605033] Intel ISA PCIC probe: not found.
Jul  7 09:14:08 kernel: [    9.605094] Databook TCIC-2 PCMCIA probe: not found.
Jul  7 09:14:08 kernel: [    9.605106] ehci_hcd: USB 2.0 'Enhanced' Host Controller (EHCI) Driver
Jul  7 09:14:08 kernel: [    9.605159] ehci_hcd 0000:00:1a.7: setting latency timer to 64
Jul  7 09:14:08 kernel: [    9.605163] ehci_hcd 0000:00:1a.7: EHCI Host Controller
Jul  7 09:14:08 kernel: [    9.605194] ehci_hcd 0000:00:1a.7: new USB bus registered, assigned bus number 1
Jul  7 09:14:08 kernel: [    9.605222] ehci_hcd 0000:00:1a.7: debug port 1
Jul  7 09:14:08 kernel: [    9.609099] ehci_hcd 0000:00:1a.7: cache line size of 64 is not supported
Jul  7 09:14:08 kernel: [    9.609122] ehci_hcd 0000:00:1a.7: irq 22, io mem 0xfe9d9c00
Jul  7 09:14:08 kernel: [    9.615010] ehci_hcd 0000:00:1a.7: USB 2.0 started, EHCI 1.00
Jul  7 09:14:08 kernel: [    9.615045] usb usb1: New USB device found, idVendor=1d6b, idProduct=0002
Jul  7 09:14:08 kernel: [    9.615049] usb usb1: New USB device strings: Mfr=3, Product=2, SerialNumber=1
Jul  7 09:14:08 kernel: [    9.615052] usb usb1: Product: EHCI Host Controller
Jul  7 09:14:08 kernel: [    9.615056] usb usb1: Manufacturer: Linux 3.4.9-KRG-iCore2-smp-pae ehci_hcd
Jul  7 09:14:08 kernel: [    9.615059] usb usb1: SerialNumber: 0000:00:1a.7
Jul  7 09:14:08 kernel: [    9.615175] hub 1-0:1.0: USB hub found
Jul  7 09:14:08 kernel: [    9.615181] hub 1-0:1.0: 6 ports detected
Jul  7 09:14:08 kernel: [    9.615292] ehci_hcd 0000:00:1d.7: setting latency timer to 64
Jul  7 09:14:08 kernel: [    9.615295] ehci_hcd 0000:00:1d.7: EHCI Host Controller
Jul  7 09:14:08 kernel: [    9.615302] ehci_hcd 0000:00:1d.7: new USB bus registered, assigned bus number 2
Jul  7 09:14:08 kernel: [    9.615326] ehci_hcd 0000:00:1d.7: debug port 1
Jul  7 09:14:08 kernel: [    9.619198] ehci_hcd 0000:00:1d.7: cache line size of 64 is not supported
Jul  7 09:14:08 kernel: [    9.619214] ehci_hcd 0000:00:1d.7: irq 23, io mem 0xff980800
Jul  7 09:14:08 kernel: [    9.625010] ehci_hcd 0000:00:1d.7: USB 2.0 started, EHCI 1.00
Jul  7 09:14:08 kernel: [    9.625054] usb usb2: New USB device found, idVendor=1d6b, idProduct=0002
Jul  7 09:14:08 kernel: [    9.625058] usb usb2: New USB device strings: Mfr=3, Product=2, SerialNumber=1
Jul  7 09:14:08 kernel: [    9.625062] usb usb2: Product: EHCI Host Controller
Jul  7 09:14:08 kernel: [    9.625065] usb usb2: Manufacturer: Linux 3.4.9-KRG-iCore2-smp-pae ehci_hcd
Jul  7 09:14:08 kernel: [    9.625068] usb usb2: SerialNumber: 0000:00:1d.7
Jul  7 09:14:08 kernel: [    9.625168] hub 2-0:1.0: USB hub found
Jul  7 09:14:08 kernel: [    9.625172] hub 2-0:1.0: 6 ports detected
Jul  7 09:14:08 kernel: [    9.625270] ohci_hcd: USB 1.1 'Open' Host Controller (OHCI) Driver
Jul  7 09:14:08 kernel: [    9.625298] uhci_hcd: USB Universal Host Controller Interface driver
Jul  7 09:14:08 kernel: [    9.625329] uhci_hcd 0000:00:1a.0: setting latency timer to 64
Jul  7 09:14:08 kernel: [    9.625332] uhci_hcd 0000:00:1a.0: UHCI Host Controller
Jul  7 09:14:08 kernel: [    9.625339] uhci_hcd 0000:00:1a.0: new USB bus registered, assigned bus number 3
Jul  7 09:14:08 kernel: [    9.625370] uhci_hcd 0000:00:1a.0: irq 16, io base 0x0000ff20
Jul  7 09:14:08 kernel: [    9.625405] usb usb3: New USB device found, idVendor=1d6b, idProduct=0001
Jul  7 09:14:08 kernel: [    9.625408] usb usb3: New USB device strings: Mfr=3, Product=2, SerialNumber=1
Jul  7 09:14:08 kernel: [    9.625410] usb usb3: Product: UHCI Host Controller
Jul  7 09:14:08 kernel: [    9.625412] usb usb3: Manufacturer: Linux 3.4.9-KRG-iCore2-smp-pae uhci_hcd
Jul  7 09:14:08 kernel: [    9.625414] usb usb3: SerialNumber: 0000:00:1a.0
Jul  7 09:14:08 kernel: [    9.625497] hub 3-0:1.0: USB hub found
Jul  7 09:14:08 kernel: [    9.625501] hub 3-0:1.0: 2 ports detected
Jul  7 09:14:08 kernel: [    9.625597] uhci_hcd 0000:00:1a.1: setting latency timer to 64
Jul  7 09:14:08 kernel: [    9.625600] uhci_hcd 0000:00:1a.1: UHCI Host Controller
Jul  7 09:14:08 kernel: [    9.625607] uhci_hcd 0000:00:1a.1: new USB bus registered, assigned bus number 4
Jul  7 09:14:08 kernel: [    9.625638] uhci_hcd 0000:00:1a.1: irq 17, io base 0x0000ff00
Jul  7 09:14:08 kernel: [    9.625674] usb usb4: New USB device found, idVendor=1d6b, idProduct=0001
Jul  7 09:14:08 kernel: [    9.625676] usb usb4: New USB device strings: Mfr=3, Product=2, SerialNumber=1
Jul  7 09:14:08 kernel: [    9.625678] usb usb4: Product: UHCI Host Controller
Jul  7 09:14:08 kernel: [    9.625680] usb usb4: Manufacturer: Linux 3.4.9-KRG-iCore2-smp-pae uhci_hcd
Jul  7 09:14:08 kernel: [    9.625682] usb usb4: SerialNumber: 0000:00:1a.1
Jul  7 09:14:08 kernel: [    9.625764] hub 4-0:1.0: USB hub found
Jul  7 09:14:08 kernel: [    9.625769] hub 4-0:1.0: 2 ports detected
Jul  7 09:14:08 kernel: [    9.625859] uhci_hcd 0000:00:1d.0: setting latency timer to 64
Jul  7 09:14:08 kernel: [    9.625862] uhci_hcd 0000:00:1d.0: UHCI Host Controller
Jul  7 09:14:08 kernel: [    9.625871] uhci_hcd 0000:00:1d.0: new USB bus registered, assigned bus number 5
Jul  7 09:14:08 kernel: [    9.625893] uhci_hcd 0000:00:1d.0: irq 23, io base 0x0000ff80
Jul  7 09:14:08 kernel: [    9.625925] usb usb5: New USB device found, idVendor=1d6b, idProduct=0001
Jul  7 09:14:08 kernel: [    9.625928] usb usb5: New USB device strings: Mfr=3, Product=2, SerialNumber=1
Jul  7 09:14:08 kernel: [    9.625930] usb usb5: Product: UHCI Host Controller
Jul  7 09:14:08 kernel: [    9.625932] usb usb5: Manufacturer: Linux 3.4.9-KRG-iCore2-smp-pae uhci_hcd
Jul  7 09:14:08 kernel: [    9.625934] usb usb5: SerialNumber: 0000:00:1d.0
Jul  7 09:14:08 kernel: [    9.626022] hub 5-0:1.0: USB hub found
Jul  7 09:14:08 kernel: [    9.626026] hub 5-0:1.0: 2 ports detected
Jul  7 09:14:08 kernel: [    9.626124] uhci_hcd 0000:00:1d.1: setting latency timer to 64
Jul  7 09:14:08 kernel: [    9.626127] uhci_hcd 0000:00:1d.1: UHCI Host Controller
Jul  7 09:14:08 kernel: [    9.626138] uhci_hcd 0000:00:1d.1: new USB bus registered, assigned bus number 6
Jul  7 09:14:08 kernel: [    9.626159] uhci_hcd 0000:00:1d.1: irq 17, io base 0x0000ff60
Jul  7 09:14:08 kernel: [    9.626191] usb usb6: New USB device found, idVendor=1d6b, idProduct=0001
Jul  7 09:14:08 kernel: [    9.626193] usb usb6: New USB device strings: Mfr=3, Product=2, SerialNumber=1
Jul  7 09:14:08 kernel: [    9.626195] usb usb6: Product: UHCI Host Controller
Jul  7 09:14:08 kernel: [    9.626197] usb usb6: Manufacturer: Linux 3.4.9-KRG-iCore2-smp-pae uhci_hcd
Jul  7 09:14:08 kernel: [    9.626199] usb usb6: SerialNumber: 0000:00:1d.1
Jul  7 09:14:08 kernel: [    9.626282] hub 6-0:1.0: USB hub found
Jul  7 09:14:08 kernel: [    9.626286] hub 6-0:1.0: 2 ports detected
Jul  7 09:14:08 kernel: [    9.626375] uhci_hcd 0000:00:1d.2: setting latency timer to 64
Jul  7 09:14:08 kernel: [    9.626378] uhci_hcd 0000:00:1d.2: UHCI Host Controller
Jul  7 09:14:08 kernel: [    9.626385] uhci_hcd 0000:00:1d.2: new USB bus registered, assigned bus number 7
Jul  7 09:14:08 kernel: [    9.626407] uhci_hcd 0000:00:1d.2: irq 18, io base 0x0000ff40
Jul  7 09:14:08 kernel: [    9.626440] usb usb7: New USB device found, idVendor=1d6b, idProduct=0001
Jul  7 09:14:08 kernel: [    9.626443] usb usb7: New USB device strings: Mfr=3, Product=2, SerialNumber=1
Jul  7 09:14:08 kernel: [    9.626445] usb usb7: Product: UHCI Host Controller
Jul  7 09:14:08 kernel: [    9.626447] usb usb7: Manufacturer: Linux 3.4.9-KRG-iCore2-smp-pae uhci_hcd
Jul  7 09:14:08 kernel: [    9.626449] usb usb7: SerialNumber: 0000:00:1d.2
Jul  7 09:14:08 kernel: [    9.626533] hub 7-0:1.0: USB hub found
Jul  7 09:14:08 kernel: [    9.626537] hub 7-0:1.0: 2 ports detected
Jul  7 09:14:08 kernel: [    9.626664] usbcore: registered new interface driver uas
Jul  7 09:14:08 kernel: [    9.626666] Initializing USB Mass Storage driver...
Jul  7 09:14:08 kernel: [    9.626696] usbcore: registered new interface driver usb-storage
Jul  7 09:14:08 kernel: [    9.626698] USB Mass Storage support registered.
Jul  7 09:14:08 kernel: [    9.626727] usbcore: registered new interface driver libusual
Jul  7 09:14:08 kernel: [    9.626740] usbcore: registered new interface driver ums-cypress
Jul  7 09:14:08 kernel: [    9.626751] usbcore: registered new interface driver ums-datafab
Jul  7 09:14:08 kernel: [    9.626762] usbcore: registered new interface driver ums-freecom
Jul  7 09:14:08 kernel: [    9.626773] usbcore: registered new interface driver ums-isd200
Jul  7 09:14:08 kernel: [    9.626786] usbcore: registered new interface driver ums-realtek
Jul  7 09:14:08 kernel: [    9.626797] usbcore: registered new interface driver ums-usbat
Jul  7 09:14:08 kernel: [    9.626840] i8042: PNP: No PS/2 controller found. Probing ports directly.
Jul  7 09:14:08 kernel: [    9.629651] serio: i8042 KBD port at 0x60,0x64 irq 1
Jul  7 09:14:08 kernel: [    9.629657] serio: i8042 AUX port at 0x60,0x64 irq 12
Jul  7 09:14:08 kernel: [    9.629721] serio: PARKBD AT adapter on parport0
Jul  7 09:14:08 kernel: [    9.629830] mousedev: PS/2 mouse device common for all mice
Jul  7 09:14:08 kernel: [    9.630040] usbcore: registered new interface driver appletouch
Jul  7 09:14:08 kernel: [    9.630057] usbcore: registered new interface driver bcm5974
Jul  7 09:14:08 kernel: [    9.630076] usbcore: registered new interface driver synaptics_usb
Jul  7 09:14:08 kernel: [    9.630088] usbcore: registered new interface driver usb_acecad
Jul  7 09:14:08 kernel: [    9.630100] usbcore: registered new interface driver aiptek
Jul  7 09:14:08 kernel: [    9.630112] usbcore: registered new interface driver gtco
Jul  7 09:14:08 kernel: [    9.630124] usbcore: registered new interface driver hanwang
Jul  7 09:14:08 kernel: [    9.630136] usbcore: registered new interface driver kbtab
Jul  7 09:14:08 kernel: [    9.630153] usbcore: registered new interface driver wacom
Jul  7 09:14:08 kernel: [    9.630311] mk712: device not present
Jul  7 09:14:08 kernel: [    9.630332] usbcore: registered new interface driver usbtouchscreen
Jul  7 09:14:08 kernel: [    9.630467] rtc_cmos 00:05: RTC can wake from S4
Jul  7 09:14:08 kernel: [    9.630572] rtc_cmos 00:05: rtc core: registered rtc_cmos as rtc0
Jul  7 09:14:08 kernel: [    9.630595] rtc0: alarms up to one day, 242 bytes nvram, hpet irqs
Jul  7 09:14:08 kernel: [    9.630602] i2c /dev entries driver
Jul  7 09:14:08 kernel: [    9.630618] md: linear personality registered for level -1
Jul  7 09:14:08 kernel: [    9.630620] md: raid0 personality registered for level 0
Jul  7 09:14:08 kernel: [    9.630622] md: raid1 personality registered for level 1
Jul  7 09:14:08 kernel: [    9.630624] md: raid10 personality registered for level 10
Jul  7 09:14:08 kernel: [    9.630625] md: raid6 personality registered for level 6
Jul  7 09:14:08 kernel: [    9.630627] md: raid5 personality registered for level 5
Jul  7 09:14:08 kernel: [    9.630629] md: raid4 personality registered for level 4
Jul  7 09:14:08 kernel: [    9.630631] md: multipath personality registered for level -4
Jul  7 09:14:08 kernel: [    9.630668] device-mapper: uevent: version 1.0.3
Jul  7 09:14:08 kernel: [    9.630716] device-mapper: ioctl: 4.22.0-ioctl (2011-10-19) initialised: dm-devel@redhat.com
Jul  7 09:14:08 kernel: [    9.630809] device-mapper: multipath: version 1.3.0 loaded
Jul  7 09:14:08 kernel: [    9.630812] device-mapper: multipath round-robin: version 1.0.0 loaded
Jul  7 09:14:08 kernel: [    9.630814] device-mapper: multipath queue-length: version 0.1.0 loaded
Jul  7 09:14:08 kernel: [    9.630816] device-mapper: multipath service-time: version 0.2.0 loaded
Jul  7 09:14:08 kernel: [    9.630863] device-mapper: dm-log-userspace: version 1.1.0 loaded
Jul  7 09:14:08 kernel: [    9.630900] EISA: Probing bus 0 at eisa.0
Jul  7 09:14:08 kernel: [    9.630902] EISA: Cannot allocate resource for mainboard
Jul  7 09:14:08 kernel: [    9.630904] Cannot allocate resource for EISA slot 1
Jul  7 09:14:08 kernel: [    9.630906] Cannot allocate resource for EISA slot 2
Jul  7 09:14:08 kernel: [    9.630908] Cannot allocate resource for EISA slot 3
Jul  7 09:14:08 kernel: [    9.630910] Cannot allocate resource for EISA slot 4
Jul  7 09:14:08 kernel: [    9.630911] Cannot allocate resource for EISA slot 5
Jul  7 09:14:08 kernel: [    9.630913] Cannot allocate resource for EISA slot 6
Jul  7 09:14:08 kernel: [    9.630915] Cannot allocate resource for EISA slot 7
Jul  7 09:14:08 kernel: [    9.630917] Cannot allocate resource for EISA slot 8
Jul  7 09:14:08 kernel: [    9.630918] EISA: Detected 0 cards.
Jul  7 09:14:08 kernel: [    9.630920] cpuidle: using governor ladder
Jul  7 09:14:08 kernel: [    9.630922] cpuidle: using governor menu
Jul  7 09:14:08 kernel: [    9.630939] sdhci: Secure Digital Host Controller Interface driver
Jul  7 09:14:08 kernel: [    9.630941] sdhci: Copyright(c) Pierre Ossman
Jul  7 09:14:08 kernel: [    9.630959] wbsd: Winbond W83L51xD SD/MMC card interface driver
Jul  7 09:14:08 kernel: [    9.630960] wbsd: Copyright(c) Pierre Ossman
Jul  7 09:14:08 kernel: [    9.630990] via_sdmmc: VIA SD/MMC Card Reader driver (C) 2008 VIA Technologies, Inc.
Jul  7 09:14:08 kernel: [    9.631011] VUB300 Driver rom wait states = 1C irqpoll timeout = 0400
Jul  7 09:14:08 kernel: [    9.631070] usbcore: registered new interface driver vub300
Jul  7 09:14:08 kernel: [    9.631082] usbcore: registered new interface driver ushc
Jul  7 09:14:08 kernel: [    9.631084] sdhci-pltfm: SDHCI platform and OF driver helper
Jul  7 09:14:08 kernel: [    9.631087] No iBFT detected.
Jul  7 09:14:08 kernel: [    9.631166] hv_vmbus: registering driver hid_hyperv
Jul  7 09:14:08 kernel: [    9.631421] usbcore: registered new interface driver usbhid
Jul  7 09:14:08 kernel: [    9.631422] usbhid: USB HID core driver
Jul  7 09:14:08 kernel: [    9.631424] zram: num_devices not specified. Using default: 1
Jul  7 09:14:08 kernel: [    9.631426] zram: Creating 1 devices ...
Jul  7 09:14:08 kernel: [    9.631847] Using IPI No-Shortcut mode
Jul  7 09:14:08 kernel: [    9.631934] registered taskstats version 1
Jul  7 09:14:08 kernel: [    9.632083] IMA: No TPM chip found, activating TPM-bypass!
Jul  7 09:14:08 kernel: [    9.632378] register_blkdev: cannot get major 3 for hd
Jul  7 09:14:08 kernel: [    9.632430] rtc_cmos 00:05: setting system clock to 2013-07-07 10:13:50 UTC (1373192030)
Jul  7 09:14:08 kernel: [    9.632440] BIOS EDD facility v0.16 2004-Jun-25, 2 devices found
Jul  7 09:14:08 kernel: [    9.873016] ata6: SATA link down (SStatus 4 SControl 300)
Jul  7 09:14:08 kernel: [    9.932022] usb 2-3: new high-speed USB device number 2 using ehci_hcd
Jul  7 09:14:08 kernel: [   10.027023] ata2: SATA link up 1.5 Gbps (SStatus 113 SControl 300)
Jul  7 09:14:08 kernel: [   10.027041] ata1: SATA link up 3.0 Gbps (SStatus 123 SControl 300)
Jul  7 09:14:08 kernel: [   10.027418] ata2.00: ATAPI: PLDS DVD-ROM DH-16D3S, SD11, max UDMA/100
Jul  7 09:14:08 kernel: [   10.028014] ata4: SATA link up 1.5 Gbps (SStatus 113 SControl 300)
Jul  7 09:14:08 kernel: [   10.028028] ata3: SATA link up 3.0 Gbps (SStatus 123 SControl 300)
Jul  7 09:14:08 kernel: [   10.028290] ata1.00: ATA-8: ST500DM002-1BD142, KC45, max UDMA/133
Jul  7 09:14:08 kernel: [   10.028295] ata1.00: 976773168 sectors, multi 0: LBA48 NCQ (depth 31/32)
Jul  7 09:14:08 kernel: [   10.028636] ata3.00: ATA-8: ST1000DM003-9YN162, CC4H, max UDMA/133
Jul  7 09:14:08 kernel: [   10.028641] ata3.00: 1953525168 sectors, multi 0: LBA48 NCQ (depth 31/32), AA
Jul  7 09:14:08 kernel: [   10.028966] ata2.00: configured for UDMA/100
Jul  7 09:14:08 kernel: [   10.029182] ata3.00: configured for UDMA/133
Jul  7 09:14:08 kernel: [   10.029802] ata1.00: configured for UDMA/133
Jul  7 09:14:08 kernel: [   10.029951] scsi 3:0:0:0: Direct-Access     ATA      ST500DM002-1BD14 KC45 PQ: 0 ANSI: 5
Jul  7 09:14:08 kernel: [   10.030080] sd 3:0:0:0: [sdb] 976773168 512-byte logical blocks: (500 GB/465 GiB)
Jul  7 09:14:08 kernel: [   10.030083] sd 3:0:0:0: [sdb] 4096-byte physical blocks
Jul  7 09:14:08 kernel: [   10.030112] sd 3:0:0:0: Attached scsi generic sg1 type 0
Jul  7 09:14:08 kernel: [   10.030145] sd 3:0:0:0: [sdb] Write Protect is off
Jul  7 09:14:08 kernel: [   10.030147] sd 3:0:0:0: [sdb] Mode Sense: 00 3a 00 00
Jul  7 09:14:08 kernel: [   10.030174] sd 3:0:0:0: [sdb] Write cache: enabled, read cache: enabled, doesn't support DPO or FUA
Jul  7 09:14:08 kernel: [   10.030725] ata4.00: ATAPI: HL-DT-STDVD-RAM GH10L, FX00, max UDMA/100
Jul  7 09:14:08 kernel: [   10.032930] scsi 4:0:0:0: CD-ROM            PLDS     DVD-ROM DH-16D3S SD11 PQ: 0 ANSI: 5
Jul  7 09:14:08 kernel: [   10.034701] ata4.00: configured for UDMA/100
Jul  7 09:14:08 kernel: [   10.035517] sr0: scsi3-mmc drive: 48x/48x cd/rw xa/form2 cdda tray
Jul  7 09:14:08 kernel: [   10.035521] cdrom: Uniform CD-ROM driver Revision: 3.20
Jul  7 09:14:08 kernel: [   10.035633] sr 4:0:0:0: Attached scsi CD-ROM sr0
Jul  7 09:14:08 kernel: [   10.035683] sr 4:0:0:0: Attached scsi generic sg2 type 5
Jul  7 09:14:08 kernel: [   10.035795] scsi 5:0:0:0: Direct-Access     ATA      ST1000DM003-9YN1 CC4H PQ: 0 ANSI: 5
Jul  7 09:14:08 kernel: [   10.035900] sd 5:0:0:0: [sdc] 1953525168 512-byte logical blocks: (1.00 TB/931 GiB)
Jul  7 09:14:08 kernel: [   10.035903] sd 5:0:0:0: [sdc] 4096-byte physical blocks
Jul  7 09:14:08 kernel: [   10.035921] sd 5:0:0:0: Attached scsi generic sg3 type 0
Jul  7 09:14:08 kernel: [   10.035958] sd 5:0:0:0: [sdc] Write Protect is off
Jul  7 09:14:08 kernel: [   10.035960] sd 5:0:0:0: [sdc] Mode Sense: 00 3a 00 00
Jul  7 09:14:08 kernel: [   10.035988] sd 5:0:0:0: [sdc] Write cache: enabled, read cache: enabled, doesn't support DPO or FUA
Jul  7 09:14:08 kernel: [   10.047383] usb 2-3: New USB device found, idVendor=05e3, idProduct=0608
Jul  7 09:14:08 kernel: [   10.047388] usb 2-3: New USB device strings: Mfr=0, Product=1, SerialNumber=0
Jul  7 09:14:08 kernel: [   10.047391] usb 2-3: Product: USB2.0 Hub
Jul  7 09:14:08 kernel: [   10.047801] hub 2-3:1.0: USB hub found
Jul  7 09:14:08 kernel: [   10.048134] hub 2-3:1.0: 4 ports detected
Jul  7 09:14:08 kernel: [   10.093378]  sdb: sdb1 sdb2 sdb3 sdb4 < sdb5 sdb6 sdb7 sdb8 sdb9 >
Jul  7 09:14:08 kernel: [   10.093848] sd 3:0:0:0: [sdb] Attached SCSI disk
Jul  7 09:14:08 kernel: [   10.151859] scsi 6:0:0:0: CD-ROM            HL-DT-ST DVD-RAM GH10L    FX00 PQ: 0 ANSI: 5
Jul  7 09:14:08 kernel: [   10.251032]  sdc: sdc1 sdc2 sdc3 sdc4 < sdc5 sdc6 sdc7 sdc8 sdc9 sdc10 sdc11 sdc12 sdc13 sdc14 sdc15 sdc16 sdc17 sdc18 sdc19 sdc20 sdc21 sdc22 >
Jul  7 09:14:08 kernel: [   10.251903] sd 5:0:0:0: [sdc] Attached SCSI disk
Jul  7 09:14:08 kernel: [   10.262312] sr1: scsi3-mmc drive: 40x/40x writer dvd-ram cd/rw xa/form2 cdda tray
Jul  7 09:14:08 kernel: [   10.262421] sr 6:0:0:0: Attached scsi CD-ROM sr1
Jul  7 09:14:08 kernel: [   10.262473] sr 6:0:0:0: Attached scsi generic sg4 type 5
Jul  7 09:14:08 kernel: [   10.410022] usb 7-2: new full-speed USB device number 2 using uhci_hcd
Jul  7 09:14:08 kernel: [   10.423305] md: Waiting for all devices to be available before autodetect
Jul  7 09:14:08 kernel: [   10.423307] md: If you don't use raid, use raid=noautodetect
Jul  7 09:14:08 kernel: [   10.423432] md: Autodetecting RAID arrays.
Jul  7 09:14:08 kernel: [   10.423434] md: Scanned 0 and added 0 devices.
Jul  7 09:14:08 kernel: [   10.423436] md: autorun ...
Jul  7 09:14:08 kernel: [   10.423437] md: ... autorun DONE.
Jul  7 09:14:08 kernel: [   10.429250] EXT3-fs (sdc6): error: couldn't mount because of unsupported optional features (240)
Jul  7 09:14:08 kernel: [   10.434141] EXT2-fs (sdc6): error: couldn't mount because of unsupported optional features (240)
Jul  7 09:14:08 kernel: [   10.476846] EXT4-fs (sdc6): mounted filesystem with ordered data mode. Opts: (null)
Jul  7 09:14:08 kernel: [   10.476853] VFS: Mounted root (ext4 filesystem) readonly on device 259:557056.
Jul  7 09:14:08 kernel: [   10.498541] devtmpfs: mounted
Jul  7 09:14:08 kernel: [   10.498646] Freeing unused kernel memory: 796k freed
Jul  7 09:14:08 kernel: [   10.578445] usb 7-2: New USB device found, idVendor=413c, idProduct=1003
Jul  7 09:14:08 kernel: [   10.578451] usb 7-2: New USB device strings: Mfr=1, Product=2, SerialNumber=0
Jul  7 09:14:08 kernel: [   10.578455] usb 7-2: Product: Dell USB Keyboard Hub
Jul  7 09:14:08 kernel: [   10.578458] usb 7-2: Manufacturer: Dell
Jul  7 09:14:08 kernel: [   10.586464] hub 7-2:1.0: USB hub found
Jul  7 09:14:08 kernel: [   10.587447] hub 7-2:1.0: 3 ports detected
Jul  7 09:14:08 kernel: [   10.666263] usb 2-3.2: new high-speed USB device number 4 using ehci_hcd
Jul  7 09:14:08 kernel: [   10.763254] usb 2-3.2: New USB device found, idVendor=12d1, idProduct=1001
Jul  7 09:14:08 kernel: [   10.763258] usb 2-3.2: New USB device strings: Mfr=2, Product=1, SerialNumber=0
Jul  7 09:14:08 kernel: [   10.763261] usb 2-3.2: Product: HUAWEI Mobile
Jul  7 09:14:08 kernel: [   10.763263] usb 2-3.2: Manufacturer: HUAWEI Technology
Jul  7 09:14:08 kernel: [   10.779842] EXT4-fs (sdc6): re-mounted. Opts: data=ordered
Jul  7 09:14:08 kernel: [   10.871401] scsi14 : usb-storage 2-3.2:1.3
Jul  7 09:14:08 kernel: [   10.872275] scsi15 : usb-storage 2-3.2:1.4
Jul  7 09:14:08 kernel: [   10.939446] usb 7-2.1: new full-speed USB device number 3 using uhci_hcd
Jul  7 09:14:08 kernel: [   11.064443] usb 7-2.1: New USB device found, idVendor=413c, idProduct=2010
Jul  7 09:14:08 kernel: [   11.064448] usb 7-2.1: New USB device strings: Mfr=1, Product=3, SerialNumber=0
Jul  7 09:14:08 kernel: [   11.064451] usb 7-2.1: Product: Dell USB Keyboard
Jul  7 09:14:08 kernel: [   11.064455] usb 7-2.1: Manufacturer: Dell
Jul  7 09:14:08 kernel: [   11.074890] input: Dell Dell USB Keyboard as /devices/pci0000:00/0000:00:1d.2/usb7/7-2/7-2.1/7-2.1:1.0/input/input0
Jul  7 09:14:08 kernel: [   11.074955] generic-usb 0003:413C:2010.0001: input,hidraw0: USB HID v1.10 Keyboard [Dell Dell USB Keyboard] on usb-0000:00:1d.2-2.1/input0
Jul  7 09:14:08 kernel: [   11.082514] input: Dell Dell USB Keyboard as /devices/pci0000:00/0000:00:1d.2/usb7/7-2/7-2.1/7-2.1:1.1/input/input1
Jul  7 09:14:08 kernel: [   11.082582] generic-usb 0003:413C:2010.0002: input,hidraw1: USB HID v1.10 Device [Dell Dell USB Keyboard] on usb-0000:00:1d.2-2.1/input1
Jul  7 09:14:08 kernel: [   11.148446] usb 7-2.3: new low-speed USB device number 4 using uhci_hcd
Jul  7 09:14:08 kernel: [   11.271443] usb 7-2.3: New USB device found, idVendor=062a, idProduct=6301
Jul  7 09:14:08 kernel: [   11.271447] usb 7-2.3: New USB device strings: Mfr=1, Product=2, SerialNumber=0
Jul  7 09:14:08 kernel: [   11.271451] usb 7-2.3: Product: Wireless Mouse
Jul  7 09:14:08 kernel: [   11.271454] usb 7-2.3: Manufacturer: Mosart
Jul  7 09:14:08 kernel: [   11.330215] input: Mosart Wireless Mouse as /devices/pci0000:00/0000:00:1d.2/usb7/7-2/7-2.3/7-2.3:1.0/input/input2
Jul  7 09:14:08 kernel: [   11.330326] generic-usb 0003:062A:6301.0003: input,hiddev0,hidraw2: USB HID v1.10 Mouse [Mosart Wireless Mouse] on usb-0000:00:1d.2-2.3/input0
Jul  7 09:14:08 kernel: [   11.875522] scsi 14:0:0:0: CD-ROM            HUAWEI   Mass Storage     2.31 PQ: 0 ANSI: 2
Jul  7 09:14:08 kernel: [   11.877536] scsi 15:0:0:0: Direct-Access     HUAWEI   MMC Storage      2.31 PQ: 0 ANSI: 2
Jul  7 09:14:08 kernel: [   11.877708] sd 15:0:0:0: Attached scsi generic sg5 type 0
Jul  7 09:14:08 kernel: [   11.882646] sd 15:0:0:0: [sdd] 3897344 512-byte logical blocks: (1.99 GB/1.85 GiB)
Jul  7 09:14:08 kernel: [   11.885521] sd 15:0:0:0: [sdd] Write Protect is off
Jul  7 09:14:08 kernel: [   11.885526] sd 15:0:0:0: [sdd] Mode Sense: 0f 0e 00 00
Jul  7 09:14:08 kernel: [   11.886395] sr2: scsi-1 drive
Jul  7 09:14:08 kernel: [   11.886507] sr 14:0:0:0: Attached scsi CD-ROM sr2
Jul  7 09:14:08 kernel: [   11.886569] sr 14:0:0:0: Attached scsi generic sg6 type 5
Jul  7 09:14:08 kernel: [   11.888524] sd 15:0:0:0: [sdd] Write cache: enabled, read cache: enabled, doesn't support DPO or FUA
Jul  7 09:14:08 kernel: [   11.908766]  sdd: sdd1
Jul  7 09:14:08 kernel: [   11.923394] sd 15:0:0:0: [sdd] Attached SCSI removable disk
Jul  7 09:14:08 kernel: [   11.980367] NET: Registered protocol family 1
Jul  7 09:14:08 kernel: [   17.981545] EXT4-fs (sdc6): re-mounted. Opts: data=ordered
Jul  7 09:14:08 kernel: [   18.714856] EXT4-fs (sdc6): re-mounted. Opts: data=ordered
Jul  7 09:14:08 kernel: [   20.189623] dynamic_debug:ddebug_exec_queries: processed 1 queries, with 3 matches, 0 errs
Jul  7 09:14:08 udevd[837]: add_to_rules: invalid SUBSYSTEMS operation
Jul  7 09:14:08 udevd[837]: add_to_rules: invalid rule '/etc/udev/rules.d/z_hal-plugdev.rules:2'
Jul  7 09:14:08 udevd[837]: add_to_rules: invalid SUBSYSTEMS operation
Jul  7 09:14:08 udevd[837]: add_to_rules: invalid rule '/etc/udev/rules.d/z_hal-plugdev.rules:4'
Jul  7 09:14:08 kernel: [   27.524698] udevd (838): /proc/838/oom_adj is deprecated, please use /proc/838/oom_score_adj instead.
Jul  7 09:14:08 kernel: [   27.524707] udevd version 124 started
Jul  7 09:14:09 kernel: [   28.453122] ACPI: Requesting acpi_cpufreq
Jul  7 09:14:11 kernel: [   30.948774] mei: module is from the staging directory, the quality is unknown, you have been warned.
Jul  7 09:14:11 kernel: [   30.955051] mei 0000:00:03.0: setting latency timer to 64
Jul  7 09:14:11 kernel: [   30.955098] mei 0000:00:03.0: irq 42 for MSI/MSI-X
Jul  7 09:14:12 kernel: [   31.465346] e1000e: Intel(R) PRO/1000 Network Driver - 1.9.5-k
Jul  7 09:14:12 kernel: [   31.465349] e1000e: Copyright(c) 1999 - 2012 Intel Corporation.
Jul  7 09:14:12 kernel: [   31.465688] e1000e 0000:00:19.0: setting latency timer to 64
Jul  7 09:14:12 kernel: [   31.465759] e1000e 0000:00:19.0: (unregistered net_device): Interrupt Throttling Rate (ints/sec) set to dynamic conservative mode
Jul  7 09:14:12 kernel: [   31.465794] e1000e 0000:00:19.0: irq 43 for MSI/MSI-X
Jul  7 09:14:12 kernel: [   31.730970] pci_hotplug: PCI Hot Plug PCI Core version: 0.5
Jul  7 09:14:12 kernel: [   31.762984] e1000e 0000:00:19.0: eth0: (PCI Express:2.5GT/s:Width x1) 00:23:ae:62:26:44
Jul  7 09:14:12 kernel: [   31.762987] e1000e 0000:00:19.0: eth0: Intel(R) PRO/1000 Network Connection
Jul  7 09:14:12 kernel: [   31.763021] e1000e 0000:00:19.0: eth0: MAC: 7, PHY: 6, PBA No: 1041FF-0FF
Jul  7 09:14:12 kernel: [   31.763436] shpchp: Standard Hot Plug PCI Controller Driver version: 0.4
Jul  7 09:14:12 kernel: [   31.978932] snd_hda_intel 0000:00:1b.0: irq 44 for MSI/MSI-X
Jul  7 09:14:13 kernel: [   32.408853] iTCO_vendor_support: vendor-support=0
Jul  7 09:14:13 kernel: [   32.409457] iTCO_wdt: Intel TCO WatchDog Timer Driver v1.07
Jul  7 09:14:13 kernel: [   32.409866] iTCO_wdt: unable to reset NO_REBOOT flag, device disabled by hardware/BIOS
Jul  7 09:14:13 kernel: [   33.130295] input: PC Speaker as /devices/platform/pcspkr/input/input3
Jul  7 09:14:15 kernel: [   34.713927] usbcore: registered new interface driver usbserial
Jul  7 09:14:15 kernel: [   34.713943] usbcore: registered new interface driver usbserial_generic
Jul  7 09:14:15 kernel: [   34.713955] USB Serial support registered for generic
Jul  7 09:14:15 kernel: [   34.713986] usbserial: USB Serial Driver core
Jul  7 09:14:15 kernel: [   34.715749] usbcore: registered new interface driver option
Jul  7 09:14:15 kernel: [   34.716101] USB Serial support registered for GSM modem (1-port)
Jul  7 09:14:15 kernel: [   34.716155] option 2-3.2:1.0: GSM modem (1-port) converter detected
Jul  7 09:14:15 kernel: [   34.716246] usb 2-3.2: GSM modem (1-port) converter now attached to ttyUSB0
Jul  7 09:14:15 kernel: [   34.716263] option 2-3.2:1.1: GSM modem (1-port) converter detected
Jul  7 09:14:15 kernel: [   34.716317] usb 2-3.2: GSM modem (1-port) converter now attached to ttyUSB1
Jul  7 09:14:15 kernel: [   34.716331] option 2-3.2:1.2: GSM modem (1-port) converter detected
Jul  7 09:14:15 kernel: [   34.716382] usb 2-3.2: GSM modem (1-port) converter now attached to ttyUSB2
Jul  7 09:14:19 modprobe: FATAL: Module usb_storage not found.
Jul  7 09:14:19 modprobe: FATAL: Module nls_cp437 not found.
Jul  7 09:14:19 modprobe: FATAL: Module nls_iso8859_1 not found.
Jul  7 09:14:19 modprobe: FATAL: Module fuse not found.
Jul  7 09:14:19 modprobe: FATAL: Module unionfs not found.
Jul  7 09:14:19 modprobe: FATAL: Module squashfs not found.
Jul  7 09:14:19 kernel: [   39.042759] Adding 3911792k swap on /dev/sdb5.  Priority:-1 extents:1 across:3911792k 
Jul  7 09:14:19 kernel: [   39.046835] Adding 4867656k swap on /dev/sdc11.  Priority:-2 extents:1 across:4867656k 
Jul  7 09:14:20 kernel: [   39.724380] Adding 4867656k swap on /dev/sdc12.  Priority:-3 extents:1 across:4867656k 
Jul  7 09:14:20 kernel: [   39.939969] Adding 4859624k swap on /dev/sdc21.  Priority:-4 extents:1 across:4859624k 
Jul  7 09:14:21 kernel: [   40.792211] Adding 4859624k swap on /dev/sdc22.  Priority:-5 extents:1 across:4859624k 
Jul  7 10:14:34 udevinfo[6747]: udev_db_get_device: found a symlink as db file
Jul  7 10:14:40 kernel: [   59.874154] warning: `pure-ftpd' uses 32-bit capabilities (legacy support in use)
Jul  7 10:14:40 kernel: [   59.970023] NET: Registered protocol family 10
Jul  7 10:14:41 kernel: [   60.715734] ip_tables: (C) 2000-2006 Netfilter Core Team
Jul  7 10:14:41 kernel: [   60.753735] nf_conntrack version 0.5.0 (16384 buckets, 65536 max)
Jul  7 10:14:42 kernel: [   62.332838] autofs: called with bogus options
Jul  7 10:14:44 init: starting pid 8355, tty '': '/etc/rc.d/rc.launchxwin'
Jul  7 10:14:44 init: starting pid 8356, tty '/dev/tty1': '/sbin/getty -n -l /bin/autologinroot 38400 tty1'
Jul  7 10:14:44 init: starting pid 8357, tty '/dev/tty2': '/sbin/getty -n -l /bin/autologinroot 38400 tty2'
Jul  7 10:14:44 init: starting pid 8359, tty '/dev/tty3': '/sbin/getty -n -l /bin/autologinroot 38400 tty3'
Jul  7 10:14:44 init: starting pid 8366, tty '/dev/tty4': '/sbin/getty -n -l /bin/autologinroot 38400 tty4'
Jul  7 10:14:44 init: starting pid 8372, tty '/dev/tty5': '/sbin/getty 38400 tty5'
Jul  7 10:14:44 init: starting pid 8377, tty '/dev/tty6': '/sbin/getty 38400 tty6'
Jul  7 10:14:44 login[8366]: root login on 'tty4'
Jul  7 10:14:44 login[8356]: root login on 'tty1'
Jul  7 10:14:44 login[8357]: root login on 'tty2'
Jul  7 10:14:44 login[8359]: root login on 'tty3'
Jul  7 10:14:51 saslauthd[8969]: set_auth_mech   : unknown authentication mechanism: pam
Jul  7 10:14:51 dicod[8986]: /usr/bin/dicod: /usr/lib/libidn.so.11: no version information available (required by /usr/lib/libgsasl.so.7)
Jul  7 10:14:53 dicod[8985]: dicod (GNU dico 2.1) started
Jul  7 10:14:53 dicod[8991]: cannot bind to 10.10.10.1:2628: Cannot assign requested address
Jul  7 10:14:53 dicod[8991]: cannot unlink file /var/run/dict: Permission denied
Jul  7 10:14:53 dicod[8991]: No sockets opened
Jul  7 10:15:00 hal.hotplug[9773]: SEQNUM is not set
Jul  7 10:15:00 hal.hotplug[9797]: SEQNUM is not set
Jul  7 10:15:00 hal.hotplug[9821]: SEQNUM is not set
Jul  7 10:15:00 hal.hotplug[9845]: SEQNUM is not set
Jul  7 10:15:00 hal.hotplug[9869]: SEQNUM is not set
Jul  7 10:15:00 hal.hotplug[9893]: SEQNUM is not set
Jul  7 10:15:00 hal.hotplug[9917]: SEQNUM is not set
Jul  7 10:15:00 hal.hotplug[9941]: SEQNUM is not set
Jul  7 10:15:00 hal.hotplug[9965]: SEQNUM is not set
Jul  7 10:15:00 hal.hotplug[9989]: SEQNUM is not set
Jul  7 10:15:00 hal.hotplug[10013]: SEQNUM is not set
Jul  7 10:15:01 hal.hotplug[10037]: SEQNUM is not set
Jul  7 10:15:01 hal.hotplug[10061]: SEQNUM is not set
Jul  7 10:15:01 hal.hotplug[10085]: SEQNUM is not set
Jul  7 10:15:01 hal.hotplug[10109]: SEQNUM is not set
Jul  7 10:15:01 hal.hotplug[10133]: SEQNUM is not set
Jul  7 10:15:01 hal.hotplug[10157]: SEQNUM is not set
Jul  7 10:15:01 hal.hotplug[10181]: SEQNUM is not set
Jul  7 10:15:01 hal.hotplug[10205]: SEQNUM is not set
Jul  7 10:15:01 hal.hotplug[10229]: SEQNUM is not set
Jul  7 10:15:05 sensord: sensord started
Jul  7 10:15:05 sensord: Chip: coretemp-isa-0000
Jul  7 10:15:05 sensord: Adapter: ISA adapter
Jul  7 10:15:05 sensord:   Core 0: 38.0 C
Jul  7 10:15:05 sensord:   Core 1: 38.0 C
Jul  7 10:15:18 kernel: [   98.303126] mtrr: type mismatch for d07e0000,10000 old: write-back new: write-combining
Jul  7 10:15:18 kernel: [   98.303141] mtrr: type mismatch for d07c0000,20000 old: write-back new: write-combining
Jul  7 10:15:18 kernel: [   98.303154] mtrr: type mismatch for d0780000,40000 old: write-back new: write-combining
Jul  7 10:15:18 kernel: [   98.303167] mtrr: type mismatch for d0700000,80000 old: write-back new: write-combining
Jul  7 10:15:18 kernel: [   98.303180] mtrr: type mismatch for d0600000,100000 old: write-back new: write-combining
Jul  7 10:15:18 kernel: [   98.303199] mtrr: type mismatch for d0400000,200000 old: write-back new: write-combining
Jul  7 10:15:18 kernel: [   98.303212] mtrr: type mismatch for d0000000,400000 old: write-back new: write-combining
Jul  7 10:15:20 kernel: [  100.297796] input: Power Button as /devices/LNXSYSTM:00/device:00/PNP0C0C:00/input/input4
Jul  7 10:15:20 kernel: [  100.297840] ACPI: Power Button [VBTN]
Jul  7 10:15:20 kernel: [  100.297904] input: Power Button as /devices/LNXSYSTM:00/LNXPWRBN:00/input/input5
Jul  7 10:15:20 kernel: [  100.297932] ACPI: Power Button [PWRF]
Jul  7 10:15:20 acpid[11761]: /proc/acpi/event: Device or resource busy
Jul  7 10:15:35 kernel: [  114.649465] disktype: sending ioctl 5305 to a partition!
Jul  7 10:15:35 kernel: [  114.649469] disktype: sending ioctl 5305 to a partition!
Jul  7 10:15:35 kernel: [  114.679566] disktype: sending ioctl 5305 to a partition!
Jul  7 10:15:35 kernel: [  114.679570] disktype: sending ioctl 5305 to a partition!
Jul  7 10:15:35 kernel: [  114.736308] disktype: sending ioctl 5305 to a partition!
Jul  7 10:15:35 kernel: [  114.736312] disktype: sending ioctl 5305 to a partition!
Jul  7 10:15:35 kernel: [  114.776209] disktype: sending ioctl 5305 to a partition!
Jul  7 10:15:35 kernel: [  114.776213] disktype: sending ioctl 5305 to a partition!
Jul  7 10:15:35 kernel: [  114.810224] disktype: sending ioctl 5305 to a partition!
Jul  7 10:15:35 kernel: [  114.810228] disktype: sending ioctl 5305 to a partition!
Jul  7 10:17:35 kernel: [  234.919126] scsi_verify_blk_ioctl: 50 callbacks suppressed
Jul  7 10:17:35 kernel: [  234.919129] disktype: sending ioctl 5305 to a partition!
Jul  7 10:17:35 kernel: [  234.919132] disktype: sending ioctl 5305 to a partition!
Jul  7 10:17:35 kernel: [  234.949328] disktype: sending ioctl 5305 to a partition!
Jul  7 10:17:35 kernel: [  234.949332] disktype: sending ioctl 5305 to a partition!
Jul  7 10:17:35 kernel: [  234.977201] disktype: sending ioctl 5305 to a partition!
Jul  7 10:17:35 kernel: [  234.977205] disktype: sending ioctl 5305 to a partition!
Jul  7 10:17:35 kernel: [  235.024221] disktype: sending ioctl 5305 to a partition!
Jul  7 10:17:35 kernel: [  235.024225] disktype: sending ioctl 5305 to a partition!
Jul  7 10:17:35 kernel: [  235.053209] disktype: sending ioctl 5305 to a partition!
Jul  7 10:17:35 kernel: [  235.053213] disktype: sending ioctl 5305 to a partition!
Jul  7 10:17:40 kernel: [  239.963227] scsi_verify_blk_ioctl: 6 callbacks suppressed
Jul  7 10:17:40 kernel: [  239.963230] disktype: sending ioctl 5305 to a partition!
Jul  7 10:17:40 kernel: [  239.963232] disktype: sending ioctl 5305 to a partition!
Jul  7 10:17:40 kernel: [  240.007198] disktype: sending ioctl 5305 to a partition!
Jul  7 10:17:40 kernel: [  240.007202] disktype: sending ioctl 5305 to a partition!
Jul  7 10:17:40 kernel: [  240.038207] disktype: sending ioctl 5305 to a partition!
Jul  7 10:17:40 kernel: [  240.038210] disktype: sending ioctl 5305 to a partition!
Jul  7 10:17:40 kernel: [  240.078238] disktype: sending ioctl 5305 to a partition!
Jul  7 10:17:40 kernel: [  240.078242] disktype: sending ioctl 5305 to a partition!
Jul  7 10:17:40 kernel: [  240.108324] disktype: sending ioctl 5305 to a partition!
Jul  7 10:17:40 kernel: [  240.108327] disktype: sending ioctl 5305 to a partition!
Jul  7 10:17:48 kernel: [  247.894708] scsi_verify_blk_ioctl: 32 callbacks suppressed
Jul  7 10:17:48 kernel: [  247.894711] disktype: sending ioctl 5305 to a partition!
Jul  7 10:17:48 kernel: [  247.894714] disktype: sending ioctl 5305 to a partition!
Jul  7 10:19:02 kernel: [  322.065209] geany[20715]: segfault at 28 ip 080c3814 sp bfcff744 error 4 in geany-orig[8048000+16c000]
Jul  7 10:19:34 kernel: [  353.665216] geany[21508]: segfault at 28 ip 080c3814 sp bfda2a14 error 4 in geany-orig[8048000+16c000]
Jul  7 10:43:17 kernel: [ 1777.055206] disktype: sending ioctl 5305 to a partition!
Jul  7 10:43:17 kernel: [ 1777.055210] disktype: sending ioctl 5305 to a partition!
Jul  7 10:43:17 kernel: [ 1777.092252] disktype: sending ioctl 5305 to a partition!
Jul  7 10:43:17 kernel: [ 1777.092256] disktype: sending ioctl 5305 to a partition!
Jul  7 10:43:17 kernel: [ 1777.119218] disktype: sending ioctl 5305 to a partition!
Jul  7 10:43:17 kernel: [ 1777.119221] disktype: sending ioctl 5305 to a partition!
Jul  7 10:43:17 kernel: [ 1777.160212] disktype: sending ioctl 5305 to a partition!
Jul  7 10:43:17 kernel: [ 1777.160216] disktype: sending ioctl 5305 to a partition!
Jul  7 10:43:17 kernel: [ 1777.193255] disktype: sending ioctl 5305 to a partition!
Jul  7 10:43:17 kernel: [ 1777.193259] disktype: sending ioctl 5305 to a partition!
Jul  7 10:45:05 sensord: Chip: coretemp-isa-0000
Jul  7 10:45:05 sensord: Adapter: ISA adapter
Jul  7 10:45:05 sensord:   Core 0: 36.0 C
Jul  7 10:45:05 sensord:   Core 1: 37.0 C
Jul  7 10:58:45 kernel: [ 2704.550214] scsi_verify_blk_ioctl: 6 callbacks suppressed
Jul  7 10:58:45 kernel: [ 2704.550218] disktype: sending ioctl 5305 to a partition!
Jul  7 10:58:45 kernel: [ 2704.550220] disktype: sending ioctl 5305 to a partition!
Jul  7 10:58:45 kernel: [ 2704.578221] disktype: sending ioctl 5305 to a partition!
Jul  7 10:58:45 kernel: [ 2704.578225] disktype: sending ioctl 5305 to a partition!
Jul  7 10:58:45 kernel: [ 2704.617252] disktype: sending ioctl 5305 to a partition!
Jul  7 10:58:45 kernel: [ 2704.617256] disktype: sending ioctl 5305 to a partition!
Jul  7 10:58:45 kernel: [ 2704.653246] disktype: sending ioctl 5305 to a partition!
Jul  7 10:58:45 kernel: [ 2704.653251] disktype: sending ioctl 5305 to a partition!
Jul  7 10:58:45 kernel: [ 2704.679204] disktype: sending ioctl 5305 to a partition!
Jul  7 10:58:45 kernel: [ 2704.679208] disktype: sending ioctl 5305 to a partition!
Jul  7 10:59:27 kernel: [ 2747.324216] scsi_verify_blk_ioctl: 6 callbacks suppressed
Jul  7 10:59:27 kernel: [ 2747.324219] disktype: sending ioctl 5305 to a partition!
Jul  7 10:59:27 kernel: [ 2747.324221] disktype: sending ioctl 5305 to a partition!
Jul  7 10:59:27 kernel: [ 2747.359294] disktype: sending ioctl 5305 to a partition!
Jul  7 10:59:27 kernel: [ 2747.359298] disktype: sending ioctl 5305 to a partition!
Jul  7 10:59:27 kernel: [ 2747.396230] disktype: sending ioctl 5305 to a partition!
Jul  7 10:59:27 kernel: [ 2747.396234] disktype: sending ioctl 5305 to a partition!
Jul  7 10:59:27 kernel: [ 2747.431355] disktype: sending ioctl 5305 to a partition!
Jul  7 10:59:27 kernel: [ 2747.431359] disktype: sending ioctl 5305 to a partition!
Jul  7 10:59:27 kernel: [ 2747.461264] disktype: sending ioctl 5305 to a partition!
Jul  7 10:59:27 kernel: [ 2747.461267] disktype: sending ioctl 5305 to a partition!
Jul  7 11:05:51 kernel: [ 3130.731866] scsi_verify_blk_ioctl: 6 callbacks suppressed
Jul  7 11:05:51 kernel: [ 3130.731870] disktype: sending ioctl 5305 to a partition!
Jul  7 11:05:51 kernel: [ 3130.731872] disktype: sending ioctl 5305 to a partition!
Jul  7 11:05:51 kernel: [ 3130.759297] disktype: sending ioctl 5305 to a partition!
Jul  7 11:05:51 kernel: [ 3130.759301] disktype: sending ioctl 5305 to a partition!
Jul  7 11:05:51 kernel: [ 3130.785596] disktype: sending ioctl 5305 to a partition!
Jul  7 11:05:51 kernel: [ 3130.785600] disktype: sending ioctl 5305 to a partition!
Jul  7 11:05:51 kernel: [ 3130.829232] disktype: sending ioctl 5305 to a partition!
Jul  7 11:05:51 kernel: [ 3130.829236] disktype: sending ioctl 5305 to a partition!
Jul  7 11:05:51 kernel: [ 3130.858075] disktype: sending ioctl 5305 to a partition!
Jul  7 11:05:51 kernel: [ 3130.858078] disktype: sending ioctl 5305 to a partition!
Jul  7 11:09:20 kernel: [ 3339.688221] scsi_verify_blk_ioctl: 6 callbacks suppressed
Jul  7 11:09:20 kernel: [ 3339.688224] disktype: sending ioctl 5305 to a partition!
Jul  7 11:09:20 kernel: [ 3339.688227] disktype: sending ioctl 5305 to a partition!
Jul  7 11:09:20 kernel: [ 3339.744274] disktype: sending ioctl 5305 to a partition!
Jul  7 11:09:20 kernel: [ 3339.744278] disktype: sending ioctl 5305 to a partition!
Jul  7 11:09:20 kernel: [ 3339.773968] disktype: sending ioctl 5305 to a partition!
Jul  7 11:09:20 kernel: [ 3339.773971] disktype: sending ioctl 5305 to a partition!
Jul  7 11:09:20 kernel: [ 3339.806341] disktype: sending ioctl 5305 to a partition!
Jul  7 11:09:20 kernel: [ 3339.806345] disktype: sending ioctl 5305 to a partition!
Jul  7 11:09:20 kernel: [ 3339.842220] disktype: sending ioctl 5305 to a partition!
Jul  7 11:09:20 kernel: [ 3339.842224] disktype: sending ioctl 5305 to a partition!
Jul  7 11:10:25 kernel: [ 3404.759476] scsi_verify_blk_ioctl: 6 callbacks suppressed
Jul  7 11:10:25 kernel: [ 3404.759479] disktype: sending ioctl 5305 to a partition!
Jul  7 11:10:25 kernel: [ 3404.759482] disktype: sending ioctl 5305 to a partition!
Jul  7 11:10:25 kernel: [ 3404.789849] disktype: sending ioctl 5305 to a partition!
Jul  7 11:10:25 kernel: [ 3404.789852] disktype: sending ioctl 5305 to a partition!
Jul  7 11:10:25 kernel: [ 3404.851241] disktype: sending ioctl 5305 to a partition!
Jul  7 11:10:25 kernel: [ 3404.851245] disktype: sending ioctl 5305 to a partition!
Jul  7 11:10:25 kernel: [ 3404.902460] disktype: sending ioctl 5305 to a partition!
Jul  7 11:10:25 kernel: [ 3404.902465] disktype: sending ioctl 5305 to a partition!
Jul  7 11:10:25 kernel: [ 3404.945168] disktype: sending ioctl 5305 to a partition!
Jul  7 11:10:25 kernel: [ 3404.945172] disktype: sending ioctl 5305 to a partition!
Jul  7 11:14:16 kernel: [ 3636.284231] scsi_verify_blk_ioctl: 6 callbacks suppressed
Jul  7 11:14:16 kernel: [ 3636.284234] disktype: sending ioctl 5305 to a partition!
Jul  7 11:14:16 kernel: [ 3636.284237] disktype: sending ioctl 5305 to a partition!
Jul  7 11:14:16 kernel: [ 3636.337253] disktype: sending ioctl 5305 to a partition!
Jul  7 11:14:16 kernel: [ 3636.337257] disktype: sending ioctl 5305 to a partition!
Jul  7 11:14:16 kernel: [ 3636.367228] disktype: sending ioctl 5305 to a partition!
Jul  7 11:14:16 kernel: [ 3636.367232] disktype: sending ioctl 5305 to a partition!
Jul  7 11:14:16 kernel: [ 3636.417395] disktype: sending ioctl 5305 to a partition!
Jul  7 11:14:16 kernel: [ 3636.417399] disktype: sending ioctl 5305 to a partition!
Jul  7 11:14:16 kernel: [ 3636.443980] disktype: sending ioctl 5305 to a partition!
Jul  7 11:14:16 kernel: [ 3636.443983] disktype: sending ioctl 5305 to a partition!
Jul  7 11:14:34 kernel: [ 3654.109662] scsi_verify_blk_ioctl: 6 callbacks suppressed
Jul  7 11:14:34 kernel: [ 3654.109665] disktype: sending ioctl 5305 to a partition!
Jul  7 11:14:34 kernel: [ 3654.109668] disktype: sending ioctl 5305 to a partition!
Jul  7 11:14:34 kernel: [ 3654.169224] disktype: sending ioctl 5305 to a partition!
Jul  7 11:14:34 kernel: [ 3654.169228] disktype: sending ioctl 5305 to a partition!
Jul  7 11:14:34 kernel: [ 3654.231253] disktype: sending ioctl 5305 to a partition!
Jul  7 11:14:34 kernel: [ 3654.231257] disktype: sending ioctl 5305 to a partition!
Jul  7 11:14:34 kernel: [ 3654.273211] disktype: sending ioctl 5305 to a partition!
Jul  7 11:14:34 kernel: [ 3654.273215] disktype: sending ioctl 5305 to a partition!
Jul  7 11:14:34 kernel: [ 3654.308244] disktype: sending ioctl 5305 to a partition!
Jul  7 11:14:34 kernel: [ 3654.308248] disktype: sending ioctl 5305 to a partition!
Jul  7 11:14:44 kernel: [ 3663.865330] scsi_verify_blk_ioctl: 6 callbacks suppressed
Jul  7 11:14:44 kernel: [ 3663.865333] disktype: sending ioctl 5305 to a partition!
Jul  7 11:14:44 kernel: [ 3663.865335] disktype: sending ioctl 5305 to a partition!
Jul  7 11:14:44 kernel: [ 3663.896232] disktype: sending ioctl 5305 to a partition!
Jul  7 11:14:44 kernel: [ 3663.896236] disktype: sending ioctl 5305 to a partition!
Jul  7 11:14:44 kernel: [ 3663.917706] disktype: sending ioctl 5305 to a partition!
Jul  7 11:14:44 kernel: [ 3663.917710] disktype: sending ioctl 5305 to a partition!
Jul  7 11:14:44 kernel: [ 3663.959224] disktype: sending ioctl 5305 to a partition!
Jul  7 11:14:44 kernel: [ 3663.959228] disktype: sending ioctl 5305 to a partition!
Jul  7 11:14:44 kernel: [ 3663.990226] disktype: sending ioctl 5305 to a partition!
Jul  7 11:14:44 kernel: [ 3663.990229] disktype: sending ioctl 5305 to a partition!
Jul  7 11:15:05 sensord: Chip: coretemp-isa-0000
Jul  7 11:15:05 sensord: Adapter: ISA adapter
Jul  7 11:15:05 sensord:   Core 0: 36.0 C
Jul  7 11:15:05 sensord:   Core 1: 37.0 C
Jul  7 11:35:48 kernel: [ 4928.399970] EXT4-fs (sdc6): re-mounted. Opts: data=ordered
Jul  7 11:36:18 kernel: [ 4958.127320] EXT4-fs (sdc6): re-mounted. Opts: data=ordered
Jul  7 11:37:42 kernel: [ 5042.122316] EXT4-fs (sdc6): re-mounted. Opts: data=ordered
Jul  7 11:38:54 kernel: [ 5114.311486] EXT4-fs (sdc6): re-mounted. Opts: data=ordered
Jul  7 11:43:09 kernel: [ 5368.771468] EXT4-fs (sdc6): re-mounted. Opts: data=ordered
Jul  7 11:45:05 sensord: Chip: coretemp-isa-0000
Jul  7 11:45:05 sensord: Adapter: ISA adapter
Jul  7 11:45:05 sensord:   Core 0: 36.0 C
Jul  7 11:45:05 sensord:   Core 1: 37.0 C
Jul  7 11:56:42 kernel: [ 6182.122039] EXT4-fs (sdc6): re-mounted. Opts: data=ordered
Jul  7 11:57:37 kernel: [ 6236.694537] EXT4-fs (sdc6): re-mounted. Opts: data=ordered
Jul  7 12:00:46 kernel: [ 6425.981726] EXT4-fs (sdc6): re-mounted. Opts: data=ordered
Jul  7 12:02:51 kernel: [ 6551.020667] EXT4-fs (sdc6): re-mounted. Opts: data=ordered
Jul  7 12:15:05 sensord: Chip: coretemp-isa-0000
Jul  7 12:15:05 sensord: Adapter: ISA adapter
Jul  7 12:15:05 sensord:   Core 0: 36.0 C
Jul  7 12:15:05 sensord:   Core 1: 37.0 C
Jul  7 12:23:54 kernel: [ 7814.251680] PPP generic driver version 2.4.2
Jul  7 12:23:54 pppd[17394]: pppd options in effect:
Jul  7 12:23:54 pppd[17394]: debug		# (from /etc/ppp/options)
Jul  7 12:23:54 pppd[17394]: nodetach		# (from /etc/ppp/peers/gprsmm)
Jul  7 12:23:54 pppd[17394]: dump		# (from /etc/ppp/peers/gprsmm)
Jul  7 12:23:54 pppd[17394]: noauth		# (from /etc/ppp/peers/gprsmm)
Jul  7 12:23:54 pppd[17394]: name barney		# (from /etc/ppp/options)
Jul  7 12:23:54 pppd[17394]: user gprsuser		# (from /etc/ppp/peers/gprsmm)
Jul  7 12:23:54 pppd[17394]: /dev/ttyUSB0		# (from /etc/ppp/peers/gprsmm)
Jul  7 12:23:54 pppd[17394]: 115200		# (from /etc/ppp/peers/gprsmm)
Jul  7 12:23:54 pppd[17394]: lock		# (from /etc/ppp/options)
Jul  7 12:23:54 pppd[17394]: connect /etc/ppp/peers/gprs-connect-chatmm		# (from /etc/ppp/peers/gprsmm)
Jul  7 12:23:54 pppd[17394]: disconnect /etc/ppp/peers/gprs-disconnect-chatmm		# (from /etc/ppp/peers/gprsmm)
Jul  7 12:23:54 pppd[17394]: crtscts		# (from /etc/ppp/peers/gprsmm)
Jul  7 12:23:54 pppd[17394]: local		# (from /etc/ppp/peers/gprsmm)
Jul  7 12:23:54 pppd[17394]: asyncmap 0		# (from /etc/ppp/options)
Jul  7 12:23:54 pppd[17394]: lcp-echo-failure 3		# (from /etc/ppp/peers/gprsmm)
Jul  7 12:23:54 pppd[17394]: lcp-echo-interval 20		# (from /etc/ppp/peers/gprsmm)
Jul  7 12:23:54 pppd[17394]: novj		# (from /etc/ppp/peers/gprsmm)
Jul  7 12:23:54 pppd[17394]: novjccomp		# (from /etc/ppp/peers/gprsmm)
Jul  7 12:23:54 pppd[17394]: ipcp-accept-local		# (from /etc/ppp/peers/gprsmm)
Jul  7 12:23:54 pppd[17394]: ipcp-accept-remote		# (from /etc/ppp/peers/gprsmm)
Jul  7 12:23:54 pppd[17394]: noipdefault		# (from /etc/ppp/peers/gprsmm)
Jul  7 12:23:54 pppd[17394]: defaultroute		# (from /etc/ppp/peers/gprsmm)
Jul  7 12:23:54 pppd[17394]: usepeerdns		# (from /etc/ppp/peers/gprsmm)
Jul  7 12:23:54 pppd[17394]: :10.0.0.1		# (from /etc/ppp/peers/gprsmm)
Jul  7 12:23:54 pppd[17394]: nobsdcomp		# (from /etc/ppp/peers/gprsmm)
Jul  7 12:23:54 pppd[17394]: nodeflate		# (from /etc/ppp/peers/gprsmm)
Jul  7 12:23:54 pppd[17394]: pppd 2.4.5 started by root, uid 0
Jul  7 12:23:54 chat[17412]: timeout set to 10 seconds
Jul  7 12:23:54 chat[17412]: abort on (\nBUSY\r)
Jul  7 12:23:54 chat[17412]: abort on (\nNO ANSWER\r)
Jul  7 12:23:54 chat[17412]: abort on (\nNO CARRIER\r)
Jul  7 12:23:54 chat[17412]: abort on (\nNO DIALTONE\r)
Jul  7 12:23:54 chat[17412]: abort on (\nRINGING\r\n\r\nRINGING\r)
Jul  7 12:23:54 chat[17412]: send (rAT^M)
Jul  7 12:23:54 chat[17412]: timeout set to 12 seconds
Jul  7 12:23:54 chat[17412]: expect (OK)
Jul  7 12:23:54 chat[17412]: ^M
Jul  7 12:23:54 chat[17412]: OK
Jul  7 12:23:54 chat[17412]:  -- got it
Jul  7 12:23:54 chat[17412]: send (AT+CPIN="7015"^M)
Jul  7 12:23:54 chat[17412]: expect (O)
Jul  7 12:23:54 chat[17412]: ^M
Jul  7 12:23:55 chat[17412]: ^M
Jul  7 12:23:55 chat[17412]: O
Jul  7 12:23:55 chat[17412]:  -- got it
Jul  7 12:23:55 chat[17412]: send (AT+CGDCONT=1,"IP","internet.t-mobile"^M)
Jul  7 12:23:55 chat[17412]: abort on (\nERROR\r)
Jul  7 12:23:55 chat[17412]: expect (OK)
Jul  7 12:23:55 chat[17412]: K^M
Jul  7 12:23:55 chat[17412]: ^M
Jul  7 12:23:55 chat[17412]: OK
Jul  7 12:23:55 chat[17412]:  -- got it
Jul  7 12:23:55 chat[17412]: send (ATH^M)
Jul  7 12:23:55 chat[17412]: expect (OK)
Jul  7 12:23:55 chat[17412]: ^M
Jul  7 12:23:55 chat[17412]: OK
Jul  7 12:23:55 chat[17412]:  -- got it
Jul  7 12:23:55 chat[17412]: send (ATE1^M)
Jul  7 12:23:55 chat[17412]: expect (OK)
Jul  7 12:23:55 chat[17412]: ^M
Jul  7 12:23:55 chat[17412]: OK
Jul  7 12:23:55 chat[17412]:  -- got it
Jul  7 12:23:55 chat[17412]: send (AT+CSQ^M)
Jul  7 12:23:55 chat[17412]: expect (+CSQ)
Jul  7 12:23:55 chat[17412]: ^M
Jul  7 12:23:55 chat[17412]: AT+CSQ
Jul  7 12:23:55 chat[17412]:  -- got it
Jul  7 12:23:55 chat[17412]: send (ATD*99#^M)
Jul  7 12:23:55 chat[17412]: timeout set to 22 seconds
Jul  7 12:23:55 chat[17412]: expect (CONNECT)
Jul  7 12:23:55 chat[17412]: ^M^M
Jul  7 12:23:55 chat[17412]: +CSQ: 19,99^M
Jul  7 12:23:55 chat[17412]: ^M
Jul  7 12:23:55 chat[17412]: OK^M
Jul  7 12:23:55 chat[17412]: ATD*99#^M^M
Jul  7 12:23:55 chat[17412]: NO CARRIER^M
Jul  7 12:23:55 chat[17412]:  -- failed
Jul  7 12:23:55 chat[17412]: Failed ( NO CARRIER^M)
Jul  7 12:23:55 pppd[17394]: Script /etc/ppp/peers/gprs-connect-chatmm finished (pid 17412), status = 0x6
Jul  7 12:23:55 pppd[17394]: Connect script failed
Jul  7 12:23:55 pppd[17394]: Exit.
Jul  7 12:24:05 pppd[17687]: pppd options in effect:
Jul  7 12:24:05 pppd[17687]: debug		# (from /etc/ppp/options)
Jul  7 12:24:05 pppd[17687]: nodetach		# (from /etc/ppp/peers/gprsmm)
Jul  7 12:24:05 pppd[17687]: dump		# (from /etc/ppp/peers/gprsmm)
Jul  7 12:24:05 pppd[17687]: noauth		# (from /etc/ppp/peers/gprsmm)
Jul  7 12:24:05 pppd[17687]: name barney		# (from /etc/ppp/options)
Jul  7 12:24:05 pppd[17687]: user gprsuser		# (from /etc/ppp/peers/gprsmm)
Jul  7 12:24:05 pppd[17687]: /dev/ttyUSB0		# (from /etc/ppp/peers/gprsmm)
Jul  7 12:24:05 pppd[17687]: 115200		# (from /etc/ppp/peers/gprsmm)
Jul  7 12:24:05 pppd[17687]: lock		# (from /etc/ppp/options)
Jul  7 12:24:05 pppd[17687]: connect /etc/ppp/peers/gprs-connect-chatmm		# (from /etc/ppp/peers/gprsmm)
Jul  7 12:24:05 pppd[17687]: disconnect /etc/ppp/peers/gprs-disconnect-chatmm		# (from /etc/ppp/peers/gprsmm)
Jul  7 12:24:05 pppd[17687]: crtscts		# (from /etc/ppp/peers/gprsmm)
Jul  7 12:24:05 pppd[17687]: local		# (from /etc/ppp/peers/gprsmm)
Jul  7 12:24:05 pppd[17687]: asyncmap 0		# (from /etc/ppp/options)
Jul  7 12:24:05 pppd[17687]: lcp-echo-failure 3		# (from /etc/ppp/peers/gprsmm)
Jul  7 12:24:05 pppd[17687]: lcp-echo-interval 20		# (from /etc/ppp/peers/gprsmm)
Jul  7 12:24:05 pppd[17687]: novj		# (from /etc/ppp/peers/gprsmm)
Jul  7 12:24:05 pppd[17687]: novjccomp		# (from /etc/ppp/peers/gprsmm)
Jul  7 12:24:05 pppd[17687]: ipcp-accept-local		# (from /etc/ppp/peers/gprsmm)
Jul  7 12:24:05 pppd[17687]: ipcp-accept-remote		# (from /etc/ppp/peers/gprsmm)
Jul  7 12:24:05 pppd[17687]: noipdefault		# (from /etc/ppp/peers/gprsmm)
Jul  7 12:24:05 pppd[17687]: defaultroute		# (from /etc/ppp/peers/gprsmm)
Jul  7 12:24:05 pppd[17687]: usepeerdns		# (from /etc/ppp/peers/gprsmm)
Jul  7 12:24:05 pppd[17687]: :10.0.0.1		# (from /etc/ppp/peers/gprsmm)
Jul  7 12:24:05 pppd[17687]: nobsdcomp		# (from /etc/ppp/peers/gprsmm)
Jul  7 12:24:05 pppd[17687]: nodeflate		# (from /etc/ppp/peers/gprsmm)
Jul  7 12:24:05 pppd[17687]: pppd 2.4.5 started by root, uid 0
Jul  7 12:24:05 chat[17689]: timeout set to 10 seconds
Jul  7 12:24:05 chat[17689]: abort on (\nBUSY\r)
Jul  7 12:24:05 chat[17689]: abort on (\nNO ANSWER\r)
Jul  7 12:24:05 chat[17689]: abort on (\nNO CARRIER\r)
Jul  7 12:24:05 chat[17689]: abort on (\nNO DIALTONE\r)
Jul  7 12:24:05 chat[17689]: abort on (\nRINGING\r\n\r\nRINGING\r)
Jul  7 12:24:05 chat[17689]: send (rAT^M)
Jul  7 12:24:05 chat[17689]: timeout set to 12 seconds
Jul  7 12:24:05 chat[17689]: expect (OK)
Jul  7 12:24:05 chat[17689]: AT^M^M
Jul  7 12:24:05 chat[17689]: OK
Jul  7 12:24:05 chat[17689]:  -- got it
Jul  7 12:24:05 chat[17689]: send (AT+CPIN="7015"^M)
Jul  7 12:24:05 chat[17689]: expect (O)
Jul  7 12:24:05 chat[17689]: ^M
Jul  7 12:24:05 chat[17689]: AT+CPIN="7015"^M^M
Jul  7 12:24:05 chat[17689]: ERRO
Jul  7 12:24:05 chat[17689]:  -- got it
Jul  7 12:24:05 chat[17689]: send (AT+CGDCONT=1,"IP","internet.t-mobile"^M)
Jul  7 12:24:05 chat[17689]: abort on (\nERROR\r)
Jul  7 12:24:05 chat[17689]: expect (OK)
Jul  7 12:24:05 chat[17689]: R^M
Jul  7 12:24:05 chat[17689]: AT+CGDCONT=1,"IP","internet.t-mobile"^M^M
Jul  7 12:24:05 chat[17689]: OK
Jul  7 12:24:05 chat[17689]:  -- got it
Jul  7 12:24:05 chat[17689]: send (ATH^M)
Jul  7 12:24:05 chat[17689]: expect (OK)
Jul  7 12:24:05 chat[17689]: ^M
Jul  7 12:24:05 chat[17689]: ATH^M^M
Jul  7 12:24:05 chat[17689]: OK
Jul  7 12:24:05 chat[17689]:  -- got it
Jul  7 12:24:05 chat[17689]: send (ATE1^M)
Jul  7 12:24:05 chat[17689]: expect (OK)
Jul  7 12:24:05 chat[17689]: ^M
Jul  7 12:24:05 chat[17689]: ATE1^M^M
Jul  7 12:24:05 chat[17689]: OK
Jul  7 12:24:05 chat[17689]:  -- got it
Jul  7 12:24:05 chat[17689]: send (AT+CSQ^M)
Jul  7 12:24:05 chat[17689]: expect (+CSQ)
Jul  7 12:24:05 chat[17689]: ^M
Jul  7 12:24:05 chat[17689]: AT+CSQ
Jul  7 12:24:05 chat[17689]:  -- got it
Jul  7 12:24:05 chat[17689]: send (ATD*99#^M)
Jul  7 12:24:05 chat[17689]: timeout set to 22 seconds
Jul  7 12:24:05 chat[17689]: expect (CONNECT)
Jul  7 12:24:05 chat[17689]: ^M^M
Jul  7 12:24:05 chat[17689]: +CSQ: 19,99^M
Jul  7 12:24:05 chat[17689]: ^M
Jul  7 12:24:05 chat[17689]: OK^M
Jul  7 12:24:05 chat[17689]: ATD*99#^M^M
Jul  7 12:24:05 chat[17689]: CONNECT
Jul  7 12:24:05 chat[17689]:  -- got it
Jul  7 12:24:05 chat[17689]: send ()
Jul  7 12:24:05 pppd[17687]: Script /etc/ppp/peers/gprs-connect-chatmm finished (pid 17689), status = 0x0
Jul  7 12:24:05 pppd[17687]: Serial connection established.
Jul  7 12:24:05 pppd[17687]: using channel 1
Jul  7 12:24:05 pppd[17687]: Using interface ppp0
Jul  7 12:24:05 pppd[17687]: Connect: ppp0 <--> /dev/ttyUSB0
Jul  7 12:24:06 pppd[17687]: sent [LCP ConfReq id=0x1 <asyncmap 0x0> <magic 0x8cee0f50> <pcomp> <accomp>]
Jul  7 12:24:06 pppd[17687]: rcvd [LCP ConfReq id=0x0 <asyncmap 0x0> <auth chap MD5> <magic 0xe28959> <pcomp> <accomp>]
Jul  7 12:24:06 pppd[17687]: sent [LCP ConfNak id=0x0 <auth pap>]
Jul  7 12:24:06 pppd[17687]: rcvd [LCP ConfAck id=0x1 <asyncmap 0x0> <magic 0x8cee0f50> <pcomp> <accomp>]
Jul  7 12:24:06 pppd[17687]: rcvd [LCP ConfReq id=0x1 <asyncmap 0x0> <auth pap> <magic 0xe28959> <pcomp> <accomp>]
Jul  7 12:24:06 pppd[17687]: sent [LCP ConfAck id=0x1 <asyncmap 0x0> <auth pap> <magic 0xe28959> <pcomp> <accomp>]
Jul  7 12:24:06 pppd[17687]: sent [LCP EchoReq id=0x0 magic=0x8cee0f50]
Jul  7 12:24:06 pppd[17687]: sent [PAP AuthReq id=0x1 user="gprsuser" password=<hidden>]
Jul  7 12:24:06 pppd[17687]: rcvd [LCP DiscReq id=0x2 magic=0xe28959]
Jul  7 12:24:06 pppd[17687]: rcvd [LCP EchoRep id=0x0 magic=0xe28959 8c ee 0f 50]
Jul  7 12:24:06 pppd[17687]: rcvd [PAP AuthAck id=0x1 ""]
Jul  7 12:24:06 pppd[17687]: PAP authentication succeeded
Jul  7 12:24:06 pppd[17687]: sent [IPCP ConfReq id=0x1 <addr 0.0.0.0> <ms-dns1 0.0.0.0> <ms-dns2 0.0.0.0>]
Jul  7 12:24:07 pppd[17687]: rcvd [IPCP ConfReq id=0x0]
Jul  7 12:24:07 pppd[17687]: sent [IPCP ConfNak id=0x0 <addr 10.0.0.1>]
Jul  7 12:24:07 pppd[17687]: rcvd [IPCP ConfNak id=0x1 <addr 10.171.216.105> <ms-dns1 10.74.210.210> <ms-dns2 10.74.210.211>]
Jul  7 12:24:07 pppd[17687]: sent [IPCP ConfReq id=0x2 <addr 10.171.216.105> <ms-dns1 10.74.210.210> <ms-dns2 10.74.210.211>]
Jul  7 12:24:07 pppd[17687]: rcvd [IPCP ConfReq id=0x1]
Jul  7 12:24:07 pppd[17687]: sent [IPCP ConfAck id=0x1]
Jul  7 12:24:07 pppd[17687]: rcvd [IPCP ConfAck id=0x2 <addr 10.171.216.105> <ms-dns1 10.74.210.210> <ms-dns2 10.74.210.211>]
Jul  7 12:24:07 pppd[17687]: local  IP address 10.171.216.105
Jul  7 12:24:07 pppd[17687]: remote IP address 10.0.0.1
Jul  7 12:24:07 pppd[17687]: primary   DNS address 10.74.210.210
Jul  7 12:24:07 pppd[17687]: secondary DNS address 10.74.210.211
Jul  7 12:45:05 sensord: Chip: coretemp-isa-0000
Jul  7 12:45:05 sensord: Adapter: ISA adapter
Jul  7 12:45:05 sensord:   Core 0: 37.0 C
Jul  7 12:45:05 sensord:   Core 1: 37.0 C
Jul  7 13:10:46 kernel: [10626.173937] scsi_verify_blk_ioctl: 48 callbacks suppressed
Jul  7 13:10:46 kernel: [10626.173940] disktype: sending ioctl 5305 to a partition!
Jul  7 13:10:46 kernel: [10626.173943] disktype: sending ioctl 5305 to a partition!
Jul  7 13:10:46 kernel: [10626.340483] EXT4-fs (sdb2): mounted filesystem with ordered data mode. Opts: 
Jul  7 13:15:05 sensord: Chip: coretemp-isa-0000
Jul  7 13:15:05 sensord: Adapter: ISA adapter
Jul  7 13:15:05 sensord:   Core 0: 36.0 C
Jul  7 13:15:05 sensord:   Core 1: 37.0 C
Jul  7 13:23:15 kernel: [11375.030199] ISO 9660 Extensions: RRIP_1991A
Jul  7 13:45:05 sensord: Chip: coretemp-isa-0000
Jul  7 13:45:05 sensord: Adapter: ISA adapter
Jul  7 13:45:05 sensord:   Core 0: 37.0 C
Jul  7 13:45:05 sensord:   Core 1: 37.0 C
Jul  7 14:15:05 sensord: Chip: coretemp-isa-0000
Jul  7 14:15:05 sensord: Adapter: ISA adapter
Jul  7 14:15:05 sensord:   Core 0: 39.0 C
Jul  7 14:15:05 sensord:   Core 1: 39.0 C
Jul  7 14:45:05 sensord: Chip: coretemp-isa-0000
Jul  7 14:45:05 sensord: Adapter: ISA adapter
Jul  7 14:45:05 sensord:   Core 0: 36.0 C
Jul  7 14:45:05 sensord:   Core 1: 37.0 C
Jul  7 14:51:57 pppd[17687]: Terminating on signal 2
Jul  7 14:51:57 pppd[17687]: Connect time 147.9 minutes.
Jul  7 14:51:57 pppd[17687]: Sent 2697398 bytes, received 31335121 bytes.
Jul  7 14:51:57 pppd[17687]: sent [LCP TermReq id=0x2 "User request"]
Jul  7 14:51:57 pppd[17687]: rcvd [LCP TermAck id=0x2]
Jul  7 14:51:57 pppd[17687]: Connection terminated.
Jul  7 14:51:58 pppd[17687]: Script /etc/ppp/peers/gprs-disconnect-chatmm finished (pid 27529), status = 0x0
Jul  7 14:51:58 pppd[17687]: Serial link disconnected.
Jul  7 14:51:58 pppd[17687]: Exit.
Jul  7 14:54:26 kernel: [16846.496042] busybox: sending ioctl 4c01 to a partition!
Jul  7 14:54:26 kernel: [16846.496045] busybox: sending ioctl 4c01 to a partition!
Jul  7 14:58:24 init: process '/sbin/getty -n -l /bin/autologinroot 38400 tty1' (pid 8356) exited. Scheduling for restart.
Jul  7 14:58:24 init: starting pid 3932, tty '/dev/tty1': '/sbin/getty -n -l /bin/autologinroot 38400 tty1'
Jul  7 14:58:24 login[3932]: root login on 'tty1'
Jul  7 14:58:25 init: process '/sbin/getty -n -l /bin/autologinroot 38400 tty2' (pid 8357) exited. Scheduling for restart.
Jul  7 14:58:25 init: starting pid 4032, tty '/dev/tty2': '/sbin/getty -n -l /bin/autologinroot 38400 tty2'
Jul  7 14:58:25 login[4032]: root login on 'tty2'
Jul  7 14:58:26 init: process '/sbin/getty -n -l /bin/autologinroot 38400 tty3' (pid 8359) exited. Scheduling for restart.
Jul  7 14:58:26 init: starting pid 4164, tty '/dev/tty3': '/sbin/getty -n -l /bin/autologinroot 38400 tty3'
Jul  7 14:58:26 login[4164]: root login on 'tty3'
Jul  7 14:58:27 init: process '/sbin/getty -n -l /bin/autologinroot 38400 tty4' (pid 8366) exited. Scheduling for restart.
Jul  7 14:58:27 init: starting pid 4296, tty '/dev/tty4': '/sbin/getty -n -l /bin/autologinroot 38400 tty4'
Jul  7 14:58:27 login[4296]: root login on 'tty4'
Jul  7 14:58:44 sensord: sensord stopped
Jul  7 14:58:47 syslogd exiting
Jul  7 22:31:07 syslogd started: BusyBox v1.18.3
Jul  7 22:31:07 kernel: klogd started: BusyBox v1.18.3 (2011-05-01 19:45:13 CEST)
Jul  7 22:31:07 kernel: [    0.000000] Linux version 3.4.9-KRG-iCore2-smp-pae (root@puppypc) (gcc version 4.2.2) #5 SMP Wed Sep 12 16:20:00 GMT+1 2012
Jul  7 22:31:07 kernel: [    0.000000] BIOS-provided physical RAM map:
Jul  7 22:31:07 kernel: [    0.000000]  BIOS-e820: 0000000000000000 - 000000000009e400 (usable)
Jul  7 22:31:07 kernel: [    0.000000]  BIOS-e820: 00000000000f0000 - 0000000000100000 (reserved)
Jul  7 22:31:07 kernel: [    0.000000]  BIOS-e820: 0000000000100000 - 00000000cf3ff800 (usable)
Jul  7 22:31:07 kernel: [    0.000000]  BIOS-e820: 00000000cf3ff800 - 00000000cf453c00 (ACPI NVS)
Jul  7 22:31:07 kernel: [    0.000000]  BIOS-e820: 00000000cf453c00 - 00000000cf455c00 (ACPI data)
Jul  7 22:31:07 kernel: [    0.000000]  BIOS-e820: 00000000cf455c00 - 00000000d0000000 (reserved)
Jul  7 22:31:07 kernel: [    0.000000]  BIOS-e820: 00000000e0000000 - 00000000f0000000 (reserved)
Jul  7 22:31:07 kernel: [    0.000000]  BIOS-e820: 00000000fec00000 - 00000000fed00400 (reserved)
Jul  7 22:31:07 kernel: [    0.000000]  BIOS-e820: 00000000fed20000 - 00000000feda0000 (reserved)
Jul  7 22:31:07 kernel: [    0.000000]  BIOS-e820: 00000000fee00000 - 00000000fef00000 (reserved)
Jul  7 22:31:07 kernel: [    0.000000]  BIOS-e820: 00000000ffb00000 - 0000000100000000 (reserved)
Jul  7 22:31:07 kernel: [    0.000000]  BIOS-e820: 0000000100000000 - 0000000128000000 (usable)
Jul  7 22:31:07 kernel: [    0.000000] NX (Execute Disable) protection: active
Jul  7 22:31:07 kernel: [    0.000000] DMI 2.5 present.
Jul  7 22:31:07 kernel: [    0.000000] DMI: Dell Inc. OptiPlex 755                 /0GM819, BIOS A11 08/04/2008
Jul  7 22:31:07 kernel: [    0.000000] e820 update range: 0000000000000000 - 0000000000010000 (usable) ==> (reserved)
Jul  7 22:31:07 kernel: [    0.000000] e820 remove range: 00000000000a0000 - 0000000000100000 (usable)
Jul  7 22:31:07 kernel: [    0.000000] last_pfn = 0x128000 max_arch_pfn = 0x1000000
Jul  7 22:31:07 kernel: [    0.000000] MTRR default type: uncachable
Jul  7 22:31:07 kernel: [    0.000000] MTRR fixed ranges enabled:
Jul  7 22:31:07 kernel: [    0.000000]   00000-9FFFF write-back
Jul  7 22:31:07 kernel: [    0.000000]   A0000-BFFFF uncachable
Jul  7 22:31:07 kernel: [    0.000000]   C0000-CFFFF write-protect
Jul  7 22:31:07 kernel: [    0.000000]   D0000-EFFFF uncachable
Jul  7 22:31:07 kernel: [    0.000000]   F0000-FFFFF write-protect
Jul  7 22:31:07 kernel: [    0.000000] MTRR variable ranges enabled:
Jul  7 22:31:07 kernel: [    0.000000]   0 base 000000000 mask 000000000 write-back
Jul  7 22:31:07 kernel: [    0.000000]   1 base 0CF600000 mask FFFE00000 uncachable
Jul  7 22:31:07 kernel: [    0.000000]   2 base 0CF800000 mask FFF800000 uncachable
Jul  7 22:31:07 kernel: [    0.000000]   3 base 0CF500000 mask FFFF00000 uncachable
Jul  7 22:31:07 kernel: [    0.000000]   4 base 0D0000000 mask FF0000000 uncachable
Jul  7 22:31:07 kernel: [    0.000000]   5 base 0E0000000 mask FE0000000 uncachable
Jul  7 22:31:07 kernel: [    0.000000]   6 disabled
Jul  7 22:31:07 kernel: [    0.000000]   7 disabled
Jul  7 22:31:07 kernel: [    0.000000] x86 PAT enabled: cpu 0, old 0x7040600070406, new 0x7010600070106
Jul  7 22:31:07 kernel: [    0.000000] original variable MTRRs
Jul  7 22:31:07 kernel: [    0.000000] reg 0, base: 0GB, range: 64GB, type WB
Jul  7 22:31:07 kernel: [    0.000000] reg 1, base: 3318MB, range: 2MB, type UC
Jul  7 22:31:07 kernel: [    0.000000] reg 2, base: 3320MB, range: 8MB, type UC
Jul  7 22:31:07 kernel: [    0.000000] reg 3, base: 3317MB, range: 1MB, type UC
Jul  7 22:31:07 kernel: [    0.000000] reg 4, base: 3328MB, range: 256MB, type UC
Jul  7 22:31:07 kernel: [    0.000000] reg 5, base: 3584MB, range: 512MB, type UC
Jul  7 22:31:07 kernel: [    0.000000] total RAM covered: 64757M
Jul  7 22:31:07 kernel: [    0.000000]  gran_size: 64K 	chunk_size: 64K 	num_reg: 8  	lose cover RAM: 60G
Jul  7 22:31:07 kernel: [    0.000000]  gran_size: 64K 	chunk_size: 128K 	num_reg: 8  	lose cover RAM: 60G
Jul  7 22:31:07 kernel: [    0.000000]  gran_size: 64K 	chunk_size: 256K 	num_reg: 8  	lose cover RAM: 60G
Jul  7 22:31:07 kernel: [    0.000000]  gran_size: 64K 	chunk_size: 512K 	num_reg: 8  	lose cover RAM: 60G
Jul  7 22:31:07 kernel: [    0.000000]  gran_size: 64K 	chunk_size: 1M 	num_reg: 8  	lose cover RAM: 60G
Jul  7 22:31:07 kernel: [    0.000000]  gran_size: 64K 	chunk_size: 2M 	num_reg: 8  	lose cover RAM: 61439M
Jul  7 22:31:07 kernel: [    0.000000]  gran_size: 64K 	chunk_size: 4M 	num_reg: 8  	lose cover RAM: 61438M
Jul  7 22:31:07 kernel: [    0.000000]  gran_size: 64K 	chunk_size: 8M 	num_reg: 8  	lose cover RAM: 61438M
Jul  7 22:31:07 kernel: [    0.000000]  gran_size: 64K 	chunk_size: 16M 	num_reg: 8  	lose cover RAM: 48G
Jul  7 22:31:07 kernel: [    0.000000]  gran_size: 64K 	chunk_size: 32M 	num_reg: 8  	lose cover RAM: 48G
Jul  7 22:31:07 kernel: [    0.000000]  gran_size: 64K 	chunk_size: 64M 	num_reg: 8  	lose cover RAM: 48G
Jul  7 22:31:07 kernel: [    0.000000]  gran_size: 64K 	chunk_size: 128M 	num_reg: 8  	lose cover RAM: 48G
Jul  7 22:31:07 kernel: [    0.000000]  gran_size: 64K 	chunk_size: 256M 	num_reg: 8  	lose cover RAM: 48G
Jul  7 22:31:07 kernel: [    0.000000]  gran_size: 64K 	chunk_size: 512M 	num_reg: 8  	lose cover RAM: 56G
Jul  7 22:31:07 kernel: [    0.000000]  gran_size: 64K 	chunk_size: 1G 	num_reg: 8  	lose cover RAM: 48G
Jul  7 22:31:07 kernel: [    0.000000]  gran_size: 64K 	chunk_size: 2G 	num_reg: 8  	lose cover RAM: 48G
Jul  7 22:31:07 kernel: [    0.000000]  gran_size: 128K 	chunk_size: 128K 	num_reg: 8  	lose cover RAM: 60G
Jul  7 22:31:07 kernel: [    0.000000]  gran_size: 128K 	chunk_size: 256K 	num_reg: 8  	lose cover RAM: 60G
Jul  7 22:31:07 kernel: [    0.000000]  gran_size: 128K 	chunk_size: 512K 	num_reg: 8  	lose cover RAM: 60G
Jul  7 22:31:07 kernel: [    0.000000]  gran_size: 128K 	chunk_size: 1M 	num_reg: 8  	lose cover RAM: 60G
Jul  7 22:31:07 kernel: [    0.000000]  gran_size: 128K 	chunk_size: 2M 	num_reg: 8  	lose cover RAM: 61439M
Jul  7 22:31:07 kernel: [    0.000000]  gran_size: 128K 	chunk_size: 4M 	num_reg: 8  	lose cover RAM: 61438M
Jul  7 22:31:07 kernel: [    0.000000]  gran_size: 128K 	chunk_size: 8M 	num_reg: 8  	lose cover RAM: 61438M
Jul  7 22:31:07 kernel: [    0.000000]  gran_size: 128K 	chunk_size: 16M 	num_reg: 8  	lose cover RAM: 48G
Jul  7 22:31:07 kernel: [    0.000000]  gran_size: 128K 	chunk_size: 32M 	num_reg: 8  	lose cover RAM: 48G
Jul  7 22:31:07 kernel: [    0.000000]  gran_size: 128K 	chunk_size: 64M 	num_reg: 8  	lose cover RAM: 48G
Jul  7 22:31:07 kernel: [    0.000000]  gran_size: 128K 	chunk_size: 128M 	num_reg: 8  	lose cover RAM: 48G
Jul  7 22:31:07 kernel: [    0.000000]  gran_size: 128K 	chunk_size: 256M 	num_reg: 8  	lose cover RAM: 48G
Jul  7 22:31:07 kernel: [    0.000000]  gran_size: 128K 	chunk_size: 512M 	num_reg: 8  	lose cover RAM: 56G
Jul  7 22:31:07 kernel: [    0.000000]  gran_size: 128K 	chunk_size: 1G 	num_reg: 8  	lose cover RAM: 48G
Jul  7 22:31:07 kernel: [    0.000000]  gran_size: 128K 	chunk_size: 2G 	num_reg: 8  	lose cover RAM: 48G
Jul  7 22:31:07 kernel: [    0.000000]  gran_size: 256K 	chunk_size: 256K 	num_reg: 8  	lose cover RAM: 60G
Jul  7 22:31:07 kernel: [    0.000000]  gran_size: 256K 	chunk_size: 512K 	num_reg: 8  	lose cover RAM: 60G
Jul  7 22:31:07 kernel: [    0.000000]  gran_size: 256K 	chunk_size: 1M 	num_reg: 8  	lose cover RAM: 60G
Jul  7 22:31:07 kernel: [    0.000000]  gran_size: 256K 	chunk_size: 2M 	num_reg: 8  	lose cover RAM: 61439M
Jul  7 22:31:07 kernel: [    0.000000]  gran_size: 256K 	chunk_size: 4M 	num_reg: 8  	lose cover RAM: 61438M
Jul  7 22:31:07 kernel: [    0.000000]  gran_size: 256K 	chunk_size: 8M 	num_reg: 8  	lose cover RAM: 61438M
Jul  7 22:31:07 kernel: [    0.000000]  gran_size: 256K 	chunk_size: 16M 	num_reg: 8  	lose cover RAM: 48G
Jul  7 22:31:07 kernel: [    0.000000]  gran_size: 256K 	chunk_size: 32M 	num_reg: 8  	lose cover RAM: 48G
Jul  7 22:31:07 kernel: [    0.000000]  gran_size: 256K 	chunk_size: 64M 	num_reg: 8  	lose cover RAM: 48G
Jul  7 22:31:07 kernel: [    0.000000]  gran_size: 256K 	chunk_size: 128M 	num_reg: 8  	lose cover RAM: 48G
Jul  7 22:31:07 kernel: [    0.000000]  gran_size: 256K 	chunk_size: 256M 	num_reg: 8  	lose cover RAM: 48G
Jul  7 22:31:07 kernel: [    0.000000]  gran_size: 256K 	chunk_size: 512M 	num_reg: 8  	lose cover RAM: 56G
Jul  7 22:31:07 kernel: [    0.000000]  gran_size: 256K 	chunk_size: 1G 	num_reg: 8  	lose cover RAM: 48G
Jul  7 22:31:07 kernel: [    0.000000]  gran_size: 256K 	chunk_size: 2G 	num_reg: 8  	lose cover RAM: 48G
Jul  7 22:31:07 kernel: [    0.000000]  gran_size: 512K 	chunk_size: 512K 	num_reg: 8  	lose cover RAM: 60G
Jul  7 22:31:07 kernel: [    0.000000]  gran_size: 512K 	chunk_size: 1M 	num_reg: 8  	lose cover RAM: 60G
Jul  7 22:31:07 kernel: [    0.000000]  gran_size: 512K 	chunk_size: 2M 	num_reg: 8  	lose cover RAM: 61439M
Jul  7 22:31:07 kernel: [    0.000000]  gran_size: 512K 	chunk_size: 4M 	num_reg: 8  	lose cover RAM: 61438M
Jul  7 22:31:07 kernel: [    0.000000]  gran_size: 512K 	chunk_size: 8M 	num_reg: 8  	lose cover RAM: 61438M
Jul  7 22:31:07 kernel: [    0.000000]  gran_size: 512K 	chunk_size: 16M 	num_reg: 8  	lose cover RAM: 48G
Jul  7 22:31:07 kernel: [    0.000000]  gran_size: 512K 	chunk_size: 32M 	num_reg: 8  	lose cover RAM: 48G
Jul  7 22:31:07 kernel: [    0.000000]  gran_size: 512K 	chunk_size: 64M 	num_reg: 8  	lose cover RAM: 48G
Jul  7 22:31:07 kernel: [    0.000000]  gran_size: 512K 	chunk_size: 128M 	num_reg: 8  	lose cover RAM: 48G
Jul  7 22:31:07 kernel: [    0.000000]  gran_size: 512K 	chunk_size: 256M 	num_reg: 8  	lose cover RAM: 48G
Jul  7 22:31:07 kernel: [    0.000000]  gran_size: 512K 	chunk_size: 512M 	num_reg: 8  	lose cover RAM: 56G
Jul  7 22:31:07 kernel: [    0.000000]  gran_size: 512K 	chunk_size: 1G 	num_reg: 8  	lose cover RAM: 48G
Jul  7 22:31:07 kernel: [    0.000000]  gran_size: 512K 	chunk_size: 2G 	num_reg: 8  	lose cover RAM: 48G
Jul  7 22:31:07 kernel: [    0.000000]  gran_size: 1M 	chunk_size: 1M 	num_reg: 8  	lose cover RAM: 60G
Jul  7 22:31:07 kernel: [    0.000000]  gran_size: 1M 	chunk_size: 2M 	num_reg: 8  	lose cover RAM: 61439M
Jul  7 22:31:07 kernel: [    0.000000]  gran_size: 1M 	chunk_size: 4M 	num_reg: 8  	lose cover RAM: 61438M
Jul  7 22:31:07 kernel: [    0.000000]  gran_size: 1M 	chunk_size: 8M 	num_reg: 8  	lose cover RAM: 61438M
Jul  7 22:31:07 kernel: [    0.000000]  gran_size: 1M 	chunk_size: 16M 	num_reg: 8  	lose cover RAM: 48G
Jul  7 22:31:07 kernel: [    0.000000]  gran_size: 1M 	chunk_size: 32M 	num_reg: 8  	lose cover RAM: 48G
Jul  7 22:31:07 kernel: [    0.000000]  gran_size: 1M 	chunk_size: 64M 	num_reg: 8  	lose cover RAM: 48G
Jul  7 22:31:07 kernel: [    0.000000]  gran_size: 1M 	chunk_size: 128M 	num_reg: 8  	lose cover RAM: 48G
Jul  7 22:31:07 kernel: [    0.000000]  gran_size: 1M 	chunk_size: 256M 	num_reg: 8  	lose cover RAM: 48G
Jul  7 22:31:07 kernel: [    0.000000]  gran_size: 1M 	chunk_size: 512M 	num_reg: 8  	lose cover RAM: 56G
Jul  7 22:31:07 kernel: [    0.000000]  gran_size: 1M 	chunk_size: 1G 	num_reg: 8  	lose cover RAM: 48G
Jul  7 22:31:07 kernel: [    0.000000]  gran_size: 1M 	chunk_size: 2G 	num_reg: 8  	lose cover RAM: 48G
Jul  7 22:31:07 kernel: [    0.000000]  gran_size: 2M 	chunk_size: 2M 	num_reg: 8  	lose cover RAM: 57345M
Jul  7 22:31:07 kernel: [    0.000000]  gran_size: 2M 	chunk_size: 4M 	num_reg: 8  	lose cover RAM: 57345M
Jul  7 22:31:07 kernel: [    0.000000]  gran_size: 2M 	chunk_size: 8M 	num_reg: 8  	lose cover RAM: 61441M
Jul  7 22:31:07 kernel: [    0.000000]  gran_size: 2M 	chunk_size: 16M 	num_reg: 8  	lose cover RAM: 32769M
Jul  7 22:31:07 kernel: [    0.000000]  gran_size: 2M 	chunk_size: 32M 	num_reg: 8  	lose cover RAM: 32769M
Jul  7 22:31:07 kernel: [    0.000000]  gran_size: 2M 	chunk_size: 64M 	num_reg: 8  	lose cover RAM: 32769M
Jul  7 22:31:07 kernel: [    0.000000]  gran_size: 2M 	chunk_size: 128M 	num_reg: 8  	lose cover RAM: 32769M
Jul  7 22:31:07 kernel: [    0.000000]  gran_size: 2M 	chunk_size: 256M 	num_reg: 8  	lose cover RAM: 32769M
Jul  7 22:31:07 kernel: [    0.000000]  gran_size: 2M 	chunk_size: 512M 	num_reg: 8  	lose cover RAM: 49153M
Jul  7 22:31:07 kernel: [    0.000000]  gran_size: 2M 	chunk_size: 1G 	num_reg: 8  	lose cover RAM: 32769M
Jul  7 22:31:07 kernel: [    0.000000]  gran_size: 2M 	chunk_size: 2G 	num_reg: 8  	lose cover RAM: 32769M
Jul  7 22:31:07 kernel: [    0.000000]  gran_size: 4M 	chunk_size: 4M 	num_reg: 8  	lose cover RAM: 57345M
Jul  7 22:31:07 kernel: [    0.000000]  gran_size: 4M 	chunk_size: 8M 	num_reg: 8  	lose cover RAM: 61441M
Jul  7 22:31:07 kernel: [    0.000000]  gran_size: 4M 	chunk_size: 16M 	num_reg: 8  	lose cover RAM: 32769M
Jul  7 22:31:07 kernel: [    0.000000]  gran_size: 4M 	chunk_size: 32M 	num_reg: 8  	lose cover RAM: 32769M
Jul  7 22:31:07 kernel: [    0.000000]  gran_size: 4M 	chunk_size: 64M 	num_reg: 8  	lose cover RAM: 32769M
Jul  7 22:31:07 kernel: [    0.000000]  gran_size: 4M 	chunk_size: 128M 	num_reg: 8  	lose cover RAM: 32769M
Jul  7 22:31:07 kernel: [    0.000000]  gran_size: 4M 	chunk_size: 256M 	num_reg: 8  	lose cover RAM: 32769M
Jul  7 22:31:07 kernel: [    0.000000]  gran_size: 4M 	chunk_size: 512M 	num_reg: 8  	lose cover RAM: 49153M
Jul  7 22:31:07 kernel: [    0.000000]  gran_size: 4M 	chunk_size: 1G 	num_reg: 8  	lose cover RAM: 32769M
Jul  7 22:31:07 kernel: [    0.000000]  gran_size: 4M 	chunk_size: 2G 	num_reg: 8  	lose cover RAM: 32769M
Jul  7 22:31:07 kernel: [    0.000000]  gran_size: 8M 	chunk_size: 8M 	num_reg: 8  	lose cover RAM: 49157M
Jul  7 22:31:07 kernel: [    0.000000]  gran_size: 8M 	chunk_size: 16M 	num_reg: 8  	lose cover RAM: 49157M
Jul  7 22:31:07 kernel: [    0.000000]  gran_size: 8M 	chunk_size: 32M 	num_reg: 8  	lose cover RAM: 5M
Jul  7 22:31:07 kernel: [    0.000000]  gran_size: 8M 	chunk_size: 64M 	num_reg: 8  	lose cover RAM: 5M
Jul  7 22:31:07 kernel: [    0.000000]  gran_size: 8M 	chunk_size: 128M 	num_reg: 8  	lose cover RAM: 5M
Jul  7 22:31:07 kernel: [    0.000000]  gran_size: 8M 	chunk_size: 256M 	num_reg: 8  	lose cover RAM: 5M
Jul  7 22:31:07 kernel: [    0.000000]  gran_size: 8M 	chunk_size: 512M 	num_reg: 8  	lose cover RAM: 32773M
Jul  7 22:31:07 kernel: [    0.000000]  gran_size: 8M 	chunk_size: 1G 	num_reg: 8  	lose cover RAM: 5M
Jul  7 22:31:07 kernel: [    0.000000]  gran_size: 8M 	chunk_size: 2G 	num_reg: 8  	lose cover RAM: 5M
Jul  7 22:31:07 kernel: [    0.000000]  gran_size: 16M 	chunk_size: 16M 	num_reg: 8  	lose cover RAM: 49157M
Jul  7 22:31:07 kernel: [    0.000000]  gran_size: 16M 	chunk_size: 32M 	num_reg: 8  	lose cover RAM: 5M
Jul  7 22:31:07 kernel: [    0.000000]  gran_size: 16M 	chunk_size: 64M 	num_reg: 8  	lose cover RAM: 5M
Jul  7 22:31:07 kernel: [    0.000000]  gran_size: 16M 	chunk_size: 128M 	num_reg: 8  	lose cover RAM: 5M
Jul  7 22:31:07 kernel: [    0.000000]  gran_size: 16M 	chunk_size: 256M 	num_reg: 8  	lose cover RAM: 5M
Jul  7 22:31:07 kernel: [    0.000000]  gran_size: 16M 	chunk_size: 512M 	num_reg: 8  	lose cover RAM: 32773M
Jul  7 22:31:07 kernel: [    0.000000]  gran_size: 16M 	chunk_size: 1G 	num_reg: 8  	lose cover RAM: 5M
Jul  7 22:31:07 kernel: [    0.000000]  gran_size: 16M 	chunk_size: 2G 	num_reg: 8  	lose cover RAM: 5M
Jul  7 22:31:07 kernel: [    0.000000]  gran_size: 32M 	chunk_size: 32M 	num_reg: 8  	lose cover RAM: 32789M
Jul  7 22:31:07 kernel: [    0.000000]  gran_size: 32M 	chunk_size: 64M 	num_reg: 8  	lose cover RAM: 21M
Jul  7 22:31:07 kernel: [    0.000000]  gran_size: 32M 	chunk_size: 128M 	num_reg: 8  	lose cover RAM: 21M
Jul  7 22:31:07 kernel: [    0.000000]  gran_size: 32M 	chunk_size: 256M 	num_reg: 8  	lose cover RAM: 21M
Jul  7 22:31:07 kernel: [    0.000000]  gran_size: 32M 	chunk_size: 512M 	num_reg: 8  	lose cover RAM: 32789M
Jul  7 22:31:07 kernel: [    0.000000]  gran_size: 32M 	chunk_size: 1G 	num_reg: 8  	lose cover RAM: 21M
Jul  7 22:31:07 kernel: [    0.000000]  gran_size: 32M 	chunk_size: 2G 	num_reg: 8  	lose cover RAM: 21M
Jul  7 22:31:07 kernel: [    0.000000]  gran_size: 64M 	chunk_size: 64M 	num_reg: 8  	lose cover RAM: 53M
Jul  7 22:31:07 kernel: [    0.000000]  gran_size: 64M 	chunk_size: 128M 	num_reg: 8  	lose cover RAM: 53M
Jul  7 22:31:07 kernel: [    0.000000]  gran_size: 64M 	chunk_size: 256M 	num_reg: 8  	lose cover RAM: 53M
Jul  7 22:31:07 kernel: [    0.000000]  gran_size: 64M 	chunk_size: 512M 	num_reg: 8  	lose cover RAM: 32821M
Jul  7 22:31:07 kernel: [    0.000000]  gran_size: 64M 	chunk_size: 1G 	num_reg: 8  	lose cover RAM: 53M
Jul  7 22:31:07 kernel: [    0.000000]  gran_size: 64M 	chunk_size: 2G 	num_reg: 8  	lose cover RAM: 53M
Jul  7 22:31:07 kernel: [    0.000000]  gran_size: 128M 	chunk_size: 128M 	num_reg: 7  	lose cover RAM: 117M
Jul  7 22:31:07 kernel: [    0.000000]  gran_size: 128M 	chunk_size: 256M 	num_reg: 8  	lose cover RAM: 117M
Jul  7 22:31:07 kernel: [    0.000000]  gran_size: 128M 	chunk_size: 512M 	num_reg: 8  	lose cover RAM: 32885M
Jul  7 22:31:07 kernel: [    0.000000]  gran_size: 128M 	chunk_size: 1G 	num_reg: 8  	lose cover RAM: 117M
Jul  7 22:31:07 kernel: [    0.000000]  gran_size: 128M 	chunk_size: 2G 	num_reg: 8  	lose cover RAM: 117M
Jul  7 22:31:07 kernel: [    0.000000]  gran_size: 256M 	chunk_size: 256M 	num_reg: 6  	lose cover RAM: 245M
Jul  7 22:31:07 kernel: [    0.000000]  gran_size: 256M 	chunk_size: 512M 	num_reg: 6  	lose cover RAM: 245M
Jul  7 22:31:07 kernel: [    0.000000]  gran_size: 256M 	chunk_size: 1G 	num_reg: 6  	lose cover RAM: 245M
Jul  7 22:31:07 kernel: [    0.000000]  gran_size: 256M 	chunk_size: 2G 	num_reg: 6  	lose cover RAM: 245M
Jul  7 22:31:07 kernel: [    0.000000]  gran_size: 512M 	chunk_size: 512M 	num_reg: 6  	lose cover RAM: 245M
Jul  7 22:31:07 kernel: [    0.000000]  gran_size: 512M 	chunk_size: 1G 	num_reg: 6  	lose cover RAM: 245M
Jul  7 22:31:07 kernel: [    0.000000]  gran_size: 512M 	chunk_size: 2G 	num_reg: 6  	lose cover RAM: 245M
Jul  7 22:31:07 kernel: [    0.000000]  gran_size: 1G 	chunk_size: 1G 	num_reg: 6  	lose cover RAM: 245M
Jul  7 22:31:07 kernel: [    0.000000]  gran_size: 1G 	chunk_size: 2G 	num_reg: 6  	lose cover RAM: 245M
Jul  7 22:31:07 kernel: [    0.000000]  gran_size: 2G 	chunk_size: 2G 	num_reg: 5  	lose cover RAM: 1269M
Jul  7 22:31:07 kernel: [    0.000000] mtrr_cleanup: can not find optimal value
Jul  7 22:31:07 kernel: [    0.000000] please specify mtrr_gran_size/mtrr_chunk_size
Jul  7 22:31:07 kernel: [    0.000000] e820 update range: 00000000cf500000 - 0000000100000000 (usable) ==> (reserved)
Jul  7 22:31:07 kernel: [    0.000000] found SMP MP-table at [c00fe710] fe710
Jul  7 22:31:07 kernel: [    0.000000] initial memory mapped : 0 - 02800000
Jul  7 22:31:07 kernel: [    0.000000] Base memory trampoline at [c009a000] 9a000 size 16384
Jul  7 22:31:07 kernel: [    0.000000] init_memory_mapping: 0000000000000000-00000000375fe000
Jul  7 22:31:07 kernel: [    0.000000]  0000000000 - 0000200000 page 4k
Jul  7 22:31:07 kernel: [    0.000000]  0000200000 - 0037400000 page 2M
Jul  7 22:31:07 kernel: [    0.000000]  0037400000 - 00375fe000 page 4k
Jul  7 22:31:07 kernel: [    0.000000] kernel direct mapping tables up to 375fe000 @ 27f8000-2800000
Jul  7 22:31:07 kernel: [    0.000000] ACPI: RSDP 000fec00 00024 (v02 DELL  )
Jul  7 22:31:07 kernel: [    0.000000] ACPI: XSDT 000fc5b3 0008C (v01 DELL    B9K     00000015 ASL  00000061)
Jul  7 22:31:07 kernel: [    0.000000] ACPI: FACP 000fc6e3 000F4 (v03 DELL    B9K     00000015 ASL  00000061)
Jul  7 22:31:07 kernel: [    0.000000] ACPI: DSDT fff76bf6 04596 (v01   DELL    dt_ex 00001000 INTL 20050624)
Jul  7 22:31:07 kernel: [    0.000000] ACPI: FACS cf3ff800 00040
Jul  7 22:31:07 kernel: [    0.000000] ACPI: SSDT fff7b2ab 000AA (v01   DELL    st_ex 00001000 INTL 20050624)
Jul  7 22:31:07 kernel: [    0.000000] ACPI: APIC 000fc7d7 00092 (v01 DELL    B9K     00000015 ASL  00000061)
Jul  7 22:31:07 kernel: [    0.000000] ACPI: BOOT 000fc869 00028 (v01 DELL    B9K     00000015 ASL  00000061)
Jul  7 22:31:07 kernel: [    0.000000] ACPI: ASF! 000fc891 00096 (v32 DELL    B9K     00000015 ASL  00000061)
Jul  7 22:31:07 kernel: [    0.000000] ACPI: MCFG 000fc927 0003E (v01 DELL    B9K     00000015 ASL  00000061)
Jul  7 22:31:07 kernel: [    0.000000] ACPI: HPET 000fc965 00038 (v01 DELL    B9K     00000015 ASL  00000061)
Jul  7 22:31:07 kernel: [    0.000000] ACPI: TCPA 000fcbc1 00032 (v01 DELL    B9K     00000015 ASL  00000061)
Jul  7 22:31:07 kernel: [    0.000000] ACPI: DMAR 000fcbf3 00118 (v01 DELL    B9K     00000015 ASL  00000061)
Jul  7 22:31:07 kernel: [    0.000000] ACPI: SLIC 000fc99d 00176 (v01 DELL    B9K     00000015 ASL  00000061)
Jul  7 22:31:07 kernel: [    0.000000] ACPI: SSDT cf3ff840 0023B (v01 DpgPmm  Cpu0Ist 00000011 INTL 20050624)
Jul  7 22:31:07 kernel: [    0.000000] ACPI: SSDT cf3ffc49 0023B (v01 DpgPmm  Cpu1Ist 00000011 INTL 20050624)
Jul  7 22:31:07 kernel: [    0.000000] ACPI: SSDT cf400052 00140 (v01 DpgPmm    CpuPm 00000010 INTL 20050624)
Jul  7 22:31:07 kernel: [    0.000000] ACPI: Local APIC address 0xfee00000
Jul  7 22:31:07 kernel: [    0.000000] No NUMA configuration found
Jul  7 22:31:07 kernel: [    0.000000] Faking a node at 0000000000000000-0000000128000000
Jul  7 22:31:07 kernel: [    0.000000] node 0 pfn: [0 - 128000]
Jul  7 22:31:07 kernel: [    0.000000] remap_alloc: node 0 [127e00000-128000000) -> [f7200000-f7400000)
Jul  7 22:31:07 kernel: [    0.000000] Initmem setup node 0 0000000000000000-0000000128000000
Jul  7 22:31:07 kernel: [    0.000000]   NODE_DATA [0000000037200000 - 0000000037205fff] (remapped)
Jul  7 22:31:07 kernel: [    0.000000] 3850MB HIGHMEM available.
Jul  7 22:31:07 kernel: [    0.000000] 885MB LOWMEM available.
Jul  7 22:31:07 kernel: [    0.000000] max_low_pfn = 375fe, highstart_pfn = 375fe
Jul  7 22:31:07 kernel: [    0.000000] Low memory ends at vaddr f75fe000
Jul  7 22:31:07 kernel: [    0.000000] High memory starts at vaddr f75fe000
Jul  7 22:31:07 kernel: [    0.000000]   mapped low ram: 0 - 375fe000
Jul  7 22:31:07 kernel: [    0.000000]   low ram: 0 - 375fe000
Jul  7 22:31:07 kernel: [    0.000000] Zone PFN ranges:
Jul  7 22:31:07 kernel: [    0.000000]   DMA      0x00000010 -> 0x00001000
Jul  7 22:31:07 kernel: [    0.000000]   Normal   0x00001000 -> 0x000375fe
Jul  7 22:31:07 kernel: [    0.000000]   HighMem  0x000375fe -> 0x00128000
Jul  7 22:31:07 kernel: [    0.000000] Movable zone start PFN for each node
Jul  7 22:31:07 kernel: [    0.000000] Early memory PFN ranges
Jul  7 22:31:07 kernel: [    0.000000]     0: 0x00000010 -> 0x0000009e
Jul  7 22:31:07 kernel: [    0.000000]     0: 0x00000100 -> 0x000cf3ff
Jul  7 22:31:07 kernel: [    0.000000]     0: 0x00100000 -> 0x00128000
Jul  7 22:31:07 kernel: [    0.000000] On node 0 totalpages: 1012621
Jul  7 22:31:07 kernel: [    0.000000]   DMA zone: 32 pages used for memmap
Jul  7 22:31:07 kernel: [    0.000000]   DMA zone: 0 pages reserved
Jul  7 22:31:07 kernel: [    0.000000]   DMA zone: 3950 pages, LIFO batch:0
Jul  7 22:31:07 kernel: [    0.000000]   Normal zone: 1740 pages used for memmap
Jul  7 22:31:07 kernel: [    0.000000]   Normal zone: 220978 pages, LIFO batch:31
Jul  7 22:31:07 kernel: [    0.000000]   HighMem zone: 7701 pages used for memmap
Jul  7 22:31:07 kernel: [    0.000000]   HighMem zone: 778220 pages, LIFO batch:31
Jul  7 22:31:07 kernel: [    0.000000] Using APIC driver default
Jul  7 22:31:07 kernel: [    0.000000] ACPI: PM-Timer IO Port: 0x808
Jul  7 22:31:07 kernel: [    0.000000] ACPI: Local APIC address 0xfee00000
Jul  7 22:31:07 kernel: [    0.000000] ACPI: LAPIC (acpi_id[0x01] lapic_id[0x00] enabled)
Jul  7 22:31:07 kernel: [    0.000000] ACPI: LAPIC (acpi_id[0x02] lapic_id[0x01] enabled)
Jul  7 22:31:07 kernel: [    0.000000] ACPI: LAPIC (acpi_id[0x03] lapic_id[0x05] disabled)
Jul  7 22:31:07 kernel: [    0.000000] ACPI: LAPIC (acpi_id[0x04] lapic_id[0x07] disabled)
Jul  7 22:31:07 kernel: [    0.000000] ACPI: LAPIC (acpi_id[0x05] lapic_id[0x00] disabled)
Jul  7 22:31:07 kernel: [    0.000000] ACPI: LAPIC (acpi_id[0x06] lapic_id[0x01] disabled)
Jul  7 22:31:07 kernel: [    0.000000] ACPI: LAPIC (acpi_id[0x07] lapic_id[0x02] disabled)
Jul  7 22:31:07 kernel: [    0.000000] ACPI: LAPIC (acpi_id[0x08] lapic_id[0x03] disabled)
Jul  7 22:31:07 kernel: [    0.000000] ACPI: LAPIC_NMI (acpi_id[0xff] high level lint[0x1])
Jul  7 22:31:07 kernel: [    0.000000] ACPI: IOAPIC (id[0x08] address[0xfec00000] gsi_base[0])
Jul  7 22:31:07 kernel: [    0.000000] IOAPIC[0]: apic_id 8, version 32, address 0xfec00000, GSI 0-23
Jul  7 22:31:07 kernel: [    0.000000] ACPI: INT_SRC_OVR (bus 0 bus_irq 0 global_irq 2 dfl dfl)
Jul  7 22:31:07 kernel: [    0.000000] ACPI: INT_SRC_OVR (bus 0 bus_irq 9 global_irq 9 high level)
Jul  7 22:31:07 kernel: [    0.000000] ACPI: IRQ0 used by override.
Jul  7 22:31:07 kernel: [    0.000000] ACPI: IRQ2 used by override.
Jul  7 22:31:07 kernel: [    0.000000] ACPI: IRQ9 used by override.
Jul  7 22:31:07 kernel: [    0.000000] Using ACPI (MADT) for SMP configuration information
Jul  7 22:31:07 kernel: [    0.000000] ACPI: HPET id: 0x8086a301 base: 0xfed00000
Jul  7 22:31:07 kernel: [    0.000000] SMP: Allowing 8 CPUs, 6 hotplug CPUs
Jul  7 22:31:07 kernel: [    0.000000] nr_irqs_gsi: 40
Jul  7 22:31:07 kernel: [    0.000000] PM: Registered nosave memory: 000000000009e000 - 00000000000f0000
Jul  7 22:31:07 kernel: [    0.000000] PM: Registered nosave memory: 00000000000f0000 - 0000000000100000
Jul  7 22:31:07 kernel: [    0.000000] Allocating PCI resources starting at d0000000 (gap: d0000000:10000000)
Jul  7 22:31:07 kernel: [    0.000000] setup_percpu: NR_CPUS:64 nr_cpumask_bits:8 nr_cpu_ids:8 nr_node_ids:1
Jul  7 22:31:07 kernel: [    0.000000] PERCPU: Embedded 12 pages/cpu @f7576000 s25408 r0 d23744 u49152
Jul  7 22:31:07 kernel: [    0.000000] pcpu-alloc: s25408 r0 d23744 u49152 alloc=12*4096
Jul  7 22:31:07 kernel: [    0.000000] pcpu-alloc: [0] 0 [0] 1 [0] 2 [0] 3 [0] 4 [0] 5 [0] 6 [0] 7 
Jul  7 22:31:07 kernel: [    0.000000] Built 1 zonelists in Zone order, mobility grouping on.  Total pages: 1003148
Jul  7 22:31:07 kernel: [    0.000000] Policy zone: HighMem
Jul  7 22:31:07 kernel: [    0.000000] Kernel command line: panic=56 root=/dev/sdc6 loglevel=3 vga=ask reboot=f
Jul  7 22:31:07 kernel: [    0.000000] PID hash table entries: 4096 (order: 2, 16384 bytes)
Jul  7 22:31:07 kernel: [    0.000000] Dentry cache hash table entries: 131072 (order: 7, 524288 bytes)
Jul  7 22:31:07 kernel: [    0.000000] Inode-cache hash table entries: 65536 (order: 6, 262144 bytes)
Jul  7 22:31:07 kernel: [    0.000000] Initializing CPU#0
Jul  7 22:31:07 kernel: [    0.000000] Initializing HighMem for node 0 (000375fe:00128000)
Jul  7 22:31:07 kernel: [    0.000000] Memory: 3989636k/4849664k available (10519k kernel code, 58800k reserved, 5561k data, 796k init, 3141636k highmem)
Jul  7 22:31:07 kernel: [    0.000000] virtual kernel memory layout:
Jul  7 22:31:07 kernel: [    0.000000]     fixmap  : 0xffab7000 - 0xfffff000   (5408 kB)
Jul  7 22:31:07 kernel: [    0.000000]     pkmap   : 0xff600000 - 0xff800000   (2048 kB)
Jul  7 22:31:07 kernel: [    0.000000]     vmalloc : 0xf7dfe000 - 0xff5fe000   ( 120 MB)
Jul  7 22:31:07 kernel: [    0.000000]     lowmem  : 0xc0000000 - 0xf75fe000   ( 885 MB)
Jul  7 22:31:07 kernel: [    0.000000]       .init : 0xc1fb5000 - 0xc207c000   ( 796 kB)
Jul  7 22:31:07 kernel: [    0.000000]       .data : 0xc1a45e04 - 0xc1fb4380   (5561 kB)
Jul  7 22:31:07 kernel: [    0.000000]       .text : 0xc1000000 - 0xc1a45e04   (10519 kB)
Jul  7 22:31:07 kernel: [    0.000000] Checking if this processor honours the WP bit even in supervisor mode...Ok.
Jul  7 22:31:07 kernel: [    0.000000] Hierarchical RCU implementation.
Jul  7 22:31:07 kernel: [    0.000000] 	Hierarchical RCU autobalancing is disabled.
Jul  7 22:31:07 kernel: [    0.000000] NR_IRQS:4352 nr_irqs:744 16
Jul  7 22:31:07 kernel: [    0.000000] kmemleak: Kernel memory leak detector disabled
Jul  7 22:31:07 kernel: [    0.000000] CPU 0 irqstacks, hard=f4808000 soft=f480a000
Jul  7 22:31:07 kernel: [    0.000000] Console: colour VGA+ 80x25
Jul  7 22:31:07 kernel: [    0.000000] console [tty0] enabled
Jul  7 22:31:07 kernel: [    0.000000] ------------------------
Jul  7 22:31:07 kernel: [    0.000000] | Locking API testsuite:
Jul  7 22:31:07 kernel: [    0.000000] ----------------------------------------------------------------------------
Jul  7 22:31:07 kernel: [    0.000000]                                  | spin |wlock |rlock |mutex | wsem | rsem |
Jul  7 22:31:07 kernel: [    0.000000]   --------------------------------------------------------------------------
Jul  7 22:31:07 kernel: [    0.000000]                      A-A deadlock:failed|failed|  ok  |failed|failed|failed|
Jul  7 22:31:07 kernel: [    0.000000]                  A-B-B-A deadlock:failed|failed|  ok  |failed|failed|failed|
Jul  7 22:31:07 kernel: [    0.000000]              A-B-B-C-C-A deadlock:failed|failed|  ok  |failed|failed|failed|
Jul  7 22:31:07 kernel: [    0.000000]              A-B-C-A-B-C deadlock:failed|failed|  ok  |failed|failed|failed|
Jul  7 22:31:07 kernel: [    0.000000]          A-B-B-C-C-D-D-A deadlock:failed|failed|  ok  |failed|failed|failed|
Jul  7 22:31:07 kernel: [    0.000000]          A-B-C-D-B-D-D-A deadlock:failed|failed|  ok  |failed|failed|failed|
Jul  7 22:31:07 kernel: [    0.000000]          A-B-C-D-B-C-D-A deadlock:failed|failed|  ok  |failed|failed|failed|
Jul  7 22:31:07 kernel: [    0.000000]                     double unlock:failed|failed|failed|failed|failed|failed|
Jul  7 22:31:07 kernel: [    0.000000]                   initialize held:failed|failed|failed|failed|failed|failed|
Jul  7 22:31:07 kernel: [    0.000000]                  bad unlock order:  ok  |  ok  |  ok  |  ok  |  ok  |  ok  |
Jul  7 22:31:07 kernel: [    0.000000]   --------------------------------------------------------------------------
Jul  7 22:31:07 kernel: [    0.000000]               recursive read-lock:             |  ok  |             |failed|
Jul  7 22:31:07 kernel: [    0.000000]            recursive read-lock #2:             |  ok  |             |failed|
Jul  7 22:31:07 kernel: [    0.000000]             mixed read-write-lock:             |failed|             |failed|
Jul  7 22:31:07 kernel: [    0.000000]             mixed write-read-lock:             |failed|             |failed|
Jul  7 22:31:07 kernel: [    0.000000]   --------------------------------------------------------------------------
Jul  7 22:31:07 kernel: [    0.000000]      hard-irqs-on + irq-safe-A/12:failed|failed|  ok  |
Jul  7 22:31:07 kernel: [    0.000000]      soft-irqs-on + irq-safe-A/12:failed|failed|  ok  |
Jul  7 22:31:07 kernel: [    0.000000]      hard-irqs-on + irq-safe-A/21:failed|failed|  ok  |
Jul  7 22:31:07 kernel: [    0.000000]      soft-irqs-on + irq-safe-A/21:failed|failed|  ok  |
Jul  7 22:31:07 kernel: [    0.000000]        sirq-safe-A => hirqs-on/12:failed|failed|  ok  |
Jul  7 22:31:07 kernel: [    0.000000]        sirq-safe-A => hirqs-on/21:failed|failed|  ok  |
Jul  7 22:31:07 kernel: [    0.000000]          hard-safe-A + irqs-on/12:failed|failed|  ok  |
Jul  7 22:31:07 kernel: [    0.000000]          soft-safe-A + irqs-on/12:failed|failed|  ok  |
Jul  7 22:31:07 kernel: [    0.000000]          hard-safe-A + irqs-on/21:failed|failed|  ok  |
Jul  7 22:31:07 kernel: [    0.000000]          soft-safe-A + irqs-on/21:failed|failed|  ok  |
Jul  7 22:31:07 kernel: [    0.000000]     hard-safe-A + unsafe-B #1/123:failed|failed|  ok  |
Jul  7 22:31:07 kernel: [    0.000000]     soft-safe-A + unsafe-B #1/123:failed|failed|  ok  |
Jul  7 22:31:07 kernel: [    0.000000]     hard-safe-A + unsafe-B #1/132:failed|failed|  ok  |
Jul  7 22:31:07 kernel: [    0.000000]     soft-safe-A + unsafe-B #1/132:failed|failed|  ok  |
Jul  7 22:31:07 kernel: [    0.000000]     hard-safe-A + unsafe-B #1/213:failed|failed|  ok  |
Jul  7 22:31:07 kernel: [    0.000000]     soft-safe-A + unsafe-B #1/213:failed|failed|  ok  |
Jul  7 22:31:07 kernel: [    0.000000]     hard-safe-A + unsafe-B #1/231:failed|failed|  ok  |
Jul  7 22:31:07 kernel: [    0.000000]     soft-safe-A + unsafe-B #1/231:failed|failed|  ok  |
Jul  7 22:31:07 kernel: [    0.000000]     hard-safe-A + unsafe-B #1/312:failed|failed|  ok  |
Jul  7 22:31:07 kernel: [    0.000000]     soft-safe-A + unsafe-B #1/312:failed|failed|  ok  |
Jul  7 22:31:07 kernel: [    0.000000]     hard-safe-A + unsafe-B #1/321:failed|failed|  ok  |
Jul  7 22:31:07 kernel: [    0.000000]     soft-safe-A + unsafe-B #1/321:failed|failed|  ok  |
Jul  7 22:31:07 kernel: [    0.000000]     hard-safe-A + unsafe-B #2/123:failed|failed|  ok  |
Jul  7 22:31:07 kernel: [    0.000000]     soft-safe-A + unsafe-B #2/123:failed|failed|  ok  |
Jul  7 22:31:07 kernel: [    0.000000]     hard-safe-A + unsafe-B #2/132:failed|failed|  ok  |
Jul  7 22:31:07 kernel: [    0.000000]     soft-safe-A + unsafe-B #2/132:failed|failed|  ok  |
Jul  7 22:31:07 kernel: [    0.000000]     hard-safe-A + unsafe-B #2/213:failed|failed|  ok  |
Jul  7 22:31:07 kernel: [    0.000000]     soft-safe-A + unsafe-B #2/213:failed|failed|  ok  |
Jul  7 22:31:07 kernel: [    0.000000]     hard-safe-A + unsafe-B #2/231:failed|failed|  ok  |
Jul  7 22:31:07 kernel: [    0.000000]     soft-safe-A + unsafe-B #2/231:failed|failed|  ok  |
Jul  7 22:31:07 kernel: [    0.000000]     hard-safe-A + unsafe-B #2/312:failed|failed|  ok  |
Jul  7 22:31:07 kernel: [    0.000000]     soft-safe-A + unsafe-B #2/312:failed|failed|  ok  |
Jul  7 22:31:07 kernel: [    0.000000]     hard-safe-A + unsafe-B #2/321:failed|failed|  ok  |
Jul  7 22:31:07 kernel: [    0.000000]     soft-safe-A + unsafe-B #2/321:failed|failed|  ok  |
Jul  7 22:31:07 kernel: [    0.000000]       hard-irq lock-inversion/123:failed|failed|  ok  |
Jul  7 22:31:07 kernel: [    0.000000]       soft-irq lock-inversion/123:failed|failed|  ok  |
Jul  7 22:31:07 kernel: [    0.000000]       hard-irq lock-inversion/132:failed|failed|  ok  |
Jul  7 22:31:07 kernel: [    0.000000]       soft-irq lock-inversion/132:failed|failed|  ok  |
Jul  7 22:31:07 kernel: [    0.000000]       hard-irq lock-inversion/213:failed|failed|  ok  |
Jul  7 22:31:07 kernel: [    0.000000]       soft-irq lock-inversion/213:failed|failed|  ok  |
Jul  7 22:31:07 kernel: [    0.000000]       hard-irq lock-inversion/231:failed|failed|  ok  |
Jul  7 22:31:07 kernel: [    0.000000]       soft-irq lock-inversion/231:failed|failed|  ok  |
Jul  7 22:31:07 kernel: [    0.000000]       hard-irq lock-inversion/312:failed|failed|  ok  |
Jul  7 22:31:07 kernel: [    0.000000]       soft-irq lock-inversion/312:failed|failed|  ok  |
Jul  7 22:31:07 kernel: [    0.000000]       hard-irq lock-inversion/321:failed|failed|  ok  |
Jul  7 22:31:07 kernel: [    0.000000]       soft-irq lock-inversion/321:failed|failed|  ok  |
Jul  7 22:31:07 kernel: [    0.000000]       hard-irq read-recursion/123:  ok  |
Jul  7 22:31:07 kernel: [    0.000000]       soft-irq read-recursion/123:  ok  |
Jul  7 22:31:07 kernel: [    0.000000]       hard-irq read-recursion/132:  ok  |
