May 12 16:14:09 (none) user.warn kernel: [    9.371446] i2c-core: driver [fsa9480] using legacy resume method
May 12 16:14:09 (none) user.info kernel: [    9.386113] Uniform Multi-Platform E-IDE driver
May 12 16:14:09 (none) user.info kernel: [    9.390070] ide_generic: please use "probe_mask=0x3f" module parameter for probing all legacy ISA IDE ports
May 12 16:14:09 (none) user.debug kernel: [    9.390163] Probing IDE interface ide0...
May 12 16:14:09 (none) user.info kernel: [    9.903460] ide0 at 0x1f0-0x1f7,0x3f6 on irq 14
May 12 16:14:09 (none) user.debug kernel: [    9.903575] Probing IDE interface ide1...
May 12 16:14:09 (none) user.info kernel: [   10.416364] ide1 at 0x170-0x177,0x376 on irq 15
May 12 16:14:09 (none) user.info kernel: [   10.416499] ide-gd driver 1.18
May 12 16:14:09 (none) user.info kernel: [   10.416547] ide-cd driver 5.00
May 12 16:14:09 (none) user.info kernel: [   10.417537] Loading iSCSI transport class v2.0-870.
May 12 16:14:09 (none) user.info kernel: [   10.418263] rdac: device handler registered
May 12 16:14:09 (none) user.info kernel: [   10.418466] hp_sw: device handler registered
May 12 16:14:09 (none) user.info kernel: [   10.418481] emc: device handler registered
May 12 16:14:09 (none) user.info kernel: [   10.418493] alua: device handler registered
May 12 16:14:09 (none) user.info kernel: [   10.419542] fnic: Cisco FCoE HBA Driver, ver 1.5.0.2
May 12 16:14:09 (none) user.info kernel: [   10.420082] bnx2fc: Broadcom NetXtreme II FCoE Driver bnx2fc v1.0.11 (Apr 24, 2012)
May 12 16:14:09 (none) user.notice kernel: [   10.420996] iscsi: registered transport (tcp)
May 12 16:14:09 (none) user.warn kernel: [   10.425201] Loading Adaptec I2O RAID: Version 2.4 Build 5go
May 12 16:14:09 (none) user.info kernel: [   10.439034] Detecting Adaptec I2O RAID controllers...
May 12 16:14:09 (none) user.info kernel: [   10.440554] Adaptec aacraid driver 1.2-0[28900]-ms
May 12 16:14:09 (none) user.notice kernel: [   10.441998] aic94xx: Adaptec aic94xx SAS/SATA driver version 1.0.3 loaded
May 12 16:14:09 (none) user.info kernel: [   10.442510] isci: Intel(R) C600 SAS Controller Driver - version 1.1.0
May 12 16:14:09 (none) user.warn kernel: [   10.442970] scsi: <fdomain> Detection failed (no card)
May 12 16:14:09 (none) user.warn kernel: [   10.456628] NCR53c406a: no available ports found
May 12 16:14:09 (none) user.info kernel: [   10.469772] sym53c416.c: Version 1.0.0-ac
May 12 16:14:09 (none) user.info kernel: [   10.469820] qlogicfas: no cards were found, please specify I/O address and IRQ using iobase= and irq= options
May 12 16:14:09 (none) user.warn kernel: [   10.470108] qla2xxx [0000:00:00.0]-0005: : QLogic Fibre Channel HBA Driver: 8.04.00.03-k.
May 12 16:14:09 (none) user.notice kernel: [   10.497152] iscsi: registered transport (qla4xxx)
May 12 16:14:09 (none) user.info kernel: [   10.497285] QLogic iSCSI HBA Driver
May 12 16:14:09 (none) user.warn kernel: [   10.497291] Emulex LightPulse Fibre Channel SCSI driver 8.3.31
May 12 16:14:09 (none) user.warn kernel: [   10.510727] Copyright(c) 2004-2009 Emulex.  All rights reserved.
May 12 16:14:09 (none) user.info kernel: [   10.524275] Brocade BFA FC/FCOE SCSI driver - version: 3.0.23.0
May 12 16:14:09 (none) user.warn kernel: [   10.546094] Failed initialization of WD-7000 SCSI card!
May 12 16:14:09 (none) user.info kernel: [   10.959273] DC390: clustering now enabled by default. If you get problems load
May 12 16:14:09 (none) user.info kernel: [   10.959281]        with "disable_clustering=1" and report to maintainers
May 12 16:14:09 (none) user.info kernel: [   10.959593] megaraid cmm: 2.20.2.7 (Release Date: Sun Jul 16 00:01:03 EST 2006)
May 12 16:14:09 (none) user.info kernel: [   10.959891] megaraid: 2.20.5.1 (Release Date: Thu Nov 16 15:32:35 EST 2006)
May 12 16:14:09 (none) user.info kernel: [   10.960068] megasas: 00.00.06.15-rc1 Mon. Mar. 19 17:00:00 PDT 2012
May 12 16:14:09 (none) user.info kernel: [   10.960252] mpt2sas version 13.100.00.00 loaded
May 12 16:14:09 (none) user.warn kernel: [   10.960895] GDT-HA: Storage RAID Controller Driver. Version: 3.05
May 12 16:14:09 (none) user.warn kernel: [   10.973788] 3ware Storage Controller device driver for Linux v1.26.02.003.
May 12 16:14:09 (none) user.warn kernel: [   10.986435] 3ware 9000 Storage Controller device driver for Linux v2.26.02.014.
May 12 16:14:09 (none) user.info kernel: [   11.010452] LSI 3ware SAS/SATA-RAID Controller device driver for Linux v3.26.02.000.
May 12 16:14:09 (none) user.info kernel: [   11.010592] ppa: Version 2.07 (for Linux 2.4.x)
May 12 16:14:09 (none) user.warn kernel: [   11.011361] imm: Version 2.05 (for Linux 2.4.0)
May 12 16:14:09 (none) user.info kernel: [   11.023673] nsp32: loading...
May 12 16:14:09 (none) user.info kernel: [   11.023837] ipr: IBM Power RAID SCSI Device Driver version: 2.5.3 (March 10, 2012)
May 12 16:14:09 (none) user.info kernel: [   11.024039] RocketRAID 3xxx/4xxx Controller driver v1.6 (090910)
May 12 16:14:09 (none) user.info kernel: [   11.024166] stex: Promise SuperTrak EX Driver version: 4.6.0000.4
May 12 16:14:09 (none) user.info kernel: [   11.024665] libcxgbi:libcxgbi_init_module: tag itt 0x1fff, 13 bits, age 0xf, 4 bits.
May 12 16:14:09 (none) user.info kernel: [   11.024673] libcxgbi:ddp_setup_host_page_size: system PAGE 4096, ddp idx 0.
May 12 16:14:09 (none) user.info kernel: [   11.024678] Chelsio T3 iSCSI Driver cxgb3i v2.0.0 (Jun. 2010)
May 12 16:14:09 (none) user.notice kernel: [   11.024827] iscsi: registered transport (cxgb3i)
May 12 16:14:09 (none) user.info kernel: [   11.024909] Chelsio T4 iSCSI Driver cxgb4i v0.9.1 (Aug. 2010)
May 12 16:14:09 (none) user.notice kernel: [   11.025105] iscsi: registered transport (cxgb4i)
May 12 16:14:09 (none) user.info kernel: [   11.025144] Broadcom NetXtreme II iSCSI Driver bnx2i v2.7.2.2 (Apr 25, 2012)
May 12 16:14:09 (none) user.notice kernel: [   11.025287] iscsi: registered transport (bnx2i)
May 12 16:14:09 (none) user.notice kernel: [   11.025743] iscsi: registered transport (be2iscsi)
May 12 16:14:09 (none) user.info kernel: [   11.026143] VMware PVSCSI driver - version 1.0.2.0-k
May 12 16:14:09 (none) user.info kernel: [   11.026276] hv_vmbus: registering driver hv_storvsc
May 12 16:14:09 (none) user.info kernel: [   11.026284] st: Version 20101219, fixed bufsize 32768, s/g segs 256
May 12 16:14:09 (none) user.info kernel: [   11.026380] osst :I: Tape driver with OnStream support version 0.99.4
May 12 16:14:09 (none) user.info kernel: [   11.026380] osst :I: $Id: osst.c,v 1.73 2005/01/01 21:13:34 wriede Exp $
May 12 16:14:09 (none) user.info kernel: [   11.026884] SCSI Media Changer driver v0.25 
May 12 16:14:09 (none) user.notice kernel: [   11.027162] osd: LOADED open-osd 0.2.1
May 12 16:14:09 (none) user.debug kernel: [   11.027308] ahci 0000:00:1f.2: version 3.0
May 12 16:14:09 (none) user.debug kernel: [   11.027578] ahci 0000:00:1f.2: irq 43 for MSI/MSI-X
May 12 16:14:09 (none) user.info kernel: [   11.027895] ahci 0000:00:1f.2: AHCI 0001.0100 32 slots 4 ports 1.5 Gbps 0x1 impl SATA mode
May 12 16:14:09 (none) user.info kernel: [   11.027906] ahci 0000:00:1f.2: flags: 64bit ncq pm led clo pio slum part 
May 12 16:14:09 (none) user.debug kernel: [   11.027922] ahci 0000:00:1f.2: setting latency timer to 64
May 12 16:14:09 (none) user.info kernel: [   11.032136] scsi2 : ahci
May 12 16:14:09 (none) user.info kernel: [   11.033135] scsi3 : ahci
May 12 16:14:09 (none) user.info kernel: [   11.033688] scsi4 : ahci
May 12 16:14:09 (none) user.info kernel: [   11.034271] scsi5 : ahci
May 12 16:14:09 (none) user.info kernel: [   11.036105] ata1: SATA max UDMA/133 abar m1024@0xf7db7800 port 0xf7db7900 irq 43
May 12 16:14:09 (none) user.info kernel: [   11.036112] ata2: DUMMY
May 12 16:14:09 (none) user.info kernel: [   11.036117] ata3: DUMMY
May 12 16:14:09 (none) user.info kernel: [   11.036122] ata4: DUMMY
May 12 16:14:09 (none) user.info kernel: [   11.047475] SSFDC read-only Flash Translation layer
May 12 16:14:09 (none) user.err kernel: [   11.047682] mtdoops: mtd device (mtddev=name/number) must be supplied
May 12 16:14:09 (none) user.notice kernel: [   11.059910] L440GX flash mapping: failed to find PIIX4 ISA bridge, cannot continue
May 12 16:14:09 (none) user.debug kernel: [   11.060000] device id = 2440
May 12 16:14:09 (none) user.debug kernel: [   11.060065] device id = 2480
May 12 16:14:09 (none) user.debug kernel: [   11.060098] device id = 24c0
May 12 16:14:09 (none) user.debug kernel: [   11.060129] device id = 24d0
May 12 16:14:09 (none) user.debug kernel: [   11.060161] device id = 25a1
May 12 16:14:09 (none) user.debug kernel: [   11.060192] device id = 2670
May 12 16:14:09 (none) user.err kernel: [   11.060684] physmap-flash.0: failed to claim resource 0
May 12 16:14:09 (none) user.err kernel: [   11.072818] Failed to ioremap_nocache
May 12 16:14:09 (none) user.warn kernel: [   11.086187] SNAPGEAR: failed to ioremap() BOOTCS
May 12 16:14:09 (none) user.warn kernel: [   11.097869] Generic platform RAM MTD, (c) 2004 Simtec Electronics
May 12 16:14:09 (none) user.info kernel: [   11.110329] No recognised DiskOnChip devices found
May 12 16:14:09 (none) user.notice kernel: [   11.110336] slram: not enough parameters.
May 12 16:14:09 (none) user.info kernel: [   11.110341] Ramix PMC551 PCI Mezzanine Ram Driver. (C) 1999,2000 Nortel Networks.
May 12 16:14:09 (none) user.notice kernel: [   11.110375] pmc551: not detected
May 12 16:14:09 (none) user.notice kernel: [   11.112969] ftl_cs: FTL header not found.
May 12 16:14:09 (none) user.info kernel: [   11.150656] No valid DiskOnChip devices found
May 12 16:14:09 (none) user.warn kernel: [   11.150860] [nandsim] warning: read_byte: unexpected data output cycle, state is STATE_READY return 0x0
May 12 16:14:09 (none) user.warn kernel: [   11.173618] [nandsim] warning: read_byte: unexpected data output cycle, state is STATE_READY return 0x0
May 12 16:14:09 (none) user.warn kernel: [   11.197555] [nandsim] warning: read_byte: unexpected data output cycle, state is STATE_READY return 0x0
May 12 16:14:09 (none) user.warn kernel: [   11.222144] [nandsim] warning: read_byte: unexpected data output cycle, state is STATE_READY return 0x0
May 12 16:14:09 (none) user.warn kernel: [   11.247907] [nandsim] warning: read_byte: unexpected data output cycle, state is STATE_READY return 0x0
May 12 16:14:09 (none) user.warn kernel: [   11.274516] [nandsim] warning: read_byte: unexpected data output cycle, state is STATE_READY return 0x0
May 12 16:14:09 (none) user.info kernel: [   11.300885] NAND device: Manufacturer ID: 0x98, Chip ID: 0x39 (Toshiba NAND 8MiB 1,8V 8-bit), page size: 512, OOB size: 16
May 12 16:14:09 (none) user.warn kernel: [   11.300916] flash size: 8 MiB
May 12 16:14:09 (none) user.warn kernel: [   11.314072] page size: 512 bytes
May 12 16:14:09 (none) user.warn kernel: [   11.327129] OOB area size: 16 bytes
May 12 16:14:09 (none) user.warn kernel: [   11.339958] sector size: 8 KiB
May 12 16:14:09 (none) user.warn kernel: [   11.352591] pages number: 16384
May 12 16:14:09 (none) user.info kernel: [   11.353114] ata1: SATA link up 1.5 Gbps (SStatus 113 SControl 300)
May 12 16:14:09 (none) user.info kernel: [   11.355059] ata1.00: ACPI cmd f5/00:00:00:00:00:a0 (unknown) filtered out
May 12 16:14:09 (none) user.info kernel: [   11.355551] ata1.00: ATA-8: WDC WD3200BPVT-22JJ5T0, 01.01A01, max UDMA/133
May 12 16:14:09 (none) user.info kernel: [   11.355557] ata1.00: 625142448 sectors, multi 16: LBA48 NCQ (depth 31/32), AA
May 12 16:14:09 (none) user.info kernel: [   11.357465] ata1.00: ACPI cmd f5/00:00:00:00:00:a0 (unknown) filtered out
May 12 16:14:09 (none) user.info kernel: [   11.357804] ata1.00: configured for UDMA/133
May 12 16:14:09 (none) user.notice kernel: [   11.358832] scsi 2:0:0:0: Direct-Access     ATA      WDC WD3200BPVT-2 01.0 PQ: 0 ANSI: 5
May 12 16:14:09 (none) user.notice kernel: [   11.360749] sd 2:0:0:0: [sda] 625142448 512-byte logical blocks: (320 GB/298 GiB)
May 12 16:14:09 (none) user.notice kernel: [   11.360756] sd 2:0:0:0: [sda] 4096-byte physical blocks
May 12 16:14:09 (none) user.notice kernel: [   11.361366] sd 2:0:0:0: [sda] Write Protect is off
May 12 16:14:09 (none) user.debug kernel: [   11.361373] sd 2:0:0:0: [sda] Mode Sense: 00 3a 00 00
May 12 16:14:09 (none) user.notice kernel: [   11.361609] sd 2:0:0:0: [sda] Write cache: enabled, read cache: enabled, doesn't support DPO or FUA
May 12 16:14:09 (none) user.notice kernel: [   11.364327] sd 2:0:0:0: Attached scsi generic sg0 type 0
May 12 16:14:09 (none) user.warn kernel: [   11.365579] pages per sector: 16
May 12 16:14:09 (none) user.warn kernel: [   11.377548] bus width: 8
May 12 16:14:09 (none) user.warn kernel: [   11.389224] bits in sector size: 13
May 12 16:14:09 (none) user.warn kernel: [   11.400766] bits in page size: 9
May 12 16:14:09 (none) user.warn kernel: [   11.411999] bits in OOB size: 4
May 12 16:14:09 (none) user.warn kernel: [   11.422996] flash size with OOB: 8448 KiB
May 12 16:14:09 (none) user.warn kernel: [   11.434102] page address bytes: 3
May 12 16:14:09 (none) user.warn kernel: [   11.445035] sector address bytes: 2
May 12 16:14:09 (none) user.warn kernel: [   11.455724] options: 0x42
May 12 16:14:09 (none) user.info kernel: [   11.466338] Scanning device for bad blocks
May 12 16:14:09 (none) user.notice kernel: [   11.489337] Creating 1 MTD partitions on "NAND 8MiB 1,8V 8-bit":
May 12 16:14:09 (none) user.notice kernel: [   11.489354] 0x000000000000-0x000000800000 : "NAND simulator partition 0"
May 12 16:14:09 (none) user.notice kernel: [   11.491812] ftl_cs: FTL header not found.
May 12 16:14:09 (none) user.info kernel: [   11.492981] usbcore: registered new interface driver alauda
May 12 16:14:09 (none) user.err kernel: [   11.537035] onenand_wait: timeout! ctrl=0x0000 intr=0x0000
May 12 16:14:09 (none) user.debug kernel: [   11.547315] OneNAND Manufacturer: Samsung (0xec)
May 12 16:14:09 (none) user.info kernel: [   11.547323] OneNAND 16MB 1.8V 16-bit (0x04)
May 12 16:14:09 (none) user.info kernel: [   11.547328] OneNAND version = 0x001e
May 12 16:14:09 (none) user.debug kernel: [   11.547332] Lock scheme is Continuous Lock
May 12 16:14:09 (none) user.info kernel: [   11.547379] Scanning device for bad blocks
May 12 16:14:09 (none) user.notice kernel: [   11.550487] Creating 1 MTD partitions on "OneNAND simulator":
May 12 16:14:09 (none) user.notice kernel: [   11.550504] 0x000000000000-0x000001000000 : "OneNAND simulator partition"
May 12 16:14:09 (none) user.notice kernel: [   11.552183] ftl_cs: FTL header not found.
May 12 16:14:09 (none) user.info kernel: [   11.554364] Fixed MDIO Bus: probed
May 12 16:14:09 (none) user.info kernel: [   11.554530] cnic: Broadcom NetXtreme II CNIC Driver cnic v2.5.10 (March 21, 2012)
May 12 16:14:09 (none) user.info kernel: [   11.555250] Fusion MPT base driver 3.04.20
May 12 16:14:09 (none) user.info kernel: [   11.555256] Copyright (c) 1999-2008 LSI Corporation
May 12 16:14:09 (none) user.info kernel: [   11.555305] Fusion MPT SPI Host driver 3.04.20
May 12 16:14:09 (none) user.info kernel: [   11.555452] Fusion MPT FC Host driver 3.04.20
May 12 16:14:09 (none) user.info kernel: [   11.555631] Fusion MPT SAS Host driver 3.04.20
May 12 16:14:09 (none) user.info kernel: [   11.555797] Fusion MPT misc device (ioctl) driver 3.04.20
May 12 16:14:09 (none) user.info kernel: [   11.556099] mptctl: Registered with Fusion MPT base driver
May 12 16:14:09 (none) user.info kernel: [   11.556106] mptctl: /dev/mptctl @ (major,minor=10,220)
May 12 16:14:09 (none) user.info kernel: [   11.556112] Fusion MPT LAN driver 3.04.20
May 12 16:14:09 (none) user.info kernel: [   11.556756] Intel ISA PCIC probe: not found.
May 12 16:14:09 (none) user.info kernel: [   11.557362] Databook TCIC-2 PCMCIA probe: not found.
May 12 16:14:09 (none) user.info kernel: [   11.557434] ehci_hcd: USB 2.0 'Enhanced' Host Controller (EHCI) Driver
May 12 16:14:09 (none) user.debug kernel: [   11.557665] ehci_hcd 0000:00:1d.7: setting latency timer to 64
May 12 16:14:09 (none) user.info kernel: [   11.557678] ehci_hcd 0000:00:1d.7: EHCI Host Controller
May 12 16:14:09 (none) user.info kernel: [   11.557882] ehci_hcd 0000:00:1d.7: new USB bus registered, assigned bus number 1
May 12 16:14:09 (none) user.info kernel: [   11.558044] ehci_hcd 0000:00:1d.7: using broken periodic workaround
May 12 16:14:09 (none) user.info kernel: [   11.558084] ehci_hcd 0000:00:1d.7: debug port 1
May 12 16:14:09 (none) user.debug kernel: [   11.561983] ehci_hcd 0000:00:1d.7: cache line size of 32 is not supported
May 12 16:14:09 (none) user.info kernel: [   11.562120] ehci_hcd 0000:00:1d.7: irq 23, io mem 0xf7db7c00
May 12 16:14:09 (none) user.info kernel: [   11.568062] ehci_hcd 0000:00:1d.7: USB 2.0 started, EHCI 1.00
May 12 16:14:09 (none) user.info kernel: [   11.568495] usb usb1: New USB device found, idVendor=1d6b, idProduct=0002
May 12 16:14:09 (none) user.info kernel: [   11.568504] usb usb1: New USB device strings: Mfr=3, Product=2, SerialNumber=1
May 12 16:14:09 (none) user.info kernel: [   11.568511] usb usb1: Product: EHCI Host Controller
May 12 16:14:09 (none) user.info kernel: [   11.568518] usb usb1: Manufacturer: Linux 3.5.0-KRG-iCore2-smp-pae-srv1000gz ehci_hcd
May 12 16:14:09 (none) user.info kernel: [   11.568525] usb usb1: SerialNumber: 0000:00:1d.7
May 12 16:14:09 (none) user.info kernel: [   11.569722] hub 1-0:1.0: USB hub found
May 12 16:14:09 (none) user.info kernel: [   11.569756] hub 1-0:1.0: 8 ports detected
May 12 16:14:09 (none) user.info kernel: [   11.570782] ohci_hcd: USB 1.1 'Open' Host Controller (OHCI) Driver
May 12 16:14:09 (none) user.info kernel: [   11.570990] uhci_hcd: USB Universal Host Controller Interface driver
May 12 16:14:09 (none) user.debug kernel: [   11.571263] uhci_hcd 0000:00:1d.0: setting latency timer to 64
May 12 16:14:09 (none) user.info kernel: [   11.571276] uhci_hcd 0000:00:1d.0: UHCI Host Controller
May 12 16:14:09 (none) user.info kernel: [   11.571311] uhci_hcd 0000:00:1d.0: new USB bus registered, assigned bus number 2
May 12 16:14:09 (none) user.info kernel: [   11.571384] uhci_hcd 0000:00:1d.0: irq 23, io base 0x0000d400
May 12 16:14:09 (none) user.info kernel: [   11.571724] usb usb2: New USB device found, idVendor=1d6b, idProduct=0001
May 12 16:14:09 (none) user.info kernel: [   11.571734] usb usb2: New USB device strings: Mfr=3, Product=2, SerialNumber=1
May 12 16:14:09 (none) user.info kernel: [   11.571741] usb usb2: Product: UHCI Host Controller
May 12 16:14:09 (none) user.info kernel: [   11.571748] usb usb2: Manufacturer: Linux 3.5.0-KRG-iCore2-smp-pae-srv1000gz uhci_hcd
May 12 16:14:09 (none) user.info kernel: [   11.571755] usb usb2: SerialNumber: 0000:00:1d.0
May 12 16:14:09 (none) user.info kernel: [   11.572758] hub 2-0:1.0: USB hub found
May 12 16:14:09 (none) user.info kernel: [   11.572799] hub 2-0:1.0: 2 ports detected
May 12 16:14:09 (none) user.debug kernel: [   11.573456] uhci_hcd 0000:00:1d.1: setting latency timer to 64
May 12 16:14:09 (none) user.info kernel: [   11.573468] uhci_hcd 0000:00:1d.1: UHCI Host Controller
May 12 16:14:09 (none) user.info kernel: [   11.573500] uhci_hcd 0000:00:1d.1: new USB bus registered, assigned bus number 3
May 12 16:14:09 (none) user.info kernel: [   11.573642] uhci_hcd 0000:00:1d.1: irq 19, io base 0x0000d480
May 12 16:14:09 (none) user.info kernel: [   11.573864] usb usb3: New USB device found, idVendor=1d6b, idProduct=0001
May 12 16:14:09 (none) user.info kernel: [   11.573873] usb usb3: New USB device strings: Mfr=3, Product=2, SerialNumber=1
May 12 16:14:09 (none) user.info kernel: [   11.573880] usb usb3: Product: UHCI Host Controller
May 12 16:14:09 (none) user.info kernel: [   11.573888] usb usb3: Manufacturer: Linux 3.5.0-KRG-iCore2-smp-pae-srv1000gz uhci_hcd
May 12 16:14:09 (none) user.info kernel: [   11.573894] usb usb3: SerialNumber: 0000:00:1d.1
May 12 16:14:09 (none) user.info kernel: [   11.574866] hub 3-0:1.0: USB hub found
May 12 16:14:09 (none) user.info kernel: [   11.574896] hub 3-0:1.0: 2 ports detected
May 12 16:14:09 (none) user.debug kernel: [   11.575522] uhci_hcd 0000:00:1d.2: setting latency timer to 64
May 12 16:14:09 (none) user.info kernel: [   11.575534] uhci_hcd 0000:00:1d.2: UHCI Host Controller
May 12 16:14:09 (none) user.info kernel: [   11.575566] uhci_hcd 0000:00:1d.2: new USB bus registered, assigned bus number 4
May 12 16:14:09 (none) user.info kernel: [   11.575710] uhci_hcd 0000:00:1d.2: irq 18, io base 0x0000d800
May 12 16:14:09 (none) user.info kernel: [   11.575931] usb usb4: New USB device found, idVendor=1d6b, idProduct=0001
May 12 16:14:09 (none) user.info kernel: [   11.575940] usb usb4: New USB device strings: Mfr=3, Product=2, SerialNumber=1
May 12 16:14:09 (none) user.info kernel: [   11.575947] usb usb4: Product: UHCI Host Controller
May 12 16:14:09 (none) user.info kernel: [   11.575955] usb usb4: Manufacturer: Linux 3.5.0-KRG-iCore2-smp-pae-srv1000gz uhci_hcd
May 12 16:14:09 (none) user.info kernel: [   11.575962] usb usb4: SerialNumber: 0000:00:1d.2
May 12 16:14:09 (none) user.info kernel: [   11.576910] hub 4-0:1.0: USB hub found
May 12 16:14:09 (none) user.info kernel: [   11.576940] hub 4-0:1.0: 2 ports detected
May 12 16:14:09 (none) user.debug kernel: [   11.577564] uhci_hcd 0000:00:1d.3: setting latency timer to 64
May 12 16:14:09 (none) user.info kernel: [   11.577576] uhci_hcd 0000:00:1d.3: UHCI Host Controller
May 12 16:14:09 (none) user.info kernel: [   11.577608] uhci_hcd 0000:00:1d.3: new USB bus registered, assigned bus number 5
May 12 16:14:09 (none) user.info kernel: [   11.577752] uhci_hcd 0000:00:1d.3: irq 16, io base 0x0000d880
May 12 16:14:09 (none) user.info kernel: [   11.577981] usb usb5: New USB device found, idVendor=1d6b, idProduct=0001
May 12 16:14:09 (none) user.info kernel: [   11.577990] usb usb5: New USB device strings: Mfr=3, Product=2, SerialNumber=1
May 12 16:14:09 (none) user.info kernel: [   11.577997] usb usb5: Product: UHCI Host Controller
May 12 16:14:09 (none) user.info kernel: [   11.578038] usb usb5: Manufacturer: Linux 3.5.0-KRG-iCore2-smp-pae-srv1000gz uhci_hcd
May 12 16:14:09 (none) user.info kernel: [   11.578048] usb usb5: SerialNumber: 0000:00:1d.3
May 12 16:14:09 (none) user.info kernel: [   11.578943] hub 5-0:1.0: USB hub found
May 12 16:14:09 (none) user.info kernel: [   11.578973] hub 5-0:1.0: 2 ports detected
May 12 16:14:09 (none) user.info kernel: [   11.580048] usbcore: registered new interface driver uas
May 12 16:14:09 (none) user.info kernel: [   11.580055] Initializing USB Mass Storage driver...
May 12 16:14:09 (none) user.info kernel: [   11.580206] usbcore: registered new interface driver usb-storage
May 12 16:14:09 (none) user.info kernel: [   11.580211] USB Mass Storage support registered.
May 12 16:14:09 (none) user.info kernel: [   11.580498] usbcore: registered new interface driver libusual
May 12 16:14:09 (none) user.info kernel: [   11.580580] usbcore: registered new interface driver ums-cypress
May 12 16:14:09 (none) user.info kernel: [   11.580659] usbcore: registered new interface driver ums-datafab
May 12 16:14:09 (none) user.info kernel: [   11.580738] usbcore: registered new interface driver ums-freecom
May 12 16:14:09 (none) user.info kernel: [   11.580829] usbcore: registered new interface driver ums-isd200
May 12 16:14:09 (none) user.info kernel: [   11.580928] usbcore: registered new interface driver ums-realtek
May 12 16:14:09 (none) user.info kernel: [   11.581043] usbcore: registered new interface driver ums-usbat
May 12 16:14:09 (none) user.info kernel: [   11.581306] i8042: PNP: PS/2 Controller [PNP0303:PS2K,PNP0f13:PS2M] at 0x60,0x64 irq 1,12
May 12 16:14:09 (none) user.info kernel: [   11.600784] serio: i8042 KBD port at 0x60,0x64 irq 1
May 12 16:14:09 (none) user.info kernel: [   11.600874] serio: i8042 AUX port at 0x60,0x64 irq 12
May 12 16:14:09 (none) user.err kernel: [   11.601547] parkbd: no such parport
May 12 16:14:09 (none) user.info kernel: [   11.612543] mousedev: PS/2 mouse device common for all mice
May 12 16:14:09 (none) user.info kernel: [   11.613998] usbcore: registered new interface driver appletouch
May 12 16:14:09 (none) user.info kernel: [   11.614182] usbcore: registered new interface driver bcm5974
May 12 16:14:09 (none) user.info kernel: [   11.614325] usbcore: registered new interface driver synaptics_usb
May 12 16:14:09 (none) user.info kernel: [   11.614414] usbcore: registered new interface driver usb_acecad
May 12 16:14:09 (none) user.info kernel: [   11.614503] usbcore: registered new interface driver aiptek
May 12 16:14:09 (none) user.info kernel: [   11.614601] usbcore: registered new interface driver gtco
May 12 16:14:09 (none) user.info kernel: [   11.614689] usbcore: registered new interface driver hanwang
May 12 16:14:09 (none) user.info kernel: [   11.614777] usbcore: registered new interface driver kbtab
May 12 16:14:09 (none) user.info kernel: [   11.614876] usbcore: registered new interface driver wacom
May 12 16:14:09 (none) user.warn kernel: [   11.616267] mk712: device not present
May 12 16:14:09 (none) user.info kernel: [   11.625945] usbcore: registered new interface driver usbtouchscreen
May 12 16:14:09 (none) user.info kernel: [   11.626957] rtc_cmos 00:03: RTC can wake from S4
May 12 16:14:09 (none) user.info kernel: [   11.627875] rtc_cmos 00:03: rtc core: registered rtc_cmos as rtc0
May 12 16:14:09 (none) user.info kernel: [   11.627967] rtc0: alarms up to one month, 114 bytes nvram, hpet irqs
May 12 16:14:09 (none) user.info kernel: [   11.628085] i2c /dev entries driver
May 12 16:14:09 (none) user.info kernel: [   11.628197] md: linear personality registered for level -1
May 12 16:14:09 (none) user.info kernel: [   11.628205] md: raid0 personality registered for level 0
May 12 16:14:09 (none) user.info kernel: [   11.628211] md: raid1 personality registered for level 1
May 12 16:14:09 (none) user.info kernel: [   11.628218] md: raid10 personality registered for level 10
May 12 16:14:09 (none) user.info kernel: [   11.628224] md: raid6 personality registered for level 6
May 12 16:14:09 (none) user.info kernel: [   11.628230] md: raid5 personality registered for level 5
May 12 16:14:09 (none) user.info kernel: [   11.628236] md: raid4 personality registered for level 4
May 12 16:14:09 (none) user.info kernel: [   11.628242] md: multipath personality registered for level -4
May 12 16:14:09 (none) user.info kernel: [   11.628514] device-mapper: uevent: version 1.0.3
May 12 16:14:09 (none) user.info kernel: [   11.628968] device-mapper: ioctl: 4.22.0-ioctl (2011-10-19) initialised: dm-devel@redhat.com
May 12 16:14:09 (none) user.info kernel: [   11.629915] device-mapper: multipath: version 1.4.0 loaded
May 12 16:14:09 (none) user.info kernel: [   11.629997] device-mapper: multipath round-robin: version 1.0.0 loaded
May 12 16:14:09 (none) user.info kernel: [   11.630048] device-mapper: multipath queue-length: version 0.1.0 loaded
May 12 16:14:09 (none) user.info kernel: [   11.630059] device-mapper: multipath service-time: version 0.2.0 loaded
May 12 16:14:09 (none) user.info kernel: [   11.630417] device-mapper: dm-log-userspace: version 1.1.0 loaded
May 12 16:14:09 (none) user.info kernel: [   11.630997] EISA: Probing bus 0 at eisa.0
May 12 16:14:09 (none) user.warn kernel: [   11.631051] EISA: Cannot allocate resource for mainboard
May 12 16:14:09 (none) user.warn kernel: [   11.640390] Cannot allocate resource for EISA slot 1
May 12 16:14:09 (none) user.warn kernel: [   11.649519] Cannot allocate resource for EISA slot 2
May 12 16:14:09 (none) user.warn kernel: [   11.658126] Cannot allocate resource for EISA slot 3
May 12 16:14:09 (none) user.warn kernel: [   11.666236] Cannot allocate resource for EISA slot 4
May 12 16:14:09 (none) user.warn kernel: [   11.673920] Cannot allocate resource for EISA slot 5
May 12 16:14:09 (none) user.warn kernel: [   11.681121] Cannot allocate resource for EISA slot 6
May 12 16:14:09 (none) user.warn kernel: [   11.687781] Cannot allocate resource for EISA slot 7
May 12 16:14:09 (none) user.warn kernel: [   11.694271] Cannot allocate resource for EISA slot 8
May 12 16:14:09 (none) user.info kernel: [   11.700685] EISA: Detected 0 cards.
May 12 16:14:09 (none) user.info kernel: [   11.701083] cpuidle: using governor ladder
May 12 16:14:09 (none) user.info kernel: [   11.702067] cpuidle: using governor menu
May 12 16:14:09 (none) user.info kernel: [   11.702211] sdhci: Secure Digital Host Controller Interface driver
May 12 16:14:09 (none) user.info kernel: [   11.702217] sdhci: Copyright(c) Pierre Ossman
May 12 16:14:09 (none) user.info kernel: [   11.702377] wbsd: Winbond W83L51xD SD/MMC card interface driver
May 12 16:14:09 (none) user.info kernel: [   11.702381] wbsd: Copyright(c) Pierre Ossman
May 12 16:14:09 (none) user.info kernel: [   11.702617] via_sdmmc: VIA SD/MMC Card Reader driver (C) 2008 VIA Technologies, Inc.
May 12 16:14:09 (none) user.info kernel: [   11.702737] VUB300 Driver rom wait states = 1C irqpoll timeout = 0400
May 12 16:14:09 (none) user.info kernel: [   11.703510] usbcore: registered new interface driver vub300
May 12 16:14:09 (none) user.info kernel: [   11.703604] usbcore: registered new interface driver ushc
May 12 16:14:09 (none) user.info kernel: [   11.703609] sdhci-pltfm: SDHCI platform and OF driver helper
May 12 16:14:09 (none) user.info kernel: [   11.703622] No iBFT detected.
May 12 16:14:09 (none) user.info kernel: [   11.704374] hv_vmbus: registering driver hid_hyperv
May 12 16:14:09 (none) user.info kernel: [   11.706216] usbcore: registered new interface driver usbhid
May 12 16:14:09 (none) user.info kernel: [   11.706222] usbhid: USB HID core driver
May 12 16:14:09 (none) user.info kernel: [   11.706231] zram: num_devices not specified. Using default: 1
May 12 16:14:09 (none) user.info kernel: [   11.706236] zram: Creating 1 devices ...
May 12 16:14:09 (none) user.info kernel: [   11.708616] NET: Registered protocol family 10
May 12 16:14:09 (none) user.info kernel: [   11.710217] NET: Registered protocol family 15
May 12 16:14:09 (none) user.info kernel: [   11.716206] sctp: Hash tables configured (established 21845 bind 23831)
May 12 16:14:09 (none) user.info kernel: [   11.717269] Using IPI No-Shortcut mode
May 12 16:14:09 (none) user.debug kernel: [   11.718377] PM: Hibernation image not present or could not be loaded.
May 12 16:14:09 (none) user.info kernel: [   11.718420] registered taskstats version 1
May 12 16:14:09 (none) user.info kernel: [   11.720168] IMA: No TPM chip found, activating TPM-bypass!
May 12 16:14:09 (none) user.info kernel: [   11.722795]   Magic number: 13:758:236
May 12 16:14:09 (none) user.warn kernel: [   11.723123] register_blkdev: cannot get major 3 for hd
May 12 16:14:09 (none) user.info kernel: [   11.732497] input: AT Translated Set 2 keyboard as /devices/platform/i8042/serio0/input/input0
May 12 16:14:09 (none) user.info kernel: [   11.871239] usb 1-1: new high-speed USB device number 2 using ehci_hcd
May 12 16:14:09 (none) user.info kernel: [   12.034832] usb 1-1: New USB device found, idVendor=090c, idProduct=1000
May 12 16:14:09 (none) user.info kernel: [   12.034844] usb 1-1: New USB device strings: Mfr=1, Product=2, SerialNumber=3
May 12 16:14:09 (none) user.info kernel: [   12.034852] usb 1-1: SerialNumber: 12112780008004
May 12 16:14:09 (none) user.info kernel: [   12.037600] scsi6 : usb-storage 1-1:1.0
May 12 16:14:09 (none) user.info kernel: [   12.140201] usb 1-2: new high-speed USB device number 3 using ehci_hcd
May 12 16:14:09 (none) user.info kernel: [   12.292289] usb 1-2: New USB device found, idVendor=13d3, idProduct=5108
May 12 16:14:09 (none) user.info kernel: [   12.292310] usb 1-2: New USB device strings: Mfr=2, Product=1, SerialNumber=3
May 12 16:14:09 (none) user.info kernel: [   12.292325] usb 1-2: Product: USB 2.0 Camera
May 12 16:14:09 (none) user.info kernel: [   12.292339] usb 1-2: Manufacturer: Sonix Technology Co., Ltd.
May 12 16:14:09 (none) user.info kernel: [   12.292352] usb 1-2: SerialNumber: SN0001
May 12 16:14:09 (none) user.info kernel: [   12.398272] usb 1-5: new high-speed USB device number 4 using ehci_hcd
May 12 16:14:09 (none) user.info kernel: [   12.514148] usb 1-5: New USB device found, idVendor=05e3, idProduct=0608
May 12 16:14:09 (none) user.info kernel: [   12.514169] usb 1-5: New USB device strings: Mfr=0, Product=1, SerialNumber=0
May 12 16:14:09 (none) user.info kernel: [   12.514193] usb 1-5: Product: USB2.0 Hub
May 12 16:14:09 (none) user.info kernel: [   12.516232] hub 1-5:1.0: USB hub found
May 12 16:14:09 (none) user.info kernel: [   12.516621] hub 1-5:1.0: 4 ports detected
May 12 16:14:09 (none) user.info kernel: [   12.621187] usb 1-8: new high-speed USB device number 5 using ehci_hcd
May 12 16:14:09 (none) user.info kernel: [   12.747517] usb 1-8: New USB device found, idVendor=12d1, idProduct=1001
May 12 16:14:09 (none) user.info kernel: [   12.747538] usb 1-8: New USB device strings: Mfr=2, Product=1, SerialNumber=0
May 12 16:14:09 (none) user.info kernel: [   12.747553] usb 1-8: Product: HUAWEI Mobile
May 12 16:14:09 (none) user.info kernel: [   12.747567] usb 1-8: Manufacturer: HUAWEI Technology
May 12 16:14:09 (none) user.info kernel: [   12.827681] usb 1-5.2: new high-speed USB device number 6 using ehci_hcd
May 12 16:14:09 (none) user.info kernel: [   12.926867] usb 1-5.2: New USB device found, idVendor=12d1, idProduct=1001
May 12 16:14:09 (none) user.info kernel: [   12.926888] usb 1-5.2: New USB device strings: Mfr=2, Product=1, SerialNumber=0
May 12 16:14:09 (none) user.info kernel: [   12.926904] usb 1-5.2: Product: HUAWEI Mobile
May 12 16:14:09 (none) user.info kernel: [   12.926918] usb 1-5.2: Manufacturer: HUAWEI Technology
May 12 16:14:09 (none) user.info kernel: [   12.931232] scsi10 : usb-storage 1-5.2:1.0
May 12 16:14:09 (none) user.info kernel: [   12.995682] usb 1-5.3: new low-speed USB device number 7 using ehci_hcd
May 12 16:14:09 (none) user.info kernel: [   13.087207] usb 1-5.3: New USB device found, idVendor=04f3, idProduct=02f4
May 12 16:14:09 (none) user.info kernel: [   13.087229] usb 1-5.3: New USB device strings: Mfr=0, Product=2, SerialNumber=0
May 12 16:14:09 (none) user.info kernel: [   13.087244] usb 1-5.3: Product: 2.4G Wireless Mouse
May 12 16:14:09 (none) user.info kernel: [   13.094378] input: 2.4G Wireless Mouse as /devices/pci0000:00/0000:00:1d.7/usb1/1-5/1-5.3/1-5.3:1.0/input/input1
May 12 16:14:09 (none) user.info kernel: [   13.096061] hid-generic 0003:04F3:02F4.0001: input,hiddev0,hidraw0: USB HID v1.11 Mouse [2.4G Wireless Mouse] on usb-0000:00:1d.7-5.3/input0
May 12 16:14:09 (none) user.info kernel: [   13.097798] usb 1-5.2: USB disconnect, device number 6
May 12 16:14:09 (none) user.info kernel: [   13.918827]  sda: sda1 sda2 < sda5 sda6 sda7 sda8 sda9 sda10 > sda3 sda4
May 12 16:14:09 (none) user.notice kernel: [   13.923810] sd 2:0:0:0: [sda] Attached SCSI disk
May 12 16:14:09 (none) user.info kernel: [   13.924125] rtc_cmos 00:03: setting system clock to 2013-05-12 16:13:12 UTC (1368375192)
May 12 16:14:09 (none) user.info kernel: [   13.924437] BIOS EDD facility v0.16 2004-Jun-25, 2 devices found
May 12 16:14:09 (none) user.info kernel: [   13.926288] md: Waiting for all devices to be available before autodetect
May 12 16:14:09 (none) user.info kernel: [   13.926296] md: If you don't use raid, use raid=noautodetect
May 12 16:14:09 (none) user.info kernel: [   13.927724] md: Autodetecting RAID arrays.
May 12 16:14:09 (none) user.info kernel: [   13.927732] md: Scanned 0 and added 0 devices.
May 12 16:14:09 (none) user.info kernel: [   13.927737] md: autorun ...
May 12 16:14:09 (none) user.info kernel: [   13.927741] md: ... autorun DONE.
May 12 16:14:09 (none) user.err kernel: [   13.964849] EXT3-fs (sda9): error: couldn't mount because of unsupported optional features (240)
May 12 16:14:09 (none) user.err kernel: [   13.984112] EXT2-fs (sda9): error: couldn't mount because of unsupported optional features (244)
May 12 16:14:09 (none) user.info kernel: [   14.007484] EXT4-fs (sda9): INFO: recovery required on readonly filesystem
May 12 16:14:09 (none) user.info kernel: [   14.007494] EXT4-fs (sda9): write access will be enabled during recovery
May 12 16:14:09 (none) user.notice kernel: [   14.313158] scsi 6:0:0:0: Direct-Access                                    PQ: 0 ANSI: 4
May 12 16:14:09 (none) user.info kernel: [   14.313982] scsi 6:0:0:0: alua: supports implicit and explicit TPGS
May 12 16:14:09 (none) user.info kernel: [   14.315900] scsi 6:0:0:0: alua: No target port descriptors found
May 12 16:14:09 (none) user.err kernel: [   14.315912] scsi 6:0:0:0: alua: not attached
May 12 16:14:09 (none) user.notice kernel: [   14.326577] sd 6:0:0:0: Attached scsi generic sg1 type 0
May 12 16:14:09 (none) user.notice kernel: [   14.326590] sd 6:0:0:0: Embedded Enclosure Device
May 12 16:14:09 (none) user.err kernel: [   14.329240] sd 6:0:0:0: Failed to get diagnostic page 0x8100002
May 12 16:14:09 (none) user.notice kernel: [   14.337765] sd 6:0:0:0: [sdb] 15482880 512-byte logical blocks: (7.92 GB/7.38 GiB)
May 12 16:14:09 (none) user.err kernel: [   14.337881] sd 6:0:0:0: Failed to bind enclosure -19
May 12 16:14:09 (none) user.notice kernel: [   14.347198] sd 6:0:0:0: [sdb] Write Protect is off
May 12 16:14:09 (none) user.debug kernel: [   14.347212] sd 6:0:0:0: [sdb] Mode Sense: 43 00 00 00
May 12 16:14:09 (none) user.err kernel: [   14.348207] sd 6:0:0:0: [sdb] No Caching mode page present
May 12 16:14:09 (none) user.err kernel: [   14.357002] sd 6:0:0:0: [sdb] Assuming drive cache: write through
May 12 16:14:09 (none) user.err kernel: [   14.371117] sd 6:0:0:0: [sdb] No Caching mode page present
May 12 16:14:09 (none) user.err kernel: [   14.380045] sd 6:0:0:0: [sdb] Assuming drive cache: write through
May 12 16:14:09 (none) user.info kernel: [   14.390726]  sdb: sdb1
May 12 16:14:09 (none) user.err kernel: [   14.396178] sd 6:0:0:0: [sdb] No Caching mode page present
May 12 16:14:09 (none) user.err kernel: [   14.404874] sd 6:0:0:0: [sdb] Assuming drive cache: write through
May 12 16:14:09 (none) user.notice kernel: [   14.413654] sd 6:0:0:0: [sdb] Attached SCSI removable disk
May 12 16:14:09 (none) user.info kernel: [   15.055077] EXT4-fs (sda9): recovery complete
May 12 16:14:09 (none) user.info kernel: [   15.065345] EXT4-fs (sda9): mounted filesystem with ordered data mode. Opts: (null)
May 12 16:14:09 (none) user.info kernel: [   15.065472] VFS: Mounted root (ext4 filesystem) readonly on device 8:9.
May 12 16:14:09 (none) user.info kernel: [   15.110150] devtmpfs: mounted
May 12 16:14:09 (none) user.info kernel: [   15.111916] Freeing unused kernel memory: 2096k freed
May 12 16:14:09 (none) user.info kernel: [   15.558095] EXT4-fs (sda9): re-mounted. Opts: data=ordered
May 12 16:14:09 (none) user.info kernel: [   18.644570] usb 1-5.2: new high-speed USB device number 8 using ehci_hcd
May 12 16:14:09 (none) user.info kernel: [   18.731555] usb 1-5.2: New USB device found, idVendor=12d1, idProduct=1001
May 12 16:14:09 (none) user.info kernel: [   18.731577] usb 1-5.2: New USB device strings: Mfr=2, Product=1, SerialNumber=0
May 12 16:14:09 (none) user.info kernel: [   18.731593] usb 1-5.2: Product: HUAWEI Mobile
May 12 16:14:09 (none) user.info kernel: [   18.731606] usb 1-5.2: Manufacturer: HUAWEI Technology
May 12 16:14:09 (none) user.info kernel: [   18.839054] scsi14 : usb-storage 1-5.2:1.3
May 12 16:14:09 (none) user.info kernel: [   18.841151] scsi15 : usb-storage 1-5.2:1.4
May 12 16:14:09 (none) user.notice kernel: [   19.844759] scsi 14:0:0:0: CD-ROM            HUAWEI   Mass Storage     2.31 PQ: 0 ANSI: 2
May 12 16:14:09 (none) user.notice kernel: [   19.849961] scsi 15:0:0:0: Direct-Access     HUAWEI   MMC Storage      2.31 PQ: 0 ANSI: 2
May 12 16:14:09 (none) user.notice kernel: [   19.851529] sd 15:0:0:0: Attached scsi generic sg2 type 0
May 12 16:14:09 (none) user.notice kernel: [   19.854669] sd 15:0:0:0: [sdc] 3897344 512-byte logical blocks: (1.99 GB/1.85 GiB)
May 12 16:14:09 (none) user.warn kernel: [   19.855650] sr0: scsi-1 drive
May 12 16:14:09 (none) user.notice kernel: [   19.857677] sd 15:0:0:0: [sdc] Write Protect is off
May 12 16:14:09 (none) user.debug kernel: [   19.857684] sd 15:0:0:0: [sdc] Mode Sense: 0f 0e 00 00
May 12 16:14:09 (none) user.notice kernel: [   19.860624] sd 15:0:0:0: [sdc] Write cache: enabled, read cache: enabled, doesn't support DPO or FUA
May 12 16:14:09 (none) user.info kernel: [   19.864512] cdrom: Uniform CD-ROM driver Revision: 3.20
May 12 16:14:09 (none) user.debug kernel: [   19.866177] sr 14:0:0:0: Attached scsi CD-ROM sr0
May 12 16:14:09 (none) user.notice kernel: [   19.867370] sr 14:0:0:0: Attached scsi generic sg3 type 5
May 12 16:14:09 (none) user.info kernel: [   19.879118]  sdc: sdc1
May 12 16:14:09 (none) user.notice kernel: [   19.893890] sd 15:0:0:0: [sdc] Attached SCSI removable disk
May 12 16:14:09 (none) user.info kernel: [   25.227544] NET: Registered protocol family 1
May 12 16:14:09 (none) user.warn kernel: [   25.399853] udevd (1543): /proc/1543/oom_adj is deprecated, please use /proc/1543/oom_score_adj instead.
May 12 16:14:09 (none) user.info kernel: [   25.417300] udev: starting version 140
May 12 16:14:09 (none) user.warn kernel: [   26.624271] ACPI: Deprecated procfs I/F for AC is loaded, please retry with CONFIG_ACPI_PROCFS_POWER cleared
May 12 16:14:09 (none) user.info kernel: [   26.645354] ACPI: AC Adapter [AC0] (on-line)
May 12 16:14:09 (none) user.info kernel: [   26.764943] ACPI: Requesting acpi_cpufreq
May 12 16:14:09 (none) user.info kernel: [   27.051538] input: Lid Switch as /devices/LNXSYSTM:00/device:00/PNP0C0D:00/input/input2
May 12 16:14:09 (none) user.info kernel: [   27.057507] ACPI: Lid Switch [LID]
May 12 16:14:09 (none) user.info kernel: [   27.058174] input: Sleep Button as /devices/LNXSYSTM:00/device:00/PNP0C0E:00/input/input3
May 12 16:14:09 (none) user.info kernel: [   27.059696] ACPI: Sleep Button [SLPB]
May 12 16:14:09 (none) user.info kernel: [   27.060858] input: Power Button as /devices/LNXSYSTM:00/device:00/PNP0C0C:00/input/input4
May 12 16:14:09 (none) user.info kernel: [   27.062443] ACPI: Power Button [PWRB]
May 12 16:14:09 (none) user.info kernel: [   27.063741] input: Power Button as /devices/LNXSYSTM:00/LNXPWRBN:00/input/input5
May 12 16:14:09 (none) user.info kernel: [   27.064698] ACPI: Power Button [PWRF]
May 12 16:14:09 (none) user.info kernel: [   27.960849] acpi device:38: registered as cooling_device2
May 12 16:14:09 (none) user.info kernel: [   27.961117] ACPI: Video Device [VGA] (multi-head: yes  rom: no  post: no)
May 12 16:14:09 (none) user.info kernel: [   27.961810] input: Video Bus as /devices/LNXSYSTM:00/device:00/PNP0A08:00/LNXVIDEO:00/input/input6
May 12 16:14:09 (none) user.warn kernel: [   31.215371] ACPI: Deprecated procfs I/F for battery is loaded, please retry with CONFIG_ACPI_PROCFS_POWER cleared
May 12 16:14:09 (none) user.info kernel: [   31.236907] ACPI: Battery Slot [BAT0] (battery present)
May 12 16:14:09 (none) user.info kernel: [   33.587741] wmi: Mapper loaded
May 12 16:14:09 (none) user.info kernel: [   33.978671] pci_hotplug: PCI Hot Plug PCI Core version: 0.5
May 12 16:14:09 (none) user.info kernel: [   33.983832] asus_wmi: ASUS WMI generic driver loaded
May 12 16:14:09 (none) user.info kernel: [   33.995143] asus_wmi: Initialization: 0x0asus_wmi: BIOS WMI version: 0.5
May 12 16:14:09 (none) user.info kernel: [   33.995691] asus_wmi: SFUN value: 0x0<6>[   34.003730] input: Eee PC WMI hotkeys as /devices/platform/eeepc-wmi/input/input7
May 12 16:14:09 (none) user.info kernel: [   35.024079] asus_wmi: Backlight controlled by ACPI video driver
May 12 16:14:09 (none) user.info kernel: [   35.142837] shpchp: Standard Hot Plug PCI Controller Driver version: 0.4
May 12 16:14:09 (none) user.debug kernel: [   35.285434] snd_hda_intel 0000:00:1b.0: irq 44 for MSI/MSI-X
May 12 16:14:09 (none) user.info kernel: [   35.342115] input: HDA Digital PCBeep as /devices/pci0000:00/0000:00:1b.0/input/input8
May 12 16:14:09 (none) user.info kernel: [   35.347872] input: HDA Intel Mic as /devices/pci0000:00/0000:00:1b.0/sound/card0/input9
May 12 16:14:09 (none) user.info kernel: [   35.348743] input: HDA Intel Headphone as /devices/pci0000:00/0000:00:1b.0/sound/card0/input10
May 12 16:14:09 (none) user.info kernel: [   37.049787] leds_ss4200: no LED devices found
May 12 16:14:09 (none) user.info kernel: [   37.475802] atl1c 0000:01:00.0: version 1.0.1.0-NAPI
May 12 16:14:09 (none) user.info kernel: [   37.819541] cfg80211: Calling CRDA to update world regulatory domain
May 12 16:14:09 (none) user.debug kernel: [   37.930202] ath: EEPROM regdomain: 0x60
May 12 16:14:09 (none) user.debug kernel: [   37.930214] ath: EEPROM indicates we should expect a direct regpair map
May 12 16:14:09 (none) user.debug kernel: [   37.930224] ath: Country alpha2 being used: 00
May 12 16:14:09 (none) user.debug kernel: [   37.930231] ath: Regpair used: 0x60
May 12 16:14:09 (none) user.debug kernel: [   38.013228] ieee80211 phy0: Selected rate control algorithm 'ath9k_rate_control'
May 12 16:14:09 (none) user.debug kernel: [   38.016862] Registered led device: ath9k-phy0
May 12 16:14:09 (none) user.info kernel: [   38.017067] ieee80211 phy0: Atheros AR9285 Rev:2 mem=0xf9e80000, irq=17
May 12 16:14:09 (none) user.info kernel: [   38.532867] input: PC Speaker as /devices/platform/pcspkr/input/input11
May 12 16:14:09 (none) user.info kernel: [   41.098191] Linux media interface: v0.10
May 12 16:14:09 (none) user.info kernel: [   41.105063] Linux video capture interface: v2.00
May 12 16:14:09 (none) user.info kernel: [   41.114473] uvcvideo: Found UVC 1.00 device USB 2.0 Camera (13d3:5108)
May 12 16:14:09 (none) user.info kernel: [   41.126648] input: USB 2.0 Camera as /devices/pci0000:00/0000:00:1d.7/usb1/1-2/1-2:1.0/input/input12
May 12 16:14:09 (none) user.info kernel: [   41.127364] usbcore: registered new interface driver uvcvideo
May 12 16:14:09 (none) user.info kernel: [   41.127373] USB Video Class driver (1.1.1)
May 12 16:14:09 (none) user.info kernel: [   41.446150] psmouse serio1: synaptics: Touchpad model: 1, fw: 7.2, id: 0x1a0b1, caps: 0xd04733/0xa40000/0xa0000
May 12 16:14:09 (none) user.info kernel: [   41.518465] input: SynPS/2 Synaptics TouchPad as /devices/platform/i8042/serio1/input/input13
May 12 16:14:09 (none) user.info kernel: [   41.826654] usbcore: registered new interface driver usbserial
May 12 16:14:09 (none) user.info kernel: [   41.826874] usbcore: registered new interface driver usbserial_generic
May 12 16:14:09 (none) user.info kernel: [   41.827277] USB Serial support registered for generic
May 12 16:14:09 (none) user.info kernel: [   41.827394] usbserial: USB Serial Driver core
May 12 16:14:09 (none) user.info kernel: [   41.844316] usbcore: registered new interface driver option
May 12 16:14:09 (none) user.info kernel: [   41.844451] USB Serial support registered for GSM modem (1-port)
May 12 16:14:09 (none) user.info kernel: [   41.844811] option 1-8:1.0: GSM modem (1-port) converter detected
May 12 16:14:09 (none) user.info kernel: [   41.856736] usb 1-8: GSM modem (1-port) converter now attached to ttyUSB0
May 12 16:14:09 (none) user.info kernel: [   41.857222] option 1-8:1.1: GSM modem (1-port) converter detected
May 12 16:14:09 (none) user.info kernel: [   41.859136] usb 1-8: GSM modem (1-port) converter now attached to ttyUSB1
May 12 16:14:09 (none) user.info kernel: [   41.859309] option 1-8:1.2: GSM modem (1-port) converter detected
May 12 16:14:09 (none) user.info kernel: [   41.860189] usb 1-8: GSM modem (1-port) converter now attached to ttyUSB2
May 12 16:14:09 (none) user.info kernel: [   41.860384] option 1-5.2:1.0: GSM modem (1-port) converter detected
May 12 16:14:09 (none) user.info kernel: [   41.861398] usb 1-5.2: GSM modem (1-port) converter now attached to ttyUSB3
May 12 16:14:09 (none) user.info kernel: [   41.861544] option 1-5.2:1.1: GSM modem (1-port) converter detected
May 12 16:14:09 (none) user.info kernel: [   41.862463] usb 1-5.2: GSM modem (1-port) converter now attached to ttyUSB4
May 12 16:14:09 (none) user.info kernel: [   41.862607] option 1-5.2:1.2: GSM modem (1-port) converter detected
May 12 16:14:09 (none) user.info kernel: [   41.865948] usb 1-5.2: GSM modem (1-port) converter now attached to ttyUSB5
May 12 16:14:09 (none) user.info kernel: [   45.762452] ddcprobe[6922]: segfault at c0014 ip 00000014 sp 00000ffa error 15 in mem[0+1000]
May 12 16:14:09 (none) user.info kernel: [   61.974203] EXT4-fs (sda9): re-mounted. Opts: data=ordered
May 12 16:14:09 (none) user.info kernel: [   65.609379] EXT4-fs (sda9): re-mounted. Opts: data=ordered
May 12 16:14:09 (none) user.info kernel: [   66.546627] EXT4-fs (sda9): re-mounted. Opts: data=ordered
May 12 16:14:09 (none) user.info kernel: [   72.321257] udev: starting version 140
May 12 16:14:12 (none) user.info kernel: [   74.630104] Adding 9210876k swap on /dev/sda10.  Priority:-1 extents:1 across:9210876k 
May 12 16:14:16 (none) user.debug kernel: [   77.955926] atl1c 0000:01:00.0: irq 45 for MSI/MSI-X
May 12 16:14:16 (none) user.info kernel: [   77.970686] IPv6: ADDRCONF(NETDEV_UP): eth374: link is not ready
May 12 16:14:16 (none) user.info kernel: [   78.038762] IPv6: ADDRCONF(NETDEV_UP): wlan55: link is not ready
May 12 16:14:16 (none) user.info kernel: [   78.590100] ip_tables: (C) 2000-2006 Netfilter Core Team
May 12 16:14:16 (none) user.info kernel: [   78.639932] nf_conntrack version 0.5.0 (15593 buckets, 62372 max)
May 12 16:14:48 (none) user.info kernel: [  110.281082] [drm] Initialized drm 1.1.0 20060810
May 12 16:14:48 (none) user.debug kernel: [  110.348301] checking generic (a0000 10000) vs hw (d0000000 10000000)
May 12 16:14:48 (none) user.info kernel: [  110.348313] fb: conflicting fb hw usage inteldrmfb vs VGA16 VGA - removing generic driver
May 12 16:14:48 (none) user.info kernel: [  110.374458] Console: switching to colour VGA+ 80x25
May 12 16:14:48 (none) user.debug kernel: [  110.378413] i915 0000:00:02.0: setting latency timer to 64
May 12 16:14:48 (none) user.info kernel: [  110.391695] [drm] Supports vblank timestamp caching Rev 1 (10.10.2010).
May 12 16:14:48 (none) user.info kernel: [  110.391709] [drm] Driver supports precise vblank timestamp query.
May 12 16:14:48 (none) user.info kernel: [  110.393340] vgaarb: device changed decodes: PCI:0000:00:02.0,olddecodes=io+mem,decodes=io+mem:owns=io+mem
May 12 16:14:49 (none) user.info kernel: [  110.725385] [drm] initialized overlay support
May 12 16:14:49 (none) user.info kernel: [  110.748847] fbcon: inteldrmfb (fb0) is primary device
May 12 16:14:49 (none) user.info kernel: [  111.162729] Console: switching to colour frame buffer device 128x37
May 12 16:14:49 (none) user.info kernel: [  111.171075] fb0: inteldrmfb frame buffer device
May 12 16:14:49 (none) user.info kernel: [  111.171077] drm: registered panic notifier
May 12 16:14:49 (none) user.info kernel: [  111.171106] [drm] Initialized i915 1.6.0 20080730 for 0000:00:02.0 on minor 0
May 12 16:14:51 (none) user.info kernel: [  113.279979] ddcprobe[11539]: segfault at c0014 ip 00000014 sp 00000ffa error 15 in mem[0+1000]
May 12 16:14:53 (none) user.info kernel: [  115.334060] ddcprobe[11542]: segfault at c0014 ip 00000014 sp 00000ffa error 15 in mem[0+1000]
May 12 16:15:20 (none) user.info kernel: [  143.393077] warning: process `uptime' used the deprecated sysctl system call with 1.21.
May 12 16:18:12 (none) user.notice kernel: [  315.360435] EXT4-fs (sda9): error count: 48
May 12 16:18:12 (none) user.notice kernel: [  315.360446] EXT4-fs (sda9): initial error at 1399499621: ext4_lookup:1343: inode 8197
May 12 16:18:12 (none) user.notice kernel: [  315.360457] EXT4-fs (sda9): last error at 1367963494: ext4_lookup:1343: inode 8197
May 12 17:30:23 (none) user.info kernel: [ 4645.741706] PPP generic driver version 2.4.2
May 12 21:06:02 (none) user.warn kernel: [17585.199765] keyboard: can't emulate rawmode for keycode 240
May 12 21:06:02 (none) user.warn kernel: [17585.199791] keyboard: can't emulate rawmode for keycode 240
May 12 21:06:02 (none) user.info kernel: [17585.199805] asus_wmi: Unknown key 57 pressed
May 12 21:06:58 (none) user.info kernel: [17640.690533] PM: Syncing filesystems ... done.
May 12 21:06:58 (none) user.debug kernel: [17640.820238] PM: Preparing system for mem sleep
May 12 22:07:13 (none) user.warn kernel: [17641.027066] Freezing user space processes ... (elapsed 0.01 seconds) done.
May 12 22:07:13 (none) user.warn kernel: [17641.038564] Freezing remaining freezable tasks ... (elapsed 0.01 seconds) done.
May 12 22:07:13 (none) user.debug kernel: [17641.049527] PM: Entering mem sleep
May 12 22:07:13 (none) user.warn kernel: [17641.049619] Suspending console(s) (use no_console_suspend to debug)
May 12 22:07:13 (none) user.notice kernel: [17641.053761] sd 15:0:0:0: [sdc] Synchronizing SCSI cache
May 12 22:07:13 (none) user.err kernel: [17641.056225] option1 ttyUSB0: option_instat_callback: error -2
May 12 22:07:13 (none) user.err kernel: [17641.056493] option1 ttyUSB3: option_instat_callback: error -2
May 12 22:07:13 (none) user.notice kernel: [17641.136185] sd 2:0:0:0: [sda] Synchronizing SCSI cache
May 12 22:07:13 (none) user.notice kernel: [17641.136732] sd 2:0:0:0: [sda] Stopping disk
May 12 22:07:13 (none) user.info kernel: [17641.776440] PM: suspend of devices complete after 724.145 msecs
May 12 22:07:13 (none) user.info kernel: [17641.776451] PM: suspend devices took 0.727 seconds
May 12 22:07:13 (none) user.info kernel: [17641.778641] PM: late suspend of devices complete after 2.175 msecs
May 12 22:07:13 (none) user.info kernel: [17641.814211] PM: noirq suspend of devices complete after 35.557 msecs
May 12 22:07:13 (none) user.info kernel: [17641.814249] ACPI: Preparing to enter system sleep state S3
May 12 22:07:13 (none) user.info kernel: [17641.829358] PM: Saving platform NVS memory
May 12 22:07:13 (none) user.warn kernel: [17641.830982] Disabling non-boot CPUs ...
May 12 22:07:13 (none) user.debug kernel: [17641.834231] numa_remove_cpu cpu 1 node 0: mask now 0
May 12 22:07:13 (none) user.info kernel: [17641.835665] CPU 1 is now offline
May 12 22:07:13 (none) user.warn kernel: [17641.835669] lockdep: fixing up alternatives.
May 12 22:07:13 (none) user.warn kernel: [17641.843428] bnx2fc: CPU 1 offline: Remove Rx thread
May 12 22:07:13 (none) user.info kernel: [17641.844607] CPU 1 offline: Remove Rx thread
May 12 22:07:13 (none) user.info kernel: [17641.846953] ACPI: Low-level resume complete
May 12 22:07:13 (none) user.info kernel: [17641.846953] PM: Restoring platform NVS memory
May 12 22:07:13 (none) user.info kernel: [17641.846953] Enabling non-boot CPUs ...
May 12 22:07:13 (none) user.warn kernel: [17641.849235] lockdep: fixing up alternatives.
May 12 22:07:13 (none) user.info kernel: [17641.849243] Booting Node 0 Processor 1 APIC 0x1
May 12 22:07:13 (none) user.info kernel: [17641.835179] Initializing CPU#1
May 12 22:07:13 (none) user.info kernel: [17641.835179] Disabled fast string operations
May 12 22:07:13 (none) user.debug kernel: [17641.835179] numa_add_cpu cpu 1 node 0: mask now 0-1
May 12 22:07:13 (none) user.warn kernel: [17641.864724] bnx2fc: CPU 1 online: Create Rx thread
May 12 22:07:13 (none) user.info kernel: [17641.864858] bnx2i: CPU 1 online: Create Rx thread
May 12 22:07:13 (none) user.info kernel: [17641.866298] CPU1 is up
May 12 22:07:13 (none) user.info kernel: [17641.867628] ACPI: Waking up from system sleep state S3
May 12 22:07:13 (none) user.info kernel: [17641.913492] PM: noirq resume of devices complete after 3.750 msecs
May 12 22:07:13 (none) user.info kernel: [17641.915000] PM: early resume of devices complete after 1.382 msecs
May 12 22:07:13 (none) user.debug kernel: [17641.915298] i915 0000:00:02.0: setting latency timer to 64
May 12 22:07:13 (none) user.debug kernel: [17641.916986] snd_hda_intel 0000:00:1b.0: irq 44 for MSI/MSI-X
May 12 22:07:13 (none) user.debug kernel: [17641.917404] uhci_hcd 0000:00:1d.0: setting latency timer to 64
May 12 22:07:13 (none) user.warn kernel: [17641.917456] usb usb2: root hub lost power or was reset
May 12 22:07:13 (none) user.debug kernel: [17641.917528] uhci_hcd 0000:00:1d.1: setting latency timer to 64
May 12 22:07:13 (none) user.warn kernel: [17641.917576] usb usb3: root hub lost power or was reset
May 12 22:07:13 (none) user.debug kernel: [17641.917646] uhci_hcd 0000:00:1d.2: setting latency timer to 64
May 12 22:07:13 (none) user.warn kernel: [17641.917695] usb usb4: root hub lost power or was reset
May 12 22:07:13 (none) user.debug kernel: [17641.917764] uhci_hcd 0000:00:1d.3: setting latency timer to 64
May 12 22:07:13 (none) user.warn kernel: [17641.917812] usb usb5: root hub lost power or was reset
May 12 22:07:13 (none) user.debug kernel: [17641.917886] ehci_hcd 0000:00:1d.7: setting latency timer to 64
May 12 22:07:13 (none) user.debug kernel: [17641.918138] pci 0000:00:1e.0: setting latency timer to 64
May 12 22:07:13 (none) user.debug kernel: [17641.918234] ahci 0000:00:1f.2: setting latency timer to 64
May 12 22:07:13 (none) user.info kernel: [17642.143352] usb 1-8: reset high-speed USB device number 5 using ehci_hcd
May 12 22:07:13 (none) user.err kernel: [17642.654288] usb 1-8: device not accepting address 5, error -71
May 12 22:07:13 (none) user.info kernel: [17642.807307] usb 1-2: reset high-speed USB device number 3 using ehci_hcd
May 12 22:07:13 (none) user.info kernel: [17643.923298] ata1: SATA link up 1.5 Gbps (SStatus 113 SControl 300)
May 12 22:07:13 (none) user.info kernel: [17643.925500] ata1.00: ACPI cmd f5/00:00:00:00:00:a0 (unknown) filtered out
May 12 22:07:13 (none) user.info kernel: [17644.108229] ata1.00: ACPI cmd f5/00:00:00:00:00:a0 (unknown) filtered out
May 12 22:07:13 (none) user.info kernel: [17644.108715] ata1.00: configured for UDMA/133
May 12 22:07:13 (none) user.notice kernel: [17644.109180] sd 2:0:0:0: [sda] Starting disk
May 12 22:07:13 (none) user.info kernel: [17644.131632] PM: resume of devices complete after 2216.576 msecs
May 12 22:07:13 (none) user.info kernel: [17644.133922] PM: resume devices took 2.218 seconds
May 12 22:07:13 (none) user.debug kernel: [17644.136229] PM: Finishing wakeup.
May 12 22:07:13 (none) user.warn kernel: [17644.136235] Restarting tasks ... done.
May 12 22:07:13 (none) user.info kernel: [17644.156197] video LNXVIDEO:00: Restoring backlight state
May 12 22:07:13 (none) user.info kernel: [17644.338350] usb 1-1: USB disconnect, device number 2
May 12 22:07:14 (none) user.info kernel: [17644.586276] usb 1-5: USB disconnect, device number 4
May 12 22:07:14 (none) user.info kernel: [17644.586303] usb 1-5.2: USB disconnect, device number 8
May 12 22:07:14 (none) user.info kernel: [17644.587674] option1 ttyUSB3: GSM modem (1-port) converter now disconnected from ttyUSB3
May 12 22:07:14 (none) user.info kernel: [17644.587821] option 1-5.2:1.0: device disconnected
May 12 22:07:14 (none) user.info kernel: [17644.589859] option1 ttyUSB4: GSM modem (1-port) converter now disconnected from ttyUSB4
May 12 22:07:14 (none) user.info kernel: [17644.589992] option 1-5.2:1.1: device disconnected
May 12 22:07:14 (none) user.info kernel: [17644.592503] option1 ttyUSB5: GSM modem (1-port) converter now disconnected from ttyUSB5
May 12 22:07:14 (none) user.info kernel: [17644.592700] option 1-5.2:1.2: device disconnected
May 12 22:07:14 (none) user.notice kernel: [17644.639894] sd 15:0:0:0: [sdc] Synchronizing SCSI cache
May 12 22:07:14 (none) user.info kernel: [17644.642208] sd 15:0:0:0: [sdc]  
May 12 22:07:14 (none) user.warn kernel: [17644.642220] Result: hostbyte=DID_NO_CONNECT driverbyte=DRIVER_OK
May 12 22:07:14 (none) user.info kernel: [17644.659747] usb 1-5.3: USB disconnect, device number 7
May 12 22:07:14 (none) user.info kernel: [17644.942385] usb 1-8: USB disconnect, device number 5
May 12 22:07:14 (none) user.info kernel: [17644.943778] option1 ttyUSB0: GSM modem (1-port) converter now disconnected from ttyUSB0
May 12 22:07:14 (none) user.info kernel: [17644.943905] option 1-8:1.0: device disconnected
May 12 22:07:14 (none) user.info kernel: [17644.946411] option1 ttyUSB1: GSM modem (1-port) converter now disconnected from ttyUSB1
May 12 22:07:14 (none) user.info kernel: [17644.946538] option 1-8:1.1: device disconnected
May 12 22:07:14 (none) user.info kernel: [17644.948821] option1 ttyUSB2: GSM modem (1-port) converter now disconnected from ttyUSB2
May 12 22:07:14 (none) user.info kernel: [17644.948949] option 1-8:1.2: device disconnected
May 12 22:07:15 (none) user.info kernel: [17645.942337] usb 1-8: new high-speed USB device number 9 using ehci_hcd
May 12 22:07:15 (none) user.info kernel: [17646.068607] usb 1-8: New USB device found, idVendor=12d1, idProduct=1001
May 12 22:07:15 (none) user.info kernel: [17646.068619] usb 1-8: New USB device strings: Mfr=2, Product=1, SerialNumber=0
May 12 22:07:15 (none) user.info kernel: [17646.068627] usb 1-8: Product: HUAWEI Mobile
May 12 22:07:15 (none) user.info kernel: [17646.068634] usb 1-8: Manufacturer: HUAWEI Technology
May 12 22:07:15 (none) user.info kernel: [17646.072788] option 1-8:1.0: GSM modem (1-port) converter detected
May 12 22:07:15 (none) user.info kernel: [17646.073982] usb 1-8: GSM modem (1-port) converter now attached to ttyUSB0
May 12 22:07:15 (none) user.info kernel: [17646.076661] option 1-8:1.1: GSM modem (1-port) converter detected
May 12 22:07:15 (none) user.info kernel: [17646.077915] usb 1-8: GSM modem (1-port) converter now attached to ttyUSB1
May 12 22:07:15 (none) user.info kernel: [17646.080277] option 1-8:1.2: GSM modem (1-port) converter detected
May 12 22:07:15 (none) user.info kernel: [17646.081471] usb 1-8: GSM modem (1-port) converter now attached to ttyUSB2
May 12 22:07:31 (none) user.info kernel: [17661.985302] usb 4-1: new low-speed USB device number 2 using uhci_hcd
May 12 22:07:31 (none) user.info kernel: [17662.143367] usb 4-1: New USB device found, idVendor=04f3, idProduct=02f4
May 12 22:07:31 (none) user.info kernel: [17662.143380] usb 4-1: New USB device strings: Mfr=0, Product=2, SerialNumber=0
May 12 22:07:31 (none) user.info kernel: [17662.143388] usb 4-1: Product: 2.4G Wireless Mouse
May 12 22:07:31 (none) user.info kernel: [17662.169388] input: 2.4G Wireless Mouse as /devices/pci0000:00/0000:00:1d.2/usb4/4-1/4-1:1.0/input/input14
May 12 22:07:31 (none) user.info kernel: [17662.175867] hid-generic 0003:04F3:02F4.0002: input,hiddev0,hidraw0: USB HID v1.11 Mouse [2.4G Wireless Mouse] on usb-0000:00:1d.2-1/input0
May 12 22:32:52 (none) user.info kernel: [19182.916633] ddcprobe[13008]: segfault at c0014 ip 00000014 sp 00000ffa error 15 in mem[0+1000]
May 12 22:32:54 (none) user.info kernel: [19184.938633] ddcprobe[13011]: segfault at c0014 ip 00000014 sp 00000ffa error 15 in mem[0+1000]
May 12 22:34:17 (none) user.notice kernel: klogd: exiting
May 12 22:34:17 (none) syslog.info syslogd exiting
May 12 22:35:09 (none) syslog.info syslogd started: BusyBox v1.22.1
May 12 22:35:09 (none) kern.notice kernel: klogd started: BusyBox v1.22.1 (2014-05-06 23:32:19 GMT+1)
May 12 22:35:09 (none) kern.notice kernel: [    0.000000] Linux version 3.5.0-KRG-iCore2-smp-pae-srv1000gz (root@puppypc) (gcc version 4.2.2) #2 SMP Mon Oct 1 19:02:55 GMT+1 2012
May 12 22:35:09 (none) kern.info kernel: [    0.000000] Disabled fast string operations
May 12 22:35:09 (none) kern.info kernel: [    0.000000] e820: BIOS-provided physical RAM map:
May 12 22:35:09 (none) kern.info kernel: [    0.000000] BIOS-e820: [mem 0x0000000000000000-0x000000000009fbff] usable
May 12 22:35:09 (none) kern.info kernel: [    0.000000] BIOS-e820: [mem 0x000000000009fc00-0x000000000009ffff] reserved
May 12 22:35:09 (none) kern.info kernel: [    0.000000] BIOS-e820: [mem 0x00000000000e2000-0x00000000000fffff] reserved
May 12 22:35:09 (none) kern.info kernel: [    0.000000] BIOS-e820: [mem 0x0000000000100000-0x000000003f79ffff] usable
May 12 22:35:09 (none) kern.info kernel: [    0.000000] BIOS-e820: [mem 0x000000003f7a0000-0x000000003f7adfff] ACPI data
May 12 22:35:09 (none) kern.info kernel: [    0.000000] BIOS-e820: [mem 0x000000003f7ae000-0x000000003f7effff] ACPI NVS
May 12 22:35:09 (none) kern.info kernel: [    0.000000] BIOS-e820: [mem 0x000000003f7f0000-0x000000003f7fffff] reserved
May 12 22:35:09 (none) kern.info kernel: [    0.000000] BIOS-e820: [mem 0x00000000fee00000-0x00000000fee00fff] reserved
May 12 22:35:09 (none) kern.info kernel: [    0.000000] BIOS-e820: [mem 0x00000000fff80000-0x00000000ffffffff] reserved
May 12 22:35:09 (none) kern.info kernel: [    0.000000] NX (Execute Disable) protection: active
May 12 22:35:09 (none) kern.info kernel: [    0.000000] DMI present.
May 12 22:35:09 (none) kern.debug kernel: [    0.000000] DMI: ASUSTeK Computer INC. 1005HAG/1005HAG, BIOS 0204    11/04/2009
May 12 22:35:09 (none) kern.debug kernel: [    0.000000] e820: update [mem 0x00000000-0x0001ffff] usable ==> reserved
May 12 22:35:09 (none) kern.debug kernel: [    0.000000] e820: remove [mem 0x000a0000-0x000fffff] usable
May 12 22:35:09 (none) kern.info kernel: [    0.000000] e820: last_pfn = 0x3f7a0 max_arch_pfn = 0x1000000
May 12 22:35:09 (none) kern.debug kernel: [    0.000000] MTRR default type: uncachable
May 12 22:35:09 (none) kern.debug kernel: [    0.000000] MTRR fixed ranges enabled:
May 12 22:35:09 (none) kern.debug kernel: [    0.000000]   00000-9FFFF write-back
May 12 22:35:09 (none) kern.debug kernel: [    0.000000]   A0000-DFFFF uncachable
May 12 22:35:09 (none) kern.debug kernel: [    0.000000]   E0000-EFFFF write-through
May 12 22:35:09 (none) kern.debug kernel: [    0.000000]   F0000-FFFFF write-protect
May 12 22:35:09 (none) kern.debug kernel: [    0.000000] MTRR variable ranges enabled:
May 12 22:35:09 (none) kern.debug kernel: [    0.000000]   0 base 000000000 mask 0C0000000 write-back
May 12 22:35:09 (none) kern.debug kernel: [    0.000000]   1 base 03F800000 mask 0FF800000 uncachable
May 12 22:35:09 (none) kern.debug kernel: [    0.000000]   2 disabled
May 12 22:35:09 (none) kern.debug kernel: [    0.000000]   3 disabled
May 12 22:35:09 (none) kern.debug kernel: [    0.000000]   4 disabled
May 12 22:35:09 (none) kern.debug kernel: [    0.000000]   5 disabled
May 12 22:35:09 (none) kern.debug kernel: [    0.000000]   6 disabled
May 12 22:35:09 (none) kern.debug kernel: [    0.000000]   7 disabled
May 12 22:35:09 (none) kern.info kernel: [    0.000000] x86 PAT enabled: cpu 0, old 0x7040600070406, new 0x7010600070106
May 12 22:35:09 (none) kern.info kernel: [    0.000000] found SMP MP-table at [mem 0x000ff780-0x000ff78f] mapped at [c00ff780]
May 12 22:35:09 (none) kern.debug kernel: [    0.000000] initial memory mapped: [mem 0x00000000-0x02ffffff]
May 12 22:35:09 (none) kern.debug kernel: [    0.000000] Base memory trampoline at [c009b000] 9b000 size 16384
May 12 22:35:09 (none) kern.info kernel: [    0.000000] init_memory_mapping: [mem 0x00000000-0x375fdfff]
May 12 22:35:09 (none) kern.debug kernel: [    0.000000]  [mem 0x00000000-0x001fffff] page 4k
May 12 22:35:09 (none) kern.debug kernel: [    0.000000]  [mem 0x00200000-0x373fffff] page 2M
May 12 22:35:09 (none) kern.debug kernel: [    0.000000]  [mem 0x37400000-0x375fdfff] page 4k
May 12 22:35:09 (none) kern.debug kernel: [    0.000000] kernel direct mapping tables up to 0x375fdfff @ [mem 0x02ff7000-0x02ffffff]
May 12 22:35:09 (none) kern.warn kernel: [    0.000000] ACPI: RSDP 000fb9e0 00014 (v00 ACPIAM)
May 12 22:35:09 (none) kern.warn kernel: [    0.000000] ACPI: RSDT 3f7a0000 00040 (v01 _ASUS_ Notebook 11000904 MSFT 00000097)
May 12 22:35:09 (none) kern.warn kernel: [    0.000000] ACPI: FACP 3f7a0200 00084 (v02 A_M_I_ OEMFACP  11000904 MSFT 00000097)
May 12 22:35:09 (none) kern.warn kernel: [    0.000000] ACPI: DSDT 3f7a0430 08073 (v01  A1397 A1397000 00000000 INTL 20051117)
May 12 22:35:09 (none) kern.warn kernel: [    0.000000] ACPI: FACS 3f7ae000 00040
May 12 22:35:09 (none) kern.warn kernel: [    0.000000] ACPI: APIC 3f7a0390 0005C (v01 A_M_I_ OEMAPIC  11000904 MSFT 00000097)
May 12 22:35:09 (none) kern.warn kernel: [    0.000000] ACPI: MCFG 3f7a03f0 0003C (v01 A_M_I_ OEMMCFG  11000904 MSFT 00000097)
May 12 22:35:09 (none) kern.warn kernel: [    0.000000] ACPI: OEMB 3f7ae040 00061 (v01 A_M_I_ AMI_OEM  11000904 MSFT 00000097)
May 12 22:35:09 (none) kern.warn kernel: [    0.000000] ACPI: HPET 3f7a84b0 00038 (v01 A_M_I_ OEMHPET  11000904 MSFT 00000097)
May 12 22:35:09 (none) kern.warn kernel: [    0.000000] ACPI: SSDT 3f7aeb80 004F0 (v01  PmRef    CpuPm 00003000 INTL 20051117)
May 12 22:35:09 (none) kern.warn kernel: [    0.000000] ACPI: SLIC 3f7a84f0 00176 (v01 _ASUS_ Notebook 11000904 MSFT 00000097)
May 12 22:35:09 (none) kern.debug kernel: [    0.000000] ACPI: Local APIC address 0xfee00000
May 12 22:35:09 (none) kern.info kernel: [    0.000000] No NUMA configuration found
May 12 22:35:09 (none) kern.info kernel: [    0.000000] Faking a node at [mem 0x0000000000000000-0x000000003f79ffff]
May 12 22:35:09 (none) kern.debug kernel: [    0.000000] node 0 pfn: [0 - 3f7a0]
May 12 22:35:09 (none) kern.debug kernel: [    0.000000] remap_alloc: node 0 [3f400000-3f600000) -> [f7200000-f7400000)
May 12 22:35:09 (none) kern.info kernel: [    0.000000] Initmem setup node 0 [mem 0x00000000-0x3f79ffff]
May 12 22:35:09 (none) kern.info kernel: [    0.000000]   NODE_DATA [mem 0x37200000-0x37206fff] (remapped)
May 12 22:35:09 (none) kern.notice kernel: [    0.000000] 129MB HIGHMEM available.
May 12 22:35:09 (none) kern.notice kernel: [    0.000000] 885MB LOWMEM available.
May 12 22:35:09 (none) kern.debug kernel: [    0.000000] max_low_pfn = 375fe, highstart_pfn = 375fe
May 12 22:35:09 (none) kern.debug kernel: [    0.000000] Low memory ends at vaddr f75fe000
May 12 22:35:09 (none) kern.debug kernel: [    0.000000] High memory starts at vaddr f75fe000
May 12 22:35:09 (none) kern.info kernel: [    0.000000]   mapped low ram: 0 - 375fe000
May 12 22:35:09 (none) kern.info kernel: [    0.000000]   low ram: 0 - 375fe000
May 12 22:35:09 (none) kern.warn kernel: [    0.000000] Zone ranges:
May 12 22:35:09 (none) kern.warn kernel: [    0.000000]   DMA      [mem 0x00020000-0x00ffffff]
May 12 22:35:09 (none) kern.warn kernel: [    0.000000]   Normal   [mem 0x01000000-0x375fdfff]
May 12 22:35:09 (none) kern.warn kernel: [    0.000000]   HighMem  [mem 0x375fe000-0x3f79ffff]
May 12 22:35:09 (none) kern.warn kernel: [    0.000000] Movable zone start for each node
May 12 22:35:09 (none) kern.warn kernel: [    0.000000] Early memory node ranges
May 12 22:35:09 (none) kern.warn kernel: [    0.000000]   node   0: [mem 0x00020000-0x0009efff]
May 12 22:35:09 (none) kern.warn kernel: [    0.000000]   node   0: [mem 0x00100000-0x3f79ffff]
May 12 22:35:09 (none) kern.debug kernel: [    0.000000] On node 0 totalpages: 259871
May 12 22:35:09 (none) kern.debug kernel: [    0.000000]   DMA zone: 32 pages used for memmap
May 12 22:35:09 (none) kern.debug kernel: [    0.000000]   DMA zone: 0 pages reserved
May 12 22:35:09 (none) kern.debug kernel: [    0.000000]   DMA zone: 3935 pages, LIFO batch:0
May 12 22:35:09 (none) kern.debug kernel: [    0.000000]   Normal zone: 1740 pages used for memmap
May 12 22:35:09 (none) kern.debug kernel: [    0.000000]   Normal zone: 220978 pages, LIFO batch:31
May 12 22:35:09 (none) kern.debug kernel: [    0.000000]   HighMem zone: 260 pages used for memmap
May 12 22:35:09 (none) kern.debug kernel: [    0.000000]   HighMem zone: 32926 pages, LIFO batch:7
May 12 22:35:09 (none) kern.info kernel: [    0.000000] Using APIC driver default
May 12 22:35:09 (none) kern.info kernel: [    0.000000] ACPI: PM-Timer IO Port: 0x808
May 12 22:35:09 (none) kern.debug kernel: [    0.000000] ACPI: Local APIC address 0xfee00000
May 12 22:35:09 (none) kern.info kernel: [    0.000000] ACPI: LAPIC (acpi_id[0x01] lapic_id[0x00] enabled)
May 12 22:35:09 (none) kern.info kernel: [    0.000000] ACPI: LAPIC (acpi_id[0x02] lapic_id[0x01] enabled)
May 12 22:35:09 (none) kern.info kernel: [    0.000000] ACPI: IOAPIC (id[0x02] address[0xfec00000] gsi_base[0])
May 12 22:35:09 (none) kern.info kernel: [    0.000000] IOAPIC[0]: apic_id 2, version 32, address 0xfec00000, GSI 0-23
May 12 22:35:09 (none) kern.info kernel: [    0.000000] ACPI: INT_SRC_OVR (bus 0 bus_irq 0 global_irq 2 dfl dfl)
May 12 22:35:09 (none) kern.info kernel: [    0.000000] ACPI: INT_SRC_OVR (bus 0 bus_irq 9 global_irq 9 high level)
May 12 22:35:09 (none) kern.debug kernel: [    0.000000] ACPI: IRQ0 used by override.
May 12 22:35:09 (none) kern.debug kernel: [    0.000000] ACPI: IRQ2 used by override.
May 12 22:35:09 (none) kern.debug kernel: [    0.000000] ACPI: IRQ9 used by override.
May 12 22:35:09 (none) kern.info kernel: [    0.000000] Using ACPI (MADT) for SMP configuration information
May 12 22:35:09 (none) kern.info kernel: [    0.000000] ACPI: HPET id: 0xffffffff base: 0xfed00000
May 12 22:35:09 (none) kern.info kernel: [    0.000000] SMP: Allowing 2 CPUs, 0 hotplug CPUs
May 12 22:35:09 (none) kern.debug kernel: [    0.000000] nr_irqs_gsi: 40
May 12 22:35:09 (none) kern.info kernel: [    0.000000] PM: Registered nosave memory: 000000000009f000 - 00000000000a0000
May 12 22:35:09 (none) kern.info kernel: [    0.000000] PM: Registered nosave memory: 00000000000a0000 - 00000000000e2000
May 12 22:35:09 (none) kern.info kernel: [    0.000000] PM: Registered nosave memory: 00000000000e2000 - 0000000000100000
May 12 22:35:09 (none) kern.info kernel: [    0.000000] e820: [mem 0x3f800000-0xfedfffff] available for PCI devices
May 12 22:35:09 (none) kern.info kernel: [    0.000000] setup_percpu: NR_CPUS:64 nr_cpumask_bits:2 nr_cpu_ids:2 nr_node_ids:1
May 12 22:35:09 (none) kern.info kernel: [    0.000000] PERCPU: Embedded 332 pages/cpu @f6768000 s1337472 r0 d22400 u1359872
May 12 22:35:09 (none) kern.debug kernel: [    0.000000] pcpu-alloc: s1337472 r0 d22400 u1359872 alloc=332*4096
May 12 22:35:09 (none) kern.debug kernel: [    0.000000] pcpu-alloc: [0] 0 [0] 1 
May 12 22:35:09 (none) kern.warn kernel: [    0.000000] Built 1 zonelists in Zone order, mobility grouping on.  Total pages: 257839
May 12 22:35:09 (none) kern.warn kernel: [    0.000000] Policy zone: HighMem
May 12 22:35:09 (none) kern.notice kernel: [    0.000000] Kernel command line: panic=56 loglevel=3 root=/dev/sda9 loglevel=5 vga=ask reboot=f
May 12 22:35:09 (none) kern.info kernel: [    0.000000] PID hash table entries: 4096 (order: 2, 16384 bytes)
May 12 22:35:09 (none) kern.info kernel: [    0.000000] Dentry cache hash table entries: 131072 (order: 7, 524288 bytes)
May 12 22:35:09 (none) kern.info kernel: [    0.000000] Inode-cache hash table entries: 65536 (order: 6, 262144 bytes)
May 12 22:35:09 (none) kern.notice kernel: [    0.000000] __ex_table already sorted, skipping sort
May 12 22:35:09 (none) kern.info kernel: [    0.000000] Initializing CPU#0
May 12 22:35:09 (none) kern.info kernel: [    0.000000] Initializing HighMem for node 0 (000375fe:0003f7a0)
May 12 22:35:09 (none) kern.info kernel: [    0.000000] Memory: 995888k/1040000k available (12431k kernel code, 41548k reserved, 6496k data, 2096k init, 130696k highmem)
May 12 22:35:09 (none) kern.info kernel: [    0.000000] virtual kernel memory layout:
May 12 22:35:09 (none) kern.info kernel: [    0.000000]     fixmap  : 0xffab7000 - 0xfffff000   (5408 kB)
May 12 22:35:09 (none) kern.info kernel: [    0.000000]     pkmap   : 0xff600000 - 0xff800000   (2048 kB)
May 12 22:35:09 (none) kern.info kernel: [    0.000000]     vmalloc : 0xf7dfe000 - 0xff5fe000   ( 120 MB)
May 12 22:35:09 (none) kern.info kernel: [    0.000000]     lowmem  : 0xc0000000 - 0xf75fe000   ( 885 MB)
May 12 22:35:09 (none) kern.info kernel: [    0.000000]       .init : 0xc227c000 - 0xc2488000   (2096 kB)
May 12 22:35:09 (none) kern.info kernel: [    0.000000]       .data : 0xc1c23c3e - 0xc227bc80   (6496 kB)
May 12 22:35:09 (none) kern.info kernel: [    0.000000]       .text : 0xc1000000 - 0xc1c23c3e   (12431 kB)
May 12 22:35:09 (none) kern.info kernel: [    0.000000] Checking if this processor honours the WP bit even in supervisor mode...Ok.
May 12 22:35:09 (none) kern.info kernel: [    0.000000] Hierarchical RCU implementation.
May 12 22:35:09 (none) kern.info kernel: [    0.000000] 	Hierarchical RCU autobalancing is disabled.
May 12 22:35:09 (none) kern.info kernel: [    0.000000] NR_IRQS:4352 nr_irqs:512 16
May 12 22:35:09 (none) kern.debug kernel: [    0.000000] CPU 0 irqstacks, hard=f600c000 soft=f600e000
May 12 22:35:09 (none) kern.info kernel: [    0.000000] kmemleak: Kernel memory leak detector disabled
May 12 22:35:09 (none) kern.info kernel: [    0.000000] Console: colour VGA+ 80x25
May 12 22:35:09 (none) kern.info kernel: [    0.000000] console [tty0] enabled
May 12 22:35:09 (none) kern.warn kernel: [    0.000000] Lock dependency validator: Copyright (c) 2006 Red Hat, Inc., Ingo Molnar
May 12 22:35:09 (none) kern.warn kernel: [    0.000000] ... MAX_LOCKDEP_SUBCLASSES:  8
May 12 22:35:09 (none) kern.warn kernel: [    0.000000] ... MAX_LOCK_DEPTH:          48
May 12 22:35:09 (none) kern.warn kernel: [    0.000000] ... MAX_LOCKDEP_KEYS:        8191
May 12 22:35:09 (none) kern.warn kernel: [    0.000000] ... CLASSHASH_SIZE:          4096
May 12 22:35:09 (none) kern.warn kernel: [    0.000000] ... MAX_LOCKDEP_ENTRIES:     16384
May 12 22:35:09 (none) kern.warn kernel: [    0.000000] ... MAX_LOCKDEP_CHAINS:      32768
May 12 22:35:09 (none) kern.warn kernel: [    0.000000] ... CHAINHASH_SIZE:          16384
May 12 22:35:09 (none) kern.warn kernel: [    0.000000]  memory used by lock dependency info: 3807 kB
May 12 22:35:09 (none) kern.warn kernel: [    0.000000]  per task-struct memory footprint: 1920 bytes
May 12 22:35:09 (none) kern.warn kernel: [    0.000000] ------------------------
May 12 22:35:09 (none) kern.warn kernel: [    0.000000] | Locking API testsuite:
May 12 22:35:09 (none) kern.warn kernel: [    0.000000] ----------------------------------------------------------------------------
May 12 22:35:09 (none) kern.warn kernel: [    0.000000]                                  | spin |wlock |rlock |mutex | wsem | rsem |
May 12 22:35:09 (none) kern.warn kernel: [    0.000000]   --------------------------------------------------------------------------
May 12 22:35:09 (none) kern.warn kernel: [    0.000000]                      A-A deadlock:failed|failed|  ok  |failed|failed|failed|
May 12 22:35:09 (none) kern.warn kernel: [    0.000000]                  A-B-B-A deadlock:failed|failed|  ok  |failed|failed|failed|
May 12 22:35:09 (none) kern.warn kernel: [    0.000000]              A-B-B-C-C-A deadlock:failed|failed|  ok  |failed|failed|failed|
May 12 22:35:09 (none) kern.warn kernel: [    0.000000]              A-B-C-A-B-C deadlock:failed|failed|  ok  |failed|failed|failed|
May 12 22:35:09 (none) kern.warn kernel: [    0.000000]          A-B-B-C-C-D-D-A deadlock:failed|failed|  ok  |failed|failed|failed|
May 12 22:35:09 (none) kern.warn kernel: [    0.000000]          A-B-C-D-B-D-D-A deadlock:failed|failed|  ok  |failed|failed|failed|
May 12 22:35:09 (none) kern.warn kernel: [    0.000000]          A-B-C-D-B-C-D-A deadlock:failed|failed|  ok  |failed|failed|failed|
May 12 22:35:09 (none) kern.warn kernel: [    0.000000]                     double unlock:  ok  |  ok  |  ok  |  ok  |  ok  |  ok  |
May 12 22:35:09 (none) kern.warn kernel: [    0.000000]                   initialize held:  ok  |  ok  |  ok  |  ok  |  ok  |  ok  |
May 12 22:35:09 (none) kern.warn kernel: [    0.000000]                  bad unlock order:  ok  |  ok  |  ok  |  ok  |  ok  |  ok  |
May 12 22:35:09 (none) kern.warn kernel: [    0.000000]   --------------------------------------------------------------------------
May 12 22:35:09 (none) kern.warn kernel: [    0.000000]               recursive read-lock:             |  ok  |             |failed|
May 12 22:35:09 (none) kern.warn kernel: [    0.000000]            recursive read-lock #2:             |  ok  |             |failed|
May 12 22:35:09 (none) kern.warn kernel: [    0.000000]             mixed read-write-lock:             |failed|             |failed|
May 12 22:35:09 (none) kern.warn kernel: [    0.000000]             mixed write-read-lock:             |failed|             |failed|
May 12 22:35:09 (none) kern.warn kernel: [    0.000000]   --------------------------------------------------------------------------
May 12 22:35:09 (none) kern.warn kernel: [    0.000000]      hard-irqs-on + irq-safe-A/12:failed|failed|  ok  |
May 12 22:35:09 (none) kern.warn kernel: [    0.000000]      soft-irqs-on + irq-safe-A/12:failed|failed|  ok  |
May 12 22:35:09 (none) kern.warn kernel: [    0.000000]      hard-irqs-on + irq-safe-A/21:failed|failed|  ok  |
May 12 22:35:09 (none) kern.warn kernel: [    0.000000]      soft-irqs-on + irq-safe-A/21:failed|failed|  ok  |
May 12 22:35:09 (none) kern.warn kernel: [    0.000000]        sirq-safe-A => hirqs-on/12:failed|failed|  ok  |
May 12 22:35:09 (none) kern.warn kernel: [    0.000000]        sirq-safe-A => hirqs-on/21:failed|failed|  ok  |
May 12 22:35:09 (none) kern.warn kernel: [    0.000000]          hard-safe-A + irqs-on/12:failed|failed|  ok  |
May 12 22:35:09 (none) kern.warn kernel: [    0.000000]          soft-safe-A + irqs-on/12:failed|failed|  ok  |
May 12 22:35:09 (none) kern.warn kernel: [    0.000000]          hard-safe-A + irqs-on/21:failed|failed|  ok  |
May 12 22:35:09 (none) kern.warn kernel: [    0.000000]          soft-safe-A + irqs-on/21:failed|failed|  ok  |
May 12 22:35:09 (none) kern.warn kernel: [    0.000000]     hard-safe-A + unsafe-B #1/123:failed|failed|  ok  |
May 12 22:35:09 (none) kern.warn kernel: [    0.000000]     soft-safe-A + unsafe-B #1/123:failed|failed|  ok  |
May 12 22:35:09 (none) kern.warn kernel: [    0.000000]     hard-safe-A + unsafe-B #1/132:failed|failed|  ok  |
May 12 22:35:09 (none) kern.warn kernel: [    0.000000]     soft-safe-A + unsafe-B #1/132:failed|failed|  ok  |
May 12 22:35:09 (none) kern.warn kernel: [    0.000000]     hard-safe-A + unsafe-B #1/213:failed|failed|  ok  |
May 12 22:35:09 (none) kern.warn kernel: [    0.000000]     soft-safe-A + unsafe-B #1/213:failed|failed|  ok  |
May 12 22:35:09 (none) kern.warn kernel: [    0.000000]     hard-safe-A + unsafe-B #1/231:failed|failed|  ok  |
May 12 22:35:09 (none) kern.warn kernel: [    0.000000]     soft-safe-A + unsafe-B #1/231:failed|failed|  ok  |
May 12 22:35:09 (none) kern.warn kernel: [    0.000000]     hard-safe-A + unsafe-B #1/312:failed|failed|  ok  |
May 12 22:35:09 (none) kern.warn kernel: [    0.000000]     soft-safe-A + unsafe-B #1/312:failed|failed|  ok  |
May 12 22:35:09 (none) kern.warn kernel: [    0.000000]     hard-safe-A + unsafe-B #1/321:failed|failed|  ok  |
May 12 22:35:09 (none) kern.warn kernel: [    0.000000]     soft-safe-A + unsafe-B #1/321:failed|failed|  ok  |
May 12 22:35:09 (none) kern.warn kernel: [    0.000000]     hard-safe-A + unsafe-B #2/123:failed|failed|  ok  |
May 12 22:35:09 (none) kern.warn kernel: [    0.000000]     soft-safe-A + unsafe-B #2/123:failed|failed|  ok  |
May 12 22:35:09 (none) kern.warn kernel: [    0.000000]     hard-safe-A + unsafe-B #2/132:failed|failed|  ok  |
May 12 22:35:09 (none) kern.warn kernel: [    0.000000]     soft-safe-A + unsafe-B #2/132:failed|failed|  ok  |
May 12 22:35:09 (none) kern.warn kernel: [    0.000000]     hard-safe-A + unsafe-B #2/213:failed|failed|  ok  |
May 12 22:35:09 (none) kern.warn kernel: [    0.000000]     soft-safe-A + unsafe-B #2/213:failed|failed|  ok  |
May 12 22:35:09 (none) kern.warn kernel: [    0.000000]     hard-safe-A + unsafe-B #2/231:failed|failed|  ok  |
May 12 22:35:09 (none) kern.warn kernel: [    0.000000]     soft-safe-A + unsafe-B #2/231:failed|failed|  ok  |
May 12 22:35:09 (none) kern.warn kernel: [    0.000000]     hard-safe-A + unsafe-B #2/312:failed|failed|  ok  |
May 12 22:35:09 (none) kern.warn kernel: [    0.000000]     soft-safe-A + unsafe-B #2/312:failed|failed|  ok  |
May 12 22:35:09 (none) kern.warn kernel: [    0.000000]     hard-safe-A + unsafe-B #2/321:failed|failed|  ok  |
May 12 22:35:09 (none) kern.warn kernel: [    0.000000]     soft-safe-A + unsafe-B #2/321:failed|failed|  ok  |
May 12 22:35:09 (none) kern.warn kernel: [    0.000000]       hard-irq lock-inversion/123:failed|failed|  ok  |
May 12 22:35:09 (none) kern.warn kernel: [    0.000000]       soft-irq lock-inversion/123:failed|failed|  ok  |
May 12 22:35:09 (none) kern.warn kernel: [    0.000000]       hard-irq lock-inversion/132:failed|failed|  ok  |
May 12 22:35:09 (none) kern.warn kernel: [    0.000000]       soft-irq lock-inversion/132:failed|failed|  ok  |
May 12 22:35:09 (none) kern.warn kernel: [    0.000000]       hard-irq lock-inversion/213:failed|failed|  ok  |
May 12 22:35:09 (none) kern.warn kernel: [    0.000000]       soft-irq lock-inversion/213:failed|failed|  ok  |
May 12 22:35:09 (none) kern.warn kernel: [    0.000000]       hard-irq lock-inversion/231:failed|failed|  ok  |
May 12 22:35:09 (none) kern.warn kernel: [    0.000000]       soft-irq lock-inversion/231:failed|failed|  ok  |
May 12 22:35:09 (none) kern.warn kernel: [    0.000000]       hard-irq lock-inversion/312:failed|failed|  ok  |
May 12 22:35:09 (none) kern.warn kernel: [    0.000000]       soft-irq lock-inversion/312:failed|failed|  ok  |
May 12 22:35:09 (none) kern.warn kernel: [    0.000000]       hard-irq lock-inversion/321:failed|failed|  ok  |
May 12 22:35:09 (none) kern.warn kernel: [    0.000000]       soft-irq lock-inversion/321:failed|failed|  ok  |
May 12 22:35:09 (none) kern.warn kernel: [    0.000000]       hard-irq read-recursion/123:  ok  |
May 12 22:35:09 (none) kern.warn kernel: [    0.000000]       soft-irq read-recursion/123:  ok  |
May 12 22:35:09 (none) kern.warn kernel: [    0.000000]       hard-irq read-recursion/132:  ok  |
May 12 22:35:09 (none) kern.warn kernel: [    0.000000]       soft-irq read-recursion/132:  ok  |
May 12 22:35:09 (none) kern.warn kernel: [    0.000000]       hard-irq read-recursion/213:  ok  |
May 12 22:35:09 (none) kern.warn kernel: [    0.000000]       soft-irq read-recursion/213:  ok  |
May 12 22:35:09 (none) kern.warn kernel: [    0.000000]       hard-irq read-recursion/231:  ok  |
May 12 22:35:09 (none) kern.warn kernel: [    0.000000]       soft-irq read-recursion/231:  ok  |
May 12 22:35:09 (none) kern.warn kernel: [    0.000000]       hard-irq read-recursion/312:  ok  |
May 12 22:35:09 (none) kern.warn kernel: [    0.000000]       soft-irq read-recursion/312:  ok  |
May 12 22:35:09 (none) kern.warn kernel: [    0.000000]       hard-irq read-recursion/321:  ok  |
May 12 22:35:09 (none) kern.warn kernel: [    0.000000]       soft-irq read-recursion/321:  ok  |
May 12 22:35:09 (none) kern.warn kernel: [    0.000000] --------------------------------------------------------
May 12 22:35:09 (none) kern.warn kernel: [    0.000000] 133 out of 218 testcases failed, as expected. |
May 12 22:35:09 (none) kern.warn kernel: [    0.000000] ----------------------------------------------------
May 12 22:35:09 (none) kern.debug kernel: [    0.000000] hpet clockevent registered
May 12 22:35:09 (none) kern.warn kernel: [    0.000000] Fast TSC calibration failed
May 12 22:35:09 (none) kern.info kernel: [    0.000000] TSC: PIT calibration matches HPET. 1 loops
May 12 22:35:09 (none) kern.warn kernel: [    0.000000] Detected 1599.815 MHz processor.
May 12 22:35:09 (none) kern.info kernel: [    0.003003] Calibrating delay loop (skipped), value calculated using timer frequency.. 3199.63 BogoMIPS (lpj=1599815)
May 12 22:35:09 (none) kern.info kernel: [    0.003014] pid_max: default: 32768 minimum: 301
May 12 22:35:09 (none) kern.info kernel: [    0.003320] Security Framework initialized
May 12 22:35:09 (none) kern.info kernel: [    0.003451] Mount-cache hash table entries: 512
May 12 22:35:09 (none) kern.info kernel: [    0.005211] Disabled fast string operations
May 12 22:35:09 (none) kern.info kernel: [    0.005224] CPU: Physical Processor ID: 0
May 12 22:35:09 (none) kern.info kernel: [    0.005229] CPU: Processor Core ID: 0
May 12 22:35:09 (none) kern.info kernel: [    0.005236] mce: CPU supports 5 MCE banks
May 12 22:35:09 (none) kern.info kernel: [    0.005252] CPU0: Thermal monitoring enabled (TM2)
May 12 22:35:09 (none) kern.info kernel: [    0.005262] using mwait in idle threads.
May 12 22:35:09 (none) kern.debug kernel: [    0.005269] numa_add_cpu cpu 0 node 0: mask now 0
May 12 22:35:09 (none) kern.info kernel: [    0.005532] ACPI: Core revision 20120320
May 12 22:35:09 (none) kern.info kernel: [    0.032374] Enabling APIC mode:  Flat.  Using 1 I/O APICs
May 12 22:35:09 (none) kern.info kernel: [    0.033470] ..TIMER: vector=0x30 apic1=0 pin1=2 apic2=-1 pin2=-1
May 12 22:35:09 (none) kern.info kernel: [    0.043489] CPU0: Intel(R) Atom(TM) CPU N270   @ 1.60GHz stepping 02
May 12 22:35:09 (none) kern.warn kernel: [    0.043996] APIC calibration not consistent with PM-Timer: 138ms instead of 100ms
May 12 22:35:09 (none) kern.info kernel: [    0.043996] APIC delta adjusted to PM-Timer: 833238 (1158185)
May 12 22:35:09 (none) kern.info kernel: [    0.043996] Performance Events: PEBS fmt0+, LBR disabled due to erratumAtom events, Intel PMU driver.
May 12 22:35:09 (none) kern.info kernel: [    0.043996] ... version:                3
May 12 22:35:09 (none) kern.info kernel: [    0.043996] ... bit width:              40
May 12 22:35:09 (none) kern.info kernel: [    0.043996] ... generic registers:      2
May 12 22:35:09 (none) kern.info kernel: [    0.043996] ... value mask:             000000ffffffffff
May 12 22:35:09 (none) kern.info kernel: [    0.043996] ... max period:             000000007fffffff
May 12 22:35:09 (none) kern.info kernel: [    0.043996] ... fixed-purpose events:   3
May 12 22:35:09 (none) kern.info kernel: [    0.043996] ... event mask:             0000000700000003
May 12 22:35:09 (none) kern.info kernel: [    0.046134] NMI watchdog: enabled on all CPUs, permanently consumes one hw-PMU counter.
May 12 22:35:09 (none) kern.warn kernel: [    0.047307] lockdep: fixing up alternatives.
May 12 22:35:09 (none) kern.debug kernel: [    0.047433] CPU 1 irqstacks, hard=f60ec000 soft=f60ee000
May 12 22:35:09 (none) kern.info kernel: [    0.047439] Booting Node   0, Processors  #1 Ok.
May 12 22:35:09 (none) kern.info kernel: [    0.003999] Initializing CPU#1
May 12 22:35:09 (none) kern.info kernel: [    0.003999] Disabled fast string operations
May 12 22:35:09 (none) kern.debug kernel: [    0.003999] numa_add_cpu cpu 1 node 0: mask now 0-1
May 12 22:35:09 (none) kern.info kernel: [    0.059369] Brought up 2 CPUs
May 12 22:35:09 (none) kern.info kernel: [    0.060007] Total of 2 processors activated (6399.26 BogoMIPS).
May 12 22:35:09 (none) kern.info kernel: [    0.061287] devtmpfs: initialized
May 12 22:35:09 (none) kern.info kernel: [    0.064413] PM: Registering ACPI NVS region [mem 0x3f7ae000-0x3f7effff] (270336 bytes)
May 12 22:35:09 (none) kern.info kernel: [    0.065135] xor: automatically using best checksumming function:
May 12 22:35:09 (none) kern.info kernel: [    0.075003]    pIII_sse  :  4888.000 MB/sec
May 12 22:35:09 (none) kern.info kernel: [    0.075019] atomic64 test passed for i586+ platform with CX8 and with SSE
May 12 22:35:09 (none) kern.info kernel: [    0.075706] dummy: 
May 12 22:35:09 (none) kern.info kernel: [    0.075934] RTC time: 22:34:44, date: 05/12/13
May 12 22:35:09 (none) kern.info kernel: [    0.076400] NET: Registered protocol family 16
May 12 22:35:09 (none) kern.info kernel: [    0.077903] EISA bus registered
May 12 22:35:09 (none) kern.info kernel: [    0.078556] ACPI: bus type pci registered
May 12 22:35:09 (none) kern.info kernel: [    0.078984] PCI: MMCONFIG for domain 0000 [bus 00-3f] at [mem 0xe0000000-0xe3ffffff] (base 0xe0000000)
May 12 22:35:09 (none) kern.info kernel: [    0.079003] PCI: not using MMCONFIG
May 12 22:35:09 (none) kern.info kernel: [    0.079411] PCI : PCI BIOS area is rw and x. Use pci=nobios if you want it NX.
May 12 22:35:09 (none) kern.info kernel: [    0.079526] PCI: PCI BIOS revision 3.00 entry at 0xf0031, last bus=5
May 12 22:35:09 (none) kern.info kernel: [    0.079531] PCI: Using configuration type 1 for base access
May 12 22:35:09 (none) kern.info kernel: [    0.136403] bio: create slab <bio-0> at 0
May 12 22:35:09 (none) kern.warn kernel: [    0.154114] raid6: mmxx1      351 MB/s
May 12 22:35:09 (none) kern.warn kernel: [    0.171035] raid6: mmxx2      687 MB/s
May 12 22:35:09 (none) kern.warn kernel: [    0.188057] raid6: sse1x1     289 MB/s
May 12 22:35:09 (none) kern.warn kernel: [    0.205009] raid6: sse1x2     523 MB/s
May 12 22:35:09 (none) kern.warn kernel: [    0.222057] raid6: sse2x1     578 MB/s
May 12 22:35:09 (none) kern.warn kernel: [    0.239030] raid6: sse2x2    1007 MB/s
May 12 22:35:09 (none) kern.warn kernel: [    0.239139] raid6: using algorithm sse2x2 (1007 MB/s)
May 12 22:35:09 (none) kern.warn kernel: [    0.239247] raid6: using ssse3x1 recovery algorithm
May 12 22:35:09 (none) kern.info kernel: [    0.239781] ACPI: Added _OSI(Module Device)
May 12 22:35:09 (none) kern.info kernel: [    0.239792] ACPI: Added _OSI(Processor Device)
May 12 22:35:09 (none) kern.info kernel: [    0.239804] ACPI: Added _OSI(3.0 _SCP Extensions)
May 12 22:35:09 (none) kern.info kernel: [    0.239813] ACPI: Added _OSI(Processor Aggregator Device)
May 12 22:35:09 (none) kern.debug kernel: [    0.264742] ACPI: EC: Look up EC in DSDT
May 12 22:35:09 (none) kern.notice kernel: [    0.290298] [Firmware Bug]: ACPI: BIOS _OSI(Linux) query ignored
May 12 22:35:09 (none) kern.warn kernel: [    0.291370] ACPI: Executed 2 blocks of module-level executable AML code
May 12 22:35:09 (none) kern.warn kernel: [    0.308420] ACPI: SSDT 3f7ae180 0023C (v01  PmRef  Cpu0Ist 00003000 INTL 20051117)
May 12 22:35:09 (none) kern.warn kernel: [    0.315370] ACPI: Dynamic OEM Table Load:
May 12 22:35:09 (none) kern.warn kernel: [    0.315573] ACPI: SSDT   (null) 0023C (v01  PmRef  Cpu0Ist 00003000 INTL 20051117)
May 12 22:35:09 (none) kern.warn kernel: [    0.316423] ACPI: SSDT 3f7ae450 00724 (v01  PmRef  Cpu0Cst 00003001 INTL 20051117)
May 12 22:35:09 (none) kern.warn kernel: [    0.323292] ACPI: Dynamic OEM Table Load:
May 12 22:35:09 (none) kern.warn kernel: [    0.323494] ACPI: SSDT   (null) 00724 (v01  PmRef  Cpu0Cst 00003001 INTL 20051117)
May 12 22:35:09 (none) kern.warn kernel: [    0.324786] ACPI: SSDT 3f7ae0b0 000CC (v01  PmRef  Cpu1Ist 00003000 INTL 20051117)
May 12 22:35:09 (none) kern.warn kernel: [    0.331738] ACPI: Dynamic OEM Table Load:
May 12 22:35:09 (none) kern.warn kernel: [    0.331940] ACPI: SSDT   (null) 000CC (v01  PmRef  Cpu1Ist 00003000 INTL 20051117)
May 12 22:35:09 (none) kern.warn kernel: [    0.332571] ACPI: SSDT 3f7ae3c0 00085 (v01  PmRef  Cpu1Cst 00003000 INTL 20051117)
May 12 22:35:09 (none) kern.warn kernel: [    0.339515] ACPI: Dynamic OEM Table Load:
May 12 22:35:09 (none) kern.warn kernel: [    0.339718] ACPI: SSDT   (null) 00085 (v01  PmRef  Cpu1Cst 00003000 INTL 20051117)
May 12 22:35:09 (none) kern.info kernel: [    0.344180] ACPI: Interpreter enabled
May 12 22:35:09 (none) kern.info kernel: [    0.344200] ACPI: (supports S0 S3 S4 S5)
May 12 22:35:09 (none) kern.info kernel: [    0.344360] ACPI: Using IOAPIC for interrupt routing
May 12 22:35:09 (none) kern.info kernel: [    0.344479] PCI: MMCONFIG for domain 0000 [bus 00-3f] at [mem 0xe0000000-0xe3ffffff] (base 0xe0000000)
May 12 22:35:09 (none) kern.info kernel: [    0.347715] PCI: MMCONFIG at [mem 0xe0000000-0xe3ffffff] reserved in ACPI motherboard resources
May 12 22:35:09 (none) kern.info kernel: [    0.347722] PCI: Using MMCONFIG for extended config space
May 12 22:35:09 (none) kern.info kernel: [    0.402466] ACPI: EC: GPE = 0x1c, I/O: command/status = 0x66, data = 0x62
May 12 22:35:09 (none) kern.info kernel: [    0.404494] ACPI: No dock devices found.
May 12 22:35:09 (none) kern.info kernel: [    0.404511] PCI: Using host bridge windows from ACPI; if necessary, use "pci=nocrs" and report a bug
May 12 22:35:09 (none) kern.info kernel: [    0.404845] ACPI: PCI Root Bridge [PCI0] (domain 0000 [bus 00-ff])
May 12 22:35:09 (none) kern.info kernel: [    0.405413] pci_root PNP0A08:00: host bridge window [io  0x0000-0x0cf7]
May 12 22:35:09 (none) kern.info kernel: [    0.405423] pci_root PNP0A08:00: host bridge window [io  0x0d00-0xffff]
May 12 22:35:09 (none) kern.info kernel: [    0.405431] pci_root PNP0A08:00: host bridge window [mem 0x000a0000-0x000bffff]
May 12 22:35:09 (none) kern.info kernel: [    0.405439] pci_root PNP0A08:00: host bridge window [mem 0x000d0000-0x000dffff]
May 12 22:35:09 (none) kern.info kernel: [    0.405446] pci_root PNP0A08:00: host bridge window [mem 0x3f800000-0xffffffff]
May 12 22:35:09 (none) kern.info kernel: [    0.405796] PCI host bridge to bus 0000:00
May 12 22:35:09 (none) kern.info kernel: [    0.405807] pci_bus 0000:00: root bus resource [io  0x0000-0x0cf7]
May 12 22:35:09 (none) kern.info kernel: [    0.405816] pci_bus 0000:00: root bus resource [io  0x0d00-0xffff]
May 12 22:35:09 (none) kern.info kernel: [    0.405824] pci_bus 0000:00: root bus resource [mem 0x000a0000-0x000bffff]
May 12 22:35:09 (none) kern.info kernel: [    0.405831] pci_bus 0000:00: root bus resource [mem 0x000d0000-0x000dffff]
May 12 22:35:09 (none) kern.info kernel: [    0.405839] pci_bus 0000:00: root bus resource [mem 0x3f800000-0xffffffff]
May 12 22:35:09 (none) kern.debug kernel: [    0.405916] pci 0000:00:00.0: [8086:27ac] type 00 class 0x060000
May 12 22:35:09 (none) kern.debug kernel: [    0.406210] pci 0000:00:02.0: [8086:27ae] type 00 class 0x030000
May 12 22:35:09 (none) kern.debug kernel: [    0.406264] pci 0000:00:02.0: reg 10: [mem 0xf7e00000-0xf7e7ffff]
May 12 22:35:09 (none) kern.debug kernel: [    0.406293] pci 0000:00:02.0: reg 14: [io  0xdc00-0xdc07]
May 12 22:35:09 (none) kern.debug kernel: [    0.406322] pci 0000:00:02.0: reg 18: [mem 0xd0000000-0xdfffffff pref]
May 12 22:35:09 (none) kern.debug kernel: [    0.406350] pci 0000:00:02.0: reg 1c: [mem 0xf7dc0000-0xf7dfffff]
May 12 22:35:09 (none) kern.debug kernel: [    0.406565] pci 0000:00:02.1: [8086:27a6] type 00 class 0x038000
May 12 22:35:09 (none) kern.debug kernel: [    0.406616] pci 0000:00:02.1: reg 10: [mem 0xf7e80000-0xf7efffff]
May 12 22:35:09 (none) kern.debug kernel: [    0.407063] pci 0000:00:1b.0: [8086:27d8] type 00 class 0x040300
May 12 22:35:09 (none) kern.debug kernel: [    0.407128] pci 0000:00:1b.0: reg 10: [mem 0xf7db8000-0xf7dbbfff 64bit]
May 12 22:35:09 (none) kern.debug kernel: [    0.407419] pci 0000:00:1b.0: PME# supported from D0 D3hot D3cold
May 12 22:35:09 (none) kern.debug kernel: [    0.407552] pci 0000:00:1c.0: [8086:27d0] type 01 class 0x060400
May 12 22:35:09 (none) kern.debug kernel: [    0.407863] pci 0000:00:1c.0: PME# supported from D0 D3hot D3cold
May 12 22:35:09 (none) kern.debug kernel: [    0.407998] pci 0000:00:1c.1: [8086:27d2] type 01 class 0x060400
May 12 22:35:09 (none) kern.debug kernel: [    0.408303] pci 0000:00:1c.1: PME# supported from D0 D3hot D3cold
May 12 22:35:09 (none) kern.debug kernel: [    0.408414] pci 0000:00:1c.3: [8086:27d6] type 01 class 0x060400
May 12 22:35:09 (none) kern.debug kernel: [    0.408724] pci 0000:00:1c.3: PME# supported from D0 D3hot D3cold
May 12 22:35:09 (none) kern.debug kernel: [    0.408844] pci 0000:00:1d.0: [8086:27c8] type 00 class 0x0c0300
May 12 22:35:09 (none) kern.debug kernel: [    0.409018] pci 0000:00:1d.0: reg 20: [io  0xd400-0xd41f]
May 12 22:35:09 (none) kern.debug kernel: [    0.409148] pci 0000:00:1d.1: [8086:27c9] type 00 class 0x0c0300
May 12 22:35:09 (none) kern.debug kernel: [    0.409304] pci 0000:00:1d.1: reg 20: [io  0xd480-0xd49f]
