May 19 10:33:02 (none) kern.info kernel: [    0.041996] ... bit width:              40
May 19 10:33:02 (none) kern.info kernel: [    0.041996] ... generic registers:      2
May 19 10:33:02 (none) kern.info kernel: [    0.041996] ... value mask:             000000ffffffffff
May 19 10:33:02 (none) kern.info kernel: [    0.041996] ... max period:             000000007fffffff
May 19 10:33:02 (none) kern.info kernel: [    0.041996] ... fixed-purpose events:   3
May 19 10:33:02 (none) kern.info kernel: [    0.041996] ... event mask:             0000000700000003
May 19 10:33:02 (none) kern.info kernel: [    0.044138] NMI watchdog: enabled on all CPUs, permanently consumes one hw-PMU counter.
May 19 10:33:02 (none) kern.warn kernel: [    0.045324] lockdep: fixing up alternatives.
May 19 10:33:02 (none) kern.debug kernel: [    0.045452] CPU 1 irqstacks, hard=f60ec000 soft=f60ee000
May 19 10:33:02 (none) kern.info kernel: [    0.045458] Booting Node   0, Processors  #1 Ok.
May 19 10:33:02 (none) kern.info kernel: [    0.001999] Initializing CPU#1
May 19 10:33:02 (none) kern.info kernel: [    0.001999] Disabled fast string operations
May 19 10:33:02 (none) kern.debug kernel: [    0.001999] numa_add_cpu cpu 1 node 0: mask now 0-1
May 19 10:33:02 (none) kern.info kernel: [    0.058058] Brought up 2 CPUs
May 19 10:33:02 (none) kern.info kernel: [    0.058078] Total of 2 processors activated (6399.60 BogoMIPS).
May 19 10:33:02 (none) kern.info kernel: [    0.060028] devtmpfs: initialized
May 19 10:33:02 (none) kern.info kernel: [    0.062223] PM: Registering ACPI NVS region [mem 0x3f7ae000-0x3f7effff] (270336 bytes)
May 19 10:33:02 (none) kern.info kernel: [    0.062546] xor: automatically using best checksumming function:
May 19 10:33:02 (none) kern.info kernel: [    0.072279]    pIII_sse  :  4908.000 MB/sec
May 19 10:33:02 (none) kern.info kernel: [    0.072298] atomic64 test passed for i586+ platform with CX8 and with SSE
May 19 10:33:02 (none) kern.info kernel: [    0.073004] dummy: 
May 19 10:33:02 (none) kern.info kernel: [    0.073210] RTC time: 10:32:35, date: 05/19/13
May 19 10:33:02 (none) kern.info kernel: [    0.073681] NET: Registered protocol family 16
May 19 10:33:02 (none) kern.info kernel: [    0.075253] EISA bus registered
May 19 10:33:02 (none) kern.info kernel: [    0.075875] ACPI: bus type pci registered
May 19 10:33:02 (none) kern.info kernel: [    0.076314] PCI: MMCONFIG for domain 0000 [bus 00-3f] at [mem 0xe0000000-0xe3ffffff] (base 0xe0000000)
May 19 10:33:02 (none) kern.info kernel: [    0.076321] PCI: not using MMCONFIG
May 19 10:33:02 (none) kern.info kernel: [    0.076729] PCI : PCI BIOS area is rw and x. Use pci=nobios if you want it NX.
May 19 10:33:02 (none) kern.info kernel: [    0.076844] PCI: PCI BIOS revision 3.00 entry at 0xf0031, last bus=5
May 19 10:33:02 (none) kern.info kernel: [    0.076849] PCI: Using configuration type 1 for base access
May 19 10:33:02 (none) kern.info kernel: [    0.134313] bio: create slab <bio-0> at 0
May 19 10:33:02 (none) kern.warn kernel: [    0.151302] raid6: mmxx1      351 MB/s
May 19 10:33:02 (none) kern.warn kernel: [    0.168302] raid6: mmxx2      695 MB/s
May 19 10:33:02 (none) kern.warn kernel: [    0.185356] raid6: sse1x1     289 MB/s
May 19 10:33:02 (none) kern.warn kernel: [    0.202299] raid6: sse1x2     523 MB/s
May 19 10:33:02 (none) kern.warn kernel: [    0.219296] raid6: sse2x1     574 MB/s
May 19 10:33:02 (none) kern.warn kernel: [    0.236309] raid6: sse2x2    1042 MB/s
May 19 10:33:02 (none) kern.warn kernel: [    0.236416] raid6: using algorithm sse2x2 (1042 MB/s)
May 19 10:33:02 (none) kern.warn kernel: [    0.236526] raid6: using ssse3x1 recovery algorithm
May 19 10:33:02 (none) kern.info kernel: [    0.237071] ACPI: Added _OSI(Module Device)
May 19 10:33:02 (none) kern.info kernel: [    0.237082] ACPI: Added _OSI(Processor Device)
May 19 10:33:02 (none) kern.info kernel: [    0.237091] ACPI: Added _OSI(3.0 _SCP Extensions)
May 19 10:33:02 (none) kern.info kernel: [    0.237100] ACPI: Added _OSI(Processor Aggregator Device)
May 19 10:33:02 (none) kern.debug kernel: [    0.261925] ACPI: EC: Look up EC in DSDT
May 19 10:33:02 (none) kern.notice kernel: [    0.287964] [Firmware Bug]: ACPI: BIOS _OSI(Linux) query ignored
May 19 10:33:02 (none) kern.warn kernel: [    0.289054] ACPI: Executed 2 blocks of module-level executable AML code
May 19 10:33:02 (none) kern.warn kernel: [    0.306102] ACPI: SSDT 3f7ae180 0023C (v01  PmRef  Cpu0Ist 00003000 INTL 20051117)
May 19 10:33:02 (none) kern.warn kernel: [    0.312993] ACPI: Dynamic OEM Table Load:
May 19 10:33:02 (none) kern.warn kernel: [    0.313198] ACPI: SSDT   (null) 0023C (v01  PmRef  Cpu0Ist 00003000 INTL 20051117)
May 19 10:33:02 (none) kern.warn kernel: [    0.314025] ACPI: SSDT 3f7ae450 00724 (v01  PmRef  Cpu0Cst 00003001 INTL 20051117)
May 19 10:33:02 (none) kern.warn kernel: [    0.320840] ACPI: Dynamic OEM Table Load:
May 19 10:33:02 (none) kern.warn kernel: [    0.320968] ACPI: SSDT   (null) 00724 (v01  PmRef  Cpu0Cst 00003001 INTL 20051117)
May 19 10:33:02 (none) kern.warn kernel: [    0.322352] ACPI: SSDT 3f7ae0b0 000CC (v01  PmRef  Cpu1Ist 00003000 INTL 20051117)
May 19 10:33:02 (none) kern.warn kernel: [    0.329227] ACPI: Dynamic OEM Table Load:
May 19 10:33:02 (none) kern.warn kernel: [    0.329434] ACPI: SSDT   (null) 000CC (v01  PmRef  Cpu1Ist 00003000 INTL 20051117)
May 19 10:33:02 (none) kern.warn kernel: [    0.330099] ACPI: SSDT 3f7ae3c0 00085 (v01  PmRef  Cpu1Cst 00003000 INTL 20051117)
May 19 10:33:02 (none) kern.warn kernel: [    0.336917] ACPI: Dynamic OEM Table Load:
May 19 10:33:02 (none) kern.warn kernel: [    0.337117] ACPI: SSDT   (null) 00085 (v01  PmRef  Cpu1Cst 00003000 INTL 20051117)
May 19 10:33:02 (none) kern.info kernel: [    0.341570] ACPI: Interpreter enabled
May 19 10:33:02 (none) kern.info kernel: [    0.341591] ACPI: (supports S0 S3 S4 S5)
May 19 10:33:02 (none) kern.info kernel: [    0.341749] ACPI: Using IOAPIC for interrupt routing
May 19 10:33:02 (none) kern.info kernel: [    0.341867] PCI: MMCONFIG for domain 0000 [bus 00-3f] at [mem 0xe0000000-0xe3ffffff] (base 0xe0000000)
May 19 10:33:02 (none) kern.info kernel: [    0.345111] PCI: MMCONFIG at [mem 0xe0000000-0xe3ffffff] reserved in ACPI motherboard resources
May 19 10:33:02 (none) kern.info kernel: [    0.345119] PCI: Using MMCONFIG for extended config space
May 19 10:33:02 (none) kern.info kernel: [    0.399723] ACPI: EC: GPE = 0x1c, I/O: command/status = 0x66, data = 0x62
May 19 10:33:02 (none) kern.info kernel: [    0.401777] ACPI: No dock devices found.
May 19 10:33:02 (none) kern.info kernel: [    0.401794] PCI: Using host bridge windows from ACPI; if necessary, use "pci=nocrs" and report a bug
May 19 10:33:02 (none) kern.info kernel: [    0.402140] ACPI: PCI Root Bridge [PCI0] (domain 0000 [bus 00-ff])
May 19 10:33:02 (none) kern.info kernel: [    0.402701] pci_root PNP0A08:00: host bridge window [io  0x0000-0x0cf7]
May 19 10:33:02 (none) kern.info kernel: [    0.402711] pci_root PNP0A08:00: host bridge window [io  0x0d00-0xffff]
May 19 10:33:02 (none) kern.info kernel: [    0.402719] pci_root PNP0A08:00: host bridge window [mem 0x000a0000-0x000bffff]
May 19 10:33:02 (none) kern.info kernel: [    0.402727] pci_root PNP0A08:00: host bridge window [mem 0x000d0000-0x000dffff]
May 19 10:33:02 (none) kern.info kernel: [    0.402734] pci_root PNP0A08:00: host bridge window [mem 0x3f800000-0xffffffff]
May 19 10:33:02 (none) kern.info kernel: [    0.403080] PCI host bridge to bus 0000:00
May 19 10:33:02 (none) kern.info kernel: [    0.403091] pci_bus 0000:00: root bus resource [io  0x0000-0x0cf7]
May 19 10:33:02 (none) kern.info kernel: [    0.403100] pci_bus 0000:00: root bus resource [io  0x0d00-0xffff]
May 19 10:33:02 (none) kern.info kernel: [    0.403107] pci_bus 0000:00: root bus resource [mem 0x000a0000-0x000bffff]
May 19 10:33:02 (none) kern.info kernel: [    0.403115] pci_bus 0000:00: root bus resource [mem 0x000d0000-0x000dffff]
May 19 10:33:02 (none) kern.info kernel: [    0.403123] pci_bus 0000:00: root bus resource [mem 0x3f800000-0xffffffff]
May 19 10:33:02 (none) kern.debug kernel: [    0.403208] pci 0000:00:00.0: [8086:27ac] type 00 class 0x060000
May 19 10:33:02 (none) kern.debug kernel: [    0.403482] pci 0000:00:02.0: [8086:27ae] type 00 class 0x030000
May 19 10:33:02 (none) kern.debug kernel: [    0.403537] pci 0000:00:02.0: reg 10: [mem 0xf7e00000-0xf7e7ffff]
May 19 10:33:02 (none) kern.debug kernel: [    0.403566] pci 0000:00:02.0: reg 14: [io  0xdc00-0xdc07]
May 19 10:33:02 (none) kern.debug kernel: [    0.403595] pci 0000:00:02.0: reg 18: [mem 0xd0000000-0xdfffffff pref]
May 19 10:33:02 (none) kern.debug kernel: [    0.403623] pci 0000:00:02.0: reg 1c: [mem 0xf7dc0000-0xf7dfffff]
May 19 10:33:02 (none) kern.debug kernel: [    0.403847] pci 0000:00:02.1: [8086:27a6] type 00 class 0x038000
May 19 10:33:02 (none) kern.debug kernel: [    0.403892] pci 0000:00:02.1: reg 10: [mem 0xf7e80000-0xf7efffff]
May 19 10:33:02 (none) kern.debug kernel: [    0.404328] pci 0000:00:1b.0: [8086:27d8] type 00 class 0x040300
May 19 10:33:02 (none) kern.debug kernel: [    0.404394] pci 0000:00:1b.0: reg 10: [mem 0xf7db8000-0xf7dbbfff 64bit]
May 19 10:33:02 (none) kern.debug kernel: [    0.404685] pci 0000:00:1b.0: PME# supported from D0 D3hot D3cold
May 19 10:33:02 (none) kern.debug kernel: [    0.404825] pci 0000:00:1c.0: [8086:27d0] type 01 class 0x060400
May 19 10:33:02 (none) kern.debug kernel: [    0.405143] pci 0000:00:1c.0: PME# supported from D0 D3hot D3cold
May 19 10:33:02 (none) kern.debug kernel: [    0.405258] pci 0000:00:1c.1: [8086:27d2] type 01 class 0x060400
May 19 10:33:02 (none) kern.debug kernel: [    0.405564] pci 0000:00:1c.1: PME# supported from D0 D3hot D3cold
May 19 10:33:02 (none) kern.debug kernel: [    0.405683] pci 0000:00:1c.3: [8086:27d6] type 01 class 0x060400
May 19 10:33:02 (none) kern.debug kernel: [    0.405998] pci 0000:00:1c.3: PME# supported from D0 D3hot D3cold
May 19 10:33:02 (none) kern.debug kernel: [    0.406109] pci 0000:00:1d.0: [8086:27c8] type 00 class 0x0c0300
May 19 10:33:02 (none) kern.debug kernel: [    0.406273] pci 0000:00:1d.0: reg 20: [io  0xd400-0xd41f]
May 19 10:33:02 (none) kern.debug kernel: [    0.406413] pci 0000:00:1d.1: [8086:27c9] type 00 class 0x0c0300
May 19 10:33:02 (none) kern.debug kernel: [    0.406569] pci 0000:00:1d.1: reg 20: [io  0xd480-0xd49f]
May 19 10:33:02 (none) kern.debug kernel: [    0.406698] pci 0000:00:1d.2: [8086:27ca] type 00 class 0x0c0300
May 19 10:33:02 (none) kern.debug kernel: [    0.406854] pci 0000:00:1d.2: reg 20: [io  0xd800-0xd81f]
May 19 10:33:02 (none) kern.debug kernel: [    0.407003] pci 0000:00:1d.3: [8086:27cb] type 00 class 0x0c0300
May 19 10:33:02 (none) kern.debug kernel: [    0.407160] pci 0000:00:1d.3: reg 20: [io  0xd880-0xd89f]
May 19 10:33:02 (none) kern.debug kernel: [    0.407335] pci 0000:00:1d.7: [8086:27cc] type 00 class 0x0c0320
May 19 10:33:02 (none) kern.debug kernel: [    0.407403] pci 0000:00:1d.7: reg 10: [mem 0xf7db7c00-0xf7db7fff]
May 19 10:33:02 (none) kern.debug kernel: [    0.407697] pci 0000:00:1d.7: PME# supported from D0 D3hot D3cold
May 19 10:33:02 (none) kern.debug kernel: [    0.407793] pci 0000:00:1e.0: [8086:2448] type 01 class 0x060401
May 19 10:33:02 (none) kern.debug kernel: [    0.408073] pci 0000:00:1f.0: [8086:27b9] type 00 class 0x060100
May 19 10:33:02 (none) kern.info kernel: [    0.408342] pci 0000:00:1f.0: ICH7 LPC Generic IO decode 1 PIO at 0380 (mask 0003)
May 19 10:33:02 (none) kern.info kernel: [    0.408354] pci 0000:00:1f.0: ICH7 LPC Generic IO decode 2 PIO at 0290 (mask 0007)
May 19 10:33:02 (none) kern.info kernel: [    0.408366] pci 0000:00:1f.0: ICH7 LPC Generic IO decode 3 PIO at 0068 (mask 0007)
May 19 10:33:02 (none) kern.debug kernel: [    0.408539] pci 0000:00:1f.2: [8086:27c5] type 00 class 0x010601
May 19 10:33:02 (none) kern.debug kernel: [    0.408606] pci 0000:00:1f.2: reg 10: [io  0xd080-0xd087]
May 19 10:33:02 (none) kern.debug kernel: [    0.408641] pci 0000:00:1f.2: reg 14: [io  0xd000-0xd003]
May 19 10:33:02 (none) kern.debug kernel: [    0.408676] pci 0000:00:1f.2: reg 18: [io  0xcc00-0xcc07]
May 19 10:33:02 (none) kern.debug kernel: [    0.408710] pci 0000:00:1f.2: reg 1c: [io  0xc880-0xc883]
May 19 10:33:02 (none) kern.debug kernel: [    0.408744] pci 0000:00:1f.2: reg 20: [io  0xc800-0xc80f]
May 19 10:33:02 (none) kern.debug kernel: [    0.408780] pci 0000:00:1f.2: reg 24: [mem 0xf7db7800-0xf7db7bff]
May 19 10:33:02 (none) kern.debug kernel: [    0.408940] pci 0000:00:1f.2: PME# supported from D3hot
May 19 10:33:02 (none) kern.info kernel: [    0.409183] pci 0000:00:1c.0: PCI bridge to [bus 04-04]
May 19 10:33:02 (none) kern.debug kernel: [    0.409452] pci 0000:02:00.0: [168c:002b] type 00 class 0x028000
May 19 10:33:02 (none) kern.debug kernel: [    0.409524] pci 0000:02:00.0: reg 10: [mem 0xfbff0000-0xfbffffff 64bit]
May 19 10:33:02 (none) kern.debug kernel: [    0.409851] pci 0000:02:00.0: supports D1
May 19 10:33:02 (none) kern.debug kernel: [    0.409858] pci 0000:02:00.0: PME# supported from D0 D1 D3hot D3cold
May 19 10:33:02 (none) kern.info kernel: [    0.410065] pci 0000:00:1c.1: PCI bridge to [bus 02-03]
May 19 10:33:02 (none) kern.debug kernel: [    0.410090] pci 0000:00:1c.1:   bridge window [mem 0xf8000000-0xfbffffff]
May 19 10:33:02 (none) kern.debug kernel: [    0.410113] pci 0000:00:1c.1:   bridge window [mem 0xf0000000-0xf6ffffff 64bit pref]
May 19 10:33:02 (none) kern.debug kernel: [    0.410367] pci 0000:01:00.0: [1969:1062] type 00 class 0x020000
May 19 10:33:02 (none) kern.debug kernel: [    0.410440] pci 0000:01:00.0: reg 10: [mem 0xf7fc0000-0xf7ffffff 64bit]
May 19 10:33:02 (none) kern.debug kernel: [    0.410479] pci 0000:01:00.0: reg 18: [io  0xec00-0xec7f]
May 19 10:33:02 (none) kern.debug kernel: [    0.410795] pci 0000:01:00.0: PME# supported from D0 D1 D2 D3hot D3cold
May 19 10:33:02 (none) kern.info kernel: [    0.410970] pci 0000:00:1c.3: PCI bridge to [bus 01-01]
May 19 10:33:02 (none) kern.debug kernel: [    0.410987] pci 0000:00:1c.3:   bridge window [io  0xe000-0xefff]
May 19 10:33:02 (none) kern.debug kernel: [    0.411003] pci 0000:00:1c.3:   bridge window [mem 0xf7f00000-0xf7ffffff]
May 19 10:33:02 (none) kern.info kernel: [    0.411285] pci 0000:00:1e.0: PCI bridge to [bus 05-05] (subtractive decode)
May 19 10:33:02 (none) kern.debug kernel: [    0.411326] pci 0000:00:1e.0:   bridge window [io  0x0000-0x0cf7] (subtractive decode)
May 19 10:33:02 (none) kern.debug kernel: [    0.411334] pci 0000:00:1e.0:   bridge window [io  0x0d00-0xffff] (subtractive decode)
May 19 10:33:02 (none) kern.debug kernel: [    0.411342] pci 0000:00:1e.0:   bridge window [mem 0x000a0000-0x000bffff] (subtractive decode)
May 19 10:33:02 (none) kern.debug kernel: [    0.411350] pci 0000:00:1e.0:   bridge window [mem 0x000d0000-0x000dffff] (subtractive decode)
May 19 10:33:02 (none) kern.debug kernel: [    0.411358] pci 0000:00:1e.0:   bridge window [mem 0x3f800000-0xffffffff] (subtractive decode)
May 19 10:33:02 (none) kern.debug kernel: [    0.411444] ACPI: PCI Interrupt Routing Table [\_SB_.PCI0._PRT]
May 19 10:33:02 (none) kern.debug kernel: [    0.412291] ACPI: PCI Interrupt Routing Table [\_SB_.PCI0.P0P5._PRT]
May 19 10:33:02 (none) kern.debug kernel: [    0.412438] ACPI: PCI Interrupt Routing Table [\_SB_.PCI0.P0P7._PRT]
May 19 10:33:02 (none) kern.info kernel: [    0.412850]  pci0000:00: Requesting ACPI _OSC control (0x1d)
May 19 10:33:02 (none) kern.info kernel: [    0.412864]  pci0000:00: ACPI _OSC request failed (AE_NOT_FOUND), returned control mask: 0x1d
May 19 10:33:02 (none) kern.info kernel: [    0.412869] ACPI _OSC control for PCIe not granted, disabling ASPM
May 19 10:33:02 (none) kern.info kernel: [    0.460366] ACPI: PCI Interrupt Link [LNKA] (IRQs 3 4 5 6 7 10 11 12 14 *15)
May 19 10:33:02 (none) kern.info kernel: [    0.460659] ACPI: PCI Interrupt Link [LNKB] (IRQs 3 4 5 6 7 *10 11 12 14 15)
May 19 10:33:02 (none) kern.info kernel: [    0.460954] ACPI: PCI Interrupt Link [LNKC] (IRQs 3 4 5 6 *7 10 11 12 14 15)
May 19 10:33:02 (none) kern.info kernel: [    0.461244] ACPI: PCI Interrupt Link [LNKD] (IRQs 3 4 5 6 7 10 *11 12 14 15)
May 19 10:33:02 (none) kern.info kernel: [    0.461531] ACPI: PCI Interrupt Link [LNKE] (IRQs 3 4 *5 6 7 10 11 12 14 15)
May 19 10:33:02 (none) kern.info kernel: [    0.461812] ACPI: PCI Interrupt Link [LNKF] (IRQs 3 4 5 6 7 10 11 12 14 15) *0, disabled.
May 19 10:33:02 (none) kern.info kernel: [    0.462110] ACPI: PCI Interrupt Link [LNKG] (IRQs 3 *4 5 6 7 10 11 12 14 15)
May 19 10:33:02 (none) kern.info kernel: [    0.462401] ACPI: PCI Interrupt Link [LNKH] (IRQs *3 4 5 6 7 10 11 12 14 15)
May 19 10:33:02 (none) kern.info kernel: [    0.463117] vgaarb: device added: PCI:0000:00:02.0,decodes=io+mem,owns=io+mem,locks=none
May 19 10:33:02 (none) kern.info kernel: [    0.463242] vgaarb: loaded
May 19 10:33:02 (none) kern.info kernel: [    0.463248] vgaarb: bridge control possible 0000:00:02.0
May 19 10:33:02 (none) kern.info kernel: [    0.464109] sta2x11_sctl_init
May 19 10:33:02 (none) kern.info kernel: [    0.464161] sta2x11_apbreg_init
May 19 10:33:02 (none) kern.notice kernel: [    0.466351] SCSI subsystem initialized
May 19 10:33:02 (none) kern.debug kernel: [    0.466415] libata version 3.00 loaded.
May 19 10:33:02 (none) kern.info kernel: [    0.466415] ACPI: bus type usb registered
May 19 10:33:02 (none) kern.info kernel: [    0.467060] usbcore: registered new interface driver usbfs
May 19 10:33:02 (none) kern.info kernel: [    0.467149] usbcore: registered new interface driver hub
May 19 10:33:02 (none) kern.info kernel: [    0.467185] usbcore: registered new device driver usb
May 19 10:33:02 (none) kern.info kernel: [    5.467412] PCI: Using ACPI for IRQ routing
May 19 10:33:02 (none) kern.debug kernel: [    5.467537] PCI: pci_cache_line_size set to 64 bytes
May 19 10:33:02 (none) kern.debug kernel: [    5.467976] e820: reserve RAM buffer [mem 0x0009fc00-0x0009ffff]
May 19 10:33:02 (none) kern.debug kernel: [    5.467986] e820: reserve RAM buffer [mem 0x3f7a0000-0x3fffffff]
May 19 10:33:02 (none) kern.info kernel: [    5.468887] NetLabel: Initializing
May 19 10:33:02 (none) kern.info kernel: [    5.468896] NetLabel:  domain hash size = 128
May 19 10:33:02 (none) kern.info kernel: [    5.468902] NetLabel:  protocols = UNLABELED CIPSOv4
May 19 10:33:02 (none) kern.info kernel: [    5.469037] NetLabel:  unlabeled traffic allowed by default
May 19 10:33:02 (none) kern.info kernel: [    5.469405] HPET: 3 timers in total, 0 timers will be used for per-cpu timer
May 19 10:33:02 (none) kern.info kernel: [    5.469419] hpet0: at MMIO 0xfed00000, IRQs 2, 8, 0
May 19 10:33:02 (none) kern.info kernel: [    5.469435] hpet0: 3 comparators, 64-bit 14.318180 MHz counter
May 19 10:33:02 (none) kern.info kernel: [    5.472321] Switching to clocksource hpet
May 19 10:33:02 (none) kern.info kernel: [    5.472761] pnp: PnP ACPI init
May 19 10:33:02 (none) kern.info kernel: [    5.472886] ACPI: bus type pnp registered
May 19 10:33:02 (none) kern.debug kernel: [    5.473233] pnp 00:00: [bus 00-ff]
May 19 10:33:02 (none) kern.debug kernel: [    5.473233] pnp 00:00: [io  0x0cf8-0x0cff]
May 19 10:33:02 (none) kern.debug kernel: [    5.473233] pnp 00:00: [io  0x0000-0x0cf7 window]
May 19 10:33:02 (none) kern.debug kernel: [    5.473233] pnp 00:00: [io  0x0d00-0xffff window]
May 19 10:33:02 (none) kern.debug kernel: [    5.473233] pnp 00:00: [mem 0x000a0000-0x000bffff window]
May 19 10:33:02 (none) kern.debug kernel: [    5.473233] pnp 00:00: [mem 0x000d0000-0x000dffff window]
May 19 10:33:02 (none) kern.debug kernel: [    5.473233] pnp 00:00: [mem 0x3f800000-0xffffffff window]
May 19 10:33:02 (none) kern.debug kernel: [    5.473233] pnp 00:00: Plug and Play ACPI device, IDs PNP0a08 PNP0a03 (active)
May 19 10:33:02 (none) kern.debug kernel: [    5.473233] pnp 00:01: [mem 0xfed13000-0xfed19fff]
May 19 10:33:02 (none) kern.info kernel: [    5.474380] system 00:01: [mem 0xfed13000-0xfed19fff] has been reserved
May 19 10:33:02 (none) kern.debug kernel: [    5.474403] system 00:01: Plug and Play ACPI device, IDs PNP0c01 (active)
May 19 10:33:02 (none) kern.debug kernel: [    5.474546] pnp 00:02: [dma 4]
May 19 10:33:02 (none) kern.debug kernel: [    5.474555] pnp 00:02: [io  0x0000-0x000f]
May 19 10:33:02 (none) kern.debug kernel: [    5.474563] pnp 00:02: [io  0x0081-0x0083]
May 19 10:33:02 (none) kern.debug kernel: [    5.474570] pnp 00:02: [io  0x0087]
May 19 10:33:02 (none) kern.debug kernel: [    5.474577] pnp 00:02: [io  0x0089-0x008b]
May 19 10:33:02 (none) kern.debug kernel: [    5.474584] pnp 00:02: [io  0x008f]
May 19 10:33:02 (none) kern.debug kernel: [    5.474591] pnp 00:02: [io  0x00c0-0x00df]
May 19 10:33:02 (none) kern.debug kernel: [    5.474799] pnp 00:02: Plug and Play ACPI device, IDs PNP0200 (active)
May 19 10:33:02 (none) kern.debug kernel: [    5.474889] pnp 00:03: [io  0x0070-0x0071]
May 19 10:33:02 (none) kern.debug kernel: [    5.474929] pnp 00:03: [irq 8]
May 19 10:33:02 (none) kern.debug kernel: [    5.475182] pnp 00:03: Plug and Play ACPI device, IDs PNP0b00 (active)
May 19 10:33:02 (none) kern.debug kernel: [    5.475345] pnp 00:04: [io  0x0060]
May 19 10:33:02 (none) kern.debug kernel: [    5.475353] pnp 00:04: [io  0x0064]
May 19 10:33:02 (none) kern.debug kernel: [    5.475382] pnp 00:04: [irq 1]
May 19 10:33:02 (none) kern.debug kernel: [    5.475619] pnp 00:04: Plug and Play ACPI device, IDs PNP0303 PNP030b (active)
May 19 10:33:02 (none) kern.debug kernel: [    5.475797] pnp 00:05: [irq 12]
May 19 10:33:02 (none) kern.debug kernel: [    5.476058] pnp 00:05: Plug and Play ACPI device, IDs SYN0a13 SYN0a00 SYN0002 PNP0f13 (active)
May 19 10:33:02 (none) kern.debug kernel: [    5.476120] pnp 00:06: [io  0x0061]
May 19 10:33:02 (none) kern.debug kernel: [    5.476357] pnp 00:06: Plug and Play ACPI device, IDs PNP0800 (active)
May 19 10:33:02 (none) kern.debug kernel: [    5.476427] pnp 00:07: [io  0x00f0-0x00ff]
May 19 10:33:02 (none) kern.debug kernel: [    5.476457] pnp 00:07: [irq 13]
May 19 10:33:02 (none) kern.debug kernel: [    5.476688] pnp 00:07: Plug and Play ACPI device, IDs PNP0c04 (active)
May 19 10:33:02 (none) kern.debug kernel: [    5.477228] pnp 00:08: [io  0x0010-0x001f]
May 19 10:33:02 (none) kern.debug kernel: [    5.477238] pnp 00:08: [io  0x0022-0x003f]
May 19 10:33:02 (none) kern.debug kernel: [    5.477246] pnp 00:08: [io  0x0044-0x004d]
May 19 10:33:02 (none) kern.debug kernel: [    5.477253] pnp 00:08: [io  0x0050-0x005e]
May 19 10:33:02 (none) kern.debug kernel: [    5.477260] pnp 00:08: [io  0x0063]
May 19 10:33:02 (none) kern.debug kernel: [    5.477267] pnp 00:08: [io  0x0065]
May 19 10:33:02 (none) kern.debug kernel: [    5.477275] pnp 00:08: [io  0x0067-0x006f]
May 19 10:33:02 (none) kern.debug kernel: [    5.477285] pnp 00:08: [io  0x0072-0x007f]
May 19 10:33:02 (none) kern.debug kernel: [    5.477292] pnp 00:08: [io  0x0080]
May 19 10:33:02 (none) kern.debug kernel: [    5.477299] pnp 00:08: [io  0x0084-0x0086]
May 19 10:33:02 (none) kern.debug kernel: [    5.477307] pnp 00:08: [io  0x0088]
May 19 10:33:02 (none) kern.debug kernel: [    5.477314] pnp 00:08: [io  0x008c-0x008e]
May 19 10:33:02 (none) kern.debug kernel: [    5.477321] pnp 00:08: [io  0x0090-0x009f]
May 19 10:33:02 (none) kern.debug kernel: [    5.477329] pnp 00:08: [io  0x00a2-0x00bf]
May 19 10:33:02 (none) kern.debug kernel: [    5.477336] pnp 00:08: [io  0x00e0-0x00ef]
May 19 10:33:02 (none) kern.debug kernel: [    5.477344] pnp 00:08: [io  0x025c-0x025f]
May 19 10:33:02 (none) kern.debug kernel: [    5.477351] pnp 00:08: [io  0x0380-0x0383]
May 19 10:33:02 (none) kern.debug kernel: [    5.477358] pnp 00:08: [io  0x0400-0x041f]
May 19 10:33:02 (none) kern.debug kernel: [    5.477366] pnp 00:08: [io  0x04d0-0x04d1]
May 19 10:33:02 (none) kern.debug kernel: [    5.477373] pnp 00:08: [io  0x0800-0x087f]
May 19 10:33:02 (none) kern.debug kernel: [    5.477381] pnp 00:08: [io  0x0400-0x03ff disabled]
May 19 10:33:02 (none) kern.debug kernel: [    5.477388] pnp 00:08: [io  0x0480-0x04bf]
May 19 10:33:02 (none) kern.debug kernel: [    5.477396] pnp 00:08: [mem 0x8c000000-0x8c01ffff]
May 19 10:33:02 (none) kern.debug kernel: [    5.477404] pnp 00:08: [mem 0xfed1c000-0xfed1ffff]
May 19 10:33:02 (none) kern.debug kernel: [    5.477411] pnp 00:08: [mem 0xfed20000-0xfed3ffff]
May 19 10:33:02 (none) kern.debug kernel: [    5.477419] pnp 00:08: [mem 0xfed50000-0xfed8ffff]
May 19 10:33:02 (none) kern.debug kernel: [    5.477426] pnp 00:08: [mem 0xffb00000-0xffbfffff]
May 19 10:33:02 (none) kern.debug kernel: [    5.477434] pnp 00:08: [mem 0xfff00000-0xffffffff]
May 19 10:33:02 (none) kern.info kernel: [    5.477874] system 00:08: [io  0x025c-0x025f] has been reserved
May 19 10:33:02 (none) kern.info kernel: [    5.477886] system 00:08: [io  0x0380-0x0383] has been reserved
May 19 10:33:02 (none) kern.info kernel: [    5.477897] system 00:08: [io  0x0400-0x041f] has been reserved
May 19 10:33:02 (none) kern.info kernel: [    5.477918] system 00:08: [io  0x04d0-0x04d1] has been reserved
May 19 10:33:02 (none) kern.info kernel: [    5.477929] system 00:08: [io  0x0800-0x087f] has been reserved
May 19 10:33:02 (none) kern.info kernel: [    5.477940] system 00:08: [io  0x0480-0x04bf] has been reserved
May 19 10:33:02 (none) kern.info kernel: [    5.477952] system 00:08: [mem 0x8c000000-0x8c01ffff] has been reserved
May 19 10:33:02 (none) kern.info kernel: [    5.477963] system 00:08: [mem 0xfed1c000-0xfed1ffff] has been reserved
May 19 10:33:02 (none) kern.info kernel: [    5.477974] system 00:08: [mem 0xfed20000-0xfed3ffff] has been reserved
May 19 10:33:02 (none) kern.info kernel: [    5.477985] system 00:08: [mem 0xfed50000-0xfed8ffff] has been reserved
May 19 10:33:02 (none) kern.info kernel: [    5.477996] system 00:08: [mem 0xffb00000-0xffbfffff] has been reserved
May 19 10:33:02 (none) kern.info kernel: [    5.478040] system 00:08: [mem 0xfff00000-0xffffffff] could not be reserved
May 19 10:33:02 (none) kern.debug kernel: [    5.478064] system 00:08: Plug and Play ACPI device, IDs PNP0c02 (active)
May 19 10:33:02 (none) kern.debug kernel: [    5.478354] pnp 00:09: [mem 0xfed00000-0xfed003ff]
May 19 10:33:02 (none) kern.debug kernel: [    5.478604] pnp 00:09: Plug and Play ACPI device, IDs PNP0103 (active)
May 19 10:33:02 (none) kern.debug kernel: [    5.478843] pnp 00:0a: [mem 0xfec00000-0xfec00fff]
May 19 10:33:02 (none) kern.debug kernel: [    5.478853] pnp 00:0a: [mem 0xfee00000-0xfee00fff]
May 19 10:33:02 (none) kern.info kernel: [    5.479288] system 00:0a: [mem 0xfec00000-0xfec00fff] could not be reserved
May 19 10:33:02 (none) kern.info kernel: [    5.479302] system 00:0a: [mem 0xfee00000-0xfee00fff] has been reserved
May 19 10:33:02 (none) kern.debug kernel: [    5.479323] system 00:0a: Plug and Play ACPI device, IDs PNP0c02 (active)
May 19 10:33:02 (none) kern.debug kernel: [    5.479496] pnp 00:0b: [mem 0xe0000000-0xe3ffffff]
May 19 10:33:02 (none) kern.info kernel: [    5.479887] system 00:0b: [mem 0xe0000000-0xe3ffffff] has been reserved
May 19 10:33:02 (none) kern.debug kernel: [    5.479908] system 00:0b: Plug and Play ACPI device, IDs PNP0c02 (active)
May 19 10:33:02 (none) kern.debug kernel: [    5.481643] pnp 00:0c: [mem 0x00000000-0x0009ffff]
May 19 10:33:02 (none) kern.debug kernel: [    5.481653] pnp 00:0c: [mem 0x000c0000-0x000cffff]
May 19 10:33:02 (none) kern.debug kernel: [    5.481661] pnp 00:0c: [mem 0x000e0000-0x000fffff]
May 19 10:33:02 (none) kern.debug kernel: [    5.481669] pnp 00:0c: [mem 0x00100000-0x3f7fffff]
May 19 10:33:02 (none) kern.debug kernel: [    5.481677] pnp 00:0c: [mem 0x00000000-0xffffffffffffffff disabled]
May 19 10:33:02 (none) kern.info kernel: [    5.482345] system 00:0c: [mem 0x00000000-0x0009ffff] could not be reserved
May 19 10:33:02 (none) kern.info kernel: [    5.482357] system 00:0c: [mem 0x000c0000-0x000cffff] could not be reserved
May 19 10:33:02 (none) kern.info kernel: [    5.482369] system 00:0c: [mem 0x000e0000-0x000fffff] could not be reserved
May 19 10:33:02 (none) kern.info kernel: [    5.482380] system 00:0c: [mem 0x00100000-0x3f7fffff] could not be reserved
May 19 10:33:02 (none) kern.debug kernel: [    5.482402] system 00:0c: Plug and Play ACPI device, IDs PNP0c01 (active)
May 19 10:33:02 (none) kern.info kernel: [    5.483548] pnp: PnP ACPI: found 13 devices
May 19 10:33:02 (none) kern.info kernel: [    5.483557] ACPI: ACPI bus type pnp unregistered
May 19 10:33:02 (none) kern.info kernel: [    5.483565] PnPBIOS: Disabled by ACPI PNP
May 19 10:33:02 (none) kern.debug kernel: [    5.538191] pci 0000:00:1c.0: bridge window [io  0x1000-0x0fff] to [bus 04-04] add_size 1000
May 19 10:33:02 (none) kern.debug kernel: [    5.538206] pci 0000:00:1c.0: bridge window [mem 0x00100000-0x000fffff 64bit pref] to [bus 04-04] add_size 200000
May 19 10:33:02 (none) kern.debug kernel: [    5.538217] pci 0000:00:1c.0: bridge window [mem 0x00100000-0x000fffff] to [bus 04-04] add_size 200000
May 19 10:33:02 (none) kern.debug kernel: [    5.538252] pci 0000:00:1c.1: bridge window [io  0x1000-0x0fff] to [bus 02-03] add_size 1000
May 19 10:33:02 (none) kern.debug kernel: [    5.538287] pci 0000:00:1c.3: bridge window [mem 0x00100000-0x000fffff 64bit pref] to [bus 01-01] add_size 200000
May 19 10:33:02 (none) kern.debug kernel: [    5.538352] pci 0000:00:1c.0: res[14]=[mem 0x00100000-0x000fffff] get_res_add_size add_size 200000
May 19 10:33:02 (none) kern.debug kernel: [    5.538361] pci 0000:00:1c.0: res[15]=[mem 0x00100000-0x000fffff 64bit pref] get_res_add_size add_size 200000
May 19 10:33:02 (none) kern.debug kernel: [    5.538369] pci 0000:00:1c.3: res[15]=[mem 0x00100000-0x000fffff 64bit pref] get_res_add_size add_size 200000
May 19 10:33:02 (none) kern.debug kernel: [    5.538378] pci 0000:00:1c.0: res[13]=[io  0x1000-0x0fff] get_res_add_size add_size 1000
May 19 10:33:02 (none) kern.debug kernel: [    5.538386] pci 0000:00:1c.1: res[13]=[io  0x1000-0x0fff] get_res_add_size add_size 1000
May 19 10:33:02 (none) kern.info kernel: [    5.538407] pci 0000:00:1c.0: BAR 14: assigned [mem 0x3f800000-0x3f9fffff]
May 19 10:33:02 (none) kern.info kernel: [    5.538422] pci 0000:00:1c.0: BAR 15: assigned [mem 0x3fa00000-0x3fbfffff 64bit pref]
May 19 10:33:02 (none) kern.info kernel: [    5.538437] pci 0000:00:1c.3: BAR 15: assigned [mem 0x3fc00000-0x3fdfffff 64bit pref]
May 19 10:33:02 (none) kern.info kernel: [    5.538452] pci 0000:00:1c.0: BAR 13: assigned [io  0x1000-0x1fff]
May 19 10:33:02 (none) kern.info kernel: [    5.538467] pci 0000:00:1c.1: BAR 13: assigned [io  0x2000-0x2fff]
May 19 10:33:02 (none) kern.info kernel: [    5.538479] pci 0000:00:1c.0: PCI bridge to [bus 04-04]
May 19 10:33:02 (none) kern.info kernel: [    5.538491] pci 0000:00:1c.0:   bridge window [io  0x1000-0x1fff]
May 19 10:33:02 (none) kern.info kernel: [    5.538512] pci 0000:00:1c.0:   bridge window [mem 0x3f800000-0x3f9fffff]
May 19 10:33:02 (none) kern.info kernel: [    5.538528] pci 0000:00:1c.0:   bridge window [mem 0x3fa00000-0x3fbfffff 64bit pref]
May 19 10:33:02 (none) kern.info kernel: [    5.538551] pci 0000:00:1c.1: PCI bridge to [bus 02-03]
May 19 10:33:02 (none) kern.info kernel: [    5.538562] pci 0000:00:1c.1:   bridge window [io  0x2000-0x2fff]
May 19 10:33:02 (none) kern.info kernel: [    5.538582] pci 0000:00:1c.1:   bridge window [mem 0xf8000000-0xfbffffff]
May 19 10:33:02 (none) kern.info kernel: [    5.538598] pci 0000:00:1c.1:   bridge window [mem 0xf0000000-0xf6ffffff 64bit pref]
May 19 10:33:02 (none) kern.info kernel: [    5.538621] pci 0000:00:1c.3: PCI bridge to [bus 01-01]
May 19 10:33:02 (none) kern.info kernel: [    5.538632] pci 0000:00:1c.3:   bridge window [io  0xe000-0xefff]
May 19 10:33:02 (none) kern.info kernel: [    5.538651] pci 0000:00:1c.3:   bridge window [mem 0xf7f00000-0xf7ffffff]
May 19 10:33:02 (none) kern.info kernel: [    5.538667] pci 0000:00:1c.3:   bridge window [mem 0x3fc00000-0x3fdfffff 64bit pref]
May 19 10:33:02 (none) kern.info kernel: [    5.538691] pci 0000:00:1e.0: PCI bridge to [bus 05-05]
May 19 10:33:02 (none) kern.info kernel: [    5.538753] pci 0000:00:1c.0: enabling device (0104 -> 0107)
May 19 10:33:02 (none) kern.info kernel: [    5.538839] pci 0000:00:1c.1: enabling device (0106 -> 0107)
May 19 10:33:02 (none) kern.debug kernel: [    5.538955] pci 0000:00:1e.0: setting latency timer to 64
May 19 10:33:02 (none) kern.debug kernel: [    5.538969] pci_bus 0000:00: resource 4 [io  0x0000-0x0cf7]
May 19 10:33:02 (none) kern.debug kernel: [    5.538977] pci_bus 0000:00: resource 5 [io  0x0d00-0xffff]
May 19 10:33:02 (none) kern.debug kernel: [    5.538985] pci_bus 0000:00: resource 6 [mem 0x000a0000-0x000bffff]
May 19 10:33:02 (none) kern.debug kernel: [    5.538992] pci_bus 0000:00: resource 7 [mem 0x000d0000-0x000dffff]
May 19 10:33:02 (none) kern.debug kernel: [    5.539000] pci_bus 0000:00: resource 8 [mem 0x3f800000-0xffffffff]
May 19 10:33:02 (none) kern.debug kernel: [    5.539043] pci_bus 0000:04: resource 0 [io  0x1000-0x1fff]
May 19 10:33:02 (none) kern.debug kernel: [    5.539055] pci_bus 0000:04: resource 1 [mem 0x3f800000-0x3f9fffff]
May 19 10:33:02 (none) kern.debug kernel: [    5.539064] pci_bus 0000:04: resource 2 [mem 0x3fa00000-0x3fbfffff 64bit pref]
May 19 10:33:02 (none) kern.debug kernel: [    5.539072] pci_bus 0000:02: resource 0 [io  0x2000-0x2fff]
May 19 10:33:02 (none) kern.debug kernel: [    5.539079] pci_bus 0000:02: resource 1 [mem 0xf8000000-0xfbffffff]
May 19 10:33:02 (none) kern.debug kernel: [    5.539087] pci_bus 0000:02: resource 2 [mem 0xf0000000-0xf6ffffff 64bit pref]
May 19 10:33:02 (none) kern.debug kernel: [    5.539095] pci_bus 0000:01: resource 0 [io  0xe000-0xefff]
May 19 10:33:02 (none) kern.debug kernel: [    5.539103] pci_bus 0000:01: resource 1 [mem 0xf7f00000-0xf7ffffff]
May 19 10:33:02 (none) kern.debug kernel: [    5.539110] pci_bus 0000:01: resource 2 [mem 0x3fc00000-0x3fdfffff 64bit pref]
May 19 10:33:02 (none) kern.debug kernel: [    5.539119] pci_bus 0000:05: resource 4 [io  0x0000-0x0cf7]
May 19 10:33:02 (none) kern.debug kernel: [    5.539127] pci_bus 0000:05: resource 5 [io  0x0d00-0xffff]
May 19 10:33:02 (none) kern.debug kernel: [    5.539134] pci_bus 0000:05: resource 6 [mem 0x000a0000-0x000bffff]
May 19 10:33:02 (none) kern.debug kernel: [    5.539142] pci_bus 0000:05: resource 7 [mem 0x000d0000-0x000dffff]
May 19 10:33:02 (none) kern.debug kernel: [    5.539150] pci_bus 0000:05: resource 8 [mem 0x3f800000-0xffffffff]
May 19 10:33:02 (none) kern.info kernel: [    5.539505] NET: Registered protocol family 2
May 19 10:33:02 (none) kern.info kernel: [    5.539921] IP route cache hash table entries: 32768 (order: 5, 131072 bytes)
May 19 10:33:02 (none) kern.info kernel: [    5.541108] TCP established hash table entries: 131072 (order: 8, 1048576 bytes)
May 19 10:33:02 (none) kern.info kernel: [    5.542405] TCP bind hash table entries: 65536 (order: 9, 2883584 bytes)
May 19 10:33:02 (none) kern.info kernel: [    5.549847] TCP: Hash tables configured (established 131072 bind 65536)
May 19 10:33:02 (none) kern.info kernel: [    5.549959] TCP: reno registered
May 19 10:33:02 (none) kern.info kernel: [    5.549991] UDP hash table entries: 512 (order: 3, 49152 bytes)
May 19 10:33:02 (none) kern.info kernel: [    5.550198] UDP-Lite hash table entries: 512 (order: 3, 49152 bytes)
May 19 10:33:02 (none) kern.info kernel: [    5.551571] RPC: Registered named UNIX socket transport module.
May 19 10:33:02 (none) kern.info kernel: [    5.551582] RPC: Registered udp transport module.
May 19 10:33:02 (none) kern.info kernel: [    5.551588] RPC: Registered tcp transport module.
May 19 10:33:02 (none) kern.info kernel: [    5.551593] RPC: Registered tcp NFSv4.1 backchannel transport module.
May 19 10:33:02 (none) kern.debug kernel: [    5.551641] pci 0000:00:02.0: Boot video device
May 19 10:33:02 (none) kern.debug kernel: [    5.552264] PCI: CLS 32 bytes, default 64
May 19 10:33:02 (none) kern.info kernel: [    5.552692] sta2x11_mfd_init
May 19 10:33:02 (none) kern.info kernel: [    5.554539] Machine check injector initialized
May 19 10:33:02 (none) kern.info kernel: [    5.555979] audit: initializing netlink socket (disabled)
May 19 10:33:02 (none) kern.notice kernel: [    5.556155] type=2000 audit(1368959559.555:1): initialized
May 19 10:33:02 (none) kern.warn kernel: [    5.557797] highmem bounce pool size: 64 pages
May 19 10:33:02 (none) kern.info kernel: [    5.558106] HugeTLB registered 2 MB page size, pre-allocated 0 pages
May 19 10:33:02 (none) kern.notice kernel: [    5.560251] VFS: Disk quotas dquot_6.5.2
May 19 10:33:02 (none) kern.warn kernel: [    5.560395] Dquot-cache hash table entries: 1024 (order 0, 4096 bytes)
May 19 10:33:02 (none) kern.warn kernel: [    5.562253] DLM installed
May 19 10:33:02 (none) kern.info kernel: [    5.562431] Loading Reiser4. See www.namesys.com for a description of Reiser4.
May 19 10:33:02 (none) kern.info kernel: [    5.563983] squashfs: version 4.0 (2009/01/31) Phillip Lougher
May 19 10:33:02 (none) kern.notice kernel: [    5.566078] NFS: Registering the id_resolver key type
May 19 10:33:02 (none) kern.notice kernel: [    5.566277] Key type id_resolver registered
May 19 10:33:02 (none) kern.info kernel: [    5.566939] nfs4filelayout_init: NFSv4 File Layout Driver Registering...
May 19 10:33:02 (none) kern.info kernel: [    5.566985] Installing knfsd (copyright (C) 1996 okir@monad.swb.de).
May 19 10:33:02 (none) kern.info kernel: [    5.568192] NTFS driver 2.1.30 [Flags: R/W].
May 19 10:33:02 (none) kern.warn kernel: [    5.568451] EFS: 1.0a - http://aeschi.ch.eu.org/efs/
May 19 10:33:02 (none) kern.info kernel: [    5.568627] jffs2: version 2.2. (NAND) (SUMMARY)  Â© 2001-2006 Red Hat, Inc.
May 19 10:33:02 (none) kern.info kernel: [    5.569438] ROMFS MTD (C) 2007 Red Hat, Inc.
May 19 10:33:02 (none) kern.info kernel: [    5.569533] QNX4 filesystem 0.2.3 registered.
May 19 10:33:02 (none) kern.info kernel: [    5.569580] QNX6 filesystem 1.0.0 registered.
May 19 10:33:02 (none) kern.info kernel: [    5.569959] fuse init (API version 7.19)
May 19 10:33:02 (none) kern.info kernel: [    5.570785] JFS: nTxBlock = 7780, nTxLock = 62243
May 19 10:33:02 (none) kern.info kernel: [    5.579535] SGI XFS with ACLs, security attributes, realtime, large block/inode numbers, no debug enabled
May 19 10:33:02 (none) kern.info kernel: [    5.581351] NILFS version 2 loaded
May 19 10:33:02 (none) kern.info kernel: [    5.581359] BeFS version: 0.9.3
May 19 10:33:02 (none) kern.info kernel: [    5.581417] OCFS2 1.5.0
May 19 10:33:02 (none) kern.info kernel: [    5.581980] ocfs2: Registered cluster interface o2cb
May 19 10:33:02 (none) kern.info kernel: [    5.582341] ocfs2: Registered cluster interface user
May 19 10:33:02 (none) kern.info kernel: [    5.582348] OCFS2 DLMFS 1.5.0
May 19 10:33:02 (none) kern.warn kernel: [    5.582658] OCFS2 User DLM kernel interface loaded
May 19 10:33:02 (none) kern.info kernel: [    5.582782] OCFS2 Node Manager 1.5.0
May 19 10:33:02 (none) kern.info kernel: [    5.583512] OCFS2 DLM 1.5.0
May 19 10:33:02 (none) kern.info kernel: [    5.584648] Btrfs loaded
May 19 10:33:02 (none) kern.warn kernel: [    5.585854] GFS2 installed
May 19 10:33:02 (none) kern.info kernel: [    5.586137] msgmni has been set to 1689
May 19 10:33:02 (none) kern.info kernel: [    5.589504] alg: No test for stdrng (krng)
May 19 10:33:02 (none) kern.info kernel: [    5.589633] async_tx: api initialized (async)
May 19 10:33:02 (none) kern.info kernel: [    5.589826] Block layer SCSI generic (bsg) driver version 0.4 loaded (major 252)
May 19 10:33:02 (none) kern.info kernel: [    5.589870] io scheduler noop registered
May 19 10:33:02 (none) kern.info kernel: [    5.589973] io scheduler cfq registered (default)
May 19 10:33:02 (none) kern.debug kernel: [    5.591204] pcieport 0000:00:1c.0: irq 40 for MSI/MSI-X
May 19 10:33:02 (none) kern.debug kernel: [    5.591767] pcieport 0000:00:1c.1: irq 41 for MSI/MSI-X
May 19 10:33:02 (none) kern.debug kernel: [    5.592337] pcieport 0000:00:1c.3: irq 42 for MSI/MSI-X
May 19 10:33:02 (none) kern.debug kernel: [    5.594610] vga16fb: initializing
May 19 10:33:02 (none) kern.info kernel: [    5.594623] vga16fb: mapped to 0xc00a0000
May 19 10:33:02 (none) kern.info kernel: [    5.726090] Console: switching to colour frame buffer device 80x30
May 19 10:33:02 (none) kern.info kernel: [    5.946324] fb0: VGA16 VGA frame buffer device
May 19 10:33:02 (none) kern.debug kernel: [    5.946355] intel_idle: MWAIT substates: 0x20220
May 19 10:33:02 (none) kern.debug kernel: [    5.946390] intel_idle: v0.4 model 0x1C
May 19 10:33:02 (none) kern.debug kernel: [    5.946396] intel_idle: lapic_timer_reliable_states 0x2
May 19 10:33:02 (none) kern.info kernel: [    5.946402] Marking TSC unstable due to TSC halts in idle states deeper than C2
May 19 10:33:02 (none) kern.info kernel: [    5.946721] GHES: HEST is not enabled!
May 19 10:33:02 (none) kern.info kernel: [    5.946818] isapnp: Scanning for PnP cards...
May 19 10:33:02 (none) kern.info kernel: [    6.303777] isapnp: No Plug & Play device found
May 19 10:33:02 (none) kern.info kernel: [    6.304209] Serial: 8250/16550 driver, 12 ports, IRQ sharing enabled
May 19 10:33:02 (none) kern.info kernel: [    6.309675] Linux agpgart interface v0.103
May 19 10:33:02 (none) kern.info kernel: [    6.310980] agpgart-intel 0000:00:00.0: Intel 945GME Chipset
May 19 10:33:02 (none) kern.info kernel: [    6.311309] agpgart-intel 0000:00:00.0: detected gtt size: 262144K total, 262144K mappable
May 19 10:33:02 (none) kern.info kernel: [    6.311531] agpgart-intel 0000:00:00.0: detected 8192K stolen memory
May 19 10:33:02 (none) kern.info kernel: [    6.312090] agpgart-intel 0000:00:00.0: AGP aperture is 256M @ 0xd0000000
May 19 10:33:02 (none) kern.info kernel: [    9.328383] floppy0: no floppy controllers found
May 19 10:33:02 (none) kern.info kernel: [    9.340959] brd: module loaded
May 19 10:33:02 (none) kern.info kernel: [    9.352973] loop: module loaded
May 19 10:33:02 (none) kern.info kernel: [    9.356334] drbd: initialized. Version: 8.3.13 (api:88/proto:86-96)
May 19 10:33:02 (none) kern.info kernel: [    9.356342] drbd: built-in
May 19 10:33:02 (none) kern.info kernel: [    9.356347] drbd: registered as block device major 147
May 19 10:33:02 (none) kern.info kernel: [    9.356352] drbd: minor_table @ 0xf598e4c0
May 19 10:33:02 (none) kern.info kernel: [    9.356356] mtip32xx Version 1.2.6os3
May 19 10:33:02 (none) kern.warn kernel: [    9.356865] i2c-core: driver [fsa9480] using legacy suspend method
May 19 10:33:02 (none) kern.warn kernel: [    9.371648] i2c-core: driver [fsa9480] using legacy resume method
May 19 10:33:02 (none) kern.info kernel: [    9.386479] Uniform Multi-Platform E-IDE driver
May 19 10:33:02 (none) kern.info kernel: [    9.390417] ide_generic: please use "probe_mask=0x3f" module parameter for probing all legacy ISA IDE ports
May 19 10:33:02 (none) kern.debug kernel: [    9.390516] Probing IDE interface ide0...
May 19 10:33:02 (none) kern.info kernel: [    9.903460] ide0 at 0x1f0-0x1f7,0x3f6 on irq 14
May 19 10:33:02 (none) kern.debug kernel: [    9.903566] Probing IDE interface ide1...
May 19 10:33:02 (none) kern.info kernel: [   10.416360] ide1 at 0x170-0x177,0x376 on irq 15
May 19 10:33:02 (none) kern.info kernel: [   10.416504] ide-gd driver 1.18
May 19 10:33:02 (none) kern.info kernel: [   10.416552] ide-cd driver 5.00
May 19 10:33:02 (none) kern.info kernel: [   10.417539] Loading iSCSI transport class v2.0-870.
May 19 10:33:02 (none) kern.info kernel: [   10.418269] rdac: device handler registered
May 19 10:33:02 (none) kern.info kernel: [   10.418455] hp_sw: device handler registered
May 19 10:33:02 (none) kern.info kernel: [   10.418469] emc: device handler registered
May 19 10:33:02 (none) kern.info kernel: [   10.418482] alua: device handler registered
May 19 10:33:02 (none) kern.info kernel: [   10.419501] fnic: Cisco FCoE HBA Driver, ver 1.5.0.2
May 19 10:33:02 (none) kern.info kernel: [   10.419999] bnx2fc: Broadcom NetXtreme II FCoE Driver bnx2fc v1.0.11 (Apr 24, 2012)
May 19 10:33:02 (none) kern.notice kernel: [   10.420967] iscsi: registered transport (tcp)
May 19 10:33:02 (none) kern.warn kernel: [   10.425181] Loading Adaptec I2O RAID: Version 2.4 Build 5go
May 19 10:33:02 (none) kern.info kernel: [   10.439192] Detecting Adaptec I2O RAID controllers...
May 19 10:33:02 (none) kern.info kernel: [   10.440704] Adaptec aacraid driver 1.2-0[28900]-ms
May 19 10:33:02 (none) kern.notice kernel: [   10.442193] aic94xx: Adaptec aic94xx SAS/SATA driver version 1.0.3 loaded
May 19 10:33:02 (none) kern.info kernel: [   10.442678] isci: Intel(R) C600 SAS Controller Driver - version 1.1.0
May 19 10:33:02 (none) kern.warn kernel: [   10.443180] scsi: <fdomain> Detection failed (no card)
May 19 10:33:02 (none) kern.warn kernel: [   10.457114] NCR53c406a: no available ports found
May 19 10:33:02 (none) kern.info kernel: [   10.457118] sym53c416.c: Version 1.0.0-ac
May 19 10:33:02 (none) kern.info kernel: [   10.457165] qlogicfas: no cards were found, please specify I/O address and IRQ using iobase= and irq= options
May 19 10:33:02 (none) kern.warn kernel: [   10.470762] qla2xxx [0000:00:00.0]-0005: : QLogic Fibre Channel HBA Driver: 8.04.00.03-k.
May 19 10:33:02 (none) kern.notice kernel: [   10.498358] iscsi: registered transport (qla4xxx)
May 19 10:33:02 (none) kern.info kernel: [   10.498490] QLogic iSCSI HBA Driver
May 19 10:33:02 (none) kern.warn kernel: [   10.498496] Emulex LightPulse Fibre Channel SCSI driver 8.3.31
May 19 10:33:02 (none) kern.warn kernel: [   10.512233] Copyright(c) 2004-2009 Emulex.  All rights reserved.
May 19 10:33:02 (none) kern.info kernel: [   10.526055] Brocade BFA FC/FCOE SCSI driver - version: 3.0.23.0
May 19 10:33:02 (none) kern.warn kernel: [   10.548103] Failed initialization of WD-7000 SCSI card!
May 19 10:33:02 (none) kern.info kernel: [   10.961730] DC390: clustering now enabled by default. If you get problems load
May 19 10:33:02 (none) kern.info kernel: [   10.961738]        with "disable_clustering=1" and report to maintainers
May 19 10:33:02 (none) kern.info kernel: [   10.962089] megaraid cmm: 2.20.2.7 (Release Date: Sun Jul 16 00:01:03 EST 2006)
May 19 10:33:02 (none) kern.info kernel: [   10.962384] megaraid: 2.20.5.1 (Release Date: Thu Nov 16 15:32:35 EST 2006)
May 19 10:33:02 (none) kern.info kernel: [   10.962527] megasas: 00.00.06.15-rc1 Mon. Mar. 19 17:00:00 PDT 2012
May 19 10:33:02 (none) kern.info kernel: [   10.962708] mpt2sas version 13.100.00.00 loaded
May 19 10:33:02 (none) kern.warn kernel: [   10.963397] GDT-HA: Storage RAID Controller Driver. Version: 3.05
May 19 10:33:02 (none) kern.warn kernel: [   10.976520] 3ware Storage Controller device driver for Linux v1.26.02.003.
May 19 10:33:02 (none) kern.warn kernel: [   10.989407] 3ware 9000 Storage Controller device driver for Linux v2.26.02.014.
May 19 10:33:02 (none) kern.info kernel: [   11.013896] LSI 3ware SAS/SATA-RAID Controller device driver for Linux v3.26.02.000.
May 19 10:33:02 (none) kern.info kernel: [   11.014066] ppa: Version 2.07 (for Linux 2.4.x)
May 19 10:33:02 (none) kern.warn kernel: [   11.014767] imm: Version 2.05 (for Linux 2.4.0)
May 19 10:33:02 (none) kern.info kernel: [   11.027365] nsp32: loading...
May 19 10:33:02 (none) kern.info kernel: [   11.027530] ipr: IBM Power RAID SCSI Device Driver version: 2.5.3 (March 10, 2012)
May 19 10:33:02 (none) kern.info kernel: [   11.027675] RocketRAID 3xxx/4xxx Controller driver v1.6 (090910)
May 19 10:33:02 (none) kern.info kernel: [   11.027808] stex: Promise SuperTrak EX Driver version: 4.6.0000.4
May 19 10:33:02 (none) kern.info kernel: [   11.028364] libcxgbi:libcxgbi_init_module: tag itt 0x1fff, 13 bits, age 0xf, 4 bits.
May 19 10:33:02 (none) kern.info kernel: [   11.028372] libcxgbi:ddp_setup_host_page_size: system PAGE 4096, ddp idx 0.
May 19 10:33:02 (none) kern.info kernel: [   11.028377] Chelsio T3 iSCSI Driver cxgb3i v2.0.0 (Jun. 2010)
May 19 10:33:02 (none) kern.notice kernel: [   11.028526] iscsi: registered transport (cxgb3i)
May 19 10:33:02 (none) kern.info kernel: [   11.028611] Chelsio T4 iSCSI Driver cxgb4i v0.9.1 (Aug. 2010)
May 19 10:33:02 (none) kern.notice kernel: [   11.028755] iscsi: registered transport (cxgb4i)
May 19 10:33:02 (none) kern.info kernel: [   11.028791] Broadcom NetXtreme II iSCSI Driver bnx2i v2.7.2.2 (Apr 25, 2012)
May 19 10:33:02 (none) kern.notice kernel: [   11.028934] iscsi: registered transport (bnx2i)
May 19 10:33:02 (none) kern.notice kernel: [   11.029423] iscsi: registered transport (be2iscsi)
May 19 10:33:02 (none) kern.info kernel: [   11.029766] VMware PVSCSI driver - version 1.0.2.0-k
May 19 10:33:02 (none) kern.info kernel: [   11.029898] hv_vmbus: registering driver hv_storvsc
May 19 10:33:02 (none) kern.info kernel: [   11.029906] st: Version 20101219, fixed bufsize 32768, s/g segs 256
May 19 10:33:02 (none) kern.info kernel: [   11.030003] osst :I: Tape driver with OnStream support version 0.99.4
May 19 10:33:02 (none) kern.info kernel: [   11.030003] osst :I: $Id: osst.c,v 1.73 2005/01/01 21:13:34 wriede Exp $
May 19 10:33:02 (none) kern.info kernel: [   11.030556] SCSI Media Changer driver v0.25 
May 19 10:33:02 (none) kern.notice kernel: [   11.030766] osd: LOADED open-osd 0.2.1
May 19 10:33:02 (none) kern.debug kernel: [   11.030911] ahci 0000:00:1f.2: version 3.0
May 19 10:33:02 (none) kern.debug kernel: [   11.031242] ahci 0000:00:1f.2: irq 43 for MSI/MSI-X
May 19 10:33:02 (none) kern.info kernel: [   11.031561] ahci 0000:00:1f.2: AHCI 0001.0100 32 slots 4 ports 1.5 Gbps 0x1 impl SATA mode
May 19 10:33:02 (none) kern.info kernel: [   11.031572] ahci 0000:00:1f.2: flags: 64bit ncq pm led clo pio slum part 
May 19 10:33:02 (none) kern.debug kernel: [   11.031588] ahci 0000:00:1f.2: setting latency timer to 64
May 19 10:33:02 (none) kern.info kernel: [   11.035693] scsi2 : ahci
May 19 10:33:02 (none) kern.info kernel: [   11.036708] scsi3 : ahci
May 19 10:33:02 (none) kern.info kernel: [   11.037309] scsi4 : ahci
May 19 10:33:02 (none) kern.info kernel: [   11.037847] scsi5 : ahci
May 19 10:33:02 (none) kern.info kernel: [   11.039701] ata1: SATA max UDMA/133 abar m1024@0xf7db7800 port 0xf7db7900 irq 43
May 19 10:33:02 (none) kern.info kernel: [   11.039708] ata2: DUMMY
May 19 10:33:02 (none) kern.info kernel: [   11.039713] ata3: DUMMY
May 19 10:33:02 (none) kern.info kernel: [   11.039718] ata4: DUMMY
May 19 10:33:02 (none) kern.info kernel: [   11.051060] SSFDC read-only Flash Translation layer
May 19 10:33:02 (none) kern.err kernel: [   11.051251] mtdoops: mtd device (mtddev=name/number) must be supplied
May 19 10:33:02 (none) kern.notice kernel: [   11.063691] L440GX flash mapping: failed to find PIIX4 ISA bridge, cannot continue
May 19 10:33:02 (none) kern.debug kernel: [   11.063779] device id = 2440
May 19 10:33:02 (none) kern.debug kernel: [   11.063811] device id = 2480
May 19 10:33:02 (none) kern.debug kernel: [   11.063842] device id = 24c0
May 19 10:33:02 (none) kern.debug kernel: [   11.063873] device id = 24d0
May 19 10:33:02 (none) kern.debug kernel: [   11.063904] device id = 25a1
May 19 10:33:02 (none) kern.debug kernel: [   11.063935] device id = 2670
May 19 10:33:02 (none) kern.err kernel: [   11.064491] physmap-flash.0: failed to claim resource 0
May 19 10:33:02 (none) kern.err kernel: [   11.076831] Failed to ioremap_nocache
May 19 10:33:02 (none) kern.warn kernel: [   11.090406] SNAPGEAR: failed to ioremap() BOOTCS
May 19 10:33:02 (none) kern.warn kernel: [   11.102289] Generic platform RAM MTD, (c) 2004 Simtec Electronics
May 19 10:33:02 (none) kern.info kernel: [   11.114919] No recognised DiskOnChip devices found
May 19 10:33:02 (none) kern.notice kernel: [   11.114925] slram: not enough parameters.
May 19 10:33:02 (none) kern.info kernel: [   11.114930] Ramix PMC551 PCI Mezzanine Ram Driver. (C) 1999,2000 Nortel Networks.
May 19 10:33:02 (none) kern.notice kernel: [   11.114964] pmc551: not detected
May 19 10:33:02 (none) kern.notice kernel: [   11.117572] ftl_cs: FTL header not found.
May 19 10:33:02 (none) kern.info kernel: [   11.155164] No valid DiskOnChip devices found
May 19 10:33:02 (none) kern.warn kernel: [   11.155363] [nandsim] warning: read_byte: unexpected data output cycle, state is STATE_READY return 0x0
May 19 10:33:02 (none) kern.warn kernel: [   11.178291] [nandsim] warning: read_byte: unexpected data output cycle, state is STATE_READY return 0x0
May 19 10:33:02 (none) kern.warn kernel: [   11.202223] [nandsim] warning: read_byte: unexpected data output cycle, state is STATE_READY return 0x0
May 19 10:33:02 (none) kern.warn kernel: [   11.226758] [nandsim] warning: read_byte: unexpected data output cycle, state is STATE_READY return 0x0
May 19 10:33:02 (none) kern.warn kernel: [   11.252454] [nandsim] warning: read_byte: unexpected data output cycle, state is STATE_READY return 0x0
May 19 10:33:02 (none) kern.warn kernel: [   11.278838] [nandsim] warning: read_byte: unexpected data output cycle, state is STATE_READY return 0x0
May 19 10:33:02 (none) kern.info kernel: [   11.304998] NAND device: Manufacturer ID: 0x98, Chip ID: 0x39 (Toshiba NAND 8MiB 1,8V 8-bit), page size: 512, OOB size: 16
May 19 10:33:02 (none) kern.warn kernel: [   11.305054] flash size: 8 MiB
May 19 10:33:02 (none) kern.warn kernel: [   11.318088] page size: 512 bytes
May 19 10:33:02 (none) kern.warn kernel: [   11.331081] OOB area size: 16 bytes
May 19 10:33:02 (none) kern.warn kernel: [   11.343926] sector size: 8 KiB
May 19 10:33:02 (none) kern.info kernel: [   11.345105] ata1: SATA link up 1.5 Gbps (SStatus 113 SControl 300)
May 19 10:33:02 (none) kern.info kernel: [   11.346935] ata1.00: ACPI cmd f5/00:00:00:00:00:a0 (unknown) filtered out
May 19 10:33:02 (none) kern.info kernel: [   11.347278] ata1.00: ATA-8: WDC WD3200BPVT-22JJ5T0, 01.01A01, max UDMA/133
May 19 10:33:02 (none) kern.info kernel: [   11.347283] ata1.00: 625142448 sectors, multi 16: LBA48 NCQ (depth 31/32), AA
May 19 10:33:02 (none) kern.info kernel: [   11.349250] ata1.00: ACPI cmd f5/00:00:00:00:00:a0 (unknown) filtered out
May 19 10:33:02 (none) kern.info kernel: [   11.349605] ata1.00: configured for UDMA/133
May 19 10:33:02 (none) kern.notice kernel: [   11.350649] scsi 2:0:0:0: Direct-Access     ATA      WDC WD3200BPVT-2 01.0 PQ: 0 ANSI: 5
May 19 10:33:02 (none) kern.notice kernel: [   11.352628] sd 2:0:0:0: [sda] 625142448 512-byte logical blocks: (320 GB/298 GiB)
May 19 10:33:02 (none) kern.notice kernel: [   11.352634] sd 2:0:0:0: [sda] 4096-byte physical blocks
May 19 10:33:02 (none) kern.notice kernel: [   11.353242] sd 2:0:0:0: [sda] Write Protect is off
May 19 10:33:02 (none) kern.debug kernel: [   11.353250] sd 2:0:0:0: [sda] Mode Sense: 00 3a 00 00
May 19 10:33:02 (none) kern.notice kernel: [   11.353490] sd 2:0:0:0: [sda] Write cache: enabled, read cache: enabled, doesn't support DPO or FUA
May 19 10:33:02 (none) kern.notice kernel: [   11.354798] sd 2:0:0:0: Attached scsi generic sg0 type 0
May 19 10:33:02 (none) kern.warn kernel: [   11.357042] pages number: 16384
May 19 10:33:02 (none) kern.warn kernel: [   11.369571] pages per sector: 16
May 19 10:33:02 (none) kern.warn kernel: [   11.381488] bus width: 8
May 19 10:33:02 (none) kern.warn kernel: [   11.393079] bits in sector size: 13
May 19 10:33:02 (none) kern.warn kernel: [   11.404544] bits in page size: 9
May 19 10:33:02 (none) kern.warn kernel: [   11.415746] bits in OOB size: 4
May 19 10:33:02 (none) kern.warn kernel: [   11.426752] flash size with OOB: 8448 KiB
May 19 10:33:02 (none) kern.warn kernel: [   11.437869] page address bytes: 3
May 19 10:33:02 (none) kern.warn kernel: [   11.448789] sector address bytes: 2
May 19 10:33:02 (none) kern.warn kernel: [   11.459527] options: 0x42
May 19 10:33:02 (none) kern.info kernel: [   11.470164] Scanning device for bad blocks
May 19 10:33:02 (none) kern.notice kernel: [   11.492939] Creating 1 MTD partitions on "NAND 8MiB 1,8V 8-bit":
May 19 10:33:02 (none) kern.notice kernel: [   11.492955] 0x000000000000-0x000000800000 : "NAND simulator partition 0"
May 19 10:33:02 (none) kern.notice kernel: [   11.495493] ftl_cs: FTL header not found.
May 19 10:33:02 (none) kern.info kernel: [   11.496727] usbcore: registered new interface driver alauda
May 19 10:33:02 (none) kern.err kernel: [   11.541035] onenand_wait: timeout! ctrl=0x0000 intr=0x0000
May 19 10:33:02 (none) kern.debug kernel: [   11.551324] OneNAND Manufacturer: Samsung (0xec)
May 19 10:33:02 (none) kern.info kernel: [   11.551332] OneNAND 16MB 1.8V 16-bit (0x04)
May 19 10:33:02 (none) kern.info kernel: [   11.551337] OneNAND version = 0x001e
May 19 10:33:02 (none) kern.debug kernel: [   11.551341] Lock scheme is Continuous Lock
May 19 10:33:02 (none) kern.info kernel: [   11.551380] Scanning device for bad blocks
May 19 10:33:02 (none) kern.notice kernel: [   11.554475] Creating 1 MTD partitions on "OneNAND simulator":
May 19 10:33:02 (none) kern.notice kernel: [   11.554493] 0x000000000000-0x000001000000 : "OneNAND simulator partition"
May 19 10:33:02 (none) kern.notice kernel: [   11.556169] ftl_cs: FTL header not found.
May 19 10:33:02 (none) kern.info kernel: [   11.558382] Fixed MDIO Bus: probed
May 19 10:33:02 (none) kern.info kernel: [   11.558549] cnic: Broadcom NetXtreme II CNIC Driver cnic v2.5.10 (March 21, 2012)
May 19 10:33:02 (none) kern.info kernel: [   11.559252] Fusion MPT base driver 3.04.20
May 19 10:33:02 (none) kern.info kernel: [   11.559258] Copyright (c) 1999-2008 LSI Corporation
May 19 10:33:02 (none) kern.info kernel: [   11.559319] Fusion MPT SPI Host driver 3.04.20
May 19 10:33:02 (none) kern.info kernel: [   11.559466] Fusion MPT FC Host driver 3.04.20
May 19 10:33:02 (none) kern.info kernel: [   11.559633] Fusion MPT SAS Host driver 3.04.20
May 19 10:33:02 (none) kern.info kernel: [   11.559809] Fusion MPT misc device (ioctl) driver 3.04.20
May 19 10:33:02 (none) kern.info kernel: [   11.560115] mptctl: Registered with Fusion MPT base driver
May 19 10:33:02 (none) kern.info kernel: [   11.560122] mptctl: /dev/mptctl @ (major,minor=10,220)
May 19 10:33:02 (none) kern.info kernel: [   11.560128] Fusion MPT LAN driver 3.04.20
May 19 10:33:02 (none) kern.info kernel: [   11.560767] Intel ISA PCIC probe: not found.
May 19 10:33:02 (none) kern.info kernel: [   11.561382] Databook TCIC-2 PCMCIA probe: not found.
May 19 10:33:02 (none) kern.info kernel: [   11.561453] ehci_hcd: USB 2.0 'Enhanced' Host Controller (EHCI) Driver
May 19 10:33:02 (none) kern.debug kernel: [   11.561682] ehci_hcd 0000:00:1d.7: setting latency timer to 64
May 19 10:33:02 (none) kern.info kernel: [   11.561695] ehci_hcd 0000:00:1d.7: EHCI Host Controller
May 19 10:33:02 (none) kern.info kernel: [   11.561883] ehci_hcd 0000:00:1d.7: new USB bus registered, assigned bus number 1
May 19 10:33:02 (none) kern.info kernel: [   11.562059] ehci_hcd 0000:00:1d.7: using broken periodic workaround
May 19 10:33:02 (none) kern.info kernel: [   11.562095] ehci_hcd 0000:00:1d.7: debug port 1
May 19 10:33:02 (none) kern.debug kernel: [   11.565991] ehci_hcd 0000:00:1d.7: cache line size of 32 is not supported
May 19 10:33:02 (none) kern.info kernel: [   11.566127] ehci_hcd 0000:00:1d.7: irq 23, io mem 0xf7db7c00
May 19 10:33:02 (none) kern.info kernel: [   11.572069] ehci_hcd 0000:00:1d.7: USB 2.0 started, EHCI 1.00
May 19 10:33:02 (none) kern.info kernel: [   11.572503] usb usb1: New USB device found, idVendor=1d6b, idProduct=0002
May 19 10:33:02 (none) kern.info kernel: [   11.572513] usb usb1: New USB device strings: Mfr=3, Product=2, SerialNumber=1
May 19 10:33:02 (none) kern.info kernel: [   11.572520] usb usb1: Product: EHCI Host Controller
May 19 10:33:02 (none) kern.info kernel: [   11.572527] usb usb1: Manufacturer: Linux 3.5.0-KRG-iCore2-smp-pae-srv1000gz ehci_hcd
May 19 10:33:02 (none) kern.info kernel: [   11.572534] usb usb1: SerialNumber: 0000:00:1d.7
May 19 10:33:02 (none) kern.info kernel: [   11.573758] hub 1-0:1.0: USB hub found
May 19 10:33:02 (none) kern.info kernel: [   11.573794] hub 1-0:1.0: 8 ports detected
May 19 10:33:02 (none) kern.info kernel: [   11.574813] ohci_hcd: USB 1.1 'Open' Host Controller (OHCI) Driver
May 19 10:33:02 (none) kern.info kernel: [   11.575059] uhci_hcd: USB Universal Host Controller Interface driver
May 19 10:33:02 (none) kern.debug kernel: [   11.575296] uhci_hcd 0000:00:1d.0: setting latency timer to 64
May 19 10:33:02 (none) kern.info kernel: [   11.575309] uhci_hcd 0000:00:1d.0: UHCI Host Controller
May 19 10:33:02 (none) kern.info kernel: [   11.575353] uhci_hcd 0000:00:1d.0: new USB bus registered, assigned bus number 2
May 19 10:33:02 (none) kern.info kernel: [   11.575427] uhci_hcd 0000:00:1d.0: irq 23, io base 0x0000d400
May 19 10:33:02 (none) kern.info kernel: [   11.575753] usb usb2: New USB device found, idVendor=1d6b, idProduct=0001
May 19 10:33:02 (none) kern.info kernel: [   11.575762] usb usb2: New USB device strings: Mfr=3, Product=2, SerialNumber=1
May 19 10:33:02 (none) kern.info kernel: [   11.575769] usb usb2: Product: UHCI Host Controller
May 19 10:33:02 (none) kern.info kernel: [   11.575776] usb usb2: Manufacturer: Linux 3.5.0-KRG-iCore2-smp-pae-srv1000gz uhci_hcd
May 19 10:33:02 (none) kern.info kernel: [   11.575783] usb usb2: SerialNumber: 0000:00:1d.0
May 19 10:33:02 (none) kern.info kernel: [   11.576771] hub 2-0:1.0: USB hub found
May 19 10:33:02 (none) kern.info kernel: [   11.576802] hub 2-0:1.0: 2 ports detected
May 19 10:33:02 (none) kern.debug kernel: [   11.577452] uhci_hcd 0000:00:1d.1: setting latency timer to 64
May 19 10:33:02 (none) kern.info kernel: [   11.577465] uhci_hcd 0000:00:1d.1: UHCI Host Controller
May 19 10:33:02 (none) kern.info kernel: [   11.577497] uhci_hcd 0000:00:1d.1: new USB bus registered, assigned bus number 3
May 19 10:33:02 (none) kern.info kernel: [   11.577641] uhci_hcd 0000:00:1d.1: irq 19, io base 0x0000d480
May 19 10:33:02 (none) kern.info kernel: [   11.577874] usb usb3: New USB device found, idVendor=1d6b, idProduct=0001
May 19 10:33:02 (none) kern.info kernel: [   11.577883] usb usb3: New USB device strings: Mfr=3, Product=2, SerialNumber=1
May 19 10:33:02 (none) kern.info kernel: [   11.577890] usb usb3: Product: UHCI Host Controller
May 19 10:33:02 (none) kern.info kernel: [   11.577897] usb usb3: Manufacturer: Linux 3.5.0-KRG-iCore2-smp-pae-srv1000gz uhci_hcd
May 19 10:33:02 (none) kern.info kernel: [   11.577904] usb usb3: SerialNumber: 0000:00:1d.1
May 19 10:33:02 (none) kern.info kernel: [   11.578883] hub 3-0:1.0: USB hub found
May 19 10:33:02 (none) kern.info kernel: [   11.578913] hub 3-0:1.0: 2 ports detected
May 19 10:33:02 (none) kern.debug kernel: [   11.579547] uhci_hcd 0000:00:1d.2: setting latency timer to 64
May 19 10:33:02 (none) kern.info kernel: [   11.579559] uhci_hcd 0000:00:1d.2: UHCI Host Controller
May 19 10:33:02 (none) kern.info kernel: [   11.579600] uhci_hcd 0000:00:1d.2: new USB bus registered, assigned bus number 4
May 19 10:33:02 (none) kern.info kernel: [   11.579737] uhci_hcd 0000:00:1d.2: irq 18, io base 0x0000d800
May 19 10:33:02 (none) kern.info kernel: [   11.579958] usb usb4: New USB device found, idVendor=1d6b, idProduct=0001
May 19 10:33:02 (none) kern.info kernel: [   11.579967] usb usb4: New USB device strings: Mfr=3, Product=2, SerialNumber=1
May 19 10:33:02 (none) kern.info kernel: [   11.579974] usb usb4: Product: UHCI Host Controller
May 19 10:33:02 (none) kern.info kernel: [   11.579982] usb usb4: Manufacturer: Linux 3.5.0-KRG-iCore2-smp-pae-srv1000gz uhci_hcd
May 19 10:33:02 (none) kern.info kernel: [   11.579988] usb usb4: SerialNumber: 0000:00:1d.2
May 19 10:33:02 (none) kern.info kernel: [   11.580943] hub 4-0:1.0: USB hub found
May 19 10:33:02 (none) kern.info kernel: [   11.580973] hub 4-0:1.0: 2 ports detected
May 19 10:33:02 (none) kern.debug kernel: [   11.581589] uhci_hcd 0000:00:1d.3: setting latency timer to 64
May 19 10:33:02 (none) kern.info kernel: [   11.581602] uhci_hcd 0000:00:1d.3: UHCI Host Controller
May 19 10:33:02 (none) kern.info kernel: [   11.581633] uhci_hcd 0000:00:1d.3: new USB bus registered, assigned bus number 5
May 19 10:33:02 (none) kern.info kernel: [   11.581787] uhci_hcd 0000:00:1d.3: irq 16, io base 0x0000d880
May 19 10:33:02 (none) kern.info kernel: [   11.582052] usb usb5: New USB device found, idVendor=1d6b, idProduct=0001
May 19 10:33:02 (none) kern.info kernel: [   11.582061] usb usb5: New USB device strings: Mfr=3, Product=2, SerialNumber=1
May 19 10:33:02 (none) kern.info kernel: [   11.582068] usb usb5: Product: UHCI Host Controller
May 19 10:33:02 (none) kern.info kernel: [   11.582075] usb usb5: Manufacturer: Linux 3.5.0-KRG-iCore2-smp-pae-srv1000gz uhci_hcd
May 19 10:33:02 (none) kern.info kernel: [   11.582082] usb usb5: SerialNumber: 0000:00:1d.3
May 19 10:33:02 (none) kern.info kernel: [   11.582973] hub 5-0:1.0: USB hub found
May 19 10:33:02 (none) kern.info kernel: [   11.583048] hub 5-0:1.0: 2 ports detected
May 19 10:33:02 (none) kern.info kernel: [   11.584086] usbcore: registered new interface driver uas
May 19 10:33:02 (none) kern.info kernel: [   11.584092] Initializing USB Mass Storage driver...
May 19 10:33:02 (none) kern.info kernel: [   11.584243] usbcore: registered new interface driver usb-storage
May 19 10:33:02 (none) kern.info kernel: [   11.584249] USB Mass Storage support registered.
May 19 10:33:02 (none) kern.info kernel: [   11.584534] usbcore: registered new interface driver libusual
May 19 10:33:02 (none) kern.info kernel: [   11.584615] usbcore: registered new interface driver ums-cypress
May 19 10:33:02 (none) kern.info kernel: [   11.584695] usbcore: registered new interface driver ums-datafab
May 19 10:33:02 (none) kern.info kernel: [   11.584773] usbcore: registered new interface driver ums-freecom
May 19 10:33:02 (none) kern.info kernel: [   11.584866] usbcore: registered new interface driver ums-isd200
May 19 10:33:02 (none) kern.info kernel: [   11.584965] usbcore: registered new interface driver ums-realtek
May 19 10:33:02 (none) kern.info kernel: [   11.585086] usbcore: registered new interface driver ums-usbat
May 19 10:33:02 (none) kern.info kernel: [   11.585343] i8042: PNP: PS/2 Controller [PNP0303:PS2K,PNP0f13:PS2M] at 0x60,0x64 irq 1,12
May 19 10:33:02 (none) kern.info kernel: [   11.605040] serio: i8042 KBD port at 0x60,0x64 irq 1
May 19 10:33:02 (none) kern.info kernel: [   11.605131] serio: i8042 AUX port at 0x60,0x64 irq 12
May 19 10:33:02 (none) kern.err kernel: [   11.605782] parkbd: no such parport
May 19 10:33:02 (none) kern.info kernel: [   11.616780] mousedev: PS/2 mouse device common for all mice
May 19 10:33:02 (none) kern.info kernel: [   11.618277] usbcore: registered new interface driver appletouch
May 19 10:33:02 (none) kern.info kernel: [   11.618394] usbcore: registered new interface driver bcm5974
May 19 10:33:02 (none) kern.info kernel: [   11.618537] usbcore: registered new interface driver synaptics_usb
May 19 10:33:02 (none) kern.info kernel: [   11.618626] usbcore: registered new interface driver usb_acecad
May 19 10:33:02 (none) kern.info kernel: [   11.618715] usbcore: registered new interface driver aiptek
May 19 10:33:02 (none) kern.info kernel: [   11.618812] usbcore: registered new interface driver gtco
May 19 10:33:02 (none) kern.info kernel: [   11.618901] usbcore: registered new interface driver hanwang
May 19 10:33:02 (none) kern.info kernel: [   11.618989] usbcore: registered new interface driver kbtab
May 19 10:33:02 (none) kern.info kernel: [   11.619164] usbcore: registered new interface driver wacom
May 19 10:33:02 (none) kern.warn kernel: [   11.620514] mk712: device not present
May 19 10:33:02 (none) kern.info kernel: [   11.630222] usbcore: registered new interface driver usbtouchscreen
May 19 10:33:02 (none) kern.info kernel: [   11.631243] rtc_cmos 00:03: RTC can wake from S4
May 19 10:33:02 (none) kern.info kernel: [   11.632143] rtc_cmos 00:03: rtc core: registered rtc_cmos as rtc0
May 19 10:33:02 (none) kern.info kernel: [   11.632236] rtc0: alarms up to one month, 114 bytes nvram, hpet irqs
May 19 10:33:02 (none) kern.info kernel: [   11.632309] i2c /dev entries driver
May 19 10:33:02 (none) kern.info kernel: [   11.632398] md: linear personality registered for level -1
May 19 10:33:02 (none) kern.info kernel: [   11.632405] md: raid0 personality registered for level 0
May 19 10:33:02 (none) kern.info kernel: [   11.632412] md: raid1 personality registered for level 1
May 19 10:33:02 (none) kern.info kernel: [   11.632418] md: raid10 personality registered for level 10
May 19 10:33:02 (none) kern.info kernel: [   11.632424] md: raid6 personality registered for level 6
May 19 10:33:02 (none) kern.info kernel: [   11.632430] md: raid5 personality registered for level 5
May 19 10:33:02 (none) kern.info kernel: [   11.632436] md: raid4 personality registered for level 4
May 19 10:33:02 (none) kern.info kernel: [   11.632443] md: multipath personality registered for level -4
May 19 10:33:02 (none) kern.info kernel: [   11.632720] device-mapper: uevent: version 1.0.3
May 19 10:33:02 (none) kern.info kernel: [   11.633243] device-mapper: ioctl: 4.22.0-ioctl (2011-10-19) initialised: dm-devel@redhat.com
May 19 10:33:02 (none) kern.info kernel: [   11.634158] device-mapper: multipath: version 1.4.0 loaded
May 19 10:33:02 (none) kern.info kernel: [   11.634242] device-mapper: multipath round-robin: version 1.0.0 loaded
May 19 10:33:02 (none) kern.info kernel: [   11.634251] device-mapper: multipath queue-length: version 0.1.0 loaded
May 19 10:33:02 (none) kern.info kernel: [   11.634258] device-mapper: multipath service-time: version 0.2.0 loaded
May 19 10:33:02 (none) kern.info kernel: [   11.634634] device-mapper: dm-log-userspace: version 1.1.0 loaded
May 19 10:33:02 (none) kern.info kernel: [   11.635274] EISA: Probing bus 0 at eisa.0
May 19 10:33:02 (none) kern.warn kernel: [   11.635285] EISA: Cannot allocate resource for mainboard
May 19 10:33:02 (none) kern.warn kernel: [   11.644635] Cannot allocate resource for EISA slot 1
May 19 10:33:02 (none) kern.warn kernel: [   11.653774] Cannot allocate resource for EISA slot 2
May 19 10:33:02 (none) kern.warn kernel: [   11.662389] Cannot allocate resource for EISA slot 3
May 19 10:33:02 (none) kern.warn kernel: [   11.670507] Cannot allocate resource for EISA slot 4
May 19 10:33:02 (none) kern.warn kernel: [   11.678222] Cannot allocate resource for EISA slot 5
May 19 10:33:02 (none) kern.warn kernel: [   11.685402] Cannot allocate resource for EISA slot 6
May 19 10:33:02 (none) kern.warn kernel: [   11.692045] Cannot allocate resource for EISA slot 7
May 19 10:33:02 (none) kern.warn kernel: [   11.698502] Cannot allocate resource for EISA slot 8
May 19 10:33:02 (none) kern.info kernel: [   11.704878] EISA: Detected 0 cards.
May 19 10:33:02 (none) kern.info kernel: [   11.705277] cpuidle: using governor ladder
May 19 10:33:02 (none) kern.info kernel: [   11.706249] cpuidle: using governor menu
May 19 10:33:02 (none) kern.info kernel: [   11.706393] sdhci: Secure Digital Host Controller Interface driver
May 19 10:33:02 (none) kern.info kernel: [   11.706398] sdhci: Copyright(c) Pierre Ossman
May 19 10:33:02 (none) kern.info kernel: [   11.706560] wbsd: Winbond W83L51xD SD/MMC card interface driver
May 19 10:33:02 (none) kern.info kernel: [   11.706565] wbsd: Copyright(c) Pierre Ossman
May 19 10:33:02 (none) kern.info kernel: [   11.706802] via_sdmmc: VIA SD/MMC Card Reader driver (C) 2008 VIA Technologies, Inc.
May 19 10:33:02 (none) kern.info kernel: [   11.706933] VUB300 Driver rom wait states = 1C irqpoll timeout = 0400
May 19 10:33:02 (none) kern.info kernel: [   11.707661] usbcore: registered new interface driver vub300
May 19 10:33:02 (none) kern.info kernel: [   11.707765] usbcore: registered new interface driver ushc
May 19 10:33:02 (none) kern.info kernel: [   11.707771] sdhci-pltfm: SDHCI platform and OF driver helper
May 19 10:33:02 (none) kern.info kernel: [   11.707783] No iBFT detected.
May 19 10:33:02 (none) kern.info kernel: [   11.708501] hv_vmbus: registering driver hid_hyperv
May 19 10:33:02 (none) kern.info kernel: [   11.710310] usbcore: registered new interface driver usbhid
May 19 10:33:02 (none) kern.info kernel: [   11.710316] usbhid: USB HID core driver
May 19 10:33:02 (none) kern.info kernel: [   11.710325] zram: num_devices not specified. Using default: 1
May 19 10:33:02 (none) kern.info kernel: [   11.710329] zram: Creating 1 devices ...
May 19 10:33:02 (none) kern.info kernel: [   11.712799] NET: Registered protocol family 10
May 19 10:33:02 (none) kern.info kernel: [   11.714398] NET: Registered protocol family 15
May 19 10:33:02 (none) kern.info kernel: [   11.720282] sctp: Hash tables configured (established 21845 bind 23831)
May 19 10:33:02 (none) kern.info kernel: [   11.721382] Using IPI No-Shortcut mode
May 19 10:33:02 (none) kern.debug kernel: [   11.722474] PM: Hibernation image not present or could not be loaded.
May 19 10:33:02 (none) kern.info kernel: [   11.722509] registered taskstats version 1
May 19 10:33:02 (none) kern.info kernel: [   11.724248] IMA: No TPM chip found, activating TPM-bypass!
May 19 10:33:02 (none) kern.info kernel: [   11.726906]   Magic number: 13:956:527
May 19 10:33:02 (none) kern.warn kernel: [   11.727201] register_blkdev: cannot get major 3 for hd
May 19 10:33:02 (none) kern.info kernel: [   11.736180] input: AT Translated Set 2 keyboard as /devices/platform/i8042/serio0/input/input0
May 19 10:33:02 (none) kern.info kernel: [   11.876225] usb 1-2: new high-speed USB device number 2 using ehci_hcd
May 19 10:33:02 (none) kern.info kernel: [   12.027318] usb 1-2: New USB device found, idVendor=13d3, idProduct=5108
May 19 10:33:02 (none) kern.info kernel: [   12.027330] usb 1-2: New USB device strings: Mfr=2, Product=1, SerialNumber=3
May 19 10:33:02 (none) kern.info kernel: [   12.027338] usb 1-2: Product: USB 2.0 Camera
May 19 10:33:02 (none) kern.info kernel: [   12.027345] usb 1-2: Manufacturer: Sonix Technology Co., Ltd.
May 19 10:33:02 (none) kern.info kernel: [   12.027352] usb 1-2: SerialNumber: SN0001
May 19 10:33:02 (none) kern.info kernel: [   12.133269] usb 1-5: new high-speed USB device number 3 using ehci_hcd
May 19 10:33:02 (none) kern.info kernel: [   12.249172] usb 1-5: New USB device found, idVendor=05e3, idProduct=0608
May 19 10:33:02 (none) kern.info kernel: [   12.249184] usb 1-5: New USB device strings: Mfr=0, Product=1, SerialNumber=0
May 19 10:33:02 (none) kern.info kernel: [   12.249192] usb 1-5: Product: USB2.0 Hub
May 19 10:33:02 (none) kern.info kernel: [   12.251257] hub 1-5:1.0: USB hub found
May 19 10:33:02 (none) kern.info kernel: [   12.251638] hub 1-5:1.0: 4 ports detected
May 19 10:33:02 (none) kern.info kernel: [   12.407273] usb 1-8: new high-speed USB device number 5 using ehci_hcd
May 19 10:33:02 (none) kern.info kernel: [   12.533407] usb 1-8: New USB device found, idVendor=12d1, idProduct=1001
May 19 10:33:02 (none) kern.info kernel: [   12.533428] usb 1-8: New USB device strings: Mfr=2, Product=1, SerialNumber=0
May 19 10:33:02 (none) kern.info kernel: [   12.533443] usb 1-8: Product: HUAWEI Mobile
May 19 10:33:02 (none) kern.info kernel: [   12.533457] usb 1-8: Manufacturer: HUAWEI Technology
May 19 10:33:02 (none) kern.info kernel: [   12.745310] usb 4-2: new low-speed USB device number 2 using uhci_hcd
May 19 10:33:02 (none) kern.info kernel: [   12.901941] usb 4-2: New USB device found, idVendor=04f3, idProduct=02f4
May 19 10:33:02 (none) kern.info kernel: [   12.901963] usb 4-2: New USB device strings: Mfr=0, Product=2, SerialNumber=0
May 19 10:33:02 (none) kern.info kernel: [   12.901979] usb 4-2: Product: 2.4G Wireless Mouse
May 19 10:33:02 (none) kern.info kernel: [   12.926545] input: 2.4G Wireless Mouse as /devices/pci0000:00/0000:00:1d.2/usb4/4-2/4-2:1.0/input/input1
May 19 10:33:02 (none) kern.info kernel: [   12.928252] hid-generic 0003:04F3:02F4.0001: input,hiddev0,hidraw0: USB HID v1.11 Mouse [2.4G Wireless Mouse] on usb-0000:00:1d.2-2/input0
May 19 10:33:02 (none) kern.info kernel: [   13.106637] usb 1-5.2: new high-speed USB device number 6 using ehci_hcd
May 19 10:33:02 (none) kern.info kernel: [   13.205760] usb 1-5.2: New USB device found, idVendor=12d1, idProduct=1001
May 19 10:33:02 (none) kern.info kernel: [   13.205781] usb 1-5.2: New USB device strings: Mfr=2, Product=1, SerialNumber=0
May 19 10:33:02 (none) kern.info kernel: [   13.205797] usb 1-5.2: Product: HUAWEI Mobile
May 19 10:33:02 (none) kern.info kernel: [   13.205811] usb 1-5.2: Manufacturer: HUAWEI Technology
May 19 10:33:02 (none) kern.info kernel: [   13.210221] scsi9 : usb-storage 1-5.2:1.0
May 19 10:33:02 (none) kern.info kernel: [   13.360632] usb 1-5.2: USB disconnect, device number 6
May 19 10:33:02 (none) kern.info kernel: [   13.797832]  sda: sda1 sda2 < sda5 sda6 sda7 sda8 sda9 sda10 > sda3 sda4
May 19 10:33:02 (none) kern.notice kernel: [   13.802890] sd 2:0:0:0: [sda] Attached SCSI disk
May 19 10:33:02 (none) kern.info kernel: [   13.803153] rtc_cmos 00:03: setting system clock to 2013-05-19 10:32:49 UTC (1368959569)
May 19 10:33:02 (none) kern.info kernel: [   13.803409] BIOS EDD facility v0.16 2004-Jun-25, 1 devices found
May 19 10:33:02 (none) kern.info kernel: [   13.805110] md: Waiting for all devices to be available before autodetect
May 19 10:33:02 (none) kern.info kernel: [   13.805119] md: If you don't use raid, use raid=noautodetect
May 19 10:33:02 (none) kern.info kernel: [   13.806499] md: Autodetecting RAID arrays.
May 19 10:33:02 (none) kern.info kernel: [   13.806507] md: Scanned 0 and added 0 devices.
May 19 10:33:02 (none) kern.info kernel: [   13.806511] md: autorun ...
May 19 10:33:02 (none) kern.info kernel: [   13.806515] md: ... autorun DONE.
May 19 10:33:02 (none) kern.err kernel: [   13.843739] EXT3-fs (sda9): error: couldn't mount because of unsupported optional features (240)
May 19 10:33:02 (none) kern.err kernel: [   13.863109] EXT2-fs (sda9): error: couldn't mount because of unsupported optional features (240)
May 19 10:33:02 (none) kern.info kernel: [   13.922950] EXT4-fs (sda9): mounted filesystem with ordered data mode. Opts: (null)
May 19 10:33:02 (none) kern.info kernel: [   13.923058] VFS: Mounted root (ext4 filesystem) readonly on device 8:9.
May 19 10:33:02 (none) kern.info kernel: [   13.959925] devtmpfs: mounted
May 19 10:33:02 (none) kern.info kernel: [   13.961730] Freeing unused kernel memory: 2096k freed
May 19 10:33:02 (none) kern.info kernel: [   14.449914] EXT4-fs (sda9): re-mounted. Opts: data=ordered
May 19 10:33:02 (none) kern.info kernel: [   19.425467] usb 1-5.2: new high-speed USB device number 7 using ehci_hcd
May 19 10:33:02 (none) kern.info kernel: [   19.513393] usb 1-5.2: New USB device found, idVendor=12d1, idProduct=1001
May 19 10:33:02 (none) kern.info kernel: [   19.513415] usb 1-5.2: New USB device strings: Mfr=2, Product=1, SerialNumber=0
May 19 10:33:02 (none) kern.info kernel: [   19.513431] usb 1-5.2: Product: HUAWEI Mobile
May 19 10:33:02 (none) kern.info kernel: [   19.513445] usb 1-5.2: Manufacturer: HUAWEI Technology
May 19 10:33:02 (none) kern.info kernel: [   19.619206] scsi13 : usb-storage 1-5.2:1.3
May 19 10:33:02 (none) kern.info kernel: [   19.621497] scsi14 : usb-storage 1-5.2:1.4
May 19 10:33:02 (none) kern.notice kernel: [   20.624086] scsi 13:0:0:0: CD-ROM            HUAWEI   Mass Storage     2.31 PQ: 0 ANSI: 2
May 19 10:33:02 (none) kern.notice kernel: [   20.629064] scsi 14:0:0:0: Direct-Access     HUAWEI   MMC Storage      2.31 PQ: 0 ANSI: 2
May 19 10:33:02 (none) kern.notice kernel: [   20.630433] sd 14:0:0:0: Attached scsi generic sg1 type 0
May 19 10:33:02 (none) kern.notice kernel: [   20.633991] sd 14:0:0:0: [sdb] 3897344 512-byte logical blocks: (1.99 GB/1.85 GiB)
May 19 10:33:02 (none) kern.warn kernel: [   20.635069] sr0: scsi-1 drive
May 19 10:33:02 (none) kern.notice kernel: [   20.637071] sd 14:0:0:0: [sdb] Write Protect is off
May 19 10:33:02 (none) kern.debug kernel: [   20.637079] sd 14:0:0:0: [sdb] Mode Sense: 0f 0e 00 00
May 19 10:33:02 (none) kern.notice kernel: [   20.640210] sd 14:0:0:0: [sdb] Write cache: enabled, read cache: enabled, doesn't support DPO or FUA
May 19 10:33:02 (none) kern.info kernel: [   20.643491] cdrom: Uniform CD-ROM driver Revision: 3.20
May 19 10:33:02 (none) kern.debug kernel: [   20.645616] sr 13:0:0:0: Attached scsi CD-ROM sr0
May 19 10:33:02 (none) kern.notice kernel: [   20.646832] sr 13:0:0:0: Attached scsi generic sg2 type 5
May 19 10:33:02 (none) kern.info kernel: [   20.660164]  sdb: sdb1
May 19 10:33:02 (none) kern.notice kernel: [   20.674871] sd 14:0:0:0: [sdb] Attached SCSI removable disk
May 19 10:33:02 (none) kern.info kernel: [   21.950952] NET: Registered protocol family 1
May 19 10:33:02 (none) kern.info kernel: [   23.134406] EXT4-fs (sda9): re-mounted. Opts: data=ordered
May 19 10:33:02 (none) kern.debug kernel: [   25.667434] snd_hda_intel 0000:00:1b.0: irq 44 for MSI/MSI-X
May 19 10:33:02 (none) kern.info kernel: [   26.613003] input: HDA Digital PCBeep as /devices/pci0000:00/0000:00:1b.0/input/input2
May 19 10:33:02 (none) kern.info kernel: [   26.620821] input: HDA Intel Mic as /devices/pci0000:00/0000:00:1b.0/sound/card0/input3
May 19 10:33:02 (none) kern.info kernel: [   26.624970] input: HDA Intel Headphone as /devices/pci0000:00/0000:00:1b.0/sound/card0/input4
May 19 10:33:03 (none) kern.warn kernel: [   27.568910] udevd (782): /proc/782/oom_adj is deprecated, please use /proc/782/oom_score_adj instead.
May 19 10:33:03 (none) user.info kernel: [   27.589175] udev: starting version 140
May 19 10:33:05 (none) kern.warn kernel: [   29.323800] ACPI: Deprecated procfs I/F for AC is loaded, please retry with CONFIG_ACPI_PROCFS_POWER cleared
May 19 10:33:05 (none) kern.info kernel: [   29.353066] ACPI: AC Adapter [AC0] (on-line)
May 19 10:33:05 (none) kern.info kernel: [   29.432486] input: Lid Switch as /devices/LNXSYSTM:00/device:00/PNP0C0D:00/input/input5
May 19 10:33:05 (none) kern.info kernel: [   29.439367] ACPI: Lid Switch [LID]
May 19 10:33:05 (none) kern.info kernel: [   29.439930] input: Sleep Button as /devices/LNXSYSTM:00/device:00/PNP0C0E:00/input/input6
May 19 10:33:05 (none) kern.info kernel: [   29.440885] ACPI: Sleep Button [SLPB]
May 19 10:33:05 (none) kern.info kernel: [   29.441564] input: Power Button as /devices/LNXSYSTM:00/device:00/PNP0C0C:00/input/input7
May 19 10:33:05 (none) kern.info kernel: [   29.442924] ACPI: Power Button [PWRB]
May 19 10:33:05 (none) kern.info kernel: [   29.443555] input: Power Button as /devices/LNXSYSTM:00/LNXPWRBN:00/input/input8
May 19 10:33:05 (none) kern.info kernel: [   29.446375] ACPI: Power Button [PWRF]
May 19 10:33:05 (none) kern.info kernel: [   29.509322] ACPI: Requesting acpi_cpufreq
May 19 10:33:07 (none) kern.info kernel: [   32.214110] wmi: Mapper loaded
May 19 10:33:08 (none) kern.info kernel: [   32.335264] acpi device:38: registered as cooling_device2
May 19 10:33:08 (none) kern.info kernel: [   32.338277] ACPI: Video Device [VGA] (multi-head: yes  rom: no  post: no)
May 19 10:33:08 (none) kern.info kernel: [   32.339102] input: Video Bus as /devices/LNXSYSTM:00/device:00/PNP0A08:00/LNXVIDEO:00/input/input9
May 19 10:33:08 (none) kern.info kernel: [   32.810575] pci_hotplug: PCI Hot Plug PCI Core version: 0.5
May 19 10:33:08 (none) kern.info kernel: [   32.846779] shpchp: Standard Hot Plug PCI Controller Driver version: 0.4
May 19 10:33:09 (none) kern.info kernel: [   33.972165] input: PC Speaker as /devices/platform/pcspkr/input/input10
May 19 10:33:09 (none) kern.info kernel: [   34.019320] leds_ss4200: no LED devices found
May 19 10:33:10 (none) kern.info kernel: [   35.161102] Linux media interface: v0.10
May 19 10:33:10 (none) kern.info kernel: [   35.218804] Linux video capture interface: v2.00
May 19 10:33:10 (none) kern.info kernel: [   35.126384] asus_wmi: ASUS WMI generic driver loaded
May 19 10:33:10 (none) kern.info kernel: [   35.224999] asus_wmi: Initialization: 0x0asus_wmi: BIOS WMI version: 0.5
May 19 10:33:11 (none) kern.info kernel: [   35.225877] asus_wmi: SFUN value: 0x0<6>[   35.304765] input: Eee PC WMI hotkeys as /devices/platform/eeepc-wmi/input/input11
May 19 10:33:11 (none) kern.info kernel: [   35.306824] uvcvideo: Found UVC 1.00 device USB 2.0 Camera (13d3:5108)
May 19 10:33:11 (none) kern.info kernel: [   35.378146] input: USB 2.0 Camera as /devices/pci0000:00/0000:00:1d.7/usb1/1-2/1-2:1.0/input/input12
May 19 10:33:11 (none) kern.info kernel: [   35.378945] usbcore: registered new interface driver usbserial
May 19 10:33:11 (none) kern.info kernel: [   35.379216] usbcore: registered new interface driver usbserial_generic
May 19 10:33:11 (none) kern.info kernel: [   35.379576] USB Serial support registered for generic
May 19 10:33:11 (none) kern.info kernel: [   35.379688] usbserial: USB Serial Driver core
May 19 10:33:11 (none) kern.info kernel: [   35.425452] usbcore: registered new interface driver uvcvideo
May 19 10:33:11 (none) kern.info kernel: [   35.425462] USB Video Class driver (1.1.1)
May 19 10:33:11 (none) kern.info kernel: [   35.448311] usbcore: registered new interface driver option
May 19 10:33:11 (none) kern.info kernel: [   35.448446] USB Serial support registered for GSM modem (1-port)
May 19 10:33:11 (none) kern.info kernel: [   35.448773] option 1-8:1.0: GSM modem (1-port) converter detected
May 19 10:33:11 (none) kern.info kernel: [   35.502139] usb 1-8: GSM modem (1-port) converter now attached to ttyUSB0
May 19 10:33:11 (none) kern.info kernel: [   35.502520] option 1-8:1.1: GSM modem (1-port) converter detected
May 19 10:33:11 (none) kern.info kernel: [   35.508125] usb 1-8: GSM modem (1-port) converter now attached to ttyUSB1
May 19 10:33:11 (none) kern.info kernel: [   35.508294] option 1-8:1.2: GSM modem (1-port) converter detected
May 19 10:33:11 (none) kern.info kernel: [   35.513229] usb 1-8: GSM modem (1-port) converter now attached to ttyUSB2
May 19 10:33:11 (none) kern.info kernel: [   35.513437] option 1-5.2:1.0: GSM modem (1-port) converter detected
May 19 10:33:11 (none) kern.info kernel: [   35.518310] usb 1-5.2: GSM modem (1-port) converter now attached to ttyUSB3
May 19 10:33:11 (none) kern.info kernel: [   35.518469] option 1-5.2:1.1: GSM modem (1-port) converter detected
May 19 10:33:11 (none) kern.info kernel: [   35.520367] usb 1-5.2: GSM modem (1-port) converter now attached to ttyUSB4
May 19 10:33:11 (none) kern.info kernel: [   35.520526] option 1-5.2:1.2: GSM modem (1-port) converter detected
May 19 10:33:11 (none) kern.info kernel: [   35.525333] usb 1-5.2: GSM modem (1-port) converter now attached to ttyUSB5
May 19 10:33:12 (none) kern.info kernel: [   36.320666] cfg80211: Calling CRDA to update world regulatory domain
May 19 10:33:12 (none) kern.info kernel: [   36.346236] atl1c 0000:01:00.0: version 1.0.1.0-NAPI
May 19 10:33:12 (none) kern.info kernel: [   36.402412] Adding 9210876k swap on /dev/sda10.  Priority:-1 extents:1 across:9210876k 
May 19 10:33:12 (none) kern.info kernel: [   36.509435] asus_wmi: Backlight controlled by ACPI video driver
May 19 10:33:12 (none) kern.debug kernel: [   36.628530] ath: EEPROM regdomain: 0x60
May 19 10:33:12 (none) kern.debug kernel: [   36.628534] ath: EEPROM indicates we should expect a direct regpair map
May 19 10:33:12 (none) kern.debug kernel: [   36.628541] ath: Country alpha2 being used: 00
May 19 10:33:12 (none) kern.debug kernel: [   36.628544] ath: Regpair used: 0x60
May 19 10:33:12 (none) kern.warn kernel: [   36.737346] ACPI: Deprecated procfs I/F for battery is loaded, please retry with CONFIG_ACPI_PROCFS_POWER cleared
May 19 10:33:12 (none) kern.info kernel: [   36.757311] ACPI: Battery Slot [BAT0] (battery present)
May 19 10:33:12 (none) kern.debug kernel: [   36.936184] ieee80211 phy0: Selected rate control algorithm 'ath9k_rate_control'
May 19 10:33:12 (none) kern.debug kernel: [   36.940091] Registered led device: ath9k-phy0
May 19 10:33:12 (none) kern.info kernel: [   36.940120] ieee80211 phy0: Atheros AR9285 Rev:2 mem=0xfa1e0000, irq=17
May 19 10:33:12 (none) kern.info kernel: [   37.060943] psmouse serio1: synaptics: Touchpad model: 1, fw: 7.2, id: 0x1a0b1, caps: 0xd04733/0xa40000/0xa0000
May 19 10:33:12 (none) kern.info kernel: [   37.148630] input: SynPS/2 Synaptics TouchPad as /devices/platform/i8042/serio1/input/input13
May 19 10:33:15 (none) kern.debug kernel: [   40.248530] atl1c 0000:01:00.0: irq 45 for MSI/MSI-X
May 19 10:33:15 (none) kern.info kernel: [   40.263217] IPv6: ADDRCONF(NETDEV_UP): eth395: link is not ready
May 19 10:33:15 (none) kern.info kernel: [   40.332796] IPv6: ADDRCONF(NETDEV_UP): wlan78: link is not ready
May 19 10:33:15 (none) kern.info kernel: [   40.447790] IPv6: ADDRCONF(NETDEV_UP): wlan78: link is not ready
May 19 10:33:15 (none) kern.info kernel: [   41.204403] ip_tables: (C) 2000-2006 Netfilter Core Team
May 19 10:33:16 (none) kern.info kernel: [   41.254160] nf_conntrack version 0.5.0 (15593 buckets, 62372 max)
May 19 10:33:18 (none) kern.info kernel: [   43.286513] IPv6: ADDRCONF(NETDEV_UP): wlan78: link is not ready
May 19 10:33:19 (none) kern.info kernel: [   44.662146] IPv6: ADDRCONF(NETDEV_UP): wlan78: link is not ready
May 19 10:33:19 (none) kern.debug kernel: [   44.680539] wlan78: authenticate with 0c:47:3d:1e:4c:0c
May 19 10:33:19 (none) kern.debug kernel: [   44.700974] wlan78: send auth to 0c:47:3d:1e:4c:0c (try 1/3)
May 19 10:33:19 (none) kern.debug kernel: [   44.705638] wlan78: authenticated
May 19 10:33:19 (none) kern.debug kernel: [   44.712842] wlan78: deauthenticating from 0c:47:3d:1e:4c:0c by local choice (reason=3)
May 19 10:33:19 (none) kern.debug kernel: [   44.713104] wlan78: associate with 0c:47:3d:1e:4c:0c (try 1/3)
May 19 10:33:19 (none) kern.debug kernel: [   44.914070] wlan78: associate with 0c:47:3d:1e:4c:0c (try 2/3)
May 19 10:33:19 (none) kern.debug kernel: [   45.115104] wlan78: associate with 0c:47:3d:1e:4c:0c (try 3/3)
May 19 10:33:20 (none) kern.debug kernel: [   45.316095] wlan78: association with 0c:47:3d:1e:4c:0c timed out
May 19 10:33:27 (none) kern.info kernel: [   52.338339] IPv6: ADDRCONF(NETDEV_UP): wlan78: link is not ready
May 19 10:33:33 (none) kern.info kernel: [   58.568054] [drm] Initialized drm 1.1.0 20060810
May 19 10:33:33 (none) kern.debug kernel: [   58.649924] checking generic (a0000 10000) vs hw (d0000000 10000000)
May 19 10:33:33 (none) kern.info kernel: [   58.649937] fb: conflicting fb hw usage inteldrmfb vs VGA16 VGA - removing generic driver
May 19 10:33:33 (none) kern.info kernel: [   58.676139] Console: switching to colour VGA+ 80x25
May 19 10:33:33 (none) kern.debug kernel: [   58.680150] i915 0000:00:02.0: setting latency timer to 64
May 19 10:33:33 (none) kern.info kernel: [   58.703694] [drm] Supports vblank timestamp caching Rev 1 (10.10.2010).
May 19 10:33:33 (none) kern.info kernel: [   58.703706] [drm] Driver supports precise vblank timestamp query.
May 19 10:33:33 (none) kern.info kernel: [   58.705360] vgaarb: device changed decodes: PCI:0000:00:02.0,olddecodes=io+mem,decodes=io+mem:owns=io+mem
May 19 10:33:33 (none) kern.info kernel: [   59.029178] [drm] initialized overlay support
May 19 10:33:33 (none) kern.info kernel: [   59.052738] fbcon: inteldrmfb (fb0) is primary device
May 19 10:33:34 (none) kern.info kernel: [   59.420711] Console: switching to colour frame buffer device 128x37
May 19 10:33:34 (none) kern.info kernel: [   59.429050] fb0: inteldrmfb frame buffer device
May 19 10:33:34 (none) kern.info kernel: [   59.429052] drm: registered panic notifier
May 19 10:33:34 (none) kern.info kernel: [   59.429074] [drm] Initialized i915 1.6.0 20080730 for 0000:00:02.0 on minor 0
May 19 10:33:35 (none) kern.info kernel: [   60.629130] IPv6: ADDRCONF(NETDEV_UP): wlan78: link is not ready
May 19 10:33:35 (none) kern.debug kernel: [   60.688723] wlan78: authenticate with 68:b6:fc:c2:a4:4c
May 19 10:33:35 (none) kern.debug kernel: [   60.696669] wlan78: send auth to 68:b6:fc:c2:a4:4c (try 1/3)
May 19 10:33:36 (none) kern.debug kernel: [   61.675513] wlan78: send auth to 68:b6:fc:c2:a4:4c (try 2/3)
May 19 10:33:36 (none) kern.debug kernel: [   61.677561] wlan78: authenticated
May 19 10:33:36 (none) kern.debug kernel: [   61.684740] wlan78: associating with AP with corrupt beacon
May 19 10:33:36 (none) kern.debug kernel: [   61.685085] wlan78: associate with 68:b6:fc:c2:a4:4c (try 1/3)
May 19 10:33:36 (none) kern.debug kernel: [   61.694284] wlan78: RX AssocResp from 68:b6:fc:c2:a4:4c (capab=0xc01 status=0 aid=1)
May 19 10:33:36 (none) kern.debug kernel: [   61.694581] wlan78: associated
May 19 10:33:36 (none) kern.info kernel: [   61.696127] IPv6: ADDRCONF(NETDEV_CHANGE): wlan78: link becomes ready
May 19 10:33:36 (none) kern.info kernel: [   61.802555] NET: Registered protocol family 17
May 19 10:33:36 (none) kern.info kernel: [   61.995320] ddcprobe[10273]: segfault at c0014 ip 00000014 sp 00000ffa error 15 in mem[0+1000]
May 19 10:33:38 (none) kern.info kernel: [   64.013320] ddcprobe[10278]: segfault at c0014 ip 00000014 sp 00000ffa error 15 in mem[0+1000]
May 19 10:34:05 (none) kern.info kernel: [   91.107544] warning: process `uptime' used the deprecated sysctl system call with 1.21.
May 19 10:34:33 (none) kern.info kernel: [  119.814240] usb 1-1: new high-speed USB device number 8 using ehci_hcd
May 19 10:34:33 (none) kern.info kernel: [  119.937783] usb 1-1: New USB device found, idVendor=058f, idProduct=6387
May 19 10:34:33 (none) kern.info kernel: [  119.937805] usb 1-1: New USB device strings: Mfr=1, Product=2, SerialNumber=3
May 19 10:34:33 (none) kern.info kernel: [  119.937820] usb 1-1: Product: Intenso Alu Line
May 19 10:34:33 (none) kern.info kernel: [  119.937834] usb 1-1: Manufacturer: Alcor Tech
May 19 10:34:33 (none) kern.info kernel: [  119.937847] usb 1-1: SerialNumber: 14031800056092
May 19 10:34:33 (none) kern.info kernel: [  119.944798] scsi15 : usb-storage 1-1:1.0
May 19 10:34:33 (none) kern.debug kernel: [  119.945594] usb-storage 1-1:1.0: waiting for device to settle before scanning
May 19 10:34:34 (none) kern.debug kernel: [  120.948177] usb-storage 1-1:1.0: starting scan
May 19 10:34:34 (none) kern.notice kernel: [  120.951504] scsi 15:0:0:0: Direct-Access     Intenso  Alu Line         8.07 PQ: 0 ANSI: 4
May 19 10:34:34 (none) kern.notice kernel: [  120.953671] sd 15:0:0:0: Attached scsi generic sg3 type 0
May 19 10:34:34 (none) kern.notice kernel: [  120.957488] sd 15:0:0:0: [sdc] 30310400 512-byte logical blocks: (15.5 GB/14.4 GiB)
May 19 10:34:34 (none) kern.notice kernel: [  120.958746] sd 15:0:0:0: [sdc] Write Protect is off
May 19 10:34:34 (none) kern.debug kernel: [  120.958761] sd 15:0:0:0: [sdc] Mode Sense: 23 00 00 00
May 19 10:34:34 (none) kern.notice kernel: [  120.960004] sd 15:0:0:0: [sdc] Write cache: disabled, read cache: enabled, doesn't support DPO or FUA
May 19 10:34:34 (none) kern.debug kernel: [  120.963935] usb-storage 1-1:1.0: scan complete
May 19 10:34:34 (none) kern.info kernel: [  120.970992]  sdc: sdc1
May 19 10:34:34 (none) kern.notice kernel: [  120.977431] sd 15:0:0:0: [sdc] Attached SCSI removable disk
May 19 10:34:59 (none) kern.info kernel: [  145.204516] usb 4-2: USB disconnect, device number 2
May 19 10:35:02 (none) kern.info kernel: [  148.947691] usb 1-5.1: new low-speed USB device number 9 using ehci_hcd
May 19 10:35:02 (none) kern.info kernel: [  149.029166] usb 1-5.1: New USB device found, idVendor=04f3, idProduct=02f4
May 19 10:35:02 (none) kern.info kernel: [  149.029189] usb 1-5.1: New USB device strings: Mfr=0, Product=2, SerialNumber=0
May 19 10:35:02 (none) kern.info kernel: [  149.029205] usb 1-5.1: Product: 2.4G Wireless Mouse
May 19 10:35:02 (none) kern.info kernel: [  149.037780] input: 2.4G Wireless Mouse as /devices/pci0000:00/0000:00:1d.7/usb1/1-5/1-5.1/1-5.1:1.0/input/input14
May 19 10:35:02 (none) kern.info kernel: [  149.039663] hid-generic 0003:04F3:02F4.0002: input,hiddev0,hidraw0: USB HID v1.11 Mouse [2.4G Wireless Mouse] on usb-0000:00:1d.7-5.1/input0
May 19 10:35:06 (none) kern.info kernel: [  152.328249] usb 1-6: new high-speed USB device number 10 using ehci_hcd
May 19 10:35:06 (none) kern.info kernel: [  152.445289] usb 1-6: New USB device found, idVendor=090c, idProduct=1000
May 19 10:35:06 (none) kern.info kernel: [  152.445304] usb 1-6: New USB device strings: Mfr=1, Product=2, SerialNumber=3
May 19 10:35:06 (none) kern.info kernel: [  152.445316] usb 1-6: SerialNumber: 12112780008004
May 19 10:35:06 (none) kern.info kernel: [  152.451780] scsi16 : usb-storage 1-6:1.0
May 19 10:35:06 (none) kern.debug kernel: [  152.455900] usb-storage 1-6:1.0: waiting for device to settle before scanning
May 19 10:35:07 (none) kern.debug kernel: [  153.456230] usb-storage 1-6:1.0: starting scan
May 19 10:35:07 (none) kern.notice kernel: [  153.846922] scsi 16:0:0:0: Direct-Access                                    PQ: 0 ANSI: 4
May 19 10:35:07 (none) kern.info kernel: [  153.847582] scsi 16:0:0:0: alua: supports implicit and explicit TPGS
May 19 10:35:07 (none) kern.info kernel: [  153.849154] scsi 16:0:0:0: alua: No target port descriptors found
May 19 10:35:07 (none) kern.err kernel: [  153.849169] scsi 16:0:0:0: alua: not attached
May 19 10:35:07 (none) kern.notice kernel: [  153.850816] sd 16:0:0:0: Attached scsi generic sg4 type 0
May 19 10:35:07 (none) kern.notice kernel: [  153.850830] sd 16:0:0:0: Embedded Enclosure Device
May 19 10:35:07 (none) kern.err kernel: [  153.852713] sd 16:0:0:0: Failed to get diagnostic page 0x8100002
May 19 10:35:07 (none) kern.err kernel: [  153.852726] sd 16:0:0:0: Failed to bind enclosure -19
May 19 10:35:07 (none) kern.notice kernel: [  153.853764] sd 16:0:0:0: [sdd] 15482880 512-byte logical blocks: (7.92 GB/7.38 GiB)
May 19 10:35:07 (none) kern.notice kernel: [  153.855114] sd 16:0:0:0: [sdd] Write Protect is off
May 19 10:35:07 (none) kern.debug kernel: [  153.855129] sd 16:0:0:0: [sdd] Mode Sense: 43 00 00 00
May 19 10:35:07 (none) kern.err kernel: [  153.856324] sd 16:0:0:0: [sdd] No Caching mode page present
May 19 10:35:07 (none) kern.err kernel: [  153.856338] sd 16:0:0:0: [sdd] Assuming drive cache: write through
May 19 10:35:07 (none) kern.debug kernel: [  153.862499] usb-storage 1-6:1.0: scan complete
May 19 10:35:07 (none) kern.err kernel: [  153.865441] sd 16:0:0:0: [sdd] No Caching mode page present
May 19 10:35:07 (none) kern.err kernel: [  153.865458] sd 16:0:0:0: [sdd] Assuming drive cache: write through
May 19 10:35:07 (none) kern.info kernel: [  153.867429]  sdd: sdd1
May 19 10:35:07 (none) kern.err kernel: [  153.872560] sd 16:0:0:0: [sdd] No Caching mode page present
May 19 10:35:07 (none) kern.err kernel: [  153.872573] sd 16:0:0:0: [sdd] Assuming drive cache: write through
May 19 10:35:07 (none) kern.notice kernel: [  153.872583] sd 16:0:0:0: [sdd] Attached SCSI removable disk
May 19 10:37:48 (none) kern.notice kernel: [  314.336427] EXT4-fs (sda9): error count: 48
May 19 10:37:48 (none) kern.notice kernel: [  314.336439] EXT4-fs (sda9): initial error at 1399499621: ext4_lookup:1343: inode 8197
May 19 10:37:48 (none) kern.notice kernel: [  314.336450] EXT4-fs (sda9): last error at 1367963494: ext4_lookup:1343: inode 8197
May 19 10:53:39 (none) kern.info kernel: [ 1265.634402] usb 1-3: new high-speed USB device number 11 using ehci_hcd
May 19 10:53:39 (none) kern.info kernel: [ 1265.751633] usb 1-3: New USB device found, idVendor=058f, idProduct=6335
May 19 10:53:39 (none) kern.info kernel: [ 1265.751655] usb 1-3: New USB device strings: Mfr=1, Product=2, SerialNumber=3
