May 13 11:09:51 (none) kern.warn kernel: [    0.000000]       hard-irq read-recursion/123:  ok  |
May 13 11:09:51 (none) kern.warn kernel: [    0.000000]       soft-irq read-recursion/123:  ok  |
May 13 11:09:51 (none) kern.warn kernel: [    0.000000]       hard-irq read-recursion/132:  ok  |
May 13 11:09:51 (none) kern.warn kernel: [    0.000000]       soft-irq read-recursion/132:  ok  |
May 13 11:09:51 (none) kern.warn kernel: [    0.000000]       hard-irq read-recursion/213:  ok  |
May 13 11:09:51 (none) kern.warn kernel: [    0.000000]       soft-irq read-recursion/213:  ok  |
May 13 11:09:51 (none) kern.warn kernel: [    0.000000]       hard-irq read-recursion/231:  ok  |
May 13 11:09:51 (none) kern.warn kernel: [    0.000000]       soft-irq read-recursion/231:  ok  |
May 13 11:09:51 (none) kern.warn kernel: [    0.000000]       hard-irq read-recursion/312:  ok  |
May 13 11:09:51 (none) kern.warn kernel: [    0.000000]       soft-irq read-recursion/312:  ok  |
May 13 11:09:51 (none) kern.warn kernel: [    0.000000]       hard-irq read-recursion/321:  ok  |
May 13 11:09:51 (none) kern.warn kernel: [    0.000000]       soft-irq read-recursion/321:  ok  |
May 13 11:09:51 (none) kern.warn kernel: [    0.000000] --------------------------------------------------------
May 13 11:09:51 (none) kern.warn kernel: [    0.000000] 133 out of 218 testcases failed, as expected. |
May 13 11:09:51 (none) kern.warn kernel: [    0.000000] ----------------------------------------------------
May 13 11:09:51 (none) kern.debug kernel: [    0.000000] hpet clockevent registered
May 13 11:09:51 (none) kern.warn kernel: [    0.000000] Fast TSC calibration using PIT
May 13 11:09:51 (none) kern.warn kernel: [    0.000000] Detected 1599.783 MHz processor.
May 13 11:09:51 (none) kern.info kernel: [    0.001005] Calibrating delay loop (skipped), value calculated using timer frequency.. 3199.56 BogoMIPS (lpj=1599783)
May 13 11:09:51 (none) kern.info kernel: [    0.001016] pid_max: default: 32768 minimum: 301
May 13 11:09:51 (none) kern.info kernel: [    0.001322] Security Framework initialized
May 13 11:09:51 (none) kern.info kernel: [    0.001454] Mount-cache hash table entries: 512
May 13 11:09:51 (none) kern.info kernel: [    0.003460] Disabled fast string operations
May 13 11:09:51 (none) kern.info kernel: [    0.003472] CPU: Physical Processor ID: 0
May 13 11:09:51 (none) kern.info kernel: [    0.003476] CPU: Processor Core ID: 0
May 13 11:09:51 (none) kern.info kernel: [    0.003483] mce: CPU supports 5 MCE banks
May 13 11:09:51 (none) kern.info kernel: [    0.003500] CPU0: Thermal monitoring enabled (TM2)
May 13 11:09:51 (none) kern.info kernel: [    0.003509] using mwait in idle threads.
May 13 11:09:51 (none) kern.debug kernel: [    0.003517] numa_add_cpu cpu 0 node 0: mask now 0
May 13 11:09:51 (none) kern.info kernel: [    0.003777] ACPI: Core revision 20120320
May 13 11:09:51 (none) kern.info kernel: [    0.030374] Enabling APIC mode:  Flat.  Using 1 I/O APICs
May 13 11:09:51 (none) kern.info kernel: [    0.031801] ..TIMER: vector=0x30 apic1=0 pin1=2 apic2=-1 pin2=-1
May 13 11:09:51 (none) kern.info kernel: [    0.041826] CPU0: Intel(R) Atom(TM) CPU N270   @ 1.60GHz stepping 02
May 13 11:09:51 (none) kern.info kernel: [    0.041996] Performance Events: PEBS fmt0+, LBR disabled due to erratumAtom events, Intel PMU driver.
May 13 11:09:51 (none) kern.info kernel: [    0.041996] ... version:                3
May 13 11:09:51 (none) kern.info kernel: [    0.041996] ... bit width:              40
May 13 11:09:51 (none) kern.info kernel: [    0.041996] ... generic registers:      2
May 13 11:09:51 (none) kern.info kernel: [    0.041996] ... value mask:             000000ffffffffff
May 13 11:09:51 (none) kern.info kernel: [    0.041996] ... max period:             000000007fffffff
May 13 11:09:51 (none) kern.info kernel: [    0.041996] ... fixed-purpose events:   3
May 13 11:09:51 (none) kern.info kernel: [    0.041996] ... event mask:             0000000700000003
May 13 11:09:51 (none) kern.info kernel: [    0.044109] NMI watchdog: enabled on all CPUs, permanently consumes one hw-PMU counter.
May 13 11:09:51 (none) kern.warn kernel: [    0.045294] lockdep: fixing up alternatives.
May 13 11:09:51 (none) kern.debug kernel: [    0.045423] CPU 1 irqstacks, hard=f60ec000 soft=f60ee000
May 13 11:09:51 (none) kern.info kernel: [    0.045429] Booting Node   0, Processors  #1 Ok.
May 13 11:09:51 (none) kern.info kernel: [    0.001999] Initializing CPU#1
May 13 11:09:51 (none) kern.info kernel: [    0.001999] Disabled fast string operations
May 13 11:09:51 (none) kern.debug kernel: [    0.001999] numa_add_cpu cpu 1 node 0: mask now 0-1
May 13 11:09:51 (none) kern.info kernel: [    0.057368] Brought up 2 CPUs
May 13 11:09:51 (none) kern.info kernel: [    0.057389] Total of 2 processors activated (6399.13 BogoMIPS).
May 13 11:09:51 (none) kern.info kernel: [    0.059291] devtmpfs: initialized
May 13 11:09:51 (none) kern.info kernel: [    0.062409] PM: Registering ACPI NVS region [mem 0x3f7ae000-0x3f7effff] (270336 bytes)
May 13 11:09:51 (none) kern.info kernel: [    0.063146] xor: automatically using best checksumming function:
May 13 11:09:51 (none) kern.info kernel: [    0.073003]    pIII_sse  :  4892.000 MB/sec
May 13 11:09:51 (none) kern.info kernel: [    0.073019] atomic64 test passed for i586+ platform with CX8 and with SSE
May 13 11:09:51 (none) kern.info kernel: [    0.073702] dummy: 
May 13 11:09:51 (none) kern.info kernel: [    0.073929] RTC time: 11:09:26, date: 05/13/13
May 13 11:09:51 (none) kern.info kernel: [    0.074391] NET: Registered protocol family 16
May 13 11:09:51 (none) kern.info kernel: [    0.075899] EISA bus registered
May 13 11:09:51 (none) kern.info kernel: [    0.076564] ACPI: bus type pci registered
May 13 11:09:51 (none) kern.info kernel: [    0.077017] PCI: MMCONFIG for domain 0000 [bus 00-3f] at [mem 0xe0000000-0xe3ffffff] (base 0xe0000000)
May 13 11:09:51 (none) kern.info kernel: [    0.077025] PCI: not using MMCONFIG
May 13 11:09:51 (none) kern.info kernel: [    0.077433] PCI : PCI BIOS area is rw and x. Use pci=nobios if you want it NX.
May 13 11:09:51 (none) kern.info kernel: [    0.077547] PCI: PCI BIOS revision 3.00 entry at 0xf0031, last bus=5
May 13 11:09:51 (none) kern.info kernel: [    0.077552] PCI: Using configuration type 1 for base access
May 13 11:09:51 (none) kern.info kernel: [    0.134380] bio: create slab <bio-0> at 0
May 13 11:09:51 (none) kern.warn kernel: [    0.152084] raid6: mmxx1      351 MB/s
May 13 11:09:51 (none) kern.warn kernel: [    0.169041] raid6: mmxx2      691 MB/s
May 13 11:09:51 (none) kern.warn kernel: [    0.186047] raid6: sse1x1     289 MB/s
May 13 11:09:51 (none) kern.warn kernel: [    0.203014] raid6: sse1x2     523 MB/s
May 13 11:09:51 (none) kern.warn kernel: [    0.220034] raid6: sse2x1     578 MB/s
May 13 11:09:51 (none) kern.warn kernel: [    0.236995] raid6: sse2x2    1039 MB/s
May 13 11:09:51 (none) kern.warn kernel: [    0.237101] raid6: using algorithm sse2x2 (1039 MB/s)
May 13 11:09:51 (none) kern.warn kernel: [    0.237211] raid6: using ssse3x1 recovery algorithm
May 13 11:09:51 (none) kern.info kernel: [    0.237741] ACPI: Added _OSI(Module Device)
May 13 11:09:51 (none) kern.info kernel: [    0.237752] ACPI: Added _OSI(Processor Device)
May 13 11:09:51 (none) kern.info kernel: [    0.237764] ACPI: Added _OSI(3.0 _SCP Extensions)
May 13 11:09:51 (none) kern.info kernel: [    0.237773] ACPI: Added _OSI(Processor Aggregator Device)
May 13 11:09:51 (none) kern.debug kernel: [    0.262666] ACPI: EC: Look up EC in DSDT
May 13 11:09:51 (none) kern.notice kernel: [    0.288208] [Firmware Bug]: ACPI: BIOS _OSI(Linux) query ignored
May 13 11:09:51 (none) kern.warn kernel: [    0.289281] ACPI: Executed 2 blocks of module-level executable AML code
May 13 11:09:51 (none) kern.warn kernel: [    0.306321] ACPI: SSDT 3f7ae180 0023C (v01  PmRef  Cpu0Ist 00003000 INTL 20051117)
May 13 11:09:51 (none) kern.warn kernel: [    0.313269] ACPI: Dynamic OEM Table Load:
May 13 11:09:51 (none) kern.warn kernel: [    0.313470] ACPI: SSDT   (null) 0023C (v01  PmRef  Cpu0Ist 00003000 INTL 20051117)
May 13 11:09:51 (none) kern.warn kernel: [    0.314315] ACPI: SSDT 3f7ae450 00724 (v01  PmRef  Cpu0Cst 00003001 INTL 20051117)
May 13 11:09:51 (none) kern.warn kernel: [    0.321176] ACPI: Dynamic OEM Table Load:
May 13 11:09:51 (none) kern.warn kernel: [    0.321376] ACPI: SSDT   (null) 00724 (v01  PmRef  Cpu0Cst 00003001 INTL 20051117)
May 13 11:09:51 (none) kern.warn kernel: [    0.322675] ACPI: SSDT 3f7ae0b0 000CC (v01  PmRef  Cpu1Ist 00003000 INTL 20051117)
May 13 11:09:51 (none) kern.warn kernel: [    0.329609] ACPI: Dynamic OEM Table Load:
May 13 11:09:51 (none) kern.warn kernel: [    0.329810] ACPI: SSDT   (null) 000CC (v01  PmRef  Cpu1Ist 00003000 INTL 20051117)
May 13 11:09:51 (none) kern.warn kernel: [    0.330453] ACPI: SSDT 3f7ae3c0 00085 (v01  PmRef  Cpu1Cst 00003000 INTL 20051117)
May 13 11:09:51 (none) kern.warn kernel: [    0.337360] ACPI: Dynamic OEM Table Load:
May 13 11:09:51 (none) kern.warn kernel: [    0.337562] ACPI: SSDT   (null) 00085 (v01  PmRef  Cpu1Cst 00003000 INTL 20051117)
May 13 11:09:51 (none) kern.info kernel: [    0.342031] ACPI: Interpreter enabled
May 13 11:09:51 (none) kern.info kernel: [    0.342051] ACPI: (supports S0 S3 S4 S5)
May 13 11:09:51 (none) kern.info kernel: [    0.342208] ACPI: Using IOAPIC for interrupt routing
May 13 11:09:51 (none) kern.info kernel: [    0.342326] PCI: MMCONFIG for domain 0000 [bus 00-3f] at [mem 0xe0000000-0xe3ffffff] (base 0xe0000000)
May 13 11:09:51 (none) kern.info kernel: [    0.345557] PCI: MMCONFIG at [mem 0xe0000000-0xe3ffffff] reserved in ACPI motherboard resources
May 13 11:09:51 (none) kern.info kernel: [    0.345564] PCI: Using MMCONFIG for extended config space
May 13 11:09:51 (none) kern.info kernel: [    0.400319] ACPI: EC: GPE = 0x1c, I/O: command/status = 0x66, data = 0x62
May 13 11:09:51 (none) kern.info kernel: [    0.402352] ACPI: No dock devices found.
May 13 11:09:51 (none) kern.info kernel: [    0.402368] PCI: Using host bridge windows from ACPI; if necessary, use "pci=nocrs" and report a bug
May 13 11:09:51 (none) kern.info kernel: [    0.402701] ACPI: PCI Root Bridge [PCI0] (domain 0000 [bus 00-ff])
May 13 11:09:51 (none) kern.info kernel: [    0.403267] pci_root PNP0A08:00: host bridge window [io  0x0000-0x0cf7]
May 13 11:09:51 (none) kern.info kernel: [    0.403277] pci_root PNP0A08:00: host bridge window [io  0x0d00-0xffff]
May 13 11:09:51 (none) kern.info kernel: [    0.403285] pci_root PNP0A08:00: host bridge window [mem 0x000a0000-0x000bffff]
May 13 11:09:51 (none) kern.info kernel: [    0.403293] pci_root PNP0A08:00: host bridge window [mem 0x000d0000-0x000dffff]
May 13 11:09:51 (none) kern.info kernel: [    0.403301] pci_root PNP0A08:00: host bridge window [mem 0x3f800000-0xffffffff]
May 13 11:09:51 (none) kern.info kernel: [    0.403647] PCI host bridge to bus 0000:00
May 13 11:09:51 (none) kern.info kernel: [    0.403658] pci_bus 0000:00: root bus resource [io  0x0000-0x0cf7]
May 13 11:09:51 (none) kern.info kernel: [    0.403666] pci_bus 0000:00: root bus resource [io  0x0d00-0xffff]
May 13 11:09:51 (none) kern.info kernel: [    0.403674] pci_bus 0000:00: root bus resource [mem 0x000a0000-0x000bffff]
May 13 11:09:51 (none) kern.info kernel: [    0.403682] pci_bus 0000:00: root bus resource [mem 0x000d0000-0x000dffff]
May 13 11:09:51 (none) kern.info kernel: [    0.403690] pci_bus 0000:00: root bus resource [mem 0x3f800000-0xffffffff]
May 13 11:09:51 (none) kern.debug kernel: [    0.403766] pci 0000:00:00.0: [8086:27ac] type 00 class 0x060000
May 13 11:09:51 (none) kern.debug kernel: [    0.404059] pci 0000:00:02.0: [8086:27ae] type 00 class 0x030000
May 13 11:09:51 (none) kern.debug kernel: [    0.404114] pci 0000:00:02.0: reg 10: [mem 0xf7e00000-0xf7e7ffff]
May 13 11:09:51 (none) kern.debug kernel: [    0.404143] pci 0000:00:02.0: reg 14: [io  0xdc00-0xdc07]
May 13 11:09:51 (none) kern.debug kernel: [    0.404172] pci 0000:00:02.0: reg 18: [mem 0xd0000000-0xdfffffff pref]
May 13 11:09:51 (none) kern.debug kernel: [    0.404200] pci 0000:00:02.0: reg 1c: [mem 0xf7dc0000-0xf7dfffff]
May 13 11:09:51 (none) kern.debug kernel: [    0.404415] pci 0000:00:02.1: [8086:27a6] type 00 class 0x038000
May 13 11:09:51 (none) kern.debug kernel: [    0.404459] pci 0000:00:02.1: reg 10: [mem 0xf7e80000-0xf7efffff]
May 13 11:09:51 (none) kern.debug kernel: [    0.404891] pci 0000:00:1b.0: [8086:27d8] type 00 class 0x040300
May 13 11:09:51 (none) kern.debug kernel: [    0.404980] pci 0000:00:1b.0: reg 10: [mem 0xf7db8000-0xf7dbbfff 64bit]
May 13 11:09:51 (none) kern.debug kernel: [    0.405272] pci 0000:00:1b.0: PME# supported from D0 D3hot D3cold
May 13 11:09:51 (none) kern.debug kernel: [    0.405405] pci 0000:00:1c.0: [8086:27d0] type 01 class 0x060400
May 13 11:09:51 (none) kern.debug kernel: [    0.405717] pci 0000:00:1c.0: PME# supported from D0 D3hot D3cold
May 13 11:09:51 (none) kern.debug kernel: [    0.405832] pci 0000:00:1c.1: [8086:27d2] type 01 class 0x060400
May 13 11:09:51 (none) kern.debug kernel: [    0.406154] pci 0000:00:1c.1: PME# supported from D0 D3hot D3cold
May 13 11:09:51 (none) kern.debug kernel: [    0.406266] pci 0000:00:1c.3: [8086:27d6] type 01 class 0x060400
May 13 11:09:51 (none) kern.debug kernel: [    0.406571] pci 0000:00:1c.3: PME# supported from D0 D3hot D3cold
May 13 11:09:51 (none) kern.debug kernel: [    0.406696] pci 0000:00:1d.0: [8086:27c8] type 00 class 0x0c0300
May 13 11:09:51 (none) kern.debug kernel: [    0.406853] pci 0000:00:1d.0: reg 20: [io  0xd400-0xd41f]
May 13 11:09:51 (none) kern.debug kernel: [    0.407003] pci 0000:00:1d.1: [8086:27c9] type 00 class 0x0c0300
May 13 11:09:51 (none) kern.debug kernel: [    0.407160] pci 0000:00:1d.1: reg 20: [io  0xd480-0xd49f]
May 13 11:09:51 (none) kern.debug kernel: [    0.407298] pci 0000:00:1d.2: [8086:27ca] type 00 class 0x0c0300
May 13 11:09:51 (none) kern.debug kernel: [    0.407455] pci 0000:00:1d.2: reg 20: [io  0xd800-0xd81f]
May 13 11:09:51 (none) kern.debug kernel: [    0.407589] pci 0000:00:1d.3: [8086:27cb] type 00 class 0x0c0300
May 13 11:09:51 (none) kern.debug kernel: [    0.407747] pci 0000:00:1d.3: reg 20: [io  0xd880-0xd89f]
May 13 11:09:51 (none) kern.debug kernel: [    0.407921] pci 0000:00:1d.7: [8086:27cc] type 00 class 0x0c0320
May 13 11:09:51 (none) kern.debug kernel: [    0.408007] pci 0000:00:1d.7: reg 10: [mem 0xf7db7c00-0xf7db7fff]
May 13 11:09:51 (none) kern.debug kernel: [    0.408300] pci 0000:00:1d.7: PME# supported from D0 D3hot D3cold
May 13 11:09:51 (none) kern.debug kernel: [    0.408379] pci 0000:00:1e.0: [8086:2448] type 01 class 0x060401
May 13 11:09:51 (none) kern.debug kernel: [    0.408659] pci 0000:00:1f.0: [8086:27b9] type 00 class 0x060100
May 13 11:09:51 (none) kern.info kernel: [    0.408923] pci 0000:00:1f.0: ICH7 LPC Generic IO decode 1 PIO at 0380 (mask 0003)
May 13 11:09:51 (none) kern.info kernel: [    0.408957] pci 0000:00:1f.0: ICH7 LPC Generic IO decode 2 PIO at 0290 (mask 0007)
May 13 11:09:51 (none) kern.info kernel: [    0.408969] pci 0000:00:1f.0: ICH7 LPC Generic IO decode 3 PIO at 0068 (mask 0007)
May 13 11:09:51 (none) kern.debug kernel: [    0.409134] pci 0000:00:1f.2: [8086:27c5] type 00 class 0x010601
May 13 11:09:51 (none) kern.debug kernel: [    0.409201] pci 0000:00:1f.2: reg 10: [io  0xd080-0xd087]
May 13 11:09:51 (none) kern.debug kernel: [    0.409236] pci 0000:00:1f.2: reg 14: [io  0xd000-0xd003]
May 13 11:09:51 (none) kern.debug kernel: [    0.409270] pci 0000:00:1f.2: reg 18: [io  0xcc00-0xcc07]
May 13 11:09:51 (none) kern.debug kernel: [    0.409305] pci 0000:00:1f.2: reg 1c: [io  0xc880-0xc883]
May 13 11:09:51 (none) kern.debug kernel: [    0.409339] pci 0000:00:1f.2: reg 20: [io  0xc800-0xc80f]
May 13 11:09:51 (none) kern.debug kernel: [    0.409374] pci 0000:00:1f.2: reg 24: [mem 0xf7db7800-0xf7db7bff]
May 13 11:09:51 (none) kern.debug kernel: [    0.409535] pci 0000:00:1f.2: PME# supported from D3hot
May 13 11:09:51 (none) kern.info kernel: [    0.409773] pci 0000:00:1c.0: PCI bridge to [bus 04-04]
May 13 11:09:51 (none) kern.debug kernel: [    0.410064] pci 0000:02:00.0: [168c:002b] type 00 class 0x028000
May 13 11:09:51 (none) kern.debug kernel: [    0.410137] pci 0000:02:00.0: reg 10: [mem 0xfbff0000-0xfbffffff 64bit]
May 13 11:09:51 (none) kern.debug kernel: [    0.410463] pci 0000:02:00.0: supports D1
May 13 11:09:51 (none) kern.debug kernel: [    0.410470] pci 0000:02:00.0: PME# supported from D0 D1 D3hot D3cold
May 13 11:09:51 (none) kern.info kernel: [    0.410672] pci 0000:00:1c.1: PCI bridge to [bus 02-03]
May 13 11:09:51 (none) kern.debug kernel: [    0.410697] pci 0000:00:1c.1:   bridge window [mem 0xf8000000-0xfbffffff]
May 13 11:09:51 (none) kern.debug kernel: [    0.410721] pci 0000:00:1c.1:   bridge window [mem 0xf0000000-0xf6ffffff 64bit pref]
May 13 11:09:51 (none) kern.debug kernel: [    0.410976] pci 0000:01:00.0: [1969:1062] type 00 class 0x020000
May 13 11:09:51 (none) kern.debug kernel: [    0.411051] pci 0000:01:00.0: reg 10: [mem 0xf7fc0000-0xf7ffffff 64bit]
May 13 11:09:51 (none) kern.debug kernel: [    0.411090] pci 0000:01:00.0: reg 18: [io  0xec00-0xec7f]
May 13 11:09:51 (none) kern.debug kernel: [    0.411406] pci 0000:01:00.0: PME# supported from D0 D1 D2 D3hot D3cold
May 13 11:09:51 (none) kern.info kernel: [    0.411559] pci 0000:00:1c.3: PCI bridge to [bus 01-01]
May 13 11:09:51 (none) kern.debug kernel: [    0.411577] pci 0000:00:1c.3:   bridge window [io  0xe000-0xefff]
May 13 11:09:51 (none) kern.debug kernel: [    0.411597] pci 0000:00:1c.3:   bridge window [mem 0xf7f00000-0xf7ffffff]
May 13 11:09:51 (none) kern.info kernel: [    0.411870] pci 0000:00:1e.0: PCI bridge to [bus 05-05] (subtractive decode)
May 13 11:09:51 (none) kern.debug kernel: [    0.411910] pci 0000:00:1e.0:   bridge window [io  0x0000-0x0cf7] (subtractive decode)
May 13 11:09:51 (none) kern.debug kernel: [    0.411919] pci 0000:00:1e.0:   bridge window [io  0x0d00-0xffff] (subtractive decode)
May 13 11:09:51 (none) kern.debug kernel: [    0.411927] pci 0000:00:1e.0:   bridge window [mem 0x000a0000-0x000bffff] (subtractive decode)
May 13 11:09:51 (none) kern.debug kernel: [    0.411935] pci 0000:00:1e.0:   bridge window [mem 0x000d0000-0x000dffff] (subtractive decode)
May 13 11:09:51 (none) kern.debug kernel: [    0.411959] pci 0000:00:1e.0:   bridge window [mem 0x3f800000-0xffffffff] (subtractive decode)
May 13 11:09:51 (none) kern.debug kernel: [    0.412042] ACPI: PCI Interrupt Routing Table [\_SB_.PCI0._PRT]
May 13 11:09:51 (none) kern.debug kernel: [    0.412863] ACPI: PCI Interrupt Routing Table [\_SB_.PCI0.P0P5._PRT]
May 13 11:09:51 (none) kern.debug kernel: [    0.413033] ACPI: PCI Interrupt Routing Table [\_SB_.PCI0.P0P7._PRT]
May 13 11:09:51 (none) kern.info kernel: [    0.413444]  pci0000:00: Requesting ACPI _OSC control (0x1d)
May 13 11:09:51 (none) kern.info kernel: [    0.413458]  pci0000:00: ACPI _OSC request failed (AE_NOT_FOUND), returned control mask: 0x1d
May 13 11:09:51 (none) kern.info kernel: [    0.413462] ACPI _OSC control for PCIe not granted, disabling ASPM
May 13 11:09:51 (none) kern.info kernel: [    0.460996] ACPI: PCI Interrupt Link [LNKA] (IRQs 3 4 5 6 7 10 11 12 14 *15)
May 13 11:09:51 (none) kern.info kernel: [    0.461284] ACPI: PCI Interrupt Link [LNKB] (IRQs 3 4 5 6 7 *10 11 12 14 15)
May 13 11:09:51 (none) kern.info kernel: [    0.461568] ACPI: PCI Interrupt Link [LNKC] (IRQs 3 4 5 6 *7 10 11 12 14 15)
May 13 11:09:51 (none) kern.info kernel: [    0.461879] ACPI: PCI Interrupt Link [LNKD] (IRQs 3 4 5 6 7 10 *11 12 14 15)
May 13 11:09:51 (none) kern.info kernel: [    0.462186] ACPI: PCI Interrupt Link [LNKE] (IRQs 3 4 *5 6 7 10 11 12 14 15)
May 13 11:09:51 (none) kern.info kernel: [    0.462467] ACPI: PCI Interrupt Link [LNKF] (IRQs 3 4 5 6 7 10 11 12 14 15) *0, disabled.
May 13 11:09:51 (none) kern.info kernel: [    0.462758] ACPI: PCI Interrupt Link [LNKG] (IRQs 3 *4 5 6 7 10 11 12 14 15)
May 13 11:09:51 (none) kern.info kernel: [    0.463059] ACPI: PCI Interrupt Link [LNKH] (IRQs *3 4 5 6 7 10 11 12 14 15)
May 13 11:09:51 (none) kern.info kernel: [    0.463571] vgaarb: device added: PCI:0000:00:02.0,decodes=io+mem,owns=io+mem,locks=none
May 13 11:09:51 (none) kern.info kernel: [    0.463985] vgaarb: loaded
May 13 11:09:51 (none) kern.info kernel: [    0.463991] vgaarb: bridge control possible 0000:00:02.0
May 13 11:09:51 (none) kern.info kernel: [    0.464105] sta2x11_sctl_init
May 13 11:09:51 (none) kern.info kernel: [    0.464157] sta2x11_apbreg_init
May 13 11:09:51 (none) kern.notice kernel: [    0.465675] SCSI subsystem initialized
May 13 11:09:51 (none) kern.debug kernel: [    0.466108] libata version 3.00 loaded.
May 13 11:09:51 (none) kern.info kernel: [    0.466345] ACPI: bus type usb registered
May 13 11:09:51 (none) kern.info kernel: [    0.467050] usbcore: registered new interface driver usbfs
May 13 11:09:51 (none) kern.info kernel: [    0.467138] usbcore: registered new interface driver hub
May 13 11:09:51 (none) kern.info kernel: [    0.467174] usbcore: registered new device driver usb
May 13 11:09:51 (none) kern.info kernel: [    5.467412] PCI: Using ACPI for IRQ routing
May 13 11:09:51 (none) kern.debug kernel: [    5.467539] PCI: pci_cache_line_size set to 64 bytes
May 13 11:09:51 (none) kern.debug kernel: [    5.467979] e820: reserve RAM buffer [mem 0x0009fc00-0x0009ffff]
May 13 11:09:51 (none) kern.debug kernel: [    5.467989] e820: reserve RAM buffer [mem 0x3f7a0000-0x3fffffff]
May 13 11:09:51 (none) kern.info kernel: [    5.468863] NetLabel: Initializing
May 13 11:09:51 (none) kern.info kernel: [    5.468870] NetLabel:  domain hash size = 128
May 13 11:09:51 (none) kern.info kernel: [    5.468875] NetLabel:  protocols = UNLABELED CIPSOv4
May 13 11:09:51 (none) kern.info kernel: [    5.469007] NetLabel:  unlabeled traffic allowed by default
May 13 11:09:51 (none) kern.info kernel: [    5.469369] HPET: 3 timers in total, 0 timers will be used for per-cpu timer
May 13 11:09:51 (none) kern.info kernel: [    5.469383] hpet0: at MMIO 0xfed00000, IRQs 2, 8, 0
May 13 11:09:51 (none) kern.info kernel: [    5.469399] hpet0: 3 comparators, 64-bit 14.318180 MHz counter
May 13 11:09:51 (none) kern.info kernel: [    5.472321] Switching to clocksource hpet
May 13 11:09:51 (none) kern.info kernel: [    5.472763] pnp: PnP ACPI init
May 13 11:09:51 (none) kern.info kernel: [    5.472892] ACPI: bus type pnp registered
May 13 11:09:51 (none) kern.debug kernel: [    5.473264] pnp 00:00: [bus 00-ff]
May 13 11:09:51 (none) kern.debug kernel: [    5.473275] pnp 00:00: [io  0x0cf8-0x0cff]
May 13 11:09:51 (none) kern.debug kernel: [    5.473284] pnp 00:00: [io  0x0000-0x0cf7 window]
May 13 11:09:51 (none) kern.debug kernel: [    5.473292] pnp 00:00: [io  0x0d00-0xffff window]
May 13 11:09:51 (none) kern.debug kernel: [    5.473300] pnp 00:00: [mem 0x000a0000-0x000bffff window]
May 13 11:09:51 (none) kern.debug kernel: [    5.473308] pnp 00:00: [mem 0x000d0000-0x000dffff window]
May 13 11:09:51 (none) kern.debug kernel: [    5.473316] pnp 00:00: [mem 0x3f800000-0xffffffff window]
May 13 11:09:51 (none) kern.debug kernel: [    5.473318] pnp 00:00: Plug and Play ACPI device, IDs PNP0a08 PNP0a03 (active)
May 13 11:09:51 (none) kern.debug kernel: [    5.473318] pnp 00:01: [mem 0xfed13000-0xfed19fff]
May 13 11:09:51 (none) kern.info kernel: [    5.474375] system 00:01: [mem 0xfed13000-0xfed19fff] has been reserved
May 13 11:09:51 (none) kern.debug kernel: [    5.474397] system 00:01: Plug and Play ACPI device, IDs PNP0c01 (active)
May 13 11:09:51 (none) kern.debug kernel: [    5.474542] pnp 00:02: [dma 4]
May 13 11:09:51 (none) kern.debug kernel: [    5.474550] pnp 00:02: [io  0x0000-0x000f]
May 13 11:09:51 (none) kern.debug kernel: [    5.474558] pnp 00:02: [io  0x0081-0x0083]
May 13 11:09:51 (none) kern.debug kernel: [    5.474565] pnp 00:02: [io  0x0087]
May 13 11:09:51 (none) kern.debug kernel: [    5.474572] pnp 00:02: [io  0x0089-0x008b]
May 13 11:09:51 (none) kern.debug kernel: [    5.474580] pnp 00:02: [io  0x008f]
May 13 11:09:51 (none) kern.debug kernel: [    5.474587] pnp 00:02: [io  0x00c0-0x00df]
May 13 11:09:51 (none) kern.debug kernel: [    5.474793] pnp 00:02: Plug and Play ACPI device, IDs PNP0200 (active)
May 13 11:09:51 (none) kern.debug kernel: [    5.474884] pnp 00:03: [io  0x0070-0x0071]
May 13 11:09:51 (none) kern.debug kernel: [    5.474926] pnp 00:03: [irq 8]
May 13 11:09:51 (none) kern.debug kernel: [    5.475176] pnp 00:03: Plug and Play ACPI device, IDs PNP0b00 (active)
May 13 11:09:51 (none) kern.debug kernel: [    5.475337] pnp 00:04: [io  0x0060]
May 13 11:09:51 (none) kern.debug kernel: [    5.475349] pnp 00:04: [io  0x0064]
May 13 11:09:51 (none) kern.debug kernel: [    5.475378] pnp 00:04: [irq 1]
May 13 11:09:51 (none) kern.debug kernel: [    5.475612] pnp 00:04: Plug and Play ACPI device, IDs PNP0303 PNP030b (active)
May 13 11:09:51 (none) kern.debug kernel: [    5.475781] pnp 00:05: [irq 12]
May 13 11:09:51 (none) kern.debug kernel: [    5.476053] pnp 00:05: Plug and Play ACPI device, IDs SYN0a13 SYN0a00 SYN0002 PNP0f13 (active)
May 13 11:09:51 (none) kern.debug kernel: [    5.476114] pnp 00:06: [io  0x0061]
May 13 11:09:51 (none) kern.debug kernel: [    5.476351] pnp 00:06: Plug and Play ACPI device, IDs PNP0800 (active)
May 13 11:09:51 (none) kern.debug kernel: [    5.476421] pnp 00:07: [io  0x00f0-0x00ff]
May 13 11:09:51 (none) kern.debug kernel: [    5.476451] pnp 00:07: [irq 13]
May 13 11:09:51 (none) kern.debug kernel: [    5.476681] pnp 00:07: Plug and Play ACPI device, IDs PNP0c04 (active)
May 13 11:09:51 (none) kern.debug kernel: [    5.477209] pnp 00:08: [io  0x0010-0x001f]
May 13 11:09:51 (none) kern.debug kernel: [    5.477218] pnp 00:08: [io  0x0022-0x003f]
May 13 11:09:51 (none) kern.debug kernel: [    5.477226] pnp 00:08: [io  0x0044-0x004d]
May 13 11:09:51 (none) kern.debug kernel: [    5.477233] pnp 00:08: [io  0x0050-0x005e]
May 13 11:09:51 (none) kern.debug kernel: [    5.477240] pnp 00:08: [io  0x0063]
May 13 11:09:51 (none) kern.debug kernel: [    5.477248] pnp 00:08: [io  0x0065]
May 13 11:09:51 (none) kern.debug kernel: [    5.477255] pnp 00:08: [io  0x0067-0x006f]
May 13 11:09:51 (none) kern.debug kernel: [    5.477262] pnp 00:08: [io  0x0072-0x007f]
May 13 11:09:51 (none) kern.debug kernel: [    5.477269] pnp 00:08: [io  0x0080]
May 13 11:09:51 (none) kern.debug kernel: [    5.477277] pnp 00:08: [io  0x0084-0x0086]
May 13 11:09:51 (none) kern.debug kernel: [    5.477284] pnp 00:08: [io  0x0088]
May 13 11:09:51 (none) kern.debug kernel: [    5.477291] pnp 00:08: [io  0x008c-0x008e]
May 13 11:09:51 (none) kern.debug kernel: [    5.477298] pnp 00:08: [io  0x0090-0x009f]
May 13 11:09:51 (none) kern.debug kernel: [    5.477306] pnp 00:08: [io  0x00a2-0x00bf]
May 13 11:09:51 (none) kern.debug kernel: [    5.477313] pnp 00:08: [io  0x00e0-0x00ef]
May 13 11:09:51 (none) kern.debug kernel: [    5.477320] pnp 00:08: [io  0x025c-0x025f]
May 13 11:09:51 (none) kern.debug kernel: [    5.477328] pnp 00:08: [io  0x0380-0x0383]
May 13 11:09:51 (none) kern.debug kernel: [    5.477335] pnp 00:08: [io  0x0400-0x041f]
May 13 11:09:51 (none) kern.debug kernel: [    5.477353] pnp 00:08: [io  0x04d0-0x04d1]
May 13 11:09:51 (none) kern.debug kernel: [    5.477361] pnp 00:08: [io  0x0800-0x087f]
May 13 11:09:51 (none) kern.debug kernel: [    5.477369] pnp 00:08: [io  0x0400-0x03ff disabled]
May 13 11:09:51 (none) kern.debug kernel: [    5.477376] pnp 00:08: [io  0x0480-0x04bf]
May 13 11:09:51 (none) kern.debug kernel: [    5.477384] pnp 00:08: [mem 0x8c000000-0x8c01ffff]
May 13 11:09:51 (none) kern.debug kernel: [    5.477392] pnp 00:08: [mem 0xfed1c000-0xfed1ffff]
May 13 11:09:51 (none) kern.debug kernel: [    5.477400] pnp 00:08: [mem 0xfed20000-0xfed3ffff]
May 13 11:09:51 (none) kern.debug kernel: [    5.477407] pnp 00:08: [mem 0xfed50000-0xfed8ffff]
May 13 11:09:51 (none) kern.debug kernel: [    5.477415] pnp 00:08: [mem 0xffb00000-0xffbfffff]
May 13 11:09:51 (none) kern.debug kernel: [    5.477422] pnp 00:08: [mem 0xfff00000-0xffffffff]
May 13 11:09:51 (none) kern.info kernel: [    5.477856] system 00:08: [io  0x025c-0x025f] has been reserved
May 13 11:09:51 (none) kern.info kernel: [    5.477868] system 00:08: [io  0x0380-0x0383] has been reserved
May 13 11:09:51 (none) kern.info kernel: [    5.477879] system 00:08: [io  0x0400-0x041f] has been reserved
May 13 11:09:51 (none) kern.info kernel: [    5.477889] system 00:08: [io  0x04d0-0x04d1] has been reserved
May 13 11:09:51 (none) kern.info kernel: [    5.477900] system 00:08: [io  0x0800-0x087f] has been reserved
May 13 11:09:51 (none) kern.info kernel: [    5.477911] system 00:08: [io  0x0480-0x04bf] has been reserved
May 13 11:09:51 (none) kern.info kernel: [    5.477922] system 00:08: [mem 0x8c000000-0x8c01ffff] has been reserved
May 13 11:09:51 (none) kern.info kernel: [    5.477933] system 00:08: [mem 0xfed1c000-0xfed1ffff] has been reserved
May 13 11:09:51 (none) kern.info kernel: [    5.477944] system 00:08: [mem 0xfed20000-0xfed3ffff] has been reserved
May 13 11:09:51 (none) kern.info kernel: [    5.477955] system 00:08: [mem 0xfed50000-0xfed8ffff] has been reserved
May 13 11:09:51 (none) kern.info kernel: [    5.477966] system 00:08: [mem 0xffb00000-0xffbfffff] has been reserved
May 13 11:09:51 (none) kern.info kernel: [    5.477978] system 00:08: [mem 0xfff00000-0xffffffff] could not be reserved
May 13 11:09:51 (none) kern.debug kernel: [    5.478000] system 00:08: Plug and Play ACPI device, IDs PNP0c02 (active)
May 13 11:09:51 (none) kern.debug kernel: [    5.478322] pnp 00:09: [mem 0xfed00000-0xfed003ff]
May 13 11:09:51 (none) kern.debug kernel: [    5.478571] pnp 00:09: Plug and Play ACPI device, IDs PNP0103 (active)
May 13 11:09:51 (none) kern.debug kernel: [    5.478811] pnp 00:0a: [mem 0xfec00000-0xfec00fff]
May 13 11:09:51 (none) kern.debug kernel: [    5.478821] pnp 00:0a: [mem 0xfee00000-0xfee00fff]
May 13 11:09:51 (none) kern.info kernel: [    5.479243] system 00:0a: [mem 0xfec00000-0xfec00fff] could not be reserved
May 13 11:09:51 (none) kern.info kernel: [    5.479255] system 00:0a: [mem 0xfee00000-0xfee00fff] has been reserved
May 13 11:09:51 (none) kern.debug kernel: [    5.479276] system 00:0a: Plug and Play ACPI device, IDs PNP0c02 (active)
May 13 11:09:51 (none) kern.debug kernel: [    5.479454] pnp 00:0b: [mem 0xe0000000-0xe3ffffff]
May 13 11:09:51 (none) kern.info kernel: [    5.479865] system 00:0b: [mem 0xe0000000-0xe3ffffff] has been reserved
May 13 11:09:51 (none) kern.debug kernel: [    5.479887] system 00:0b: Plug and Play ACPI device, IDs PNP0c02 (active)
May 13 11:09:51 (none) kern.debug kernel: [    5.481621] pnp 00:0c: [mem 0x00000000-0x0009ffff]
May 13 11:09:51 (none) kern.debug kernel: [    5.481631] pnp 00:0c: [mem 0x000c0000-0x000cffff]
May 13 11:09:51 (none) kern.debug kernel: [    5.481638] pnp 00:0c: [mem 0x000e0000-0x000fffff]
May 13 11:09:51 (none) kern.debug kernel: [    5.481646] pnp 00:0c: [mem 0x00100000-0x3f7fffff]
May 13 11:09:51 (none) kern.debug kernel: [    5.481654] pnp 00:0c: [mem 0x00000000-0xffffffffffffffff disabled]
May 13 11:09:51 (none) kern.info kernel: [    5.482325] system 00:0c: [mem 0x00000000-0x0009ffff] could not be reserved
May 13 11:09:51 (none) kern.info kernel: [    5.482338] system 00:0c: [mem 0x000c0000-0x000cffff] could not be reserved
May 13 11:09:51 (none) kern.info kernel: [    5.482349] system 00:0c: [mem 0x000e0000-0x000fffff] could not be reserved
May 13 11:09:51 (none) kern.info kernel: [    5.482360] system 00:0c: [mem 0x00100000-0x3f7fffff] could not be reserved
May 13 11:09:51 (none) kern.debug kernel: [    5.482381] system 00:0c: Plug and Play ACPI device, IDs PNP0c01 (active)
May 13 11:09:51 (none) kern.info kernel: [    5.483528] pnp: PnP ACPI: found 13 devices
May 13 11:09:51 (none) kern.info kernel: [    5.483536] ACPI: ACPI bus type pnp unregistered
May 13 11:09:51 (none) kern.info kernel: [    5.483545] PnPBIOS: Disabled by ACPI PNP
May 13 11:09:51 (none) kern.debug kernel: [    5.538135] pci 0000:00:1c.0: bridge window [io  0x1000-0x0fff] to [bus 04-04] add_size 1000
May 13 11:09:51 (none) kern.debug kernel: [    5.538151] pci 0000:00:1c.0: bridge window [mem 0x00100000-0x000fffff 64bit pref] to [bus 04-04] add_size 200000
May 13 11:09:51 (none) kern.debug kernel: [    5.538161] pci 0000:00:1c.0: bridge window [mem 0x00100000-0x000fffff] to [bus 04-04] add_size 200000
May 13 11:09:51 (none) kern.debug kernel: [    5.538197] pci 0000:00:1c.1: bridge window [io  0x1000-0x0fff] to [bus 02-03] add_size 1000
May 13 11:09:51 (none) kern.debug kernel: [    5.538232] pci 0000:00:1c.3: bridge window [mem 0x00100000-0x000fffff 64bit pref] to [bus 01-01] add_size 200000
May 13 11:09:51 (none) kern.debug kernel: [    5.538283] pci 0000:00:1c.0: res[14]=[mem 0x00100000-0x000fffff] get_res_add_size add_size 200000
May 13 11:09:51 (none) kern.debug kernel: [    5.538292] pci 0000:00:1c.0: res[15]=[mem 0x00100000-0x000fffff 64bit pref] get_res_add_size add_size 200000
May 13 11:09:51 (none) kern.debug kernel: [    5.538301] pci 0000:00:1c.3: res[15]=[mem 0x00100000-0x000fffff 64bit pref] get_res_add_size add_size 200000
May 13 11:09:51 (none) kern.debug kernel: [    5.538309] pci 0000:00:1c.0: res[13]=[io  0x1000-0x0fff] get_res_add_size add_size 1000
May 13 11:09:51 (none) kern.debug kernel: [    5.538317] pci 0000:00:1c.1: res[13]=[io  0x1000-0x0fff] get_res_add_size add_size 1000
May 13 11:09:51 (none) kern.info kernel: [    5.538340] pci 0000:00:1c.0: BAR 14: assigned [mem 0x3f800000-0x3f9fffff]
May 13 11:09:51 (none) kern.info kernel: [    5.538355] pci 0000:00:1c.0: BAR 15: assigned [mem 0x3fa00000-0x3fbfffff 64bit pref]
May 13 11:09:51 (none) kern.info kernel: [    5.538370] pci 0000:00:1c.3: BAR 15: assigned [mem 0x3fc00000-0x3fdfffff 64bit pref]
May 13 11:09:51 (none) kern.info kernel: [    5.538386] pci 0000:00:1c.0: BAR 13: assigned [io  0x1000-0x1fff]
May 13 11:09:51 (none) kern.info kernel: [    5.538400] pci 0000:00:1c.1: BAR 13: assigned [io  0x2000-0x2fff]
May 13 11:09:51 (none) kern.info kernel: [    5.538412] pci 0000:00:1c.0: PCI bridge to [bus 04-04]
May 13 11:09:51 (none) kern.info kernel: [    5.538425] pci 0000:00:1c.0:   bridge window [io  0x1000-0x1fff]
May 13 11:09:51 (none) kern.info kernel: [    5.538445] pci 0000:00:1c.0:   bridge window [mem 0x3f800000-0x3f9fffff]
May 13 11:09:51 (none) kern.info kernel: [    5.538461] pci 0000:00:1c.0:   bridge window [mem 0x3fa00000-0x3fbfffff 64bit pref]
May 13 11:09:51 (none) kern.info kernel: [    5.538485] pci 0000:00:1c.1: PCI bridge to [bus 02-03]
May 13 11:09:51 (none) kern.info kernel: [    5.538496] pci 0000:00:1c.1:   bridge window [io  0x2000-0x2fff]
May 13 11:09:51 (none) kern.info kernel: [    5.538515] pci 0000:00:1c.1:   bridge window [mem 0xf8000000-0xfbffffff]
May 13 11:09:51 (none) kern.info kernel: [    5.538531] pci 0000:00:1c.1:   bridge window [mem 0xf0000000-0xf6ffffff 64bit pref]
May 13 11:09:51 (none) kern.info kernel: [    5.538555] pci 0000:00:1c.3: PCI bridge to [bus 01-01]
May 13 11:09:51 (none) kern.info kernel: [    5.538566] pci 0000:00:1c.3:   bridge window [io  0xe000-0xefff]
May 13 11:09:51 (none) kern.info kernel: [    5.538585] pci 0000:00:1c.3:   bridge window [mem 0xf7f00000-0xf7ffffff]
May 13 11:09:51 (none) kern.info kernel: [    5.538601] pci 0000:00:1c.3:   bridge window [mem 0x3fc00000-0x3fdfffff 64bit pref]
May 13 11:09:51 (none) kern.info kernel: [    5.538624] pci 0000:00:1e.0: PCI bridge to [bus 05-05]
May 13 11:09:51 (none) kern.info kernel: [    5.538689] pci 0000:00:1c.0: enabling device (0104 -> 0107)
May 13 11:09:51 (none) kern.info kernel: [    5.538796] pci 0000:00:1c.1: enabling device (0106 -> 0107)
May 13 11:09:51 (none) kern.debug kernel: [    5.538912] pci 0000:00:1e.0: setting latency timer to 64
May 13 11:09:51 (none) kern.debug kernel: [    5.538926] pci_bus 0000:00: resource 4 [io  0x0000-0x0cf7]
May 13 11:09:51 (none) kern.debug kernel: [    5.538934] pci_bus 0000:00: resource 5 [io  0x0d00-0xffff]
May 13 11:09:51 (none) kern.debug kernel: [    5.538941] pci_bus 0000:00: resource 6 [mem 0x000a0000-0x000bffff]
May 13 11:09:51 (none) kern.debug kernel: [    5.538949] pci_bus 0000:00: resource 7 [mem 0x000d0000-0x000dffff]
May 13 11:09:51 (none) kern.debug kernel: [    5.538956] pci_bus 0000:00: resource 8 [mem 0x3f800000-0xffffffff]
May 13 11:09:51 (none) kern.debug kernel: [    5.538964] pci_bus 0000:04: resource 0 [io  0x1000-0x1fff]
May 13 11:09:51 (none) kern.debug kernel: [    5.538972] pci_bus 0000:04: resource 1 [mem 0x3f800000-0x3f9fffff]
May 13 11:09:51 (none) kern.debug kernel: [    5.538980] pci_bus 0000:04: resource 2 [mem 0x3fa00000-0x3fbfffff 64bit pref]
May 13 11:09:51 (none) kern.debug kernel: [    5.538988] pci_bus 0000:02: resource 0 [io  0x2000-0x2fff]
May 13 11:09:51 (none) kern.debug kernel: [    5.538995] pci_bus 0000:02: resource 1 [mem 0xf8000000-0xfbffffff]
May 13 11:09:51 (none) kern.debug kernel: [    5.539038] pci_bus 0000:02: resource 2 [mem 0xf0000000-0xf6ffffff 64bit pref]
May 13 11:09:51 (none) kern.debug kernel: [    5.539050] pci_bus 0000:01: resource 0 [io  0xe000-0xefff]
May 13 11:09:51 (none) kern.debug kernel: [    5.539059] pci_bus 0000:01: resource 1 [mem 0xf7f00000-0xf7ffffff]
May 13 11:09:51 (none) kern.debug kernel: [    5.539067] pci_bus 0000:01: resource 2 [mem 0x3fc00000-0x3fdfffff 64bit pref]
May 13 11:09:51 (none) kern.debug kernel: [    5.539076] pci_bus 0000:05: resource 4 [io  0x0000-0x0cf7]
May 13 11:09:51 (none) kern.debug kernel: [    5.539084] pci_bus 0000:05: resource 5 [io  0x0d00-0xffff]
May 13 11:09:51 (none) kern.debug kernel: [    5.539091] pci_bus 0000:05: resource 6 [mem 0x000a0000-0x000bffff]
May 13 11:09:51 (none) kern.debug kernel: [    5.539099] pci_bus 0000:05: resource 7 [mem 0x000d0000-0x000dffff]
May 13 11:09:51 (none) kern.debug kernel: [    5.539106] pci_bus 0000:05: resource 8 [mem 0x3f800000-0xffffffff]
May 13 11:09:51 (none) kern.info kernel: [    5.539448] NET: Registered protocol family 2
May 13 11:09:51 (none) kern.info kernel: [    5.539863] IP route cache hash table entries: 32768 (order: 5, 131072 bytes)
May 13 11:09:51 (none) kern.info kernel: [    5.540984] TCP established hash table entries: 131072 (order: 8, 1048576 bytes)
May 13 11:09:51 (none) kern.info kernel: [    5.542338] TCP bind hash table entries: 65536 (order: 9, 2883584 bytes)
May 13 11:09:51 (none) kern.info kernel: [    5.549777] TCP: Hash tables configured (established 131072 bind 65536)
May 13 11:09:51 (none) kern.info kernel: [    5.549886] TCP: reno registered
May 13 11:09:51 (none) kern.info kernel: [    5.549918] UDP hash table entries: 512 (order: 3, 49152 bytes)
May 13 11:09:51 (none) kern.info kernel: [    5.550117] UDP-Lite hash table entries: 512 (order: 3, 49152 bytes)
May 13 11:09:51 (none) kern.info kernel: [    5.551448] RPC: Registered named UNIX socket transport module.
May 13 11:09:51 (none) kern.info kernel: [    5.551458] RPC: Registered udp transport module.
May 13 11:09:51 (none) kern.info kernel: [    5.551465] RPC: Registered tcp transport module.
May 13 11:09:51 (none) kern.info kernel: [    5.551470] RPC: Registered tcp NFSv4.1 backchannel transport module.
May 13 11:09:51 (none) kern.debug kernel: [    5.551516] pci 0000:00:02.0: Boot video device
May 13 11:09:51 (none) kern.debug kernel: [    5.552123] PCI: CLS 32 bytes, default 64
May 13 11:09:51 (none) kern.info kernel: [    5.552530] sta2x11_mfd_init
May 13 11:09:51 (none) kern.info kernel: [    5.554378] Machine check injector initialized
May 13 11:09:51 (none) kern.info kernel: [    5.555766] audit: initializing netlink socket (disabled)
May 13 11:09:51 (none) kern.notice kernel: [    5.555922] type=2000 audit(1368443371.554:1): initialized
May 13 11:09:51 (none) kern.warn kernel: [    5.557613] highmem bounce pool size: 64 pages
May 13 11:09:51 (none) kern.info kernel: [    5.557890] HugeTLB registered 2 MB page size, pre-allocated 0 pages
May 13 11:09:51 (none) kern.notice kernel: [    5.560168] VFS: Disk quotas dquot_6.5.2
May 13 11:09:51 (none) kern.warn kernel: [    5.560315] Dquot-cache hash table entries: 1024 (order 0, 4096 bytes)
May 13 11:09:51 (none) kern.warn kernel: [    5.562149] DLM installed
May 13 11:09:51 (none) kern.info kernel: [    5.562327] Loading Reiser4. See www.namesys.com for a description of Reiser4.
May 13 11:09:51 (none) kern.info kernel: [    5.563936] squashfs: version 4.0 (2009/01/31) Phillip Lougher
May 13 11:09:51 (none) kern.notice kernel: [    5.565992] NFS: Registering the id_resolver key type
May 13 11:09:51 (none) kern.notice kernel: [    5.566245] Key type id_resolver registered
May 13 11:09:51 (none) kern.info kernel: [    5.566896] nfs4filelayout_init: NFSv4 File Layout Driver Registering...
May 13 11:09:51 (none) kern.info kernel: [    5.566939] Installing knfsd (copyright (C) 1996 okir@monad.swb.de).
May 13 11:09:51 (none) kern.info kernel: [    5.568156] NTFS driver 2.1.30 [Flags: R/W].
May 13 11:09:51 (none) kern.warn kernel: [    5.568413] EFS: 1.0a - http://aeschi.ch.eu.org/efs/
May 13 11:09:51 (none) kern.info kernel: [    5.568577] jffs2: version 2.2. (NAND) (SUMMARY)  Â© 2001-2006 Red Hat, Inc.
May 13 11:09:51 (none) kern.info kernel: [    5.569400] ROMFS MTD (C) 2007 Red Hat, Inc.
May 13 11:09:51 (none) kern.info kernel: [    5.569493] QNX4 filesystem 0.2.3 registered.
May 13 11:09:51 (none) kern.info kernel: [    5.569540] QNX6 filesystem 1.0.0 registered.
May 13 11:09:51 (none) kern.info kernel: [    5.569921] fuse init (API version 7.19)
May 13 11:09:51 (none) kern.info kernel: [    5.570746] JFS: nTxBlock = 7780, nTxLock = 62243
May 13 11:09:51 (none) kern.info kernel: [    5.579550] SGI XFS with ACLs, security attributes, realtime, large block/inode numbers, no debug enabled
May 13 11:09:51 (none) kern.info kernel: [    5.581363] NILFS version 2 loaded
May 13 11:09:51 (none) kern.info kernel: [    5.581371] BeFS version: 0.9.3
May 13 11:09:51 (none) kern.info kernel: [    5.581430] OCFS2 1.5.0
May 13 11:09:51 (none) kern.info kernel: [    5.581970] ocfs2: Registered cluster interface o2cb
May 13 11:09:51 (none) kern.info kernel: [    5.582294] ocfs2: Registered cluster interface user
May 13 11:09:51 (none) kern.info kernel: [    5.582301] OCFS2 DLMFS 1.5.0
May 13 11:09:51 (none) kern.warn kernel: [    5.582594] OCFS2 User DLM kernel interface loaded
May 13 11:09:51 (none) kern.info kernel: [    5.582715] OCFS2 Node Manager 1.5.0
May 13 11:09:51 (none) kern.info kernel: [    5.583445] OCFS2 DLM 1.5.0
May 13 11:09:51 (none) kern.info kernel: [    5.584570] Btrfs loaded
May 13 11:09:51 (none) kern.warn kernel: [    5.585734] GFS2 installed
May 13 11:09:51 (none) kern.info kernel: [    5.585964] msgmni has been set to 1689
May 13 11:09:51 (none) kern.info kernel: [    5.589452] alg: No test for stdrng (krng)
May 13 11:09:51 (none) kern.info kernel: [    5.589594] async_tx: api initialized (async)
May 13 11:09:51 (none) kern.info kernel: [    5.589785] Block layer SCSI generic (bsg) driver version 0.4 loaded (major 252)
May 13 11:09:51 (none) kern.info kernel: [    5.589826] io scheduler noop registered
May 13 11:09:51 (none) kern.info kernel: [    5.589930] io scheduler cfq registered (default)
May 13 11:09:51 (none) kern.debug kernel: [    5.591142] pcieport 0000:00:1c.0: irq 40 for MSI/MSI-X
May 13 11:09:51 (none) kern.debug kernel: [    5.591727] pcieport 0000:00:1c.1: irq 41 for MSI/MSI-X
May 13 11:09:51 (none) kern.debug kernel: [    5.592266] pcieport 0000:00:1c.3: irq 42 for MSI/MSI-X
May 13 11:09:51 (none) kern.debug kernel: [    5.594516] vga16fb: initializing
May 13 11:09:51 (none) kern.info kernel: [    5.594528] vga16fb: mapped to 0xc00a0000
May 13 11:09:51 (none) kern.info kernel: [    5.726110] Console: switching to colour frame buffer device 80x30
May 13 11:09:51 (none) kern.info kernel: [    5.946057] fb0: VGA16 VGA frame buffer device
May 13 11:09:51 (none) kern.debug kernel: [    5.946089] intel_idle: MWAIT substates: 0x20220
May 13 11:09:51 (none) kern.debug kernel: [    5.946125] intel_idle: v0.4 model 0x1C
May 13 11:09:51 (none) kern.debug kernel: [    5.946131] intel_idle: lapic_timer_reliable_states 0x2
May 13 11:09:51 (none) kern.info kernel: [    5.946137] Marking TSC unstable due to TSC halts in idle states deeper than C2
May 13 11:09:51 (none) kern.info kernel: [    5.946469] GHES: HEST is not enabled!
May 13 11:09:51 (none) kern.info kernel: [    5.946564] isapnp: Scanning for PnP cards...
May 13 11:09:51 (none) kern.info kernel: [    6.303479] isapnp: No Plug & Play device found
May 13 11:09:51 (none) kern.info kernel: [    6.303867] Serial: 8250/16550 driver, 12 ports, IRQ sharing enabled
May 13 11:09:51 (none) kern.info kernel: [    6.309548] Linux agpgart interface v0.103
May 13 11:09:51 (none) kern.info kernel: [    6.310825] agpgart-intel 0000:00:00.0: Intel 945GME Chipset
May 13 11:09:51 (none) kern.info kernel: [    6.311149] agpgart-intel 0000:00:00.0: detected gtt size: 262144K total, 262144K mappable
May 13 11:09:51 (none) kern.info kernel: [    6.311371] agpgart-intel 0000:00:00.0: detected 8192K stolen memory
May 13 11:09:51 (none) kern.info kernel: [    6.311915] agpgart-intel 0000:00:00.0: AGP aperture is 256M @ 0xd0000000
May 13 11:09:51 (none) kern.info kernel: [    9.328376] floppy0: no floppy controllers found
May 13 11:09:51 (none) kern.info kernel: [    9.340892] brd: module loaded
May 13 11:09:51 (none) kern.info kernel: [    9.352939] loop: module loaded
May 13 11:09:51 (none) kern.info kernel: [    9.356304] drbd: initialized. Version: 8.3.13 (api:88/proto:86-96)
May 13 11:09:51 (none) kern.info kernel: [    9.356312] drbd: built-in
May 13 11:09:51 (none) kern.info kernel: [    9.356317] drbd: registered as block device major 147
May 13 11:09:51 (none) kern.info kernel: [    9.356322] drbd: minor_table @ 0xf5976dc0
May 13 11:09:51 (none) kern.info kernel: [    9.356327] mtip32xx Version 1.2.6os3
May 13 11:09:51 (none) kern.warn kernel: [    9.356849] i2c-core: driver [fsa9480] using legacy suspend method
May 13 11:09:51 (none) kern.warn kernel: [    9.371428] i2c-core: driver [fsa9480] using legacy resume method
May 13 11:09:51 (none) kern.info kernel: [    9.386132] Uniform Multi-Platform E-IDE driver
May 13 11:09:51 (none) kern.info kernel: [    9.390086] ide_generic: please use "probe_mask=0x3f" module parameter for probing all legacy ISA IDE ports
May 13 11:09:51 (none) kern.debug kernel: [    9.390184] Probing IDE interface ide0...
May 13 11:09:51 (none) kern.info kernel: [    9.903461] ide0 at 0x1f0-0x1f7,0x3f6 on irq 14
May 13 11:09:51 (none) kern.debug kernel: [    9.903570] Probing IDE interface ide1...
May 13 11:09:51 (none) kern.info kernel: [   10.416359] ide1 at 0x170-0x177,0x376 on irq 15
May 13 11:09:51 (none) kern.info kernel: [   10.416503] ide-gd driver 1.18
May 13 11:09:51 (none) kern.info kernel: [   10.416551] ide-cd driver 5.00
May 13 11:09:51 (none) kern.info kernel: [   10.417540] Loading iSCSI transport class v2.0-870.
May 13 11:09:51 (none) kern.info kernel: [   10.418271] rdac: device handler registered
May 13 11:09:51 (none) kern.info kernel: [   10.418458] hp_sw: device handler registered
May 13 11:09:51 (none) kern.info kernel: [   10.418472] emc: device handler registered
May 13 11:09:51 (none) kern.info kernel: [   10.418485] alua: device handler registered
May 13 11:09:51 (none) kern.info kernel: [   10.419509] fnic: Cisco FCoE HBA Driver, ver 1.5.0.2
May 13 11:09:51 (none) kern.info kernel: [   10.420060] bnx2fc: Broadcom NetXtreme II FCoE Driver bnx2fc v1.0.11 (Apr 24, 2012)
May 13 11:09:51 (none) kern.notice kernel: [   10.420990] iscsi: registered transport (tcp)
May 13 11:09:51 (none) kern.warn kernel: [   10.425195] Loading Adaptec I2O RAID: Version 2.4 Build 5go
May 13 11:09:51 (none) kern.info kernel: [   10.439050] Detecting Adaptec I2O RAID controllers...
May 13 11:09:51 (none) kern.info kernel: [   10.440598] Adaptec aacraid driver 1.2-0[28900]-ms
May 13 11:09:51 (none) kern.notice kernel: [   10.442081] aic94xx: Adaptec aic94xx SAS/SATA driver version 1.0.3 loaded
May 13 11:09:51 (none) kern.info kernel: [   10.442553] isci: Intel(R) C600 SAS Controller Driver - version 1.1.0
May 13 11:09:51 (none) kern.warn kernel: [   10.443050] scsi: <fdomain> Detection failed (no card)
May 13 11:09:51 (none) kern.warn kernel: [   10.456724] NCR53c406a: no available ports found
May 13 11:09:51 (none) kern.info kernel: [   10.469909] sym53c416.c: Version 1.0.0-ac
May 13 11:09:51 (none) kern.info kernel: [   10.469956] qlogicfas: no cards were found, please specify I/O address and IRQ using iobase= and irq= options
May 13 11:09:51 (none) kern.warn kernel: [   10.470250] qla2xxx [0000:00:00.0]-0005: : QLogic Fibre Channel HBA Driver: 8.04.00.03-k.
May 13 11:09:51 (none) kern.notice kernel: [   10.497368] iscsi: registered transport (qla4xxx)
May 13 11:09:51 (none) kern.info kernel: [   10.497501] QLogic iSCSI HBA Driver
May 13 11:09:51 (none) kern.warn kernel: [   10.497506] Emulex LightPulse Fibre Channel SCSI driver 8.3.31
May 13 11:09:51 (none) kern.warn kernel: [   10.510996] Copyright(c) 2004-2009 Emulex.  All rights reserved.
May 13 11:09:51 (none) kern.info kernel: [   10.524550] Brocade BFA FC/FCOE SCSI driver - version: 3.0.23.0
May 13 11:09:51 (none) kern.warn kernel: [   10.547094] Failed initialization of WD-7000 SCSI card!
May 13 11:09:51 (none) kern.info kernel: [   10.960487] DC390: clustering now enabled by default. If you get problems load
May 13 11:09:51 (none) kern.info kernel: [   10.960494]        with "disable_clustering=1" and report to maintainers
May 13 11:09:51 (none) kern.info kernel: [   10.960806] megaraid cmm: 2.20.2.7 (Release Date: Sun Jul 16 00:01:03 EST 2006)
May 13 11:09:51 (none) kern.info kernel: [   10.961147] megaraid: 2.20.5.1 (Release Date: Thu Nov 16 15:32:35 EST 2006)
May 13 11:09:51 (none) kern.info kernel: [   10.961288] megasas: 00.00.06.15-rc1 Mon. Mar. 19 17:00:00 PDT 2012
May 13 11:09:51 (none) kern.info kernel: [   10.961471] mpt2sas version 13.100.00.00 loaded
May 13 11:09:51 (none) kern.warn kernel: [   10.962158] GDT-HA: Storage RAID Controller Driver. Version: 3.05
May 13 11:09:51 (none) kern.warn kernel: [   10.975112] 3ware Storage Controller device driver for Linux v1.26.02.003.
May 13 11:09:51 (none) kern.warn kernel: [   10.987851] 3ware 9000 Storage Controller device driver for Linux v2.26.02.014.
May 13 11:09:51 (none) kern.info kernel: [   11.012095] LSI 3ware SAS/SATA-RAID Controller device driver for Linux v3.26.02.000.
May 13 11:09:51 (none) kern.info kernel: [   11.012236] ppa: Version 2.07 (for Linux 2.4.x)
May 13 11:09:51 (none) kern.warn kernel: [   11.012935] imm: Version 2.05 (for Linux 2.4.0)
May 13 11:09:51 (none) kern.info kernel: [   11.025372] nsp32: loading...
May 13 11:09:51 (none) kern.info kernel: [   11.025535] ipr: IBM Power RAID SCSI Device Driver version: 2.5.3 (March 10, 2012)
May 13 11:09:51 (none) kern.info kernel: [   11.025693] RocketRAID 3xxx/4xxx Controller driver v1.6 (090910)
May 13 11:09:51 (none) kern.info kernel: [   11.025814] stex: Promise SuperTrak EX Driver version: 4.6.0000.4
May 13 11:09:51 (none) kern.info kernel: [   11.026355] libcxgbi:libcxgbi_init_module: tag itt 0x1fff, 13 bits, age 0xf, 4 bits.
May 13 11:09:51 (none) kern.info kernel: [   11.026362] libcxgbi:ddp_setup_host_page_size: system PAGE 4096, ddp idx 0.
May 13 11:09:51 (none) kern.info kernel: [   11.026367] Chelsio T3 iSCSI Driver cxgb3i v2.0.0 (Jun. 2010)
May 13 11:09:51 (none) kern.notice kernel: [   11.026525] iscsi: registered transport (cxgb3i)
May 13 11:09:51 (none) kern.info kernel: [   11.026609] Chelsio T4 iSCSI Driver cxgb4i v0.9.1 (Aug. 2010)
May 13 11:09:51 (none) kern.notice kernel: [   11.026753] iscsi: registered transport (cxgb4i)
May 13 11:09:51 (none) kern.info kernel: [   11.026788] Broadcom NetXtreme II iSCSI Driver bnx2i v2.7.2.2 (Apr 25, 2012)
May 13 11:09:51 (none) kern.notice kernel: [   11.026931] iscsi: registered transport (bnx2i)
May 13 11:09:51 (none) kern.notice kernel: [   11.027424] iscsi: registered transport (be2iscsi)
May 13 11:09:51 (none) kern.info kernel: [   11.027768] VMware PVSCSI driver - version 1.0.2.0-k
May 13 11:09:51 (none) kern.info kernel: [   11.027901] hv_vmbus: registering driver hv_storvsc
May 13 11:09:51 (none) kern.info kernel: [   11.027909] st: Version 20101219, fixed bufsize 32768, s/g segs 256
May 13 11:09:51 (none) kern.info kernel: [   11.028040] osst :I: Tape driver with OnStream support version 0.99.4
May 13 11:09:51 (none) kern.info kernel: [   11.028040] osst :I: $Id: osst.c,v 1.73 2005/01/01 21:13:34 wriede Exp $
May 13 11:09:51 (none) kern.info kernel: [   11.028573] SCSI Media Changer driver v0.25 
May 13 11:09:51 (none) kern.notice kernel: [   11.028793] osd: LOADED open-osd 0.2.1
May 13 11:09:51 (none) kern.debug kernel: [   11.028938] ahci 0000:00:1f.2: version 3.0
May 13 11:09:51 (none) kern.debug kernel: [   11.029263] ahci 0000:00:1f.2: irq 43 for MSI/MSI-X
May 13 11:09:51 (none) kern.info kernel: [   11.029591] ahci 0000:00:1f.2: AHCI 0001.0100 32 slots 4 ports 1.5 Gbps 0x1 impl SATA mode
May 13 11:09:51 (none) kern.info kernel: [   11.029602] ahci 0000:00:1f.2: flags: 64bit ncq pm led clo pio slum part 
May 13 11:09:51 (none) kern.debug kernel: [   11.029617] ahci 0000:00:1f.2: setting latency timer to 64
May 13 11:09:51 (none) kern.info kernel: [   11.033724] scsi2 : ahci
May 13 11:09:51 (none) kern.info kernel: [   11.034749] scsi3 : ahci
May 13 11:09:51 (none) kern.info kernel: [   11.035347] scsi4 : ahci
May 13 11:09:51 (none) kern.info kernel: [   11.035890] scsi5 : ahci
May 13 11:09:51 (none) kern.info kernel: [   11.037731] ata1: SATA max UDMA/133 abar m1024@0xf7db7800 port 0xf7db7900 irq 43
May 13 11:09:51 (none) kern.info kernel: [   11.037738] ata2: DUMMY
May 13 11:09:51 (none) kern.info kernel: [   11.037744] ata3: DUMMY
May 13 11:09:51 (none) kern.info kernel: [   11.037748] ata4: DUMMY
May 13 11:09:51 (none) kern.info kernel: [   11.049090] SSFDC read-only Flash Translation layer
May 13 11:09:51 (none) kern.err kernel: [   11.049274] mtdoops: mtd device (mtddev=name/number) must be supplied
May 13 11:09:51 (none) kern.notice kernel: [   11.061571] L440GX flash mapping: failed to find PIIX4 ISA bridge, cannot continue
May 13 11:09:51 (none) kern.debug kernel: [   11.061659] device id = 2440
May 13 11:09:51 (none) kern.debug kernel: [   11.061691] device id = 2480
May 13 11:09:51 (none) kern.debug kernel: [   11.061722] device id = 24c0
May 13 11:09:51 (none) kern.debug kernel: [   11.061753] device id = 24d0
May 13 11:09:51 (none) kern.debug kernel: [   11.061784] device id = 25a1
May 13 11:09:51 (none) kern.debug kernel: [   11.061815] device id = 2670
May 13 11:09:51 (none) kern.err kernel: [   11.062373] physmap-flash.0: failed to claim resource 0
May 13 11:09:51 (none) kern.err kernel: [   11.074571] Failed to ioremap_nocache
May 13 11:09:51 (none) kern.warn kernel: [   11.088003] SNAPGEAR: failed to ioremap() BOOTCS
May 13 11:09:51 (none) kern.warn kernel: [   11.099809] Generic platform RAM MTD, (c) 2004 Simtec Electronics
May 13 11:09:51 (none) kern.info kernel: [   11.112372] No recognised DiskOnChip devices found
May 13 11:09:51 (none) kern.notice kernel: [   11.112379] slram: not enough parameters.
May 13 11:09:51 (none) kern.info kernel: [   11.112384] Ramix PMC551 PCI Mezzanine Ram Driver. (C) 1999,2000 Nortel Networks.
May 13 11:09:51 (none) kern.notice kernel: [   11.112418] pmc551: not detected
May 13 11:09:51 (none) kern.notice kernel: [   11.114969] ftl_cs: FTL header not found.
May 13 11:09:51 (none) kern.info kernel: [   11.152538] No valid DiskOnChip devices found
May 13 11:09:51 (none) kern.warn kernel: [   11.152744] [nandsim] warning: read_byte: unexpected data output cycle, state is STATE_READY return 0x0
May 13 11:09:51 (none) kern.warn kernel: [   11.175617] [nandsim] warning: read_byte: unexpected data output cycle, state is STATE_READY return 0x0
May 13 11:09:51 (none) kern.warn kernel: [   11.199693] [nandsim] warning: read_byte: unexpected data output cycle, state is STATE_READY return 0x0
May 13 11:09:51 (none) kern.warn kernel: [   11.224486] [nandsim] warning: read_byte: unexpected data output cycle, state is STATE_READY return 0x0
May 13 11:09:51 (none) kern.warn kernel: [   11.250496] [nandsim] warning: read_byte: unexpected data output cycle, state is STATE_READY return 0x0
May 13 11:09:51 (none) kern.warn kernel: [   11.277321] [nandsim] warning: read_byte: unexpected data output cycle, state is STATE_READY return 0x0
May 13 11:09:51 (none) kern.info kernel: [   11.303910] NAND device: Manufacturer ID: 0x98, Chip ID: 0x39 (Toshiba NAND 8MiB 1,8V 8-bit), page size: 512, OOB size: 16
May 13 11:09:51 (none) kern.warn kernel: [   11.303940] flash size: 8 MiB
May 13 11:09:51 (none) kern.warn kernel: [   11.317197] page size: 512 bytes
May 13 11:09:51 (none) kern.warn kernel: [   11.330311] OOB area size: 16 bytes
May 13 11:09:51 (none) kern.info kernel: [   11.343108] ata1: SATA link up 1.5 Gbps (SStatus 113 SControl 300)
May 13 11:09:51 (none) kern.warn kernel: [   11.343271] sector size: 8 KiB
May 13 11:09:51 (none) kern.info kernel: [   11.344959] ata1.00: ACPI cmd f5/00:00:00:00:00:a0 (unknown) filtered out
May 13 11:09:51 (none) kern.info kernel: [   11.345375] ata1.00: ATA-8: WDC WD3200BPVT-22JJ5T0, 01.01A01, max UDMA/133
May 13 11:09:51 (none) kern.info kernel: [   11.345381] ata1.00: 625142448 sectors, multi 16: LBA48 NCQ (depth 31/32), AA
May 13 11:09:51 (none) kern.info kernel: [   11.348115] ata1.00: ACPI cmd f5/00:00:00:00:00:a0 (unknown) filtered out
May 13 11:09:51 (none) kern.info kernel: [   11.348465] ata1.00: configured for UDMA/133
May 13 11:09:51 (none) kern.notice kernel: [   11.349516] scsi 2:0:0:0: Direct-Access     ATA      WDC WD3200BPVT-2 01.0 PQ: 0 ANSI: 5
May 13 11:09:51 (none) kern.notice kernel: [   11.351488] sd 2:0:0:0: [sda] 625142448 512-byte logical blocks: (320 GB/298 GiB)
May 13 11:09:51 (none) kern.notice kernel: [   11.351493] sd 2:0:0:0: [sda] 4096-byte physical blocks
May 13 11:09:51 (none) kern.notice kernel: [   11.352103] sd 2:0:0:0: [sda] Write Protect is off
May 13 11:09:51 (none) kern.debug kernel: [   11.352110] sd 2:0:0:0: [sda] Mode Sense: 00 3a 00 00
May 13 11:09:51 (none) kern.notice kernel: [   11.352344] sd 2:0:0:0: [sda] Write cache: enabled, read cache: enabled, doesn't support DPO or FUA
May 13 11:09:51 (none) kern.notice kernel: [   11.353694] sd 2:0:0:0: Attached scsi generic sg0 type 0
May 13 11:09:51 (none) kern.warn kernel: [   11.356418] pages number: 16384
May 13 11:09:51 (none) kern.warn kernel: [   11.368951] pages per sector: 16
May 13 11:09:51 (none) kern.warn kernel: [   11.380904] bus width: 8
May 13 11:09:51 (none) kern.warn kernel: [   11.392572] bits in sector size: 13
May 13 11:09:51 (none) kern.warn kernel: [   11.404122] bits in page size: 9
May 13 11:09:51 (none) kern.warn kernel: [   11.415345] bits in OOB size: 4
May 13 11:09:51 (none) kern.warn kernel: [   11.426295] flash size with OOB: 8448 KiB
May 13 11:09:51 (none) kern.warn kernel: [   11.437297] page address bytes: 3
May 13 11:09:51 (none) kern.warn kernel: [   11.448113] sector address bytes: 2
May 13 11:09:51 (none) kern.warn kernel: [   11.458744] options: 0x42
May 13 11:09:51 (none) kern.info kernel: [   11.469297] Scanning device for bad blocks
May 13 11:09:51 (none) kern.notice kernel: [   11.492126] Creating 1 MTD partitions on "NAND 8MiB 1,8V 8-bit":
May 13 11:09:51 (none) kern.notice kernel: [   11.492155] 0x000000000000-0x000000800000 : "NAND simulator partition 0"
May 13 11:09:51 (none) kern.notice kernel: [   11.494596] ftl_cs: FTL header not found.
May 13 11:09:51 (none) kern.info kernel: [   11.495790] usbcore: registered new interface driver alauda
May 13 11:09:51 (none) kern.err kernel: [   11.540035] onenand_wait: timeout! ctrl=0x0000 intr=0x0000
May 13 11:09:51 (none) kern.debug kernel: [   11.550268] OneNAND Manufacturer: Samsung (0xec)
May 13 11:09:51 (none) kern.info kernel: [   11.550276] OneNAND 16MB 1.8V 16-bit (0x04)
May 13 11:09:51 (none) kern.info kernel: [   11.550281] OneNAND version = 0x001e
May 13 11:09:51 (none) kern.debug kernel: [   11.550285] Lock scheme is Continuous Lock
May 13 11:09:51 (none) kern.info kernel: [   11.550325] Scanning device for bad blocks
May 13 11:09:51 (none) kern.notice kernel: [   11.553423] Creating 1 MTD partitions on "OneNAND simulator":
May 13 11:09:51 (none) kern.notice kernel: [   11.553441] 0x000000000000-0x000001000000 : "OneNAND simulator partition"
May 13 11:09:51 (none) kern.notice kernel: [   11.555153] ftl_cs: FTL header not found.
May 13 11:09:51 (none) kern.info kernel: [   11.557344] Fixed MDIO Bus: probed
May 13 11:09:51 (none) kern.info kernel: [   11.557509] cnic: Broadcom NetXtreme II CNIC Driver cnic v2.5.10 (March 21, 2012)
May 13 11:09:51 (none) kern.info kernel: [   11.558229] Fusion MPT base driver 3.04.20
May 13 11:09:51 (none) kern.info kernel: [   11.558235] Copyright (c) 1999-2008 LSI Corporation
May 13 11:09:51 (none) kern.info kernel: [   11.558285] Fusion MPT SPI Host driver 3.04.20
May 13 11:09:51 (none) kern.info kernel: [   11.558432] Fusion MPT FC Host driver 3.04.20
May 13 11:09:51 (none) kern.info kernel: [   11.558600] Fusion MPT SAS Host driver 3.04.20
May 13 11:09:51 (none) kern.info kernel: [   11.558776] Fusion MPT misc device (ioctl) driver 3.04.20
May 13 11:09:51 (none) kern.info kernel: [   11.559079] mptctl: Registered with Fusion MPT base driver
May 13 11:09:51 (none) kern.info kernel: [   11.559086] mptctl: /dev/mptctl @ (major,minor=10,220)
May 13 11:09:51 (none) kern.info kernel: [   11.559092] Fusion MPT LAN driver 3.04.20
May 13 11:09:51 (none) kern.info kernel: [   11.559730] Intel ISA PCIC probe: not found.
May 13 11:09:51 (none) kern.info kernel: [   11.560347] Databook TCIC-2 PCMCIA probe: not found.
May 13 11:09:51 (none) kern.info kernel: [   11.560418] ehci_hcd: USB 2.0 'Enhanced' Host Controller (EHCI) Driver
May 13 11:09:51 (none) kern.debug kernel: [   11.560648] ehci_hcd 0000:00:1d.7: setting latency timer to 64
May 13 11:09:51 (none) kern.info kernel: [   11.560661] ehci_hcd 0000:00:1d.7: EHCI Host Controller
May 13 11:09:51 (none) kern.info kernel: [   11.560863] ehci_hcd 0000:00:1d.7: new USB bus registered, assigned bus number 1
May 13 11:09:51 (none) kern.info kernel: [   11.560996] ehci_hcd 0000:00:1d.7: using broken periodic workaround
May 13 11:09:51 (none) kern.info kernel: [   11.561070] ehci_hcd 0000:00:1d.7: debug port 1
May 13 11:09:51 (none) kern.debug kernel: [   11.564974] ehci_hcd 0000:00:1d.7: cache line size of 32 is not supported
May 13 11:09:51 (none) kern.info kernel: [   11.565116] ehci_hcd 0000:00:1d.7: irq 23, io mem 0xf7db7c00
May 13 11:09:51 (none) kern.info kernel: [   11.571066] ehci_hcd 0000:00:1d.7: USB 2.0 started, EHCI 1.00
May 13 11:09:51 (none) kern.info kernel: [   11.571500] usb usb1: New USB device found, idVendor=1d6b, idProduct=0002
May 13 11:09:51 (none) kern.info kernel: [   11.571509] usb usb1: New USB device strings: Mfr=3, Product=2, SerialNumber=1
May 13 11:09:51 (none) kern.info kernel: [   11.571516] usb usb1: Product: EHCI Host Controller
May 13 11:09:51 (none) kern.info kernel: [   11.571524] usb usb1: Manufacturer: Linux 3.5.0-KRG-iCore2-smp-pae-srv1000gz ehci_hcd
May 13 11:09:51 (none) kern.info kernel: [   11.571531] usb usb1: SerialNumber: 0000:00:1d.7
May 13 11:09:51 (none) kern.info kernel: [   11.572773] hub 1-0:1.0: USB hub found
May 13 11:09:51 (none) kern.info kernel: [   11.572806] hub 1-0:1.0: 8 ports detected
May 13 11:09:51 (none) kern.info kernel: [   11.573838] ohci_hcd: USB 1.1 'Open' Host Controller (OHCI) Driver
May 13 11:09:51 (none) kern.info kernel: [   11.574082] uhci_hcd: USB Universal Host Controller Interface driver
May 13 11:09:51 (none) kern.debug kernel: [   11.574310] uhci_hcd 0000:00:1d.0: setting latency timer to 64
May 13 11:09:51 (none) kern.info kernel: [   11.574323] uhci_hcd 0000:00:1d.0: UHCI Host Controller
May 13 11:09:51 (none) kern.info kernel: [   11.574358] uhci_hcd 0000:00:1d.0: new USB bus registered, assigned bus number 2
May 13 11:09:51 (none) kern.info kernel: [   11.574442] uhci_hcd 0000:00:1d.0: irq 23, io base 0x0000d400
May 13 11:09:51 (none) kern.info kernel: [   11.574771] usb usb2: New USB device found, idVendor=1d6b, idProduct=0001
May 13 11:09:51 (none) kern.info kernel: [   11.574780] usb usb2: New USB device strings: Mfr=3, Product=2, SerialNumber=1
May 13 11:09:51 (none) kern.info kernel: [   11.574788] usb usb2: Product: UHCI Host Controller
May 13 11:09:51 (none) kern.info kernel: [   11.574795] usb usb2: Manufacturer: Linux 3.5.0-KRG-iCore2-smp-pae-srv1000gz uhci_hcd
May 13 11:09:51 (none) kern.info kernel: [   11.574802] usb usb2: SerialNumber: 0000:00:1d.0
May 13 11:09:51 (none) kern.info kernel: [   11.575785] hub 2-0:1.0: USB hub found
May 13 11:09:51 (none) kern.info kernel: [   11.575816] hub 2-0:1.0: 2 ports detected
May 13 11:09:51 (none) kern.debug kernel: [   11.576489] uhci_hcd 0000:00:1d.1: setting latency timer to 64
May 13 11:09:51 (none) kern.info kernel: [   11.576502] uhci_hcd 0000:00:1d.1: UHCI Host Controller
May 13 11:09:51 (none) kern.info kernel: [   11.576535] uhci_hcd 0000:00:1d.1: new USB bus registered, assigned bus number 3
May 13 11:09:51 (none) kern.info kernel: [   11.576676] uhci_hcd 0000:00:1d.1: irq 19, io base 0x0000d480
May 13 11:09:51 (none) kern.info kernel: [   11.576909] usb usb3: New USB device found, idVendor=1d6b, idProduct=0001
May 13 11:09:51 (none) kern.info kernel: [   11.576918] usb usb3: New USB device strings: Mfr=3, Product=2, SerialNumber=1
May 13 11:09:51 (none) kern.info kernel: [   11.576925] usb usb3: Product: UHCI Host Controller
May 13 11:09:51 (none) kern.info kernel: [   11.576932] usb usb3: Manufacturer: Linux 3.5.0-KRG-iCore2-smp-pae-srv1000gz uhci_hcd
May 13 11:09:51 (none) kern.info kernel: [   11.576939] usb usb3: SerialNumber: 0000:00:1d.1
May 13 11:09:51 (none) kern.info kernel: [   11.577879] hub 3-0:1.0: USB hub found
May 13 11:09:51 (none) kern.info kernel: [   11.577909] hub 3-0:1.0: 2 ports detected
May 13 11:09:51 (none) kern.debug kernel: [   11.578535] uhci_hcd 0000:00:1d.2: setting latency timer to 64
May 13 11:09:51 (none) kern.info kernel: [   11.578547] uhci_hcd 0000:00:1d.2: UHCI Host Controller
May 13 11:09:51 (none) kern.info kernel: [   11.578578] uhci_hcd 0000:00:1d.2: new USB bus registered, assigned bus number 4
May 13 11:09:51 (none) kern.info kernel: [   11.578723] uhci_hcd 0000:00:1d.2: irq 18, io base 0x0000d800
May 13 11:09:51 (none) kern.info kernel: [   11.578942] usb usb4: New USB device found, idVendor=1d6b, idProduct=0001
May 13 11:09:51 (none) kern.info kernel: [   11.578951] usb usb4: New USB device strings: Mfr=3, Product=2, SerialNumber=1
May 13 11:09:51 (none) kern.info kernel: [   11.578958] usb usb4: Product: UHCI Host Controller
May 13 11:09:51 (none) kern.info kernel: [   11.578966] usb usb4: Manufacturer: Linux 3.5.0-KRG-iCore2-smp-pae-srv1000gz uhci_hcd
May 13 11:09:51 (none) kern.info kernel: [   11.578973] usb usb4: SerialNumber: 0000:00:1d.2
May 13 11:09:51 (none) kern.info kernel: [   11.579891] hub 4-0:1.0: USB hub found
May 13 11:09:51 (none) kern.info kernel: [   11.579920] hub 4-0:1.0: 2 ports detected
May 13 11:09:51 (none) kern.debug kernel: [   11.580555] uhci_hcd 0000:00:1d.3: setting latency timer to 64
May 13 11:09:51 (none) kern.info kernel: [   11.580567] uhci_hcd 0000:00:1d.3: UHCI Host Controller
May 13 11:09:51 (none) kern.info kernel: [   11.580599] uhci_hcd 0000:00:1d.3: new USB bus registered, assigned bus number 5
May 13 11:09:51 (none) kern.info kernel: [   11.580744] uhci_hcd 0000:00:1d.3: irq 16, io base 0x0000d880
May 13 11:09:51 (none) kern.info kernel: [   11.580973] usb usb5: New USB device found, idVendor=1d6b, idProduct=0001
May 13 11:09:51 (none) kern.info kernel: [   11.580982] usb usb5: New USB device strings: Mfr=3, Product=2, SerialNumber=1
May 13 11:09:51 (none) kern.info kernel: [   11.580989] usb usb5: Product: UHCI Host Controller
May 13 11:09:51 (none) kern.info kernel: [   11.580997] usb usb5: Manufacturer: Linux 3.5.0-KRG-iCore2-smp-pae-srv1000gz uhci_hcd
May 13 11:09:51 (none) kern.info kernel: [   11.581037] usb usb5: SerialNumber: 0000:00:1d.3
May 13 11:09:51 (none) kern.info kernel: [   11.581956] hub 5-0:1.0: USB hub found
May 13 11:09:51 (none) kern.info kernel: [   11.581986] hub 5-0:1.0: 2 ports detected
May 13 11:09:51 (none) kern.info kernel: [   11.583001] usbcore: registered new interface driver uas
May 13 11:09:51 (none) kern.info kernel: [   11.583044] Initializing USB Mass Storage driver...
May 13 11:09:51 (none) kern.info kernel: [   11.583198] usbcore: registered new interface driver usb-storage
May 13 11:09:51 (none) kern.info kernel: [   11.583204] USB Mass Storage support registered.
May 13 11:09:51 (none) kern.info kernel: [   11.583489] usbcore: registered new interface driver libusual
May 13 11:09:51 (none) kern.info kernel: [   11.583570] usbcore: registered new interface driver ums-cypress
May 13 11:09:51 (none) kern.info kernel: [   11.583650] usbcore: registered new interface driver ums-datafab
May 13 11:09:51 (none) kern.info kernel: [   11.583728] usbcore: registered new interface driver ums-freecom
May 13 11:09:51 (none) kern.info kernel: [   11.583828] usbcore: registered new interface driver ums-isd200
May 13 11:09:51 (none) kern.info kernel: [   11.583927] usbcore: registered new interface driver ums-realtek
May 13 11:09:51 (none) kern.info kernel: [   11.584039] usbcore: registered new interface driver ums-usbat
May 13 11:09:51 (none) kern.info kernel: [   11.584302] i8042: PNP: PS/2 Controller [PNP0303:PS2K,PNP0f13:PS2M] at 0x60,0x64 irq 1,12
May 13 11:09:51 (none) kern.info kernel: [   11.603764] serio: i8042 KBD port at 0x60,0x64 irq 1
May 13 11:09:51 (none) kern.info kernel: [   11.603853] serio: i8042 AUX port at 0x60,0x64 irq 12
May 13 11:09:51 (none) kern.err kernel: [   11.604540] parkbd: no such parport
May 13 11:09:51 (none) kern.info kernel: [   11.615481] mousedev: PS/2 mouse device common for all mice
May 13 11:09:51 (none) kern.info kernel: [   11.616942] usbcore: registered new interface driver appletouch
May 13 11:09:51 (none) kern.info kernel: [   11.617131] usbcore: registered new interface driver bcm5974
May 13 11:09:51 (none) kern.info kernel: [   11.617273] usbcore: registered new interface driver synaptics_usb
May 13 11:09:51 (none) kern.info kernel: [   11.617363] usbcore: registered new interface driver usb_acecad
May 13 11:09:51 (none) kern.info kernel: [   11.617452] usbcore: registered new interface driver aiptek
May 13 11:09:51 (none) kern.info kernel: [   11.617550] usbcore: registered new interface driver gtco
May 13 11:09:51 (none) kern.info kernel: [   11.617639] usbcore: registered new interface driver hanwang
May 13 11:09:51 (none) kern.info kernel: [   11.617727] usbcore: registered new interface driver kbtab
May 13 11:09:51 (none) kern.info kernel: [   11.617826] usbcore: registered new interface driver wacom
May 13 11:09:51 (none) kern.warn kernel: [   11.619230] mk712: device not present
May 13 11:09:51 (none) kern.info kernel: [   11.628855] usbcore: registered new interface driver usbtouchscreen
May 13 11:09:51 (none) kern.info kernel: [   11.629878] rtc_cmos 00:03: RTC can wake from S4
May 13 11:09:51 (none) kern.info kernel: [   11.630825] rtc_cmos 00:03: rtc core: registered rtc_cmos as rtc0
May 13 11:09:51 (none) kern.info kernel: [   11.630912] rtc0: alarms up to one month, 114 bytes nvram, hpet irqs
May 13 11:09:51 (none) kern.info kernel: [   11.630984] i2c /dev entries driver
May 13 11:09:51 (none) kern.info kernel: [   11.631120] md: linear personality registered for level -1
May 13 11:09:51 (none) kern.info kernel: [   11.631127] md: raid0 personality registered for level 0
May 13 11:09:51 (none) kern.info kernel: [   11.631134] md: raid1 personality registered for level 1
May 13 11:09:51 (none) kern.info kernel: [   11.631140] md: raid10 personality registered for level 10
May 13 11:09:51 (none) kern.info kernel: [   11.631146] md: raid6 personality registered for level 6
May 13 11:09:51 (none) kern.info kernel: [   11.631152] md: raid5 personality registered for level 5
May 13 11:09:51 (none) kern.info kernel: [   11.631158] md: raid4 personality registered for level 4
May 13 11:09:51 (none) kern.info kernel: [   11.631164] md: multipath personality registered for level -4
May 13 11:09:51 (none) kern.info kernel: [   11.631437] device-mapper: uevent: version 1.0.3
May 13 11:09:51 (none) kern.info kernel: [   11.631935] device-mapper: ioctl: 4.22.0-ioctl (2011-10-19) initialised: dm-devel@redhat.com
May 13 11:09:51 (none) kern.info kernel: [   11.632863] device-mapper: multipath: version 1.4.0 loaded
May 13 11:09:51 (none) kern.info kernel: [   11.632947] device-mapper: multipath round-robin: version 1.0.0 loaded
May 13 11:09:51 (none) kern.info kernel: [   11.632956] device-mapper: multipath queue-length: version 0.1.0 loaded
May 13 11:09:51 (none) kern.info kernel: [   11.632963] device-mapper: multipath service-time: version 0.2.0 loaded
May 13 11:09:51 (none) kern.info kernel: [   11.633362] device-mapper: dm-log-userspace: version 1.1.0 loaded
May 13 11:09:51 (none) kern.info kernel: [   11.633943] EISA: Probing bus 0 at eisa.0
May 13 11:09:51 (none) kern.warn kernel: [   11.633954] EISA: Cannot allocate resource for mainboard
May 13 11:09:51 (none) kern.warn kernel: [   11.643248] Cannot allocate resource for EISA slot 1
May 13 11:09:51 (none) kern.warn kernel: [   11.652371] Cannot allocate resource for EISA slot 2
May 13 11:09:51 (none) kern.warn kernel: [   11.660965] Cannot allocate resource for EISA slot 3
May 13 11:09:51 (none) kern.warn kernel: [   11.669071] Cannot allocate resource for EISA slot 4
May 13 11:09:51 (none) kern.warn kernel: [   11.676749] Cannot allocate resource for EISA slot 5
May 13 11:09:51 (none) kern.warn kernel: [   11.683942] Cannot allocate resource for EISA slot 6
May 13 11:09:51 (none) kern.warn kernel: [   11.690597] Cannot allocate resource for EISA slot 7
May 13 11:09:51 (none) kern.warn kernel: [   11.697083] Cannot allocate resource for EISA slot 8
May 13 11:09:51 (none) kern.info kernel: [   11.703498] EISA: Detected 0 cards.
May 13 11:09:51 (none) kern.info kernel: [   11.703857] cpuidle: using governor ladder
May 13 11:09:51 (none) kern.info kernel: [   11.704884] cpuidle: using governor menu
May 13 11:09:51 (none) kern.info kernel: [   11.705076] sdhci: Secure Digital Host Controller Interface driver
May 13 11:09:51 (none) kern.info kernel: [   11.705082] sdhci: Copyright(c) Pierre Ossman
May 13 11:09:51 (none) kern.info kernel: [   11.705261] wbsd: Winbond W83L51xD SD/MMC card interface driver
May 13 11:09:51 (none) kern.info kernel: [   11.705266] wbsd: Copyright(c) Pierre Ossman
May 13 11:09:51 (none) kern.info kernel: [   11.705503] via_sdmmc: VIA SD/MMC Card Reader driver (C) 2008 VIA Technologies, Inc.
May 13 11:09:51 (none) kern.info kernel: [   11.705635] VUB300 Driver rom wait states = 1C irqpoll timeout = 0400
May 13 11:09:51 (none) kern.info kernel: [   11.706382] usbcore: registered new interface driver vub300
May 13 11:09:51 (none) kern.info kernel: [   11.706476] usbcore: registered new interface driver ushc
May 13 11:09:51 (none) kern.info kernel: [   11.706481] sdhci-pltfm: SDHCI platform and OF driver helper
May 13 11:09:51 (none) kern.info kernel: [   11.706494] No iBFT detected.
May 13 11:09:51 (none) kern.info kernel: [   11.707175] hv_vmbus: registering driver hid_hyperv
May 13 11:09:51 (none) kern.info kernel: [   11.709001] usbcore: registered new interface driver usbhid
May 13 11:09:51 (none) kern.info kernel: [   11.709055] usbhid: USB HID core driver
May 13 11:09:51 (none) kern.info kernel: [   11.709069] zram: num_devices not specified. Using default: 1
May 13 11:09:51 (none) kern.info kernel: [   11.709076] zram: Creating 1 devices ...
May 13 11:09:51 (none) kern.info kernel: [   11.711599] NET: Registered protocol family 10
May 13 11:09:51 (none) kern.info kernel: [   11.713269] NET: Registered protocol family 15
May 13 11:09:51 (none) kern.info kernel: [   11.718379] input: AT Translated Set 2 keyboard as /devices/platform/i8042/serio0/input/input0
May 13 11:09:51 (none) kern.info kernel: [   11.719731] sctp: Hash tables configured (established 21845 bind 23831)
May 13 11:09:51 (none) kern.info kernel: [   11.720883] Using IPI No-Shortcut mode
May 13 11:09:51 (none) kern.debug kernel: [   11.721935] PM: Hibernation image not present or could not be loaded.
May 13 11:09:51 (none) kern.info kernel: [   11.721969] registered taskstats version 1
May 13 11:09:51 (none) kern.info kernel: [   11.723668] IMA: No TPM chip found, activating TPM-bypass!
May 13 11:09:51 (none) kern.info kernel: [   11.726507]   Magic number: 13:750:175
May 13 11:09:51 (none) kern.info kernel: [   11.726527] misc network_throughput: hash matches
May 13 11:09:51 (none) kern.info kernel: [   11.726707] acpi device:38: hash matches
May 13 11:09:51 (none) kern.info kernel: [   11.726737] acpi device:0b: hash matches
May 13 11:09:51 (none) kern.warn kernel: [   11.726776] register_blkdev: cannot get major 3 for hd
May 13 11:09:51 (none) kern.info kernel: [   11.875236] usb 1-2: new high-speed USB device number 2 using ehci_hcd
May 13 11:09:51 (none) kern.info kernel: [   12.027344] usb 1-2: New USB device found, idVendor=13d3, idProduct=5108
May 13 11:09:51 (none) kern.info kernel: [   12.027355] usb 1-2: New USB device strings: Mfr=2, Product=1, SerialNumber=3
May 13 11:09:51 (none) kern.info kernel: [   12.027363] usb 1-2: Product: USB 2.0 Camera
May 13 11:09:51 (none) kern.info kernel: [   12.027370] usb 1-2: Manufacturer: Sonix Technology Co., Ltd.
May 13 11:09:51 (none) kern.info kernel: [   12.027377] usb 1-2: SerialNumber: SN0001
May 13 11:09:51 (none) kern.info kernel: [   12.133261] usb 1-8: new high-speed USB device number 3 using ehci_hcd
May 13 11:09:51 (none) kern.info kernel: [   12.259413] usb 1-8: New USB device found, idVendor=12d1, idProduct=1001
May 13 11:09:51 (none) kern.info kernel: [   12.259424] usb 1-8: New USB device strings: Mfr=2, Product=1, SerialNumber=0
May 13 11:09:51 (none) kern.info kernel: [   12.259432] usb 1-8: Product: HUAWEI Mobile
May 13 11:09:51 (none) kern.info kernel: [   12.259439] usb 1-8: Manufacturer: HUAWEI Technology
May 13 11:09:51 (none) kern.info kernel: [   13.898215]  sda: sda1 sda2 < sda5 sda6 sda7 sda8 sda9 sda10 > sda3 sda4
May 13 11:09:51 (none) kern.notice kernel: [   13.903245] sd 2:0:0:0: [sda] Attached SCSI disk
May 13 11:09:51 (none) kern.info kernel: [   13.903458] rtc_cmos 00:03: setting system clock to 2013-05-13 11:09:40 UTC (1368443380)
May 13 11:09:51 (none) kern.info kernel: [   13.903710] BIOS EDD facility v0.16 2004-Jun-25, 1 devices found
May 13 11:09:51 (none) kern.info kernel: [   13.905395] md: Waiting for all devices to be available before autodetect
May 13 11:09:51 (none) kern.info kernel: [   13.905403] md: If you don't use raid, use raid=noautodetect
May 13 11:09:51 (none) kern.info kernel: [   13.906724] md: Autodetecting RAID arrays.
May 13 11:09:51 (none) kern.info kernel: [   13.906733] md: Scanned 0 and added 0 devices.
May 13 11:09:51 (none) kern.info kernel: [   13.906737] md: autorun ...
May 13 11:09:51 (none) kern.info kernel: [   13.906741] md: ... autorun DONE.
May 13 11:09:51 (none) kern.err kernel: [   13.944248] EXT3-fs (sda9): error: couldn't mount because of unsupported optional features (240)
May 13 11:09:51 (none) kern.err kernel: [   13.964215] EXT2-fs (sda9): error: couldn't mount because of unsupported optional features (240)
May 13 11:09:51 (none) kern.info kernel: [   14.023439] EXT4-fs (sda9): mounted filesystem with ordered data mode. Opts: (null)
May 13 11:09:51 (none) kern.info kernel: [   14.023508] VFS: Mounted root (ext4 filesystem) readonly on device 8:9.
May 13 11:09:51 (none) kern.info kernel: [   14.060548] devtmpfs: mounted
May 13 11:09:51 (none) kern.info kernel: [   14.062361] Freeing unused kernel memory: 2096k freed
May 13 11:09:51 (none) kern.info kernel: [   14.503859] EXT4-fs (sda9): re-mounted. Opts: data=ordered
May 13 11:09:51 (none) kern.info kernel: [   21.906944] NET: Registered protocol family 1
May 13 11:09:51 (none) kern.info kernel: [   23.102211] EXT4-fs (sda9): re-mounted. Opts: data=ordered
May 13 11:09:51 (none) kern.debug kernel: [   24.878789] snd_hda_intel 0000:00:1b.0: irq 44 for MSI/MSI-X
May 13 11:09:51 (none) kern.info kernel: [   24.980523] input: HDA Digital PCBeep as /devices/pci0000:00/0000:00:1b.0/input/input1
May 13 11:09:51 (none) kern.info kernel: [   24.990274] input: HDA Intel Mic as /devices/pci0000:00/0000:00:1b.0/sound/card0/input2
May 13 11:09:51 (none) kern.info kernel: [   24.992240] input: HDA Intel Headphone as /devices/pci0000:00/0000:00:1b.0/sound/card0/input3
May 13 11:09:53 (none) kern.warn kernel: [   26.819966] udevd (567): /proc/567/oom_adj is deprecated, please use /proc/567/oom_score_adj instead.
May 13 11:09:53 (none) user.info kernel: [   26.839465] udev: starting version 140
May 13 11:09:55 (none) kern.warn kernel: [   28.688999] ACPI: Deprecated procfs I/F for AC is loaded, please retry with CONFIG_ACPI_PROCFS_POWER cleared
May 13 11:09:55 (none) kern.info kernel: [   28.730724] input: Lid Switch as /devices/LNXSYSTM:00/device:00/PNP0C0D:00/input/input4
May 13 11:09:55 (none) kern.info kernel: [   28.755158] ACPI: AC Adapter [AC0] (off-line)
May 13 11:09:55 (none) kern.info kernel: [   28.756865] ACPI: Requesting acpi_cpufreq
May 13 11:09:55 (none) kern.info kernel: [   28.760822] ACPI: Lid Switch [LID]
May 13 11:09:55 (none) kern.info kernel: [   28.761605] input: Sleep Button as /devices/LNXSYSTM:00/device:00/PNP0C0E:00/input/input5
May 13 11:09:55 (none) kern.info kernel: [   28.761970] ACPI: Sleep Button [SLPB]
May 13 11:09:55 (none) kern.info kernel: [   28.762573] input: Power Button as /devices/LNXSYSTM:00/device:00/PNP0C0C:00/input/input6
May 13 11:09:55 (none) kern.info kernel: [   28.763258] ACPI: Power Button [PWRB]
May 13 11:09:55 (none) kern.info kernel: [   28.763922] input: Power Button as /devices/LNXSYSTM:00/LNXPWRBN:00/input/input7
May 13 11:09:55 (none) kern.info kernel: [   28.767899] ACPI: Power Button [PWRF]
May 13 11:09:57 (none) kern.info kernel: [   30.612692] acpi device:38: registered as cooling_device2
May 13 11:09:57 (none) kern.info kernel: [   30.612904] ACPI: Video Device [VGA] (multi-head: yes  rom: no  post: no)
May 13 11:09:57 (none) kern.info kernel: [   30.613800] input: Video Bus as /devices/LNXSYSTM:00/device:00/PNP0A08:00/LNXVIDEO:00/input/input8
May 13 11:09:58 (none) kern.info kernel: [   31.779519] wmi: Mapper loaded
May 13 11:09:59 (none) kern.info kernel: [   32.977946] pci_hotplug: PCI Hot Plug PCI Core version: 0.5
May 13 11:09:59 (none) kern.info kernel: [   33.008433] shpchp: Standard Hot Plug PCI Controller Driver version: 0.4
May 13 11:10:00 (none) kern.warn kernel: [   33.516578] ACPI: Deprecated procfs I/F for battery is loaded, please retry with CONFIG_ACPI_PROCFS_POWER cleared
May 13 11:10:00 (none) kern.info kernel: [   33.539113] ACPI: Battery Slot [BAT0] (battery present)
May 13 11:10:00 (none) kern.info kernel: [   33.641444] asus_wmi: ASUS WMI generic driver loaded
May 13 11:10:00 (none) kern.info kernel: [   33.678333] asus_wmi: Initialization: 0x0asus_wmi: BIOS WMI version: 0.5
May 13 11:10:00 (none) kern.info kernel: [   33.679880] asus_wmi: SFUN value: 0x0<6>[   33.731896] input: Eee PC WMI hotkeys as /devices/platform/eeepc-wmi/input/input9
May 13 11:10:00 (none) kern.info kernel: [   33.852752] leds_ss4200: no LED devices found
May 13 11:10:01 (none) kern.info kernel: [   34.718872] Linux media interface: v0.10
May 13 11:10:01 (none) kern.info kernel: [   34.748620] Linux video capture interface: v2.00
May 13 11:10:01 (none) kern.info kernel: [   34.779414] usbcore: registered new interface driver usbserial
May 13 11:10:01 (none) kern.info kernel: [   34.779581] usbcore: registered new interface driver usbserial_generic
May 13 11:10:01 (none) kern.info kernel: [   34.779912] USB Serial support registered for generic
May 13 11:10:01 (none) kern.info kernel: [   34.779984] usbserial: USB Serial Driver core
May 13 11:10:01 (none) kern.info kernel: [   34.803874] atl1c 0000:01:00.0: version 1.0.1.0-NAPI
May 13 11:10:01 (none) kern.info kernel: [   34.827655] uvcvideo: Found UVC 1.00 device USB 2.0 Camera (13d3:5108)
May 13 11:10:01 (none) kern.info kernel: [   34.842214] asus_wmi: Backlight controlled by ACPI video driver
May 13 11:10:01 (none) kern.info kernel: [   34.843417] input: PC Speaker as /devices/platform/pcspkr/input/input10
May 13 11:10:01 (none) kern.info kernel: [   34.853385] usbcore: registered new interface driver option
May 13 11:10:01 (none) kern.info kernel: [   34.853516] USB Serial support registered for GSM modem (1-port)
May 13 11:10:01 (none) kern.info kernel: [   34.853814] option 1-8:1.0: GSM modem (1-port) converter detected
May 13 11:10:01 (none) kern.info kernel: [   34.859134] input: USB 2.0 Camera as /devices/pci0000:00/0000:00:1d.7/usb1/1-2/1-2:1.0/input/input11
May 13 11:10:01 (none) kern.info kernel: [   34.862135] usbcore: registered new interface driver uvcvideo
May 13 11:10:01 (none) kern.info kernel: [   34.862146] USB Video Class driver (1.1.1)
May 13 11:10:01 (none) kern.info kernel: [   34.871100] usb 1-8: GSM modem (1-port) converter now attached to ttyUSB0
May 13 11:10:01 (none) kern.info kernel: [   34.871468] option 1-8:1.1: GSM modem (1-port) converter detected
May 13 11:10:01 (none) kern.info kernel: [   34.873317] usb 1-8: GSM modem (1-port) converter now attached to ttyUSB1
May 13 11:10:01 (none) kern.info kernel: [   34.873483] option 1-8:1.2: GSM modem (1-port) converter detected
May 13 11:10:01 (none) kern.info kernel: [   34.874284] usb 1-8: GSM modem (1-port) converter now attached to ttyUSB2
May 13 11:10:01 (none) kern.info kernel: [   34.937652] cfg80211: Calling CRDA to update world regulatory domain
May 13 11:10:01 (none) kern.debug kernel: [   35.080364] ath: EEPROM regdomain: 0x60
May 13 11:10:01 (none) kern.debug kernel: [   35.080375] ath: EEPROM indicates we should expect a direct regpair map
May 13 11:10:01 (none) kern.debug kernel: [   35.080387] ath: Country alpha2 being used: 00
May 13 11:10:01 (none) kern.debug kernel: [   35.080394] ath: Regpair used: 0x60
May 13 11:10:01 (none) kern.info kernel: [   35.295740] Adding 9210876k swap on /dev/sda10.  Priority:-1 extents:1 across:9210876k 
May 13 11:10:01 (none) kern.debug kernel: [   35.352185] ieee80211 phy0: Selected rate control algorithm 'ath9k_rate_control'
May 13 11:10:01 (none) kern.debug kernel: [   35.355829] Registered led device: ath9k-phy0
May 13 11:10:01 (none) kern.info kernel: [   35.355875] ieee80211 phy0: Atheros AR9285 Rev:2 mem=0xf9fa0000, irq=17
May 13 11:10:02 (none) kern.info kernel: [   35.992590] psmouse serio1: synaptics: Touchpad model: 1, fw: 7.2, id: 0x1a0b1, caps: 0xd04733/0xa40000/0xa0000
May 13 11:10:02 (none) kern.info kernel: [   36.071242] input: SynPS/2 Synaptics TouchPad as /devices/platform/i8042/serio1/input/input12
May 13 11:10:05 (none) kern.debug kernel: [   38.600738] atl1c 0000:01:00.0: irq 45 for MSI/MSI-X
May 13 11:10:05 (none) kern.info kernel: [   38.615808] IPv6: ADDRCONF(NETDEV_UP): eth376: link is not ready
May 13 11:10:05 (none) kern.info kernel: [   38.689856] IPv6: ADDRCONF(NETDEV_UP): wlan57: link is not ready
May 13 11:10:05 (none) kern.info kernel: [   39.338459] ip_tables: (C) 2000-2006 Netfilter Core Team
May 13 11:10:05 (none) kern.info kernel: [   39.388055] nf_conntrack version 0.5.0 (15593 buckets, 62372 max)
May 13 11:10:29 (none) kern.info kernel: [   63.322734] [drm] Initialized drm 1.1.0 20060810
May 13 11:10:29 (none) kern.debug kernel: [   63.404462] checking generic (a0000 10000) vs hw (d0000000 10000000)
May 13 11:10:29 (none) kern.info kernel: [   63.404475] fb: conflicting fb hw usage inteldrmfb vs VGA16 VGA - removing generic driver
May 13 11:10:29 (none) kern.info kernel: [   63.430657] Console: switching to colour VGA+ 80x25
May 13 11:10:29 (none) kern.debug kernel: [   63.434395] i915 0000:00:02.0: setting latency timer to 64
May 13 11:10:29 (none) kern.info kernel: [   63.443662] [drm] Supports vblank timestamp caching Rev 1 (10.10.2010).
May 13 11:10:29 (none) kern.info kernel: [   63.443676] [drm] Driver supports precise vblank timestamp query.
May 13 11:10:29 (none) kern.info kernel: [   63.445190] vgaarb: device changed decodes: PCI:0000:00:02.0,olddecodes=io+mem,decodes=io+mem:owns=io+mem
May 13 11:10:30 (none) kern.info kernel: [   63.760987] [drm] initialized overlay support
May 13 11:10:30 (none) kern.info kernel: [   63.784824] fbcon: inteldrmfb (fb0) is primary device
May 13 11:10:30 (none) kern.info kernel: [   64.160739] Console: switching to colour frame buffer device 128x37
May 13 11:10:30 (none) kern.info kernel: [   64.169126] fb0: inteldrmfb frame buffer device
May 13 11:10:30 (none) kern.info kernel: [   64.169127] drm: registered panic notifier
May 13 11:10:30 (none) kern.info kernel: [   64.169151] [drm] Initialized i915 1.6.0 20080730 for 0000:00:02.0 on minor 0
May 13 11:10:32 (none) kern.info kernel: [   66.217069] ddcprobe[8311]: segfault at c0014 ip 00000014 sp 00000ffa error 15 in mem[0+1000]
May 13 11:10:34 (none) kern.info kernel: [   68.234959] ddcprobe[8314]: segfault at c0014 ip 00000014 sp 00000ffa error 15 in mem[0+1000]
May 13 11:11:01 (none) kern.info kernel: [   95.951090] warning: process `uptime' used the deprecated sysctl system call with 1.21.
May 13 11:11:19 (none) kern.info kernel: [  113.480236] usb 4-2: new low-speed USB device number 2 using uhci_hcd
May 13 11:11:19 (none) kern.info kernel: [  113.690332] usb 4-2: New USB device found, idVendor=04f3, idProduct=02f4
May 13 11:11:19 (none) kern.info kernel: [  113.690354] usb 4-2: New USB device strings: Mfr=0, Product=2, SerialNumber=0
May 13 11:11:19 (none) kern.info kernel: [  113.690370] usb 4-2: Product: 2.4G Wireless Mouse
May 13 11:11:19 (none) kern.info kernel: [  113.716793] input: 2.4G Wireless Mouse as /devices/pci0000:00/0000:00:1d.2/usb4/4-2/4-2:1.0/input/input13
May 13 11:11:19 (none) kern.info kernel: [  113.719755] hid-generic 0003:04F3:02F4.0001: input,hiddev0,hidraw0: USB HID v1.11 Mouse [2.4G Wireless Mouse] on usb-0000:00:1d.2-2/input0
May 13 11:14:40 (none) kern.notice kernel: [  314.336407] EXT4-fs (sda9): error count: 48
May 13 11:14:40 (none) kern.notice kernel: [  314.336417] EXT4-fs (sda9): initial error at 1399499621: ext4_lookup:1343: inode 8197
May 13 11:14:40 (none) kern.notice kernel: [  314.336428] EXT4-fs (sda9): last error at 1367963494: ext4_lookup:1343: inode 8197
May 13 11:17:34 (none) kern.info kernel: [  488.699492] ddcprobe[16779]: segfault at c0014 ip 00000014 sp 00000ffa error 15 in mem[0+1000]
May 13 11:17:36 (none) kern.info kernel: [  490.717218] ddcprobe[16782]: segfault at c0014 ip 00000014 sp 00000ffa error 15 in mem[0+1000]
May 13 11:18:56 (none) kern.info kernel: [  571.304128] usb 1-5: new high-speed USB device number 5 using ehci_hcd
May 13 11:18:56 (none) kern.info kernel: [  571.420245] usb 1-5: New USB device found, idVendor=05e3, idProduct=0608
May 13 11:18:56 (none) kern.info kernel: [  571.420258] usb 1-5: New USB device strings: Mfr=0, Product=1, SerialNumber=0
May 13 11:18:56 (none) kern.info kernel: [  571.420265] usb 1-5: Product: USB2.0 Hub
May 13 11:18:56 (none) kern.info kernel: [  571.422426] hub 1-5:1.0: USB hub found
May 13 11:18:56 (none) kern.info kernel: [  571.422846] hub 1-5:1.0: 4 ports detected
May 13 11:19:00 (none) kern.info kernel: [  575.172736] usb 1-5.2: new high-speed USB device number 6 using ehci_hcd
May 13 11:19:00 (none) kern.info kernel: [  575.260634] usb 1-5.2: New USB device found, idVendor=12d1, idProduct=1001
May 13 11:19:00 (none) kern.info kernel: [  575.260656] usb 1-5.2: New USB device strings: Mfr=2, Product=1, SerialNumber=0
May 13 11:19:00 (none) kern.info kernel: [  575.260671] usb 1-5.2: Product: HUAWEI Mobile
May 13 11:19:00 (none) kern.info kernel: [  575.260685] usb 1-5.2: Manufacturer: HUAWEI Technology
May 13 11:19:00 (none) kern.info kernel: [  575.268857] scsi9 : usb-storage 1-5.2:1.0
May 13 11:19:00 (none) kern.debug kernel: [  575.269599] usb-storage 1-5.2:1.0: waiting for device to settle before scanning
May 13 11:19:00 (none) kern.info kernel: [  575.516504] usb 1-5.2: USB disconnect, device number 6
May 13 11:19:07 (none) kern.info kernel: [  582.341694] usb 1-5.2: new high-speed USB device number 7 using ehci_hcd
May 13 11:19:07 (none) kern.info kernel: [  582.429468] usb 1-5.2: New USB device found, idVendor=12d1, idProduct=1001
May 13 11:19:07 (none) kern.info kernel: [  582.429479] usb 1-5.2: New USB device strings: Mfr=2, Product=1, SerialNumber=0
May 13 11:19:07 (none) kern.info kernel: [  582.429487] usb 1-5.2: Product: HUAWEI Mobile
May 13 11:19:07 (none) kern.info kernel: [  582.429494] usb 1-5.2: Manufacturer: HUAWEI Technology
May 13 11:19:08 (none) kern.info kernel: [  582.686711] option 1-5.2:1.0: GSM modem (1-port) converter detected
May 13 11:19:08 (none) kern.info kernel: [  582.688153] usb 1-5.2: GSM modem (1-port) converter now attached to ttyUSB3
May 13 11:19:08 (none) kern.info kernel: [  582.693346] option 1-5.2:1.1: GSM modem (1-port) converter detected
May 13 11:19:08 (none) kern.info kernel: [  582.694587] usb 1-5.2: GSM modem (1-port) converter now attached to ttyUSB4
May 13 11:19:08 (none) kern.info kernel: [  582.697801] option 1-5.2:1.2: GSM modem (1-port) converter detected
May 13 11:19:08 (none) kern.info kernel: [  582.699514] usb 1-5.2: GSM modem (1-port) converter now attached to ttyUSB5
May 13 11:19:08 (none) kern.info kernel: [  582.713435] scsi13 : usb-storage 1-5.2:1.3
May 13 11:19:08 (none) kern.debug kernel: [  582.714199] usb-storage 1-5.2:1.3: waiting for device to settle before scanning
May 13 11:19:08 (none) kern.info kernel: [  582.722121] scsi14 : usb-storage 1-5.2:1.4
May 13 11:19:08 (none) kern.debug kernel: [  582.722848] usb-storage 1-5.2:1.4: waiting for device to settle before scanning
May 13 11:19:09 (none) kern.debug kernel: [  583.716462] usb-storage 1-5.2:1.3: starting scan
May 13 11:19:09 (none) kern.notice kernel: [  583.720188] scsi 13:0:0:0: CD-ROM            HUAWEI   Mass Storage     2.31 PQ: 0 ANSI: 2
May 13 11:19:09 (none) kern.debug kernel: [  583.725330] usb-storage 1-5.2:1.4: starting scan
May 13 11:19:09 (none) kern.notice kernel: [  583.729945] scsi 14:0:0:0: Direct-Access     HUAWEI   MMC Storage      2.31 PQ: 0 ANSI: 2
May 13 11:19:09 (none) kern.notice kernel: [  583.734076] sd 14:0:0:0: Attached scsi generic sg1 type 0
May 13 11:19:09 (none) kern.warn kernel: [  583.735871] sr0: scsi-1 drive
May 13 11:19:09 (none) kern.info kernel: [  583.735885] cdrom: Uniform CD-ROM driver Revision: 3.20
May 13 11:19:09 (none) kern.notice kernel: [  583.736658] sd 14:0:0:0: [sdb] 3897344 512-byte logical blocks: (1.99 GB/1.85 GiB)
May 13 11:19:09 (none) kern.debug kernel: [  583.740206] sr 13:0:0:0: Attached scsi CD-ROM sr0
May 13 11:19:09 (none) kern.notice kernel: [  583.741560] sd 14:0:0:0: [sdb] Write Protect is off
May 13 11:19:09 (none) kern.debug kernel: [  583.741577] sd 14:0:0:0: [sdb] Mode Sense: 0f 0e 00 00
May 13 11:19:09 (none) kern.notice kernel: [  583.743095] sr 13:0:0:0: Attached scsi generic sg2 type 5
May 13 11:19:09 (none) kern.notice kernel: [  583.743452] sd 14:0:0:0: [sdb] Write cache: enabled, read cache: enabled, doesn't support DPO or FUA
May 13 11:19:09 (none) kern.debug kernel: [  583.753678] usb-storage 1-5.2:1.4: scan complete
May 13 11:19:09 (none) kern.debug kernel: [  583.758115] usb-storage 1-5.2:1.3: scan complete
May 13 11:19:09 (none) kern.info kernel: [  583.778536]  sdb: sdb1
May 13 11:19:09 (none) kern.notice kernel: [  583.794901] sd 14:0:0:0: [sdb] Attached SCSI removable disk
May 13 11:19:25 (none) kern.info kernel: [  599.774964] PPP generic driver version 2.4.2
May 13 12:31:25 (none) kern.info kernel: [ 4920.201570] PM: Syncing filesystems ... done.
May 13 12:31:25 (none) kern.debug kernel: [ 4920.283370] PM: Preparing system for mem sleep
May 13 13:31:15 (none) kern.warn kernel: [ 4920.355210] Freezing user space processes ... (elapsed 0.01 seconds) done.
May 13 13:31:15 (none) kern.warn kernel: [ 4920.367631] Freezing remaining freezable tasks ... (elapsed 0.01 seconds) done.
May 13 13:31:15 (none) kern.debug kernel: [ 4920.379570] PM: Entering mem sleep
May 13 13:31:15 (none) kern.warn kernel: [ 4920.379667] Suspending console(s) (use no_console_suspend to debug)
May 13 13:31:15 (none) kern.notice kernel: [ 4920.382607] sd 14:0:0:0: [sdb] Synchronizing SCSI cache
May 13 13:31:15 (none) kern.err kernel: [ 4920.385314] option1 ttyUSB0: option_instat_callback: error -2
May 13 13:31:15 (none) kern.err kernel: [ 4920.386206] option1 ttyUSB3: option_instat_callback: error -2
May 13 13:31:15 (none) kern.notice kernel: [ 4920.464740] sd 2:0:0:0: [sda] Synchronizing SCSI cache
May 13 13:31:15 (none) kern.notice kernel: [ 4920.465213] sd 2:0:0:0: [sda] Stopping disk
May 13 13:31:15 (none) kern.info kernel: [ 4921.105466] PM: suspend of devices complete after 723.142 msecs
May 13 13:31:15 (none) kern.info kernel: [ 4921.105476] PM: suspend devices took 0.726 seconds
May 13 13:31:15 (none) kern.info kernel: [ 4921.107600] PM: late suspend of devices complete after 2.110 msecs
May 13 13:31:15 (none) kern.info kernel: [ 4921.143209] PM: noirq suspend of devices complete after 35.597 msecs
May 13 13:31:15 (none) kern.info kernel: [ 4921.143248] ACPI: Preparing to enter system sleep state S3
May 13 13:31:15 (none) kern.info kernel: [ 4921.161383] PM: Saving platform NVS memory
May 13 13:31:15 (none) kern.warn kernel: [ 4921.162924] Disabling non-boot CPUs ...
May 13 13:31:15 (none) kern.debug kernel: [ 4921.165911] numa_remove_cpu cpu 1 node 0: mask now 0
May 13 13:31:15 (none) kern.info kernel: [ 4921.167364] CPU 1 is now offline
May 13 13:31:15 (none) kern.warn kernel: [ 4921.167368] lockdep: fixing up alternatives.
May 13 13:31:15 (none) kern.warn kernel: [ 4921.174540] bnx2fc: CPU 1 offline: Remove Rx thread
May 13 13:31:15 (none) kern.info kernel: [ 4921.175726] CPU 1 offline: Remove Rx thread
May 13 13:31:15 (none) kern.info kernel: [ 4921.178019] ACPI: Low-level resume complete
May 13 13:31:15 (none) kern.info kernel: [ 4921.178019] PM: Restoring platform NVS memory
May 13 13:31:15 (none) kern.info kernel: [ 4921.178147] Enabling non-boot CPUs ...
May 13 13:31:15 (none) kern.warn kernel: [ 4921.180491] lockdep: fixing up alternatives.
May 13 13:31:15 (none) kern.info kernel: [ 4921.180499] Booting Node 0 Processor 1 APIC 0x1
May 13 13:31:15 (none) kern.info kernel: [ 4921.166856] Initializing CPU#1
May 13 13:31:15 (none) kern.info kernel: [ 4921.166856] Disabled fast string operations
May 13 13:31:15 (none) kern.debug kernel: [ 4921.166856] numa_add_cpu cpu 1 node 0: mask now 0-1
May 13 13:31:15 (none) kern.warn kernel: [ 4921.193750] bnx2fc: CPU 1 online: Create Rx thread
May 13 13:31:15 (none) kern.info kernel: [ 4921.193874] bnx2i: CPU 1 online: Create Rx thread
May 13 13:31:15 (none) kern.info kernel: [ 4921.195250] CPU1 is up
May 13 13:31:15 (none) kern.info kernel: [ 4921.196591] ACPI: Waking up from system sleep state S3
May 13 13:31:15 (none) kern.info kernel: [ 4921.243599] PM: noirq resume of devices complete after 3.854 msecs
May 13 13:31:15 (none) kern.info kernel: [ 4921.245146] PM: early resume of devices complete after 1.419 msecs
